Component: ARM Compiler 5.06 update 6 (build 750) Tool: armlink [4d35ed]

==============================================================================

Section Cross References

    startup_stm32l151xba.o(RESET) refers to startup_stm32l151xba.o(STACK) for __initial_sp
    startup_stm32l151xba.o(RESET) refers to startup_stm32l151xba.o(.text) for Reset_Handler
    startup_stm32l151xba.o(RESET) refers to stm32l1xx_it.o(i.NMI_Handler) for NMI_Handler
    startup_stm32l151xba.o(RESET) refers to stm32l1xx_it.o(i.HardFault_Handler) for HardFault_Handler
    startup_stm32l151xba.o(RESET) refers to stm32l1xx_it.o(i.MemManage_Handler) for MemManage_Handler
    startup_stm32l151xba.o(RESET) refers to stm32l1xx_it.o(i.BusFault_Handler) for BusFault_Handler
    startup_stm32l151xba.o(RESET) refers to stm32l1xx_it.o(i.UsageFault_Handler) for UsageFault_Handler
    startup_stm32l151xba.o(RESET) refers to stm32l1xx_it.o(i.SVC_Handler) for SVC_Handler
    startup_stm32l151xba.o(RESET) refers to stm32l1xx_it.o(i.DebugMon_Handler) for DebugMon_Handler
    startup_stm32l151xba.o(RESET) refers to stm32l1xx_it.o(i.PendSV_Handler) for PendSV_Handler
    startup_stm32l151xba.o(RESET) refers to stm32l1xx_it.o(i.SysTick_Handler) for SysTick_Handler
    startup_stm32l151xba.o(RESET) refers to stm32l1xx_it.o(i.RTC_WKUP_IRQHandler) for RTC_WKUP_IRQHandler
    startup_stm32l151xba.o(RESET) refers to stm32l1xx_it.o(i.EXTI1_IRQHandler) for EXTI1_IRQHandler
    startup_stm32l151xba.o(RESET) refers to stm32l1xx_it.o(i.EXTI2_IRQHandler) for EXTI2_IRQHandler
    startup_stm32l151xba.o(RESET) refers to stm32l1xx_it.o(i.EXTI9_5_IRQHandler) for EXTI9_5_IRQHandler
    startup_stm32l151xba.o(RESET) refers to stm32l1xx_it.o(i.EXTI15_10_IRQHandler) for EXTI15_10_IRQHandler
    startup_stm32l151xba.o(.text) refers to system_stm32l1xx.o(i.SystemInit) for SystemInit
    startup_stm32l151xba.o(.text) refers to entry.o(.ARM.Collect$$$$00000000) for __main
    main.o(i.GetResetReasion) refers to main.o(.data) for .data
    main.o(i.SystemClock_Config) refers to memseta.o(.text) for __aeabi_memclr4
    main.o(i.SystemClock_Config) refers to stm32l1xx_hal_rcc.o(i.HAL_RCC_OscConfig) for HAL_RCC_OscConfig
    main.o(i.SystemClock_Config) refers to main.o(i._Error_Handler) for _Error_Handler
    main.o(i.SystemClock_Config) refers to stm32l1xx_hal_rcc.o(i.HAL_RCC_ClockConfig) for HAL_RCC_ClockConfig
    main.o(i.SystemClock_Config) refers to stm32l1xx_hal_rcc_ex.o(i.HAL_RCCEx_PeriphCLKConfig) for HAL_RCCEx_PeriphCLKConfig
    main.o(i._Error_Handler) refers to printf8.o(i.__0printf$8) for __2printf
    main.o(i.main) refers to stm32l1xx_hal.o(i.HAL_Init) for HAL_Init
    main.o(i.main) refers to main.o(i.SystemClock_Config) for SystemClock_Config
    main.o(i.main) refers to bsp.o(i.BspInit) for BspInit
    main.o(i.main) refers to sx1276.o(i.SX1276SetRx) for SX1276SetRx
    main.o(i.main) refers to printf8.o(i.__0printf$8) for __2printf
    main.o(i.main) refers to commlora.o(i.CommLoraRecDatHandler) for CommLoraRecDatHandler
    main.o(i.main) refers to commlora.o(i.CommLoraReSendEvent) for CommLoraReSendEvent
    main.o(i.main) refers to bspled.o(i.BspLedEvent) for BspLedEvent
    main.o(i.main) refers to bspkey.o(i.BspKeyEvent) for BspKeyEvent
    main.o(i.main) refers to bspdatarecord.o(i.BspDataRecordEvent) for BspDataRecordEvent
    main.o(i.main) refers to bspbuz.o(i.BspBuzRunEvent) for BspBuzRunEvent
    main.o(i.main) refers to bsplcdwf29.o(i.BspLcdRefreshEvent) for BspLcdRefreshEvent
    main.o(i.main) refers to bspled.o(i.BspLedTest) for BspLedTest
    main.o(i.main) refers to stimer.o(i.SfTimerEvent) for SfTimerEvent
    main.o(i.main) refers to stask.o(i.TaskScheduler) for TaskScheduler
    stm32l1xx_hal_msp.o(i.HAL_RTC_MspDeInit) refers to stm32l1xx_hal_cortex.o(i.HAL_NVIC_DisableIRQ) for HAL_NVIC_DisableIRQ
    stm32l1xx_hal_msp.o(i.HAL_RTC_MspInit) refers to stm32l1xx_hal_cortex.o(i.HAL_NVIC_SetPriority) for HAL_NVIC_SetPriority
    stm32l1xx_hal_msp.o(i.HAL_RTC_MspInit) refers to stm32l1xx_hal_cortex.o(i.HAL_NVIC_EnableIRQ) for HAL_NVIC_EnableIRQ
    stm32l1xx_hal_msp.o(i.HAL_SPI_MspDeInit) refers to stm32l1xx_hal_gpio.o(i.HAL_GPIO_DeInit) for HAL_GPIO_DeInit
    stm32l1xx_hal_msp.o(i.HAL_SPI_MspInit) refers to memseta.o(.text) for __aeabi_memclr4
    stm32l1xx_hal_msp.o(i.HAL_SPI_MspInit) refers to stm32l1xx_hal_gpio.o(i.HAL_GPIO_Init) for HAL_GPIO_Init
    stm32l1xx_hal_msp.o(i.HAL_TIM_PWM_MspDeInit) refers to stm32l1xx_hal_gpio.o(i.HAL_GPIO_DeInit) for HAL_GPIO_DeInit
    stm32l1xx_hal_msp.o(i.HAL_TIM_PWM_MspInit) refers to memseta.o(.text) for __aeabi_memclr4
    stm32l1xx_hal_msp.o(i.HAL_TIM_PWM_MspInit) refers to stm32l1xx_hal_gpio.o(i.HAL_GPIO_Init) for HAL_GPIO_Init
    stm32l1xx_hal_msp.o(i.HAL_UART_MspDeInit) refers to stm32l1xx_hal_gpio.o(i.HAL_GPIO_DeInit) for HAL_GPIO_DeInit
    stm32l1xx_hal_msp.o(i.HAL_UART_MspInit) refers to memseta.o(.text) for __aeabi_memclr4
[...]
    i._printf_core                           0x080096d0   Section        0  printf8.o(i._printf_core)
    _printf_core                             0x080096d1   Thumb Code   996  printf8.o(i._printf_core)
    i._printf_post_padding                   0x08009ae0   Section        0  printf8.o(i._printf_post_padding)
    _printf_post_padding                     0x08009ae1   Thumb Code    36  printf8.o(i._printf_post_padding)
    i._printf_pre_padding                    0x08009b04   Section        0  printf8.o(i._printf_pre_padding)
    _printf_pre_padding                      0x08009b05   Thumb Code    46  printf8.o(i._printf_pre_padding)
    i._sputc                                 0x08009b32   Section        0  printf8.o(i._sputc)
    _sputc                                   0x08009b33   Thumb Code    10  printf8.o(i._sputc)
    i.delay                                  0x08009b3c   Section        0  sx1276_hal.o(i.delay)
    i.fputc                                  0x08009b40   Section        0  bspdebug.o(i.fputc)
    i.lcd_chkstatus                          0x08009b54   Section        0  bsplcdwf29.o(i.lcd_chkstatus)
    i.lut_GC                                 0x08009b78   Section        0  bsplcdwf29.o(i.lut_GC)
    i.main                                   0x08009b98   Section        0  main.o(i.main)
    i.malloc                                 0x08009bec   Section        0  malloc.o(i.malloc)
    .constdata                               0x08009c58   Section       10  main.o(.constdata)
    .constdata                               0x08009c62   Section       17  main.o(.constdata)
    .constdata                               0x08009c73   Section       55  stm32l1xx_it.o(.constdata)
    __func__                                 0x08009c73   Data          20  stm32l1xx_it.o(.constdata)
    __func__                                 0x08009c87   Data          35  stm32l1xx_it.o(.constdata)
    .constdata                               0x08009caa   Section       25  system_stm32l1xx.o(.constdata)
    .constdata                               0x08009cc3   Section        8  system_stm32l1xx.o(.constdata)
    .constdata                               0x08009ccc   Section      112  bsp.o(.constdata)
    idlePortStab                             0x08009ccc   Data         112  bsp.o(.constdata)
    .constdata                               0x08009d3c   Section       48  bspled.o(.constdata)
    ledPcPortStab                            0x08009d3c   Data          48  bspled.o(.constdata)
    .constdata                               0x08009d6c   Section     6080  bsplcdwf29font.o(.constdata)
    .constdata                               0x0800b52c   Section      216  bsplcdwf29.o(.constdata)
    disColorStab                             0x0800b52c   Data          16  bsplcdwf29.o(.constdata)
    .constdata                               0x0800b604   Section      108  bspgt21l16s2w.o(.constdata)
    .constdata                               0x0800b670   Section        8  commlora.o(.constdata)
    loraCommSendHandlerStab                  0x0800b670   Data           8  commlora.o(.constdata)
    .constdata                               0x0800b678   Section       56  commlorapro.o(.constdata)
    loraProdecodeHandlerStab                 0x0800b678   Data          56  commlorapro.o(.constdata)
    .constdata                               0x0800b6b0   Section       81  sx1276.o(.constdata)
    __func__                                 0x0800b6e0   Data          15  sx1276.o(.constdata)
    __func__                                 0x0800b6ef   Data          18  sx1276.o(.constdata)
    .data                                    0x20000000   Section        1  main.o(.data)
    .data                                    0x20000002   Section        2  usros.o(.data)
    sysTick                                  0x20000002   Data           2  usros.o(.data)
    .data                                    0x20000004   Section       12  stm32l1xx_hal.o(.data)
    .data                                    0x20000010   Section        4  system_stm32l1xx.o(.data)
    .data                                    0x20000014   Section        1  bspdatarecord.o(.data)
    .data                                    0x20000018   Section       32  bspled.o(.data)
    __osDelayS                               0x20000018   Data           4  bspled.o(.data)
    __cnt                                    0x2000001c   Data           4  bspled.o(.data)
    ledOutLow                                0x20000020   Data          12  bspled.o(.data)
    ledOutHigh                               0x2000002c   Data          12  bspled.o(.data)
    .data                                    0x20000038   Section       88  bsplcdwf29.o(.data)
    __osDelayS                               0x20000038   Data           4  bsplcdwf29.o(.data)
    __osDelayS                               0x2000003c   Data           4  bsplcdwf29.o(.data)
    lcdWfShowPro                             0x2000004c   Data          68  bsplcdwf29.o(.data)
    .data                                    0x20000090   Section        8  bspkey.o(.data)
    preKeyVal                                0x20000090   Data           2  bspkey.o(.data)
    pressed                                  0x20000092   Data           2  bspkey.o(.data)
    __osDelayS                               0x20000094   Data           4  bspkey.o(.data)
    .data                                    0x20000098   Section        1  bspbuz.o(.data)
    __preSta                                 0x20000098   Data           1  bspbuz.o(.data)
    .data                                    0x2000009a   Section        6  commlora.o(.data)
    __osDelayS                               0x2000009c   Data           4  commlora.o(.data)
    .data                                    0x200000a0   Section        1  commlora.o(.data)
    .data                                    0x200000a4   Section        8  commlorapro.o(.data)
    .data                                    0x200000ac   Section        8  handlerkey.o(.data)
    .data                                    0x200000b4   Section        8  handlerpowermaneg.o(.data)
    __osDelayS                               0x200000b4   Data           4  handlerpowermaneg.o(.data)
    .data                                    0x200000bc   Section       64  stask.o(.data)
    lastTick                                 0x200000bc   Data           4  stask.o(.data)
    taskList                                 0x200000c0   Data          60  stask.o(.data)
    .data                                    0x200000fc   Section       28  stimer.o(.data)
    __osDelayS                               0x200000fc   Data           4  stimer.o(.data)
    sfTimerList                              0x20000100   Data          24  stimer.o(.data)
    .data                                    0x20000118   Section       23  sx1276.o(.data)
    .data                                    0x20000130   Section        8  sx1276_timer.o(.data)
    timerListInitFlag                        0x20000130   Data           1  sx1276_timer.o(.data)
    timerListHead                            0x20000134   Data           4  sx1276_timer.o(.data)
    .data                                    0x20000138   Section        1  sx1276-board.o(.data)
    radioIsActive                            0x20000138   Data           1  sx1276-board.o(.data)
    .data                                    0x2000013c   Section        4  stdout.o(.data)
    .data                                    0x20000140   Section        4  mvars.o(.data)
    .data                                    0x20000144   Section        4  mvars.o(.data)
    .bss                                     0x20000148   Section       24  stm32l1xx_hal_flash.o(.bss)
    .bss                                     0x20000160   Section       24  bspdatarecord.o(.bss)
    .bss                                     0x20000178   Section       16  bspdatarecord.o(.bss)
    .bss                                     0x20000188   Section      108  bspled.o(.bss)
    ledS                                     0x20000188   Data         108  bspled.o(.bss)
    .bss                                     0x200001f4   Section      346  bsplora.o(.bss)
    .bss                                     0x2000034e   Section     9504  bsplcdwf29.o(.bss)
    disClorBuf                               0x2000036e   Data        9472  bsplcdwf29.o(.bss)
    .bss                                     0x20002870   Section       88  bspgt21l16s2w.o(.bss)
    .bss                                     0x200028c8   Section      112  bspbuz.o(.bss)
    buzS                                     0x200028c8   Data          36  bspbuz.o(.bss)
    .bss                                     0x20002938   Section       32  bsprtc.o(.bss)
    .bss                                     0x20002958   Section       64  bspdebug.o(.bss)
    .bss                                     0x20002998   Section     3100  commlora.o(.bss)
    .bss                                     0x200035b4   Section      260  commlorapro.o(.bss)
    .bss                                     0x200036b8   Section      376  sx1276.o(.bss)
    HEAP                                     0x20003830   Section      256  startup_stm32l151xba.o(HEAP)
    STACK                                    0x20003930   Section     8192  startup_stm32l151xba.o(STACK)

    Global Symbols

    Symbol Name                              Value     Ov Type        Size  Object(Section)

    BuildAttributes$$THM_ISAv4$P$D$K$B$S$PE$A:L22UL41UL21$X:L11$S22US41US21$IEEE1$IW$USESV6$~STKCKD$USESV7$~SHL$OTIME$ROPI$IEEEX$EBA8$MICROLIB$REQ8$PRES8$EABIv2 0x00000000   Number         0  anon$$obj.o ABSOLUTE
    __ARM_use_no_argv                        0x00000000   Number         0  main.o ABSOLUTE
    _printf_a                                0x00000000   Number         0  stubs.o ABSOLUTE
    _printf_c                                0x00000000   Number         0  stubs.o ABSOLUTE
    _printf_charcount                        0x00000000   Number         0  stubs.o ABSOLUTE
    _printf_d                                0x00000000   Number         0  stubs.o ABSOLUTE
    _printf_e                                0x00000000   Number         0  stubs.o ABSOLUTE
    _printf_f                                0x00000000   Number         0  stubs.o ABSOLUTE
    _printf_flags                            0x00000000   Number         0  stubs.o ABSOLUTE
    _printf_fp_dec                           0x00000000   Number         0  stubs.o ABSOLUTE
    _printf_fp_hex                           0x00000000   Number         0  stubs.o ABSOLUTE
    _printf_g                                0x00000000   Number         0  stubs.o ABSOLUTE
    _printf_i                                0x00000000   Number         0  stubs.o ABSOLUTE
    _printf_int_dec                          0x00000000   Number         0  stubs.o ABSOLUTE
    _printf_l                                0x00000000   Number         0  stubs.o ABSOLUTE
    _printf_lc                               0x00000000   Number         0  stubs.o ABSOLUTE
    _printf_ll                               0x00000000   Number         0  stubs.o ABSOLUTE
    _printf_lld                              0x00000000   Number         0  stubs.o ABSOLUTE
    _printf_lli                              0x00000000   Number         0  stubs.o ABSOLUTE
    _printf_llo                              0x00000000   Number         0  stubs.o ABSOLUTE
    _printf_llu                              0x00000000   Number         0  stubs.o ABSOLUTE
    _printf_llx                              0x00000000   Number         0  stubs.o ABSOLUTE
    _printf_longlong_dec                     0x00000000   Number         0  stubs.o ABSOLUTE
    _printf_longlong_hex                     0x00000000   Number         0  stubs.o ABSOLUTE
    _printf_longlong_oct                     0x00000000   Number         0  stubs.o ABSOLUTE
    _printf_ls                               0x00000000   Number         0  stubs.o ABSOLUTE
    _printf_mbtowc                           0x00000000   Number         0  stubs.o ABSOLUTE
    _printf_n                                0x00000000   Number         0  stubs.o ABSOLUTE
    _printf_o                                0x00000000   Number         0  stubs.o ABSOLUTE
    _printf_p                                0x00000000   Number         0  stubs.o ABSOLUTE
    _printf_percent                          0x00000000   Number         0  stubs.o ABSOLUTE
    _printf_pre_padding                      0x00000000   Number         0  stubs.o ABSOLUTE
    _printf_return_value                     0x00000000   Number         0  stubs.o ABSOLUTE
    _printf_s                                0x00000000   Number         0  stubs.o ABSOLUTE
    _printf_sizespec                         0x00000000   Number         0  stubs.o ABSOLUTE
    _printf_str                              0x00000000   Number         0  stubs.o ABSOLUTE
    _printf_truncate_signed                  0x00000000   Number         0  stubs.o ABSOLUTE
    _printf_truncate_unsigned                0x00000000   Number         0  stubs.o ABSOLUTE
    _printf_u                                0x00000000   Number         0  stubs.o ABSOLUTE
    _printf_wc                               0x00000000   Number         0  stubs.o ABSOLUTE
    _printf_wctomb                           0x00000000   Number         0  stubs.o ABSOLUTE
    _printf_widthprec                        0x00000000   Number         0  stubs.o ABSOLUTE
    _printf_x                                0x00000000   Number         0  stubs.o ABSOLUTE
    __cpp_initialize__aeabi_                  - Undefined Weak Reference
    __cxa_finalize                            - Undefined Weak Reference
    _clock_init                               - Undefined Weak Reference
    _microlib_exit                            - Undefined Weak Reference
    __Vectors_Size                           0x000000f4   Number         0  startup_stm32l151xba.o ABSOLUTE
    __Vectors                                0x08004000   Data           4  startup_stm32l151xba.o(RESET)
    __Vectors_End                            0x080040f4   Data           0  startup_stm32l151xba.o(RESET)
    __main                                   0x080040f5   Thumb Code     0  entry.o(.ARM.Collect$$$$00000000)
    _main_stk                                0x080040f5   Thumb Code     0  entry2.o(.ARM.Collect$$$$00000001)
    _main_scatterload                        0x080040f9   Thumb Code     0  entry5.o(.ARM.Collect$$$$00000004)
    __main_after_scatterload                 0x080040fd   Thumb Code     0  entry5.o(.ARM.Collect$$$$00000004)
    _main_clock                              0x080040fd   Thumb Code     0  entry7b.o(.ARM.Collect$$$$00000008)
    _main_cpp_init                           0x080040fd   Thumb Code     0  entry8b.o(.ARM.Collect$$$$0000000A)
    _main_init                               0x080040fd   Thumb Code     0  entry9a.o(.ARM.Collect$$$$0000000B)
    __rt_final_cpp                           0x08004105   Thumb Code     0  entry10a.o(.ARM.Collect$$$$0000000D)
    __rt_final_exit                          0x08004105   Thumb Code     0  entry11a.o(.ARM.Collect$$$$0000000F)
    Reset_Handler                            0x08004109   Thumb Code     8  startup_stm32l151xba.o(.text)
    ADC1_IRQHandler                          0x08004123   Thumb Code     0  startup_stm32l151xba.o(.text)
    COMP_IRQHandler                          0x08004123   Thumb Code     0  startup_stm32l151xba.o(.text)
    DAC_IRQHandler                           0x08004123   Thumb Code     0  startup_stm32l151xba.o(.text)
    DMA1_Channel1_IRQHandler                 0x08004123   Thumb Code     0  startup_stm32l151xba.o(.text)
    DMA1_Channel2_IRQHandler                 0x08004123   Thumb Code     0  startup_stm32l151xba.o(.text)
    DMA1_Channel3_IRQHandler                 0x08004123   Thumb Code     0  startup_stm32l151xba.o(.text)
    DMA1_Channel4_IRQHandler                 0x08004123   Thumb Code     0  startup_stm32l151xba.o(.text)
    DMA1_Channel5_IRQHandler                 0x08004123   Thumb Code     0  startup_stm32l151xba.o(.text)
    DMA1_Channel6_IRQHandler                 0x08004123   Thumb Code     0  startup_stm32l151xba.o(.text)
    DMA1_Channel7_IRQHandler                 0x08004123   Thumb Code     0  startup_stm32l151xba.o(.text)
    EXTI0_IRQHandler                         0x08004123   Thumb Code     0  startup_stm32l151xba.o(.text)
    EXTI3_IRQHandler                         0x08004123   Thumb Code     0  startup_stm32l151xba.o(.text)
    EXTI4_IRQHandler                         0x08004123   Thumb Code     0  startup_stm32l151xba.o(.text)
    FLASH_IRQHandler                         0x08004123   Thumb Code     0  startup_stm32l151xba.o(.text)
    I2C1_ER_IRQHandler                       0x08004123   Thumb Code     0  startup_stm32l151xba.o(.text)
    I2C1_EV_IRQHandler                       0x08004123   Thumb Code     0  startup_stm32l151xba.o(.text)
    I2C2_ER_IRQHandler                       0x08004123   Thumb Code     0  startup_stm32l151xba.o(.text)
    I2C2_EV_IRQHandler                       0x08004123   Thumb Code     0  startup_stm32l151xba.o(.text)
    PVD_IRQHandler                           0x08004123   Thumb Code     0  startup_stm32l151xba.o(.text)
    RCC_IRQHandler                           0x08004123   Thumb Code     0  startup_stm32l151xba.o(.text)
    RTC_Alarm_IRQHandler                     0x08004123   Thumb Code     0  startup_stm32l151xba.o(.text)
    SPI1_IRQHandler                          0x08004123   Thumb Code     0  startup_stm32l151xba.o(.text)
    SPI2_IRQHandler                          0x08004123   Thumb Code     0  startup_stm32l151xba.o(.text)
    TAMPER_STAMP_IRQHandler                  0x08004123   Thumb Code     0  startup_stm32l151xba.o(.text)
    TIM10_IRQHandler                         0x08004123   Thumb Code     0  startup_stm32l151xba.o(.text)
    TIM11_IRQHandler                         0x08004123   Thumb Code     0  startup_stm32l151xba.o(.text)
    TIM2_IRQHandler                          0x08004123   Thumb Code     0  startup_stm32l151xba.o(.text)
    TIM3_IRQHandler                          0x08004123   Thumb Code     0  startup_stm32l151xba.o(.text)
    TIM4_IRQHandler                          0x08004123   Thumb Code     0  startup_stm32l151xba.o(.text)
    TIM6_IRQHandler                          0x08004123   Thumb Code     0  startup_stm32l151xba.o(.text)
    TIM7_IRQHandler                          0x08004123   Thumb Code     0  startup_stm32l151xba.o(.text)
    TIM9_IRQHandler                          0x08004123   Thumb Code     0  startup_stm32l151xba.o(.text)
    USART1_IRQHandler                        0x08004123   Thumb Code     0  startup_stm32l151xba.o(.text)
    USART2_IRQHandler                        0x08004123   Thumb Code     0  startup_stm32l151xba.o(.text)
    USART3_IRQHandler                        0x08004123   Thumb Code     0  startup_stm32l151xba.o(.text)
    USB_FS_WKUP_IRQHandler                   0x08004123   Thumb Code     0  startup_stm32l151xba.o(.text)
    USB_HP_IRQHandler                        0x08004123   Thumb Code     0  startup_stm32l151xba.o(.text)
    USB_LP_IRQHandler                        0x08004123   Thumb Code     0  startup_stm32l151xba.o(.text)
    WWDG_IRQHandler                          0x08004123   Thumb Code     0  startup_stm32l151xba.o(.text)
    __aeabi_memcpy                           0x0800412d   Thumb Code    36  memcpya.o(.text)
    __aeabi_memcpy4                          0x0800412d   Thumb Code     0  memcpya.o(.text)
    __aeabi_memcpy8                          0x0800412d   Thumb Code     0  memcpya.o(.text)
    __aeabi_memset                           0x08004151   Thumb Code    14  memseta.o(.text)
    __aeabi_memset4                          0x08004151   Thumb Code     0  memseta.o(.text)
    __aeabi_memset8                          0x08004151   Thumb Code     0  memseta.o(.text)
    __aeabi_memclr                           0x0800415f   Thumb Code     4  memseta.o(.text)
    __aeabi_memclr4                          0x0800415f   Thumb Code     0  memseta.o(.text)
    __aeabi_memclr8                          0x0800415f   Thumb Code     0  memseta.o(.text)
    _memset$wrapper                          0x08004163   Thumb Code    18  memseta.o(.text)
    strlen                                   0x08004175   Thumb Code    14  strlen.o(.text)
    __aeabi_ddiv                             0x08004183   Thumb Code   222  ddiv.o(.text)
    __aeabi_ui2d                             0x08004261   Thumb Code    26  dfltui.o(.text)
    __aeabi_d2uiz                            0x0800427b   Thumb Code    50  dfixui.o(.text)
    __aeabi_uldivmod                         0x080042ad   Thumb Code    98  uldiv.o(.text)
    __aeabi_llsr                             0x0800430f   Thumb Code    32  llushr.o(.text)
    _ll_ushift_r                             0x0800430f   Thumb Code     0  llushr.o(.text)
    __I$use$fp                               0x0800432f   Thumb Code     0  iusefp.o(.text)
    _double_round                            0x0800432f   Thumb Code    30  depilogue.o(.text)
    _double_epilogue                         0x0800434d   Thumb Code   156  depilogue.o(.text)
    __scatterload                            0x080043e9   Thumb Code    28  init.o(.text)
    __scatterload_rt2                        0x080043e9   Thumb Code     0  init.o(.text)
    __aeabi_llsl                             0x0800440d   Thumb Code    30  llshl.o(.text)
    _ll_shift_l                              0x0800440d   Thumb Code     0  llshl.o(.text)
    __decompress                             0x0800442b   Thumb Code     0  __dczerorl2.o(.text)
    __decompress1                            0x0800442b   Thumb Code    86  __dczerorl2.o(.text)
    BspBuzAwake                              0x08004481   Thumb Code     8  bspbuz.o(i.BspBuzAwake)
    BspBuzCall                               0x08004489   Thumb Code    12  bspbuz.o(i.BspBuzCall)
    BspBuzInit                               0x08004499   Thumb Code    32  bspbuz.o(i.BspBuzInit)
    BspBuzRunEvent                           0x080044c5   Thumb Code     6  bspbuz.o(i.BspBuzRunEvent)
    BspBuzSleep                              0x080044d1   Thumb Code    74  bspbuz.o(i.BspBuzSleep)
    BspDataRecordEvent                       0x08004529   Thumb Code    44  bspdatarecord.o(i.BspDataRecordEvent)
    BspDataRecordInit                        0x08004559   Thumb Code    38  bspdatarecord.o(i.BspDataRecordInit)
    BspDebugInit                             0x080045c9   Thumb Code    54  bspdebug.o(i.BspDebugInit)
    BspGetData                               0x08004609   Thumb Code    98  bspdatarecord.o(i.BspGetData)
    BspGt21l16S2wAwake                       0x08004671   Thumb Code     4  bspgt21l16s2w.o(i.BspGt21l16S2wAwake)
    BspGt21l16S2wInit                        0x08004675   Thumb Code   176  bspgt21l16s2w.o(i.BspGt21l16S2wInit)
    BspGt21l16S2wSleep                       0x08004751   Thumb Code   126  bspgt21l16s2w.o(i.BspGt21l16S2wSleep)
    BspGtGetAsc16x32Image                    0x080047dd   Thumb Code    92  bspgt21l16s2w.o(i.BspGtGetAsc16x32Image)
    BspGtGetAsc5x7Image                      0x0800483d   Thumb Code   148  bspgt21l16s2w.o(i.BspGtGetAsc5x7Image)
    BspGtGetAsc6x12Image                     0x080048d5   Thumb Code   168  bspgt21l16s2w.o(i.BspGtGetAsc6x12Image)
    BspGtGetAsc7x8Image                      0x08004981   Thumb Code   150  bspgt21l16s2w.o(i.BspGtGetAsc7x8Image)
    BspGtGetAsc8x16Image                     0x08004a19   Thumb Code   162  bspgt21l16s2w.o(i.BspGtGetAsc8x16Image)
    BspGtGetHz11x12Image                     0x08004ac1   Thumb Code   168  bspgt21l16s2w.o(i.BspGtGetHz11x12Image)
    BspGtGetHz15x16Image                     0x08004b69   Thumb Code   250  bspgt21l16s2w.o(i.BspGtGetHz15x16Image)
    BspGtGetHz6x12Image                      0x08004c65   Thumb Code   206  bspgt21l16s2w.o(i.BspGtGetHz6x12Image)
    BspGtGetHz8x16Image                      0x08004d39   Thumb Code   198  bspgt21l16s2w.o(i.BspGtGetHz8x16Image)
    BspInit                                  0x08004e09   Thumb Code    50  bsp.o(i.BspInit)
    BspIntFlashErasePages                    0x08004e3b   Thumb Code    52  bspintflash.o(i.BspIntFlashErasePages)
    BspIntFlashRead                          0x08004e6f   Thumb Code    24  bspintflash.o(i.BspIntFlashRead)
    BspIntFlashWrite                         0x08004e87   Thumb Code    64  bspintflash.o(i.BspIntFlashWrite)
    BspKeyEvent                              0x08004ec9   Thumb Code    32  bspkey.o(i.BspKeyEvent)
    BspKeyInit                               0x08004eed   Thumb Code   122  bspkey.o(i.BspKeyInit)
    BspLcdRefreshEvent                       0x08004f75   Thumb Code    32  bsplcdwf29.o(i.BspLcdRefreshEvent)
    BspLcdWf29Clr                            0x08004f99   Thumb Code    76  bsplcdwf29.o(i.BspLcdWf29Clr)
    BspLcdWf29FillArea                       0x08004fed   Thumb Code    66  bsplcdwf29.o(i.BspLcdWf29FillArea)
    BspLcdWf29FillChar                       0x08005035   Thumb Code   164  bsplcdwf29.o(i.BspLcdWf29FillChar)
    BspLcdWf29Init                           0x080050e1   Thumb Code   276  bsplcdwf29.o(i.BspLcdWf29Init)
    BspLcdWf29ShowPic                        0x08005205   Thumb Code    64  bsplcdwf29.o(i.BspLcdWf29ShowPic)
    BspLcdWf29Test                           0x08005249   Thumb Code   120  bsplcdwf29.o(i.BspLcdWf29Test)
    BspLcdWfRefreshAddr                      0x080052ed   Thumb Code    60  bsplcdwf29.o(i.BspLcdWfRefreshAddr)
    BspLedEvent                              0x0800533d   Thumb Code    28  bspled.o(i.BspLedEvent)
    BspLedFlashForceSet                      0x0800535d   Thumb Code    20  bspled.o(i.BspLedFlashForceSet)
    BspLedFlashSet                           0x08005375   Thumb Code    26  bspled.o(i.BspLedFlashSet)
    BspLedInit                               0x08005395   Thumb Code    58  bspled.o(i.BspLedInit)
    BspLedTest                               0x080053d9   Thumb Code   140  bspled.o(i.BspLedTest)
    BspLoraChSet                             0x08005469   Thumb Code    12  bsplora.o(i.BspLoraChSet)
    BspLoraGetFreqByCh                       0x08005479   Thumb Code    10  sx1276_user.o(i.BspLoraGetFreqByCh)
    BspLoraInit                              0x08005489   Thumb Code    88  bsplora.o(i.BspLoraInit)
    BspLoraSendPacket                        0x08005501   Thumb Code    64  bsplora.o(i.BspLoraSendPacket)
    BspLoraSpITransmit                       0x08005569   Thumb Code    34  bsplora.o(i.BspLoraSpITransmit)
    BspSaveData                              0x08005591   Thumb Code   126  bspdatarecord.o(i.BspSaveData)
    BspSaveDataV2                            0x08005615   Thumb Code   126  bspdatarecord.o(i.BspSaveDataV2)
    BspSaveFirstProgFlag                     0x08005695   Thumb Code    12  bspdatarecord.o(i.BspSaveFirstProgFlag)
    BspSimPwmCall                            0x080056a9   Thumb Code    28  bspsimpwm.o(i.BspSimPwmCall)
    BspSimPwmParaReset                       0x080056c5   Thumb Code    16  bspsimpwm.o(i.BspSimPwmParaReset)
    BspSimPwmRunEvent                        0x080056d5   Thumb Code   124  bspsimpwm.o(i.BspSimPwmRunEvent)
    BusFault_Handler                         0x08005751   Thumb Code     2  stm32l1xx_it.o(i.BusFault_Handler)
    ClrPowerEnterTime                        0x08005755   Thumb Code     8  handlerpowermaneg.o(i.ClrPowerEnterTime)
    CommLoraProRecDatDecode                  0x08005761   Thumb Code   196  commlorapro.o(i.CommLoraProRecDatDecode)
    CommLoraReSendEvent                      0x08005829   Thumb Code    94  commlora.o(i.CommLoraReSendEvent)
    CommLoraRecDatHandler                    0x08005895   Thumb Code    90  commlora.o(i.CommLoraRecDatHandler)
    DebugMon_Handler                         0x08005925   Thumb Code     2  stm32l1xx_it.o(i.DebugMon_Handler)
    EPD_W21_WriteCMD                         0x08005929   Thumb Code    64  bsplcdwf29.o(i.EPD_W21_WriteCMD)
    EPD_W21_WriteDATA                        0x0800596d   Thumb Code    84  bsplcdwf29.o(i.EPD_W21_WriteDATA)
    EPD_init                                 0x080059c5   Thumb Code   192  bsplcdwf29.o(i.EPD_init)
    EPD_refresh                              0x08005a85   Thumb Code    16  bsplcdwf29.o(i.EPD_refresh)
    EXTI15_10_IRQHandler                     0x08005a95   Thumb Code     8  stm32l1xx_it.o(i.EXTI15_10_IRQHandler)
    EXTI1_IRQHandler                         0x08005a9d   Thumb Code     6  stm32l1xx_it.o(i.EXTI1_IRQHandler)
    EXTI2_IRQHandler                         0x08005aa3   Thumb Code     6  stm32l1xx_it.o(i.EXTI2_IRQHandler)
    EXTI9_5_IRQHandler                       0x08005aa9   Thumb Code     8  stm32l1xx_it.o(i.EXTI9_5_IRQHandler)
    EnterLowerPwrWithWup                     0x08005ab1   Thumb Code     2  bsprtc.o(i.EnterLowerPwrWithWup)
    ExitLowerPower                           0x08005ab5   Thumb Code     6  handlerpowermaneg.o(i.ExitLowerPower)
    FLASH_PageErase                          0x08005ac1   Thumb Code    32  stm32l1xx_hal_flash_ex.o(i.FLASH_PageErase)
    FLASH_WaitForLastOperation               0x08005b41   Thumb Code    86  stm32l1xx_hal_flash.o(i.FLASH_WaitForLastOperation)
    GetChByAddr                              0x08005b9d   Thumb Code     6  commlora.o(i.GetChByAddr)
    HAL_Delay                                0x08005ba5   Thumb Code    32  stm32l1xx_hal.o(i.HAL_Delay)
    HAL_FLASHEx_Erase                        0x08005bc9   Thumb Code   114  stm32l1xx_hal_flash_ex.o(i.HAL_FLASHEx_Erase)
    HAL_FLASH_Lock                           0x08005c45   Thumb Code    14  stm32l1xx_hal_flash.o(i.HAL_FLASH_Lock)
    HAL_FLASH_Program                        0x08005c59   Thumb Code    56  stm32l1xx_hal_flash.o(i.HAL_FLASH_Program)
    HAL_FLASH_Unlock                         0x08005c95   Thumb Code    58  stm32l1xx_hal_flash.o(i.HAL_FLASH_Unlock)
    HAL_GPIO_DeInit                          0x08005ce5   Thumb Code   214  stm32l1xx_hal_gpio.o(i.HAL_GPIO_DeInit)
    HAL_GPIO_EXTI_Callback                   0x08005dd9   Thumb Code    40  stm32l1xx_it.o(i.HAL_GPIO_EXTI_Callback)
    HAL_GPIO_EXTI_IRQHandler                 0x08005e15   Thumb Code    18  stm32l1xx_hal_gpio.o(i.HAL_GPIO_EXTI_IRQHandler)
    HAL_GPIO_Init                            0x08005e2d   Thumb Code   370  stm32l1xx_hal_gpio.o(i.HAL_GPIO_Init)
    HAL_GPIO_ReadPin                         0x08005fc1   Thumb Code    10  stm32l1xx_hal_gpio.o(i.HAL_GPIO_ReadPin)
    HAL_GPIO_WritePin                        0x08005fcb   Thumb Code    10  stm32l1xx_hal_gpio.o(i.HAL_GPIO_WritePin)
    HAL_GetTick                              0x08005fd5   Thumb Code     6  stm32l1xx_hal.o(i.HAL_GetTick)
    HAL_IncTick                              0x08005fe1   Thumb Code    12  stm32l1xx_hal.o(i.HAL_IncTick)
    HAL_Init                                 0x08005ff1   Thumb Code    30  stm32l1xx_hal.o(i.HAL_Init)
    HAL_InitTick                             0x08006011   Thumb Code    58  stm32l1xx_hal.o(i.HAL_InitTick)
    HAL_MspInit                              0x08006055   Thumb Code    56  stm32l1xx_hal_msp.o(i.HAL_MspInit)
    HAL_NVIC_EnableIRQ                       0x08006091   Thumb Code    26  stm32l1xx_hal_cortex.o(i.HAL_NVIC_EnableIRQ)
    HAL_NVIC_SetPriority                     0x080060ad   Thumb Code    60  stm32l1xx_hal_cortex.o(i.HAL_NVIC_SetPriority)
    HAL_NVIC_SetPriorityGrouping             0x080060ed   Thumb Code    26  stm32l1xx_hal_cortex.o(i.HAL_NVIC_SetPriorityGrouping)
    HAL_RCCEx_PeriphCLKConfig                0x08006111   Thumb Code   286  stm32l1xx_hal_rcc_ex.o(i.HAL_RCCEx_PeriphCLKConfig)
    HAL_RCC_ClockConfig                      0x0800623d   Thumb Code   394  stm32l1xx_hal_rcc.o(i.HAL_RCC_ClockConfig)
    HAL_RCC_GetPCLK1Freq                     0x080063dd   Thumb Code    20  stm32l1xx_hal_rcc.o(i.HAL_RCC_GetPCLK1Freq)
    HAL_RCC_GetPCLK2Freq                     0x080063fd   Thumb Code    20  stm32l1xx_hal_rcc.o(i.HAL_RCC_GetPCLK2Freq)
    HAL_RCC_GetSysClockFreq                  0x0800641d   Thumb Code    80  stm32l1xx_hal_rcc.o(i.HAL_RCC_GetSysClockFreq)
    HAL_RCC_OscConfig                        0x0800647d   Thumb Code  1032  stm32l1xx_hal_rcc.o(i.HAL_RCC_OscConfig)
    HAL_RTCEx_DeactivateWakeUpTimer          0x08006885   Thumb Code   122  stm32l1xx_hal_rtc_ex.o(i.HAL_RTCEx_DeactivateWakeUpTimer)
    HAL_RTCEx_WakeUpTimerEventCallback       0x08006901   Thumb Code    26  stm32l1xx_it.o(i.HAL_RTCEx_WakeUpTimerEventCallback)
    HAL_RTCEx_WakeUpTimerIRQHandler          0x0800692d   Thumb Code    46  stm32l1xx_hal_rtc_ex.o(i.HAL_RTCEx_WakeUpTimerIRQHandler)
    HAL_SPI_DeInit                           0x08006961   Thumb Code    46  stm32l1xx_hal_spi.o(i.HAL_SPI_DeInit)
    HAL_SPI_Init                             0x0800698f   Thumb Code   114  stm32l1xx_hal_spi.o(i.HAL_SPI_Init)
    HAL_SPI_MspDeInit                        0x08006a01   Thumb Code    98  stm32l1xx_hal_msp.o(i.HAL_SPI_MspDeInit)
    HAL_SPI_MspInit                          0x08006a79   Thumb Code   300  stm32l1xx_hal_msp.o(i.HAL_SPI_MspInit)
    HAL_SPI_TransmitReceive                  0x08006bb9   Thumb Code   474  stm32l1xx_hal_spi.o(i.HAL_SPI_TransmitReceive)
    HAL_SYSTICK_Config                       0x08006d93   Thumb Code    40  stm32l1xx_hal_cortex.o(i.HAL_SYSTICK_Config)
    HAL_TIM_PWM_ConfigChannel                0x08006dbb   Thumb Code   208  stm32l1xx_hal_tim.o(i.HAL_TIM_PWM_ConfigChannel)
    HAL_TIM_PWM_DeInit                       0x08006e8b   Thumb Code    48  stm32l1xx_hal_tim.o(i.HAL_TIM_PWM_DeInit)
    HAL_TIM_PWM_Init                         0x08006ebb   Thumb Code    54  stm32l1xx_hal_tim.o(i.HAL_TIM_PWM_Init)
    HAL_TIM_PWM_MspDeInit                    0x08006ef1   Thumb Code    30  stm32l1xx_hal_msp.o(i.HAL_TIM_PWM_MspDeInit)
    HAL_TIM_PWM_MspInit                      0x08006f19   Thumb Code    94  stm32l1xx_hal_msp.o(i.HAL_TIM_PWM_MspInit)
    HAL_TIM_PWM_Start                        0x08006f81   Thumb Code    36  stm32l1xx_hal_tim.o(i.HAL_TIM_PWM_Start)
    HAL_UART_Init                            0x08006fa5   Thumb Code    98  stm32l1xx_hal_uart.o(i.HAL_UART_Init)
    HAL_UART_MspInit                         0x08007009   Thumb Code    90  stm32l1xx_hal_msp.o(i.HAL_UART_MspInit)
    HalWriteRxTx                             0x08007071   Thumb Code     2  sx1276_hal.o(i.HalWriteRxTx)
    HandlerKey                               0x08007075   Thumb Code   338  handlerkey.o(i.HandlerKey)
    HardFault_Handler                        0x080071e1   Thumb Code    10  stm32l1xx_it.o(i.HardFault_Handler)
    LowPower_WakeUp                          0x08007205   Thumb Code    68  bsprtc.o(i.LowPower_WakeUp)
    MemManage_Handler                        0x08007255   Thumb Code     2  stm32l1xx_it.o(i.MemManage_Handler)
    NMI_Handler                              0x08007257   Thumb Code     2  stm32l1xx_it.o(i.NMI_Handler)
    OnCadDone                                0x08007259   Thumb Code    38  sx1276_user.o(i.OnCadDone)
    OnRxDone                                 0x08007281   Thumb Code   132  sx1276_user.o(i.OnRxDone)
    OnRxError                                0x08007319   Thumb Code    22  sx1276_user.o(i.OnRxError)
    OnRxTimeout                              0x0800733d   Thumb Code    22  sx1276_user.o(i.OnRxTimeout)
    OnTxDone                                 0x08007365   Thumb Code    96  sx1276_user.o(i.OnTxDone)
    OnTxTimeout                              0x080073dd   Thumb Code    10  sx1276_user.o(i.OnTxTimeout)
    OsBuf8IntoBuf16                          0x080073e7   Thumb Code    28  usros.o(i.OsBuf8IntoBuf16)
    OsBufIntoVar16                           0x08007403   Thumb Code     8  usros.o(i.OsBufIntoVar16)
    OsStrCmp                                 0x0800740b   Thumb Code    32  usros.o(i.OsStrCmp)
    OsTimeBaseEvent                          0x0800742d   Thumb Code    10  usros.o(i.OsTimeBaseEvent)
    OsVar16IntoBuf                           0x0800743d   Thumb Code     8  usros.o(i.OsVar16IntoBuf)
    PIC_display                              0x08007445   Thumb Code   158  bsplcdwf29.o(i.PIC_display)
    PendSV_Handler                           0x080074e3   Thumb Code     2  stm32l1xx_it.o(i.PendSV_Handler)
    RTC_WKUP_IRQHandler                      0x08007565   Thumb Code    22  stm32l1xx_it.o(i.RTC_WKUP_IRQHandler)
    SVC_Handler                              0x080076e1   Thumb Code     2  stm32l1xx_it.o(i.SVC_Handler)
    SX1276AppInit                            0x080076e5   Thumb Code   118  sx1276_user.o(i.SX1276AppInit)
    SX1276Init                               0x08007771   Thumb Code   104  sx1276.o(i.SX1276Init)
    SX1276OnDio0Event                        0x080077e5   Thumb Code   316  sx1276.o(i.SX1276OnDio0Event)
    SX1276OnTimeoutEvent                     0x08007931   Thumb Code   186  sx1276.o(i.SX1276OnTimeoutEvent)
    SX1276OnTimeoutIrq                       0x080079f9   Thumb Code     8  sx1276.o(i.SX1276OnTimeoutIrq)
    SX1276ReadBuffer                         0x08007a05   Thumb Code    70  sx1276.o(i.SX1276ReadBuffer)
    SX1276ReadFifo                           0x08007a51   Thumb Code    10  sx1276.o(i.SX1276ReadFifo)
    SX1276Send                               0x08007a5d   Thumb Code   180  sx1276.o(i.SX1276Send)
    SX1276SetAntSw                           0x08007b39   Thumb Code    14  sx1276-board.o(i.SX1276SetAntSw)
    SX1276SetAntSwLowPower                   0x08007b49   Thumb Code    24  sx1276-board.o(i.SX1276SetAntSwLowPower)
    SX1276SetFreq                            0x08007b65   Thumb Code    56  sx1276.o(i.SX1276SetFreq)
    SX1276SetMaxPayloadLength                0x08007ba5   Thumb Code    20  sx1276.o(i.SX1276SetMaxPayloadLength)
    SX1276SetModem                           0x08007bb9   Thumb Code   110  sx1276.o(i.SX1276SetModem)
    SX1276SetOpMode                          0x08007c2d   Thumb Code    48  sx1276.o(i.SX1276SetOpMode)
    SX1276SetPublicNetwork                   0x08007c5d   Thumb Code    34  sx1276.o(i.SX1276SetPublicNetwork)
    SX1276SetReset                           0x08007c85   Thumb Code    44  sx1276-board.o(i.SX1276SetReset)
    SX1276SetRx                              0x08007cb5   Thumb Code   380  sx1276.o(i.SX1276SetRx)
    SX1276SetRxConfig                        0x08007e39   Thumb Code   392  sx1276.o(i.SX1276SetRxConfig)
    SX1276SetSleep                           0x08007fc9   Thumb Code    28  sx1276.o(i.SX1276SetSleep)
    SX1276SetStby                            0x08007fe9   Thumb Code    28  sx1276.o(i.SX1276SetStby)
    SX1276SetSyncWord                        0x08008009   Thumb Code     8  sx1276.o(i.SX1276SetSyncWord)
    SX1276SetTx                              0x08008011   Thumb Code   118  sx1276.o(i.SX1276SetTx)
    SX1276SetTxConfig                        0x08008091   Thumb Code   322  sx1276.o(i.SX1276SetTxConfig)
    SX1276Task                               0x080081d9   Thumb Code    40  sx1276.o(i.SX1276Task)
    SX1276WriteBuffer                        0x08008205   Thumb Code    68  sx1276.o(i.SX1276WriteBuffer)
    SX1276WriteFifo                          0x0800824d   Thumb Code    10  sx1276.o(i.SX1276WriteFifo)
    SfTimerEvent                             0x08008259   Thumb Code    28  stimer.o(i.SfTimerEvent)
    SfTimerStart                             0x08008279   Thumb Code    48  stimer.o(i.SfTimerStart)
    SpiTransfer                              0x080082ad   Thumb Code     4  sx1276-board.o(i.SpiTransfer)
    Sx1276TimerLoop                          0x080082b1   Thumb Code    54  sx1276_timer.o(i.Sx1276TimerLoop)
    Sx1276TimerStart                         0x080082ed   Thumb Code    34  sx1276_timer.o(i.Sx1276TimerStart)
    Sx1278Read                               0x08008315   Thumb Code    16  sx1276.o(i.Sx1278Read)
    Sx1278SetRfTxPower                       0x08008325   Thumb Code   170  sx1276-board.o(i.Sx1278SetRfTxPower)
    Sx1278Write                              0x080083d9   Thumb Code    12  sx1276.o(i.Sx1278Write)
    SysTick_Handler                          0x080083e5   Thumb Code    14  stm32l1xx_it.o(i.SysTick_Handler)
    SystemClock_Config                       0x080083f5   Thumb Code   146  main.o(i.SystemClock_Config)
    SystemDelay                              0x0800849d   Thumb Code    42  usros.o(i.SystemDelay)
    SystemInit                               0x080084cd   Thumb Code    60  system_stm32l1xx.o(i.SystemInit)
    TaskScheduler                            0x08008665   Thumb Code    42  stask.o(i.TaskScheduler)
    TaskStart                                0x08008695   Thumb Code    44  stask.o(i.TaskStart)
    TimerChangePeriod                        0x080086c5   Thumb Code    22  sx1276_timer.o(i.TimerChangePeriod)
    TimerRegister                            0x08008701   Thumb Code   106  sx1276_timer.o(i.TimerRegister)
    TimerStop                                0x08008771   Thumb Code    26  sx1276_timer.o(i.TimerStop)
    TimerTaskScheduler                       0x08008791   Thumb Code    84  stimer.o(i.TimerTaskScheduler)
    UsageFault_Handler                       0x08008919   Thumb Code     2  stm32l1xx_it.o(i.UsageFault_Handler)
    _Error_Handler                           0x0800891d   Thumb Code    28  main.o(i._Error_Handler)
    __0printf$8                              0x08008969   Thumb Code    22  printf8.o(i.__0printf$8)
    __1printf$8                              0x08008969   Thumb Code     0  printf8.o(i.__0printf$8)
    __2printf                                0x08008969   Thumb Code     0  printf8.o(i.__0printf$8)
    __0sprintf$8                             0x08008989   Thumb Code    34  printf8.o(i.__0sprintf$8)
    __1sprintf$8                             0x08008989   Thumb Code     0  printf8.o(i.__0sprintf$8)
    __2sprintf                               0x08008989   Thumb Code     0  printf8.o(i.__0sprintf$8)
    __ClrLoraResend                          0x08008a31   Thumb Code    60  commlora.o(i.__ClrLoraResend)
    __LoraProCheckCode                       0x0800952d   Thumb Code    58  commlorapro.o(i.__LoraProCheckCode)
    __LoraSendProData                        0x08009567   Thumb Code     4  commlora.o(i.__LoraSendProData)
    __scatterload_copy                       0x080096b1   Thumb Code    14  handlers.o(i.__scatterload_copy)
    __scatterload_null                       0x080096bf   Thumb Code     2  handlers.o(i.__scatterload_null)
    __scatterload_zeroinit                   0x080096c1   Thumb Code    14  handlers.o(i.__scatterload_zeroinit)
    delay                                    0x08009b3d   Thumb Code     4  sx1276_hal.o(i.delay)
    fputc                                    0x08009b41   Thumb Code    16  bspdebug.o(i.fputc)
    lcd_chkstatus                            0x08009b55   Thumb Code    30  bsplcdwf29.o(i.lcd_chkstatus)
    lut_GC                                   0x08009b79   Thumb Code    28  bsplcdwf29.o(i.lut_GC)
    main                                     0x08009b99   Thumb Code    74  main.o(i.main)
    malloc                                   0x08009bed   Thumb Code    92  malloc.o(i.malloc)
    DisplayVersion                           0x08009c58   Data          10  main.o(.constdata)
    Version                                  0x08009c62   Data          17  main.o(.constdata)
    PLLMulTable                              0x08009caa   Data           9  system_stm32l1xx.o(.constdata)
    AHBPrescTable                            0x08009cb3   Data          16  system_stm32l1xx.o(.constdata)
    APBPrescTable                            0x08009cc3   Data           8  system_stm32l1xx.o(.constdata)
    asc16X32                                 0x08009d6c   Data        6080  bsplcdwf29font.o(.constdata)
    init_data_GC                             0x0800b53c   Data         100  bsplcdwf29.o(.constdata)
    init_data_DU                             0x0800b5a0   Data         100  bsplcdwf29.o(.constdata)
    bspGtCharStab                            0x0800b604   Data         108  bspgt21l16s2w.o(.constdata)
    RadioRegsInit                            0x0800b6b0   Data          48  sx1276.o(.constdata)
    Region$$Table$$Base                      0x0800b704   Number         0  anon$$obj.o(Region$$Table)
    Region$$Table$$Limit                     0x0800b724   Number         0  anon$$obj.o(Region$$Table)
    rstRes                                   0x20000000   Data           1  main.o(.data)
    uwTickPrio                               0x20000004   Data           4  stm32l1xx_hal.o(.data)
    uwTickFreq                               0x20000008   Data           4  stm32l1xx_hal.o(.data)
    uwTick                                   0x2000000c   Data           4  stm32l1xx_hal.o(.data)
    SystemCoreClock                          0x20000010   Data           4  system_stm32l1xx.o(.data)
    firstPwrFlag                             0x20000014   Data           1  bspdatarecord.o(.data)
    abx                                      0x20000040   Data           4  bsplcdwf29.o(.data)
    bspLcdWfS                                0x20000044   Data           8  bsplcdwf29.o(.data)
    loraRecFlag                              0x2000009a   Data           1  commlora.o(.data)
    gobalAddrFlag                            0x200000a0   Data           1  commlora.o(.data)
    resetByCmdFlag                           0x200000a4   Data           1  commlorapro.o(.data)
    look                                     0x200000a8   Data           4  commlorapro.o(.data)
    key_test1                                0x200000ac   Data           4  handlerkey.o(.data)
    key_test2                                0x200000b0   Data           4  handlerkey.o(.data)
    sysPwrS                                  0x200000b8   Data           4  handlerpowermaneg.o(.data)
    adxse                                    0x20000118   Data           4  sx1276.o(.data)
    ii                                       0x2000011c   Data           4  sx1276.o(.data)
    iii                                      0x20000120   Data           4  sx1276.o(.data)
    fxs                                      0x20000124   Data           4  sx1276.o(.data)
    SX1276EventIrqFlag                       0x20000128   Data           7  sx1276.o(.data)
    __stdout                                 0x2000013c   Data           4  stdout.o(.data)
    __microlib_freelist                      0x20000140   Data           4  mvars.o(.data)
    __microlib_freelist_initialised          0x20000144   Data           4  mvars.o(.data)
    pFlash                                   0x20000148   Data          24  stm32l1xx_hal_flash.o(.bss)
    dataSaveS                                0x20000160   Data          12  bspdatarecord.o(.bss)
    preDataSaveS                             0x2000016c   Data          12  bspdatarecord.o(.bss)
    updateParaSaveS                          0x20000178   Data          16  bspdatarecord.o(.bss)
    loraSpiHandler                           0x200001f4   Data          88  bsplora.o(.bss)
    loraSendPacketS                          0x2000024c   Data         258  bsplora.o(.bss)
    ascii                                    0x2000034e   Data          32  bsplcdwf29.o(.bss)
    zkGtSpi                                  0x20002870   Data          88  bspgt21l16s2w.o(.bss)
    buzTimerHandler                          0x200028ec   Data          60  bspbuz.o(.bss)
    buzTimerChHandler                        0x20002928   Data          16  bspbuz.o(.bss)
    bspRtcHandler                            0x20002938   Data          32  bsprtc.o(.bss)
    bspDebugUartHandler                      0x20002958   Data          64  bspdebug.o(.bss)
    commLoraCtrlS                            0x20002998   Data         258  commlora.o(.bss)
    loraSendPackListStab                     0x20002a9c   Data        2840  commlora.o(.bss)
    ackCmdToNetS                             0x200035b4   Data         260  commlorapro.o(.bss)
    RxTxBuffer                               0x200036b8   Data         256  sx1276.o(.bss)
    sx1278S                                  0x200037b8   Data         120  sx1276.o(.bss)
    __heap_base                              0x20003830   Data           0  startup_stm32l151xba.o(HEAP)
    __heap_limit                             0x20003930   Data           0  startup_stm32l151xba.o(HEAP)
    __initial_sp                             0x20005930   Data           0  startup_stm32l151xba.o(STACK)



==============================================================================

Memory Map of the image

  Image Entry point : 0x080040f5

  Load Region LR_IROM1 (Base: 0x08004000, Size: 0x0000786c, Max: 0x00020000, ABSOLUTE, COMPRESSED[0x00007794])

    Execution Region ER_IROM1 (Exec base: 0x08004000, Load base: 0x08004000, Size: 0x00007724, Max: 0x00020000, ABSOLUTE)

    Exec Addr    Load Addr    Size         Type   Attr      Idx    E Section Name        Object

    0x08004000   0x08004000   0x000000f4   Data   RO            3    RESET               startup_stm32l151xba.o
    0x080040f4   0x080040f4   0x00000000   Code   RO         6067  * .ARM.Collect$$$$00000000  mc_w.l(entry.o)
    0x080040f4   0x080040f4   0x00000004   Code   RO         6410    .ARM.Collect$$$$00000001  mc_w.l(entry2.o)
    0x080040f8   0x080040f8   0x00000004   Code   RO         6413    .ARM.Collect$$$$00000004  mc_w.l(entry5.o)
    0x080040fc   0x080040fc   0x00000000   Code   RO         6415    .ARM.Collect$$$$00000008  mc_w.l(entry7b.o)
    0x080040fc   0x080040fc   0x00000000   Code   RO         6417    .ARM.Collect$$$$0000000A  mc_w.l(entry8b.o)
    0x080040fc   0x080040fc   0x00000008   Code   RO         6418    .ARM.Collect$$$$0000000B  mc_w.l(entry9a.o)
    0x08004104   0x08004104   0x00000000   Code   RO         6420    .ARM.Collect$$$$0000000D  mc_w.l(entry10a.o)
    0x08004104   0x08004104   0x00000000   Code   RO         6422    .ARM.Collect$$$$0000000F  mc_w.l(entry11a.o)
    0x08004104   0x08004104   0x00000004   Code   RO         6411    .ARM.Collect$$$$00002712  mc_w.l(entry2.o)
    0x08004108   0x08004108   0x00000024   Code   RO            4    .text               startup_stm32l151xba.o
    0x0800412c   0x0800412c   0x00000024   Code   RO         6070    .text               mc_w.l(memcpya.o)
    0x08004150   0x08004150   0x00000024   Code   RO         6072    .text               mc_w.l(memseta.o)
    0x08004174   0x08004174   0x0000000e   Code   RO         6074    .text               mc_w.l(strlen.o)
    0x08004182   0x08004182   0x000000de   Code   RO         6371    .text               mf_w.l(ddiv.o)
    0x08004260   0x08004260   0x0000001a   Code   RO         6375    .text               mf_w.l(dfltui.o)
    0x0800427a   0x0800427a   0x00000032   Code   RO         6379    .text               mf_w.l(dfixui.o)
    0x080042ac   0x080042ac   0x00000062   Code   RO         6427    .text               mc_w.l(uldiv.o)
    0x0800430e   0x0800430e   0x00000020   Code   RO         6429    .text               mc_w.l(llushr.o)
    0x0800432e   0x0800432e   0x00000000   Code   RO         6440    .text               mc_w.l(iusefp.o)
    0x0800432e   0x0800432e   0x000000ba   Code   RO         6443    .text               mf_w.l(depilogue.o)
    0x080043e8   0x080043e8   0x00000024   Code   RO         6457    .text               mc_w.l(init.o)
    0x0800440c   0x0800440c   0x0000001e   Code   RO         6459    .text               mc_w.l(llshl.o)
    0x0800442a   0x0800442a   0x00000056   Code   RO         6475    .text               mc_w.l(__dczerorl2.o)
    0x08004480   0x08004480   0x00000008   Code   RO         5069    i.BspBuzAwake       bspbuz.o
    0x08004488   0x08004488   0x00000010   Code   RO         5070    i.BspBuzCall        bspbuz.o
    0x08004498   0x08004498   0x0000002c   Code   RO         5071    i.BspBuzInit        bspbuz.o
    0x080044c4   0x080044c4   0x0000000c   Code   RO         5072    i.BspBuzRunEvent    bspbuz.o
    0x080044d0   0x080044d0   0x00000058   Code   RO         5073    i.BspBuzSleep       bspbuz.o
    0x08004528   0x08004528   0x00000030   Code   RO         4267    i.BspDataRecordEvent  bspdatarecord.o
    0x08004558   0x08004558   0x00000070   Code   RO         4268    i.BspDataRecordInit  bspdatarecord.o
    0x080045c8   0x080045c8   0x00000040   Code   RO         5208    i.BspDebugInit      bspdebug.o
    0x08004608   0x08004608   0x00000068   Code   RO         4270    i.BspGetData        bspdatarecord.o
    0x08004670   0x08004670   0x00000004   Code   RO         4956    i.BspGt21l16S2wAwake  bspgt21l16s2w.o
    0x08004674   0x08004674   0x000000dc   Code   RO         4957    i.BspGt21l16S2wInit  bspgt21l16s2w.o
    0x08004750   0x08004750   0x0000008c   Code   RO         4958    i.BspGt21l16S2wSleep  bspgt21l16s2w.o
    0x080047dc   0x080047dc   0x00000060   Code   RO         4959    i.BspGtGetAsc16x32Image  bspgt21l16s2w.o
    0x0800483c   0x0800483c   0x00000098   Code   RO         4960    i.BspGtGetAsc5x7Image  bspgt21l16s2w.o
    0x080048d4   0x080048d4   0x000000ac   Code   RO         4961    i.BspGtGetAsc6x12Image  bspgt21l16s2w.o
    0x08004980   0x08004980   0x00000096   Code   RO         4962    i.BspGtGetAsc7x8Image  bspgt21l16s2w.o
    0x08004a16   0x08004a16   0x00000002   PAD
    0x08004a18   0x08004a18   0x000000a8   Code   RO         4963    i.BspGtGetAsc8x16Image  bspgt21l16s2w.o
    0x08004ac0   0x08004ac0   0x000000a8   Code   RO         4964    i.BspGtGetHz11x12Image  bspgt21l16s2w.o
    0x08004b68   0x08004b68   0x000000fa   Code   RO         4965    i.BspGtGetHz15x16Image  bspgt21l16s2w.o
    0x08004c62   0x08004c62   0x00000002   PAD
    0x08004c64   0x08004c64   0x000000d4   Code   RO         4966    i.BspGtGetHz6x12Image  bspgt21l16s2w.o
    0x08004d38   0x08004d38   0x000000d0   Code   RO         4967    i.BspGtGetHz8x16Image  bspgt21l16s2w.o
    0x08004e08   0x08004e08   0x00000032   Code   RO         4166    i.BspInit           bsp.o
    0x08004e3a   0x08004e3a   0x00000034   Code   RO         4347    i.BspIntFlashErasePages  bspintflash.o
    0x08004e6e   0x08004e6e   0x00000018   Code   RO         4348    i.BspIntFlashRead   bspintflash.o
    0x08004e86   0x08004e86   0x00000040   Code   RO         4350    i.BspIntFlashWrite  bspintflash.o
    0x08004ec6   0x08004ec6   0x00000002   PAD
    0x08004ec8   0x08004ec8   0x00000024   Code   RO         4920    i.BspKeyEvent       bspkey.o
    0x08004eec   0x08004eec   0x00000088   Code   RO         4921    i.BspKeyInit        bspkey.o
    0x08004f74   0x08004f74   0x00000024   Code   RO         4653    i.BspLcdRefreshEvent  bsplcdwf29.o
    0x08004f98   0x08004f98   0x00000054   Code   RO         4654    i.BspLcdWf29Clr     bsplcdwf29.o
    0x08004fec   0x08004fec   0x00000048   Code   RO         4655    i.BspLcdWf29FillArea  bsplcdwf29.o
    0x08005034   0x08005034   0x000000ac   Code   RO         4656    i.BspLcdWf29FillChar  bsplcdwf29.o
    0x080050e0   0x080050e0   0x00000124   Code   RO         4658    i.BspLcdWf29Init    bsplcdwf29.o
    0x08005204   0x08005204   0x00000044   Code   RO         4659    i.BspLcdWf29ShowPic  bsplcdwf29.o
    0x08005248   0x08005248   0x000000a4   Code   RO         4660    i.BspLcdWf29Test    bsplcdwf29.o
    0x080052ec   0x080052ec   0x00000050   Code   RO         4663    i.BspLcdWfRefreshAddr  bsplcdwf29.o
    0x0800533c   0x0800533c   0x00000020   Code   RO         4389    i.BspLedEvent       bspled.o
    0x0800535c   0x0800535c   0x00000018   Code   RO         4391    i.BspLedFlashForceSet  bspled.o
    0x08005374   0x08005374   0x00000020   Code   RO         4392    i.BspLedFlashSet    bspled.o
    0x08005394   0x08005394   0x00000044   Code   RO         4393    i.BspLedInit        bspled.o
    0x080053d8   0x080053d8   0x00000090   Code   RO         4394    i.BspLedTest        bspled.o
    0x08005468   0x08005468   0x00000010   Code   RO         4502    i.BspLoraChSet      bsplora.o
    0x08005478   0x08005478   0x00000010   Code   RO         5906    i.BspLoraGetFreqByCh  sx1276_user.o
    0x08005488   0x08005488   0x00000078   Code   RO         4503    i.BspLoraInit       bsplora.o
    0x08005500   0x08005500   0x00000068   Code   RO         4504    i.BspLoraSendPacket  bsplora.o
    0x08005568   0x08005568   0x00000028   Code   RO         4505    i.BspLoraSpITransmit  bsplora.o
    0x08005590   0x08005590   0x00000084   Code   RO         4273    i.BspSaveData       bspdatarecord.o
    0x08005614   0x08005614   0x0000007e   Code   RO         4274    i.BspSaveDataV2     bspdatarecord.o
    0x08005692   0x08005692   0x00000002   PAD
    0x08005694   0x08005694   0x00000014   Code   RO         4275    i.BspSaveFirstProgFlag  bspdatarecord.o
    0x080056a8   0x080056a8   0x0000001c   Code   RO         4593    i.BspSimPwmCall     bspsimpwm.o
    0x080056c4   0x080056c4   0x00000010   Code   RO         4594    i.BspSimPwmParaReset  bspsimpwm.o
    0x080056d4   0x080056d4   0x0000007c   Code   RO         4595    i.BspSimPwmRunEvent  bspsimpwm.o
    0x08005750   0x08005750   0x00000002   Code   RO          383    i.BusFault_Handler  stm32l1xx_it.o
    0x08005752   0x08005752   0x00000002   PAD
    0x08005754   0x08005754   0x0000000c   Code   RO         5483    i.ClrPowerEnterTime  handlerpowermaneg.o
    0x08005760   0x08005760   0x000000c8   Code   RO         5326    i.CommLoraProRecDatDecode  commlorapro.o
    0x08005828   0x08005828   0x0000006c   Code   RO         5255    i.CommLoraReSendEvent  commlora.o
    0x08005894   0x08005894   0x00000090   Code   RO         5256    i.CommLoraRecDatHandler  commlora.o
    0x08005924   0x08005924   0x00000002   Code   RO          384    i.DebugMon_Handler  stm32l1xx_it.o
    0x08005926   0x08005926   0x00000002   PAD
    0x08005928   0x08005928   0x00000044   Code   RO         4666    i.EPD_W21_WriteCMD  bsplcdwf29.o
    0x0800596c   0x0800596c   0x00000058   Code   RO         4667    i.EPD_W21_WriteDATA  bsplcdwf29.o
    0x080059c4   0x080059c4   0x000000c0   Code   RO         4668    i.EPD_init          bsplcdwf29.o
    0x08005a84   0x08005a84   0x00000010   Code   RO         4669    i.EPD_refresh       bsplcdwf29.o
    0x08005a94   0x08005a94   0x00000008   Code   RO          385    i.EXTI15_10_IRQHandler  stm32l1xx_it.o
    0x08005a9c   0x08005a9c   0x00000006   Code   RO          386    i.EXTI1_IRQHandler  stm32l1xx_it.o
    0x08005aa2   0x08005aa2   0x00000006   Code   RO          387    i.EXTI2_IRQHandler  stm32l1xx_it.o
    0x08005aa8   0x08005aa8   0x00000008   Code   RO          388    i.EXTI9_5_IRQHandler  stm32l1xx_it.o
    0x08005ab0   0x08005ab0   0x00000002   Code   RO         5161    i.EnterLowerPwrWithWup  bsprtc.o
    0x08005ab2   0x08005ab2   0x00000002   PAD
    0x08005ab4   0x08005ab4   0x0000000c   Code   RO         5485    i.ExitLowerPower    handlerpowermaneg.o
    0x08005ac0   0x08005ac0   0x00000028   Code   RO         2522    i.FLASH_PageErase   stm32l1xx_hal_flash_ex.o
    0x08005ae8   0x08005ae8   0x00000058   Code   RO         2421    i.FLASH_SetErrorCode  stm32l1xx_hal_flash.o
    0x08005b40   0x08005b40   0x0000005c   Code   RO         2422    i.FLASH_WaitForLastOperation  stm32l1xx_hal_flash.o
    0x08005b9c   0x08005b9c   0x00000006   Code   RO         5258    i.GetChByAddr       commlora.o
    0x08005ba2   0x08005ba2   0x00000002   PAD
    0x08005ba4   0x08005ba4   0x00000024   Code   RO         2081    i.HAL_Delay         stm32l1xx_hal.o
    0x08005bc8   0x08005bc8   0x0000007c   Code   RO         2531    i.HAL_FLASHEx_Erase  stm32l1xx_hal_flash_ex.o
    0x08005c44   0x08005c44   0x00000014   Code   RO         2426    i.HAL_FLASH_Lock    stm32l1xx_hal_flash.o
    0x08005c58   0x08005c58   0x0000003c   Code   RO         2431    i.HAL_FLASH_Program  stm32l1xx_hal_flash.o
    0x08005c94   0x08005c94   0x00000050   Code   RO         2433    i.HAL_FLASH_Unlock  stm32l1xx_hal_flash.o
    0x08005ce4   0x08005ce4   0x000000f4   Code   RO         2710    i.HAL_GPIO_DeInit   stm32l1xx_hal_gpio.o
    0x08005dd8   0x08005dd8   0x0000003c   Code   RO          389    i.HAL_GPIO_EXTI_Callback  stm32l1xx_it.o
    0x08005e14   0x08005e14   0x00000018   Code   RO         2712    i.HAL_GPIO_EXTI_IRQHandler  stm32l1xx_hal_gpio.o
    0x08005e2c   0x08005e2c   0x00000194   Code   RO         2713    i.HAL_GPIO_Init     stm32l1xx_hal_gpio.o
    0x08005fc0   0x08005fc0   0x0000000a   Code   RO         2715    i.HAL_GPIO_ReadPin  stm32l1xx_hal_gpio.o
    0x08005fca   0x08005fca   0x0000000a   Code   RO         2717    i.HAL_GPIO_WritePin  stm32l1xx_hal_gpio.o
    0x08005fd4   0x08005fd4   0x0000000c   Code   RO         2085    i.HAL_GetTick       stm32l1xx_hal.o
    0x08005fe0   0x08005fe0   0x00000010   Code   RO         2091    i.HAL_IncTick       stm32l1xx_hal.o
    0x08005ff0   0x08005ff0   0x0000001e   Code   RO         2092    i.HAL_Init          stm32l1xx_hal.o
    0x0800600e   0x0800600e   0x00000002   PAD
    0x08006010   0x08006010   0x00000044   Code   RO         2093    i.HAL_InitTick      stm32l1xx_hal.o
    0x08006054   0x08006054   0x0000003c   Code   RO          307    i.HAL_MspInit       stm32l1xx_hal_msp.o
    0x08006090   0x08006090   0x0000001a   Code   RO         3056    i.HAL_NVIC_EnableIRQ  stm32l1xx_hal_cortex.o
    0x080060aa   0x080060aa   0x00000002   PAD
    0x080060ac   0x080060ac   0x00000040   Code   RO         3062    i.HAL_NVIC_SetPriority  stm32l1xx_hal_cortex.o
    0x080060ec   0x080060ec   0x00000024   Code   RO         3063    i.HAL_NVIC_SetPriorityGrouping  stm32l1xx_hal_cortex.o
    0x08006110   0x08006110   0x0000012c   Code   RO         2362    i.HAL_RCCEx_PeriphCLKConfig  stm32l1xx_hal_rcc_ex.o
    0x0800623c   0x0800623c   0x000001a0   Code   RO         2249    i.HAL_RCC_ClockConfig  stm32l1xx_hal_rcc.o
    0x080063dc   0x080063dc   0x00000020   Code   RO         2256    i.HAL_RCC_GetPCLK1Freq  stm32l1xx_hal_rcc.o
    0x080063fc   0x080063fc   0x00000020   Code   RO         2257    i.HAL_RCC_GetPCLK2Freq  stm32l1xx_hal_rcc.o
    0x0800641c   0x0800641c   0x00000060   Code   RO         2258    i.HAL_RCC_GetSysClockFreq  stm32l1xx_hal_rcc.o
    0x0800647c   0x0800647c   0x00000408   Code   RO         2261    i.HAL_RCC_OscConfig  stm32l1xx_hal_rcc.o
    0x08006884   0x08006884   0x0000007a   Code   RO         3653    i.HAL_RTCEx_DeactivateWakeUpTimer  stm32l1xx_hal_rtc_ex.o
    0x080068fe   0x080068fe   0x00000002   PAD
    0x08006900   0x08006900   0x0000002c   Code   RO          390    i.HAL_RTCEx_WakeUpTimerEventCallback  stm32l1xx_it.o
    0x0800692c   0x0800692c   0x00000034   Code   RO         3681    i.HAL_RTCEx_WakeUpTimerIRQHandler  stm32l1xx_hal_rtc_ex.o
    0x08006960   0x08006960   0x0000002e   Code   RO         3192    i.HAL_SPI_DeInit    stm32l1xx_hal_spi.o
    0x0800698e   0x0800698e   0x00000072   Code   RO         3197    i.HAL_SPI_Init      stm32l1xx_hal_spi.o
    0x08006a00   0x08006a00   0x00000078   Code   RO          310    i.HAL_SPI_MspDeInit  stm32l1xx_hal_msp.o
    0x08006a78   0x08006a78   0x00000140   Code   RO          311    i.HAL_SPI_MspInit   stm32l1xx_hal_msp.o
    0x08006bb8   0x08006bb8   0x000001da   Code   RO         3206    i.HAL_SPI_TransmitReceive  stm32l1xx_hal_spi.o
    0x08006d92   0x08006d92   0x00000028   Code   RO         3067    i.HAL_SYSTICK_Config  stm32l1xx_hal_cortex.o
    0x08006dba   0x08006dba   0x000000d0   Code   RO         1114    i.HAL_TIM_PWM_ConfigChannel  stm32l1xx_hal_tim.o
    0x08006e8a   0x08006e8a   0x00000030   Code   RO         1115    i.HAL_TIM_PWM_DeInit  stm32l1xx_hal_tim.o
    0x08006eba   0x08006eba   0x00000036   Code   RO         1117    i.HAL_TIM_PWM_Init  stm32l1xx_hal_tim.o
    0x08006ef0   0x08006ef0   0x00000028   Code   RO          312    i.HAL_TIM_PWM_MspDeInit  stm32l1xx_hal_msp.o
    0x08006f18   0x08006f18   0x00000068   Code   RO          313    i.HAL_TIM_PWM_MspInit  stm32l1xx_hal_msp.o
    0x08006f80   0x08006f80   0x00000024   Code   RO         1122    i.HAL_TIM_PWM_Start  stm32l1xx_hal_tim.o
    0x08006fa4   0x08006fa4   0x00000062   Code   RO         1773    i.HAL_UART_Init     stm32l1xx_hal_uart.o
    0x08007006   0x08007006   0x00000002   PAD
    0x08007008   0x08007008   0x00000068   Code   RO          315    i.HAL_UART_MspInit  stm32l1xx_hal_msp.o
    0x08007070   0x08007070   0x00000002   Code   RO         5827    i.HalWriteRxTx      sx1276_hal.o
    0x08007072   0x08007072   0x00000002   PAD
    0x08007074   0x08007074   0x0000016c   Code   RO         5454    i.HandlerKey        handlerkey.o
    0x080071e0   0x080071e0   0x00000024   Code   RO          391    i.HardFault_Handler  stm32l1xx_it.o
    0x08007204   0x08007204   0x00000050   Code   RO         5162    i.LowPower_WakeUp   bsprtc.o
    0x08007254   0x08007254   0x00000002   Code   RO          392    i.MemManage_Handler  stm32l1xx_it.o
    0x08007256   0x08007256   0x00000002   Code   RO          393    i.NMI_Handler       stm32l1xx_it.o
    0x08007258   0x08007258   0x00000026   Code   RO         5907    i.OnCadDone         sx1276_user.o
    0x0800727e   0x0800727e   0x00000002   PAD
    0x08007280   0x08007280   0x00000098   Code   RO         5908    i.OnRxDone          sx1276_user.o
    0x08007318   0x08007318   0x00000024   Code   RO         5909    i.OnRxError         sx1276_user.o
    0x0800733c   0x0800733c   0x00000028   Code   RO         5910    i.OnRxTimeout       sx1276_user.o
    0x08007364   0x08007364   0x00000078   Code   RO         5911    i.OnTxDone          sx1276_user.o
    0x080073dc   0x080073dc   0x0000000a   Code   RO         5912    i.OnTxTimeout       sx1276_user.o
    0x080073e6   0x080073e6   0x0000001c   Code   RO          499    i.OsBuf8IntoBuf16   usros.o
    0x08007402   0x08007402   0x00000008   Code   RO          500    i.OsBufIntoVar16    usros.o
    0x0800740a   0x0800740a   0x00000020   Code   RO          505    i.OsStrCmp          usros.o
    0x0800742a   0x0800742a   0x00000002   PAD
    0x0800742c   0x0800742c   0x00000010   Code   RO          508    i.OsTimeBaseEvent   usros.o
    0x0800743c   0x0800743c   0x00000008   Code   RO          509    i.OsVar16IntoBuf    usros.o
    0x08007444   0x08007444   0x0000009e   Code   RO         4672    i.PIC_display       bsplcdwf29.o
    0x080074e2   0x080074e2   0x00000002   Code   RO          394    i.PendSV_Handler    stm32l1xx_it.o
    0x080074e4   0x080074e4   0x00000080   Code   RO         2262    i.RCC_SetFlashLatencyFromMSIRange  stm32l1xx_hal_rcc.o
    0x08007564   0x08007564   0x0000002c   Code   RO          395    i.RTC_WKUP_IRQHandler  stm32l1xx_it.o
    0x08007590   0x08007590   0x0000007c   Code   RO         5636    i.RxChainCalibration  sx1276.o
    0x0800760c   0x0800760c   0x00000040   Code   RO         3235    i.SPI_EndRxTxTransaction  stm32l1xx_hal_spi.o
    0x0800764c   0x0800764c   0x00000094   Code   RO         3240    i.SPI_WaitFlagStateUntilTimeout  stm32l1xx_hal_spi.o
    0x080076e0   0x080076e0   0x00000002   Code   RO          396    i.SVC_Handler       stm32l1xx_it.o
    0x080076e2   0x080076e2   0x00000002   PAD
    0x080076e4   0x080076e4   0x0000008c   Code   RO         5913    i.SX1276AppInit     sx1276_user.o
    0x08007770   0x08007770   0x00000074   Code   RO         5637    i.SX1276Init        sx1276.o
    0x080077e4   0x080077e4   0x0000014c   Code   RO         5638    i.SX1276OnDio0Event  sx1276.o
    0x08007930   0x08007930   0x000000c8   Code   RO         5640    i.SX1276OnTimeoutEvent  sx1276.o
    0x080079f8   0x080079f8   0x0000000c   Code   RO         5641    i.SX1276OnTimeoutIrq  sx1276.o
    0x08007a04   0x08007a04   0x0000004c   Code   RO         5642    i.SX1276ReadBuffer  sx1276.o
    0x08007a50   0x08007a50   0x0000000a   Code   RO         5643    i.SX1276ReadFifo    sx1276.o
    0x08007a5a   0x08007a5a   0x00000002   PAD
    0x08007a5c   0x08007a5c   0x000000dc   Code   RO         5645    i.SX1276Send        sx1276.o
    0x08007b38   0x08007b38   0x0000000e   Code   RO         6001    i.SX1276SetAntSw    sx1276-board.o
    0x08007b46   0x08007b46   0x00000002   PAD
    0x08007b48   0x08007b48   0x0000001c   Code   RO         6002    i.SX1276SetAntSwLowPower  sx1276-board.o
    0x08007b64   0x08007b64   0x00000040   Code   RO         5646    i.SX1276SetFreq     sx1276.o
    0x08007ba4   0x08007ba4   0x00000014   Code   RO         5647    i.SX1276SetMaxPayloadLength  sx1276.o
    0x08007bb8   0x08007bb8   0x00000074   Code   RO         5648    i.SX1276SetModem    sx1276.o
    0x08007c2c   0x08007c2c   0x00000030   Code   RO         5649    i.SX1276SetOpMode   sx1276.o
    0x08007c5c   0x08007c5c   0x00000028   Code   RO         5650    i.SX1276SetPublicNetwork  sx1276.o
    0x08007c84   0x08007c84   0x00000030   Code   RO         6003    i.SX1276SetReset    sx1276-board.o
    0x08007cb4   0x08007cb4   0x00000184   Code   RO         5651    i.SX1276SetRx       sx1276.o
    0x08007e38   0x08007e38   0x00000190   Code   RO         5652    i.SX1276SetRxConfig  sx1276.o
    0x08007fc8   0x08007fc8   0x00000020   Code   RO         5653    i.SX1276SetSleep    sx1276.o
    0x08007fe8   0x08007fe8   0x00000020   Code   RO         5655    i.SX1276SetStby     sx1276.o
    0x08008008   0x08008008   0x00000008   Code   RO         5656    i.SX1276SetSyncWord  sx1276.o
    0x08008010   0x08008010   0x00000080   Code   RO         5657    i.SX1276SetTx       sx1276.o
    0x08008090   0x08008090   0x00000148   Code   RO         5658    i.SX1276SetTxConfig  sx1276.o
    0x080081d8   0x080081d8   0x0000002c   Code   RO         5660    i.SX1276Task        sx1276.o
    0x08008204   0x08008204   0x00000048   Code   RO         5661    i.SX1276WriteBuffer  sx1276.o
    0x0800824c   0x0800824c   0x0000000a   Code   RO         5662    i.SX1276WriteFifo   sx1276.o
    0x08008256   0x08008256   0x00000002   PAD
    0x08008258   0x08008258   0x00000020   Code   RO         5588    i.SfTimerEvent      stimer.o
    0x08008278   0x08008278   0x00000034   Code   RO         5589    i.SfTimerStart      stimer.o
    0x080082ac   0x080082ac   0x00000004   Code   RO         6004    i.SpiTransfer       sx1276-board.o
    0x080082b0   0x080082b0   0x0000003c   Code   RO         5854    i.Sx1276TimerLoop   sx1276_timer.o
    0x080082ec   0x080082ec   0x00000028   Code   RO         5855    i.Sx1276TimerStart  sx1276_timer.o
    0x08008314   0x08008314   0x00000010   Code   RO         5663    i.Sx1278Read        sx1276.o
    0x08008324   0x08008324   0x000000b4   Code   RO         6005    i.Sx1278SetRfTxPower  sx1276-board.o
    0x080083d8   0x080083d8   0x0000000c   Code   RO         5664    i.Sx1278Write       sx1276.o
    0x080083e4   0x080083e4   0x0000000e   Code   RO          397    i.SysTick_Handler   stm32l1xx_it.o
    0x080083f2   0x080083f2   0x00000002   PAD
    0x080083f4   0x080083f4   0x000000a8   Code   RO           14    i.SystemClock_Config  main.o
    0x0800849c   0x0800849c   0x00000030   Code   RO          513    i.SystemDelay       usros.o
    0x080084cc   0x080084cc   0x00000050   Code   RO         4129    i.SystemInit        system_stm32l1xx.o
    0x0800851c   0x0800851c   0x00000074   Code   RO         1135    i.TIM_Base_SetConfig  stm32l1xx_hal_tim.o
    0x08008590   0x08008590   0x0000001a   Code   RO         1136    i.TIM_CCxChannelCmd  stm32l1xx_hal_tim.o
    0x080085aa   0x080085aa   0x0000002c   Code   RO         1148    i.TIM_OC1_SetConfig  stm32l1xx_hal_tim.o
    0x080085d6   0x080085d6   0x00000030   Code   RO         1149    i.TIM_OC2_SetConfig  stm32l1xx_hal_tim.o
    0x08008606   0x08008606   0x0000002e   Code   RO         1150    i.TIM_OC3_SetConfig  stm32l1xx_hal_tim.o
    0x08008634   0x08008634   0x00000030   Code   RO         1151    i.TIM_OC4_SetConfig  stm32l1xx_hal_tim.o
    0x08008664   0x08008664   0x00000030   Code   RO         5531    i.TaskScheduler     stask.o
    0x08008694   0x08008694   0x00000030   Code   RO         5532    i.TaskStart         stask.o
    0x080086c4   0x080086c4   0x0000001c   Code   RO         5856    i.TimerChangePeriod  sx1276_timer.o
    0x080086e0   0x080086e0   0x00000020   Code   RO         5857    i.TimerListTimerReset  sx1276_timer.o
    0x08008700   0x08008700   0x00000070   Code   RO         5858    i.TimerRegister     sx1276_timer.o
    0x08008770   0x08008770   0x00000020   Code   RO         5860    i.TimerStop         sx1276_timer.o
    0x08008790   0x08008790   0x00000058   Code   RO         5590    i.TimerTaskScheduler  stimer.o
    0x080087e8   0x080087e8   0x00000130   Code   RO         1799    i.UART_SetConfig    stm32l1xx_hal_uart.o
    0x08008918   0x08008918   0x00000002   Code   RO          398    i.UsageFault_Handler  stm32l1xx_it.o
    0x0800891a   0x0800891a   0x00000002   PAD
    0x0800891c   0x0800891c   0x0000004c   Code   RO           15    i._Error_Handler    main.o
    0x08008968   0x08008968   0x00000020   Code   RO         6285    i.__0printf$8       mc_w.l(printf8.o)
    0x08008988   0x08008988   0x00000028   Code   RO         6287    i.__0sprintf$8      mc_w.l(printf8.o)
    0x080089b0   0x080089b0   0x00000030   Code   RO         5074    i.__BuzCtrl         bspbuz.o
    0x080089e0   0x080089e0   0x00000006   Code   RO         5075    i.__BuzOff          bspbuz.o
    0x080089e6   0x080089e6   0x00000006   Code   RO         5076    i.__BuzOn           bspbuz.o
    0x080089ec   0x080089ec   0x00000044   Code   RO         5077    i.__BuzPwmInit      bspbuz.o
    0x08008a30   0x08008a30   0x00000040   Code   RO         5259    i.__ClrLoraResend   commlora.o
    0x08008a70   0x08008a70   0x00000068   Code   RO         4968    i.__Gb2312Hz11x12GetAddr  bspgt21l16s2w.o
    0x08008ad8   0x08008ad8   0x0000001c   Code   RO         4167    i.__Idle10GpioClkEn  bsp.o
    0x08008af4   0x08008af4   0x00000010   Code   RO         4168    i.__Idle10GpioOutLow  bsp.o
    0x08008b04   0x08008b04   0x0000001c   Code   RO         4169    i.__Idle1GpioClkEn  bsp.o
    0x08008b20   0x08008b20   0x00000010   Code   RO         4170    i.__Idle1GpioOutLow  bsp.o
    0x08008b30   0x08008b30   0x0000001c   Code   RO         4171    i.__Idle2GpioClkEn  bsp.o
    0x08008b4c   0x08008b4c   0x00000010   Code   RO         4172    i.__Idle2GpioOutLow  bsp.o
    0x08008b5c   0x08008b5c   0x0000001c   Code   RO         4173    i.__Idle3GpioClkEn  bsp.o
    0x08008b78   0x08008b78   0x00000010   Code   RO         4174    i.__Idle3GpioOutLow  bsp.o
    0x08008b88   0x08008b88   0x0000001c   Code   RO         4175    i.__Idle4GpioClkEn  bsp.o
    0x08008ba4   0x08008ba4   0x00000010   Code   RO         4176    i.__Idle4GpioOutLow  bsp.o
    0x08008bb4   0x08008bb4   0x0000001c   Code   RO         4177    i.__Idle8GpioClkEn  bsp.o
    0x08008bd0   0x08008bd0   0x00000010   Code   RO         4178    i.__Idle8GpioOutLow  bsp.o
    0x08008be0   0x08008be0   0x0000001c   Code   RO         4179    i.__Idle9GpioClkEn  bsp.o
    0x08008bfc   0x08008bfc   0x00000010   Code   RO         4180    i.__Idle9GpioOutLow  bsp.o
    0x08008c0c   0x08008c0c   0x0000007c   Code   RO         4181    i.__IdlePinInit     bsp.o
    0x08008c88   0x08008c88   0x00000078   Code   RO         4922    i.__KeyScan         bspkey.o
    0x08008d00   0x08008d00   0x0000001c   Code   RO         4677    i.__LcdRefresh      bsplcdwf29.o
    0x08008d1c   0x08008d1c   0x00000018   Code   RO         4678    i.__LcdWfDeepSleep  bsplcdwf29.o
    0x08008d34   0x08008d34   0x00000034   Code   RO         4679    i.__LcdWfGetSta     bsplcdwf29.o
    0x08008d68   0x08008d68   0x00000030   Code   RO         4680    i.__LcdWfGetStaDelay  bsplcdwf29.o
    0x08008d98   0x08008d98   0x00000024   Code   RO         4681    i.__LcdWfPowerOff   bsplcdwf29.o
    0x08008dbc   0x08008dbc   0x00000020   Code   RO         4682    i.__LcdWfPwrOn      bsplcdwf29.o
    0x08008ddc   0x08008ddc   0x00000030   Code   RO         4683    i.__LcdWfResetDelayForReady  bsplcdwf29.o
    0x08008e0c   0x08008e0c   0x00000024   Code   RO         4684    i.__LcdWfResetHighForReady  bsplcdwf29.o
    0x08008e30   0x08008e30   0x00000028   Code   RO         4685    i.__LcdWfResetLowForReady  bsplcdwf29.o
    0x08008e58   0x08008e58   0x00000030   Code   RO         4686    i.__LcdWfSetPara    bsplcdwf29.o
    0x08008e88   0x08008e88   0x00000018   Code   RO         4687    i.__LcdWfShowPic_1  bsplcdwf29.o
    0x08008ea0   0x08008ea0   0x0000001c   Code   RO         4688    i.__LcdWfShowPic_2  bsplcdwf29.o
    0x08008ebc   0x08008ebc   0x0000004c   Code   RO         4689    i.__LcdWrByte       bsplcdwf29.o
    0x08008f08   0x08008f08   0x0000001c   Code   RO         4395    i.__LedMid1GpioClkEn  bspled.o
    0x08008f24   0x08008f24   0x00000010   Code   RO         4396    i.__LedMid1OutHigh  bspled.o
    0x08008f34   0x08008f34   0x00000010   Code   RO         4397    i.__LedMid1OutLow   bspled.o
    0x08008f44   0x08008f44   0x0000001c   Code   RO         4398    i.__LedMid2GpioClkEn  bspled.o
    0x08008f60   0x08008f60   0x00000010   Code   RO         4399    i.__LedMid2OutHigh  bspled.o
    0x08008f70   0x08008f70   0x00000010   Code   RO         4400    i.__LedMid2OutLow   bspled.o
    0x08008f80   0x08008f80   0x0000001c   Code   RO         4401    i.__LedMid3GpioClkEn  bspled.o
    0x08008f9c   0x08008f9c   0x00000010   Code   RO         4402    i.__LedMid3OutHigh  bspled.o
    0x08008fac   0x08008fac   0x00000010   Code   RO         4403    i.__LedMid3OutLow   bspled.o
    0x08008fbc   0x08008fbc   0x00000064   Code   RO         4404    i.__LedPortInit     bspled.o
    0x08009020   0x08009020   0x000000ec   Code   RO         5327    i.__LoraAckNetSendPacket  commlorapro.o
    0x0800910c   0x0800910c   0x00000108   Code   RO         4507    i.__LoraPortInit    bsplora.o
    0x08009214   0x08009214   0x00000060   Code   RO         5328    i.__LoraProAckClrLableLED  commlorapro.o
    0x08009274   0x08009274   0x00000004   Code   RO         5329    i.__LoraProAckCmd   commlorapro.o
    0x08009278   0x08009278   0x0000008c   Code   RO         5330    i.__LoraProAckCtrlLable  commlorapro.o
    0x08009304   0x08009304   0x000000d4   Code   RO         5331    i.__LoraProAckCtrlLableDis  commlorapro.o
    0x080093d8   0x080093d8   0x00000050   Code   RO         5332    i.__LoraProAckInqLableInfor  commlorapro.o
    0x08009428   0x08009428   0x00000088   Code   RO         5333    i.__LoraProAckSetLablePara  commlorapro.o
    0x080094b0   0x080094b0   0x0000007c   Code   RO         5334    i.__LoraProAckUpdateLable  commlorapro.o
    0x0800952c   0x0800952c   0x0000003a   Code   RO         5335    i.__LoraProCheckCode  commlorapro.o
    0x08009566   0x08009566   0x00000004   Code   RO         5261    i.__LoraSendProData  commlora.o
    0x0800956a   0x0800956a   0x00000020   Code   RO         3069    i.__NVIC_SetPriority  stm32l1xx_hal_cortex.o
    0x0800958a   0x0800958a   0x00000004   Code   RO         5533    i.__TaskScanRadioCb  stask.o
    0x0800958e   0x0800958e   0x00000002   PAD
    0x08009590   0x08009590   0x00000010   Code   RO         5534    i.__TaskSendDataCb  stask.o
    0x080095a0   0x080095a0   0x00000044   Code   RO         5535    i.__TaskSendTraceCb  stask.o
    0x080095e4   0x080095e4   0x00000006   Code   RO         5536    i.__TaskSoftTimerCb  stask.o
    0x080095ea   0x080095ea   0x00000002   Code   RO         5537    i.__TaskStartCadCb  stask.o
    0x080095ec   0x080095ec   0x00000008   Code   RO         5591    i.__TimerSleepCb    stimer.o
    0x080095f4   0x080095f4   0x00000034   Code   RO         5592    i.__TimerTickerHandle  stimer.o
    0x08009628   0x08009628   0x00000068   Code   RO         4969    i.__ZkGtReadBytes   bspgt21l16s2w.o
    0x08009690   0x08009690   0x00000020   Code   RO         4970    i.__ZkGtReadWriteByte  bspgt21l16s2w.o
    0x080096b0   0x080096b0   0x0000000e   Code   RO         6469    i.__scatterload_copy  mc_w.l(handlers.o)
    0x080096be   0x080096be   0x00000002   Code   RO         6470    i.__scatterload_null  mc_w.l(handlers.o)
    0x080096c0   0x080096c0   0x0000000e   Code   RO         6471    i.__scatterload_zeroinit  mc_w.l(handlers.o)
    0x080096ce   0x080096ce   0x00000002   PAD
    0x080096d0   0x080096d0   0x00000410   Code   RO         6292    i._printf_core      mc_w.l(printf8.o)
    0x08009ae0   0x08009ae0   0x00000024   Code   RO         6293    i._printf_post_padding  mc_w.l(printf8.o)
    0x08009b04   0x08009b04   0x0000002e   Code   RO         6294    i._printf_pre_padding  mc_w.l(printf8.o)
    0x08009b32   0x08009b32   0x0000000a   Code   RO         6296    i._sputc            mc_w.l(printf8.o)
    0x08009b3c   0x08009b3c   0x00000004   Code   RO         5828    i.delay             sx1276_hal.o
    0x08009b40   0x08009b40   0x00000014   Code   RO         5210    i.fputc             bspdebug.o
    0x08009b54   0x08009b54   0x00000024   Code   RO         4690    i.lcd_chkstatus     bsplcdwf29.o
    0x08009b78   0x08009b78   0x00000020   Code   RO         4692    i.lut_GC            bsplcdwf29.o
    0x08009b98   0x08009b98   0x00000054   Code   RO           16    i.main              main.o
    0x08009bec   0x08009bec   0x0000006c   Code   RO         6340    i.malloc            mc_w.l(malloc.o)
    0x08009c58   0x08009c58   0x0000000a   Data   RO           17    .constdata          main.o
    0x08009c62   0x08009c62   0x00000011   Data   RO           18    .constdata          main.o
    0x08009c73   0x08009c73   0x00000037   Data   RO          399    .constdata          stm32l1xx_it.o
    0x08009caa   0x08009caa   0x00000019   Data   RO         4130    .constdata          system_stm32l1xx.o
    0x08009cc3   0x08009cc3   0x00000008   Data   RO         4131    .constdata          system_stm32l1xx.o
    0x08009ccb   0x08009ccb   0x00000001   PAD
    0x08009ccc   0x08009ccc   0x00000070   Data   RO         4182    .constdata          bsp.o
    0x08009d3c   0x08009d3c   0x00000030   Data   RO         4406    .constdata          bspled.o
    0x08009d6c   0x08009d6c   0x000017c0   Data   RO         4629    .constdata          bsplcdwf29font.o
    0x0800b52c   0x0800b52c   0x000000d8   Data   RO         4694    .constdata          bsplcdwf29.o
    0x0800b604   0x0800b604   0x0000006c   Data   RO         4973    .constdata          bspgt21l16s2w.o
    0x0800b670   0x0800b670   0x00000008   Data   RO         5263    .constdata          commlora.o
    0x0800b678   0x0800b678   0x00000038   Data   RO         5337    .constdata          commlorapro.o
    0x0800b6b0   0x0800b6b0   0x00000051   Data   RO         5666    .constdata          sx1276.o
    0x0800b701   0x0800b701   0x00000003   PAD
    0x0800b704   0x0800b704   0x00000020   Data   RO         6467    Region$$Table       anon$$obj.o


    Execution Region RW_IRAM1 (Exec base: 0x20000000, Load base: 0x0800b724, Size: 0x00005930, Max: 0x00008000, ABSOLUTE, COMPRESSED[0x00000070])

    Exec Addr    Load Addr    Size         Type   Attr      Idx    E Section Name        Object

    0x20000000   COMPRESSED   0x00000001   Data   RW           19    .data               main.o
    0x20000001   COMPRESSED   0x00000001   PAD
    0x20000002   COMPRESSED   0x00000002   Data   RW          515    .data               usros.o
    0x20000004   COMPRESSED   0x0000000c   Data   RW         2099    .data               stm32l1xx_hal.o
    0x20000010   COMPRESSED   0x00000004   Data   RW         4132    .data               system_stm32l1xx.o
    0x20000014   COMPRESSED   0x00000001   Data   RW         4278    .data               bspdatarecord.o
    0x20000015   COMPRESSED   0x00000003   PAD
    0x20000018   COMPRESSED   0x00000020   Data   RW         4407    .data               bspled.o
    0x20000038   COMPRESSED   0x00000058   Data   RW         4710    .data               bsplcdwf29.o
    0x20000090   COMPRESSED   0x00000008   Data   RW         4923    .data               bspkey.o
    0x20000098   COMPRESSED   0x00000001   Data   RW         5079    .data               bspbuz.o
    0x20000099   COMPRESSED   0x00000001   PAD
    0x2000009a   COMPRESSED   0x00000006   Data   RW         5264    .data               commlora.o
    0x200000a0   COMPRESSED   0x00000001   Data   RW         5266    .data               commlora.o
    0x200000a1   COMPRESSED   0x00000003   PAD
    0x200000a4   COMPRESSED   0x00000008   Data   RW         5338    .data               commlorapro.o
    0x200000ac   COMPRESSED   0x00000008   Data   RW         5457    .data               handlerkey.o
    0x200000b4   COMPRESSED   0x00000008   Data   RW         5487    .data               handlerpowermaneg.o
    0x200000bc   COMPRESSED   0x00000040   Data   RW         5538    .data               stask.o
    0x200000fc   COMPRESSED   0x0000001c   Data   RW         5593    .data               stimer.o
    0x20000118   COMPRESSED   0x00000017   Data   RW         5667    .data               sx1276.o
    0x2000012f   COMPRESSED   0x00000001   PAD
    0x20000130   COMPRESSED   0x00000008   Data   RW         5861    .data               sx1276_timer.o
    0x20000138   COMPRESSED   0x00000001   Data   RW         6006    .data               sx1276-board.o
    0x20000139   COMPRESSED   0x00000003   PAD
    0x2000013c   COMPRESSED   0x00000004   Data   RW         6424    .data               mc_w.l(stdout.o)
    0x20000140   COMPRESSED   0x00000004   Data   RW         6431    .data               mc_w.l(mvars.o)
    0x20000144   COMPRESSED   0x00000004   Data   RW         6432    .data               mc_w.l(mvars.o)
    0x20000148        -       0x00000018   Zero   RW         2434    .bss                stm32l1xx_hal_flash.o
    0x20000160        -       0x00000018   Zero   RW         4276    .bss                bspdatarecord.o
    0x20000178        -       0x00000010   Zero   RW         4277    .bss                bspdatarecord.o
    0x20000188        -       0x0000006c   Zero   RW         4405    .bss                bspled.o
    0x200001f4        -       0x0000015a   Zero   RW         4508    .bss                bsplora.o
    0x2000034e        -       0x00002520   Zero   RW         4693    .bss                bsplcdwf29.o
    0x2000286e   COMPRESSED   0x00000002   PAD
    0x20002870        -       0x00000058   Zero   RW         4971    .bss                bspgt21l16s2w.o
    0x200028c8        -       0x00000070   Zero   RW         5078    .bss                bspbuz.o
    0x20002938        -       0x00000020   Zero   RW         5163    .bss                bsprtc.o
    0x20002958        -       0x00000040   Zero   RW         5211    .bss                bspdebug.o
    0x20002998        -       0x00000c1c   Zero   RW         5262    .bss                commlora.o
    0x200035b4        -       0x00000104   Zero   RW         5336    .bss                commlorapro.o
    0x200036b8        -       0x00000178   Zero   RW         5665    .bss                sx1276.o
    0x20003830        -       0x00000100   Zero   RW            2    HEAP                startup_stm32l151xba.o
    0x20003930        -       0x00002000   Zero   RW            1    STACK               startup_stm32l151xba.o


==============================================================================

Image component sizes


      Code (inc. data)   RO Data    RW Data    ZI Data      Debug   Object Name

       482         92        112          0          0      10278   bsp.o
       296         48          0          1        112       5379   bspbuz.o
       542         98          0          1         40       5657   bspdatarecord.o
        84         14          0          0         64       1317   bspdebug.o
      2180        108        108          0         88      18249   bspgt21l16s2w.o
       140          0          0          0          0       2629   bspintflash.o
       292         28          0          8          0       2627   bspkey.o
      2078        226        216         88       9504      20975   bsplcdwf29.o
         0          0       6080          0          0        603   bsplcdwf29font.o
       580         88         48         32        108       9609   bspled.o
       544         98          0          0        346       6066   bsplora.o
        82         12          0          0         32       1309   bsprtc.o
       168          0          0          0          0       2141   bspsimpwm.o
       326         72          8          7       3100       7042   commlora.o
      1286        132         56          8        260      41076   commlorapro.o
       364         26          0          8          0       1779   handlerkey.o
        24         10          0          8          0       2179   handlerpowermaneg.o
       328         80         27          1          0     417893   main.o
        36          8        244          0       8448        848   startup_stm32l151xba.o
       192         44          0         64          0       4212   stask.o
       232         16          0         28          0       3911   stimer.o
       162         24          0         12          0       4117   stm32l1xx_hal.o
       198         14          0          0          0      30851   stm32l1xx_hal_cortex.o
       340         46          0          0         24       3830   stm32l1xx_hal_flash.o
       164         18          0          0          0       3145   stm32l1xx_hal_flash_ex.o
       692         70          0          0          0       4748   stm32l1xx_hal_gpio.o
       748         80          0          0          0       4589   stm32l1xx_hal_msp.o
      1736        110          0          0          0       6612   stm32l1xx_hal_rcc.o
       300         14          0          0          0       1568   stm32l1xx_hal_rcc_ex.o
       174          6          0          0          0       1984   stm32l1xx_hal_rtc_ex.o
       846          0          0          0          0       5442   stm32l1xx_hal_spi.o
       674         22          0          0          0       8568   stm32l1xx_hal_tim.o
       402          4          0          0          0       2076   stm32l1xx_hal_uart.o
       240         86         55          0          0       8192   stm32l1xx_it.o
       274         18          0          1          0       3818   sx1276-board.o
      2848        180         81         23        376      20778   sx1276.o
         6          0          0          0          0        975   sx1276_hal.o
       304         36          0          8          0       5101   sx1276_timer.o
       552        104          0          0          0       5359   sx1276_user.o
        80         20         33          4          0       1327   system_stm32l1xx.o
       140         12          0          2          0       4007   usros.o

    ----------------------------------------------------------------------
     21180       2064       7104        316      22504     692866   Object Totals
         0          0         32          0          0          0   (incl. Generated)
        44          0          4         12          2          0   (incl. Padding)

    ----------------------------------------------------------------------

      Code (inc. data)   RO Data    RW Data    ZI Data      Debug   Library Member Name

        86          0          0          0          0          0   __dczerorl2.o
         0          0          0          0          0          0   entry.o
         0          0          0          0          0          0   entry10a.o
         0          0          0          0          0          0   entry11a.o
         8          4          0          0          0          0   entry2.o
         4          0          0          0          0          0   entry5.o
         0          0          0          0          0          0   entry7b.o
         0          0          0          0          0          0   entry8b.o
         8          4          0          0          0          0   entry9a.o
        30          0          0          0          0          0   handlers.o
        36          8          0          0          0         68   init.o
         0          0          0          0          0          0   iusefp.o
        30          0          0          0          0         68   llshl.o
        32          0          0          0          0         68   llushr.o
       108         16          0          0          0         84   malloc.o
        36          0          0          0          0         68   memcpya.o
        36          0          0          0          0        108   memseta.o
         0          0          0          8          0          0   mvars.o
      1204         60          0          0          0        504   printf8.o
         0          0          0          4          0          0   stdout.o
        14          0          0          0          0         68   strlen.o
        98          0          0          0          0         92   uldiv.o
       222          0          0          0          0        100   ddiv.o
       186          0          0          0          0        176   depilogue.o
        50          0          0          0          0         76   dfixui.o
        26          0          0          0          0         76   dfltui.o

    ----------------------------------------------------------------------
      2216         92          0         12          0       1556   Library Totals
         2          0          0          0          0          0   (incl. Padding)

    ----------------------------------------------------------------------

      Code (inc. data)   RO Data    RW Data    ZI Data      Debug   Library Name

      1730         92          0         12          0       1128   mc_w.l
       484          0          0          0          0        428   mf_w.l

    ----------------------------------------------------------------------
      2216         92          0         12          0       1556   Library Totals

    ----------------------------------------------------------------------

==============================================================================


      Code (inc. data)   RO Data    RW Data    ZI Data      Debug   

     23396       2156       7104        328      22504     680354   Grand Totals
     23396       2156       7104        112      22504     680354   ELF Image Totals (compressed)
     23396       2156       7104        112          0          0   ROM Totals

==============================================================================

    Total RO  Size (Code + RO Data)                30500 (  29.79kB)
    Total RW  Size (RW Data + ZI Data)             22832 (  22.30kB)
    Total ROM Size (Code + RO Data + RW Data)      30612 (  29.89kB)

==============================================================================

