<!doctype html public "-//w3c//dtd html 4.0 transitional//en">
<html><head>
<title>Static Call Graph - [.\Output\LableAppH2.axf]</title></head>
<body><HR>
<H1>Static Call Graph for image .\Output\LableAppH2.axf</H1><HR>
<BR><P>#&#060CALLGRAPH&#062# ARM Linker, 5060750: Last Updated: Sun Apr 28 16:20:00 2024
<BR><P>
<H3>Maximum Stack Usage =       4832 bytes + Unknown(Cycles, Untraceable Function Pointers)</H3><H3>
Call chain for Maximum Stack Depth:</H3>
__LoraProAckCtrlLableDis &rArr; BspLcdWf29FillChar
<P>
<H3>
Mutually Recursive functions
</H3> <LI><a href="#[34]">ADC1_IRQHandler</a>&nbsp;&nbsp;&nbsp;&rArr;&nbsp;&nbsp;&nbsp;<a href="#[34]">ADC1_IRQHandler</a><BR>
 <LI><a href="#[1c]">BusFault_Handler</a>&nbsp;&nbsp;&nbsp;&rArr;&nbsp;&nbsp;&nbsp;<a href="#[1c]">BusFault_Handler</a><BR>
 <LI><a href="#[1a]">HardFault_Handler</a>&nbsp;&nbsp;&nbsp;&rArr;&nbsp;&nbsp;&nbsp;<a href="#[1a]">HardFault_Handler</a><BR>
 <LI><a href="#[1b]">MemManage_Handler</a>&nbsp;&nbsp;&nbsp;&rArr;&nbsp;&nbsp;&nbsp;<a href="#[1b]">MemManage_Handler</a><BR>
 <LI><a href="#[1d]">UsageFault_Handler</a>&nbsp;&nbsp;&nbsp;&rArr;&nbsp;&nbsp;&nbsp;<a href="#[1d]">UsageFault_Handler</a><BR>
</UL>
<P>
<H3>
Function Pointers
</H3><UL>
 <LI><a href="#[34]">ADC1_IRQHandler</a> from startup_stm32l151xba.o(.text) referenced from startup_stm32l151xba.o(RESET)
 <LI><a href="#[6f]">BspGtGetAsc16x32Image</a> from bspgt21l16s2w.o(i.BspGtGetAsc16x32Image) referenced from bspgt21l16s2w.o(.constdata)
 <LI><a href="#[6b]">BspGtGetAsc5x7Image</a> from bspgt21l16s2w.o(i.BspGtGetAsc5x7Image) referenced from bspgt21l16s2w.o(.constdata)
 <LI><a href="#[6d]">BspGtGetAsc6x12Image</a> from bspgt21l16s2w.o(i.BspGtGetAsc6x12Image) referenced from bspgt21l16s2w.o(.constdata)
 <LI><a href="#[6c]">BspGtGetAsc7x8Image</a> from bspgt21l16s2w.o(i.BspGtGetAsc7x8Image) referenced from bspgt21l16s2w.o(.constdata)
 <LI><a href="#[6e]">BspGtGetAsc8x16Image</a> from bspgt21l16s2w.o(i.BspGtGetAsc8x16Image) referenced from bspgt21l16s2w.o(.constdata)
 <LI><a href="#[67]">BspGtGetHz11x12Image</a> from bspgt21l16s2w.o(i.BspGtGetHz11x12Image) referenced from bspgt21l16s2w.o(.constdata)
 <LI><a href="#[68]">BspGtGetHz15x16Image</a> from bspgt21l16s2w.o(i.BspGtGetHz15x16Image) referenced from bspgt21l16s2w.o(.constdata)
 <LI><a href="#[69]">BspGtGetHz6x12Image</a> from bspgt21l16s2w.o(i.BspGtGetHz6x12Image) referenced from bspgt21l16s2w.o(.constdata)
 <LI><a href="#[6a]">BspGtGetHz8x16Image</a> from bspgt21l16s2w.o(i.BspGtGetHz8x16Image) referenced from bspgt21l16s2w.o(.constdata)
 <LI><a href="#[1c]">BusFault_Handler</a> from stm32l1xx_it.o(i.BusFault_Handler) referenced from startup_stm32l151xba.o(RESET)
 <LI><a href="#[38]">COMP_IRQHandler</a> from startup_stm32l151xba.o(.text) referenced from startup_stm32l151xba.o(RESET)
 <LI><a href="#[37]">DAC_IRQHandler</a> from startup_stm32l151xba.o(.text) referenced from startup_stm32l151xba.o(RESET)
 <LI><a href="#[2d]">DMA1_Channel1_IRQHandler</a> from startup_stm32l151xba.o(.text) referenced from startup_stm32l151xba.o(RESET)
 <LI><a href="#[2e]">DMA1_Channel2_IRQHandler</a> from startup_stm32l151xba.o(.text) referenced from startup_stm32l151xba.o(RESET)
 <LI><a href="#[2f]">DMA1_Channel3_IRQHandler</a> from startup_stm32l151xba.o(.text) referenced from startup_stm32l151xba.o(RESET)
 <LI><a href="#[30]">DMA1_Channel4_IRQHandler</a> from startup_stm32l151xba.o(.text) referenced from startup_stm32l151xba.o(RESET)
 <LI><a href="#[31]">DMA1_Channel5_IRQHandler</a> from startup_stm32l151xba.o(.text) referenced from startup_stm32l151xba.o(RESET)
 <LI><a href="#[32]">DMA1_Channel6_IRQHandler</a> from startup_stm32l151xba.o(.text) referenced from startup_stm32l151xba.o(RESET)
 <LI><a href="#[33]">DMA1_Channel7_IRQHandler</a> from startup_stm32l151xba.o(.text) referenced from startup_stm32l151xba.o(RESET)
 <LI><a href="#[1f]">DebugMon_Handler</a> from stm32l1xx_it.o(i.DebugMon_Handler) referenced from startup_stm32l151xba.o(RESET)
 <LI><a href="#[28]">EXTI0_IRQHandler</a> from startup_stm32l151xba.o(.text) referenced from startup_stm32l151xba.o(RESET)
 <LI><a href="#[49]">EXTI15_10_IRQHandler</a> from stm32l1xx_it.o(i.EXTI15_10_IRQHandler) referenced from startup_stm32l151xba.o(RESET)
 <LI><a href="#[29]">EXTI1_IRQHandler</a> from stm32l1xx_it.o(i.EXTI1_IRQHandler) referenced from startup_stm32l151xba.o(RESET)
 <LI><a href="#[2a]">EXTI2_IRQHandler</a> from stm32l1xx_it.o(i.EXTI2_IRQHandler) referenced from startup_stm32l151xba.o(RESET)
 <LI><a href="#[2b]">EXTI3_IRQHandler</a> from startup_stm32l151xba.o(.text) referenced from startup_stm32l151xba.o(RESET)
 <LI><a href="#[2c]">EXTI4_IRQHandler</a> from startup_stm32l151xba.o(.text) referenced from startup_stm32l151xba.o(RESET)
 <LI><a href="#[39]">EXTI9_5_IRQHandler</a> from stm32l1xx_it.o(i.EXTI9_5_IRQHandler) referenced from startup_stm32l151xba.o(RESET)
 <LI><a href="#[26]">FLASH_IRQHandler</a> from startup_stm32l151xba.o(.text) referenced from startup_stm32l151xba.o(RESET)
 <LI><a href="#[1a]">HardFault_Handler</a> from stm32l1xx_it.o(i.HardFault_Handler) referenced from startup_stm32l151xba.o(RESET)
 <LI><a href="#[41]">I2C1_ER_IRQHandler</a> from startup_stm32l151xba.o(.text) referenced from startup_stm32l151xba.o(RESET)
 <LI><a href="#[40]">I2C1_EV_IRQHandler</a> from startup_stm32l151xba.o(.text) referenced from startup_stm32l151xba.o(RESET)
 <LI><a href="#[43]">I2C2_ER_IRQHandler</a> from startup_stm32l151xba.o(.text) referenced from startup_stm32l151xba.o(RESET)
 <LI><a href="#[42]">I2C2_EV_IRQHandler</a> from startup_stm32l151xba.o(.text) referenced from startup_stm32l151xba.o(RESET)
 <LI><a href="#[1b]">MemManage_Handler</a> from stm32l1xx_it.o(i.MemManage_Handler) referenced from startup_stm32l151xba.o(RESET)
 <LI><a href="#[19]">NMI_Handler</a> from stm32l1xx_it.o(i.NMI_Handler) referenced from startup_stm32l151xba.o(RESET)
 <LI><a href="#[23]">PVD_IRQHandler</a> from startup_stm32l151xba.o(.text) referenced from startup_stm32l151xba.o(RESET)
 <LI><a href="#[20]">PendSV_Handler</a> from stm32l1xx_it.o(i.PendSV_Handler) referenced from startup_stm32l151xba.o(RESET)
 <LI><a href="#[27]">RCC_IRQHandler</a> from startup_stm32l151xba.o(.text) referenced from startup_stm32l151xba.o(RESET)
 <LI><a href="#[4a]">RTC_Alarm_IRQHandler</a> from startup_stm32l151xba.o(.text) referenced from startup_stm32l151xba.o(RESET)
 <LI><a href="#[25]">RTC_WKUP_IRQHandler</a> from stm32l1xx_it.o(i.RTC_WKUP_IRQHandler) referenced from startup_stm32l151xba.o(RESET)
 <LI><a href="#[18]">Reset_Handler</a> from startup_stm32l151xba.o(.text) referenced from startup_stm32l151xba.o(RESET)
 <LI><a href="#[44]">SPI1_IRQHandler</a> from startup_stm32l151xba.o(.text) referenced from startup_stm32l151xba.o(RESET)
 <LI><a href="#[45]">SPI2_IRQHandler</a> from startup_stm32l151xba.o(.text) referenced from startup_stm32l151xba.o(RESET)
 <LI><a href="#[1e]">SVC_Handler</a> from stm32l1xx_it.o(i.SVC_Handler) referenced from startup_stm32l151xba.o(RESET)
 <LI><a href="#[53]">SX1276OnTimeoutIrq</a> from sx1276.o(i.SX1276OnTimeoutIrq) referenced from sx1276.o(i.SX1276Init)
 <LI><a href="#[21]">SysTick_Handler</a> from stm32l1xx_it.o(i.SysTick_Handler) referenced from startup_stm32l151xba.o(RESET)
 <LI><a href="#[4f]">SystemInit</a> from system_stm32l1xx.o(i.SystemInit) referenced from startup_stm32l151xba.o(.text)
 <LI><a href="#[24]">TAMPER_STAMP_IRQHandler</a> from startup_stm32l151xba.o(.text) referenced from startup_stm32l151xba.o(RESET)
 <LI><a href="#[3b]">TIM10_IRQHandler</a> from startup_stm32l151xba.o(.text) referenced from startup_stm32l151xba.o(RESET)
 <LI><a href="#[3c]">TIM11_IRQHandler</a> from startup_stm32l151xba.o(.text) referenced from startup_stm32l151xba.o(RESET)
 <LI><a href="#[3d]">TIM2_IRQHandler</a> from startup_stm32l151xba.o(.text) referenced from startup_stm32l151xba.o(RESET)
 <LI><a href="#[3e]">TIM3_IRQHandler</a> from startup_stm32l151xba.o(.text) referenced from startup_stm32l151xba.o(RESET)
 <LI><a href="#[3f]">TIM4_IRQHandler</a> from startup_stm32l151xba.o(.text) referenced from startup_stm32l151xba.o(RESET)
 <LI><a href="#[4c]">TIM6_IRQHandler</a> from startup_stm32l151xba.o(.text) referenced from startup_stm32l151xba.o(RESET)
 <LI><a href="#[4d]">TIM7_IRQHandler</a> from startup_stm32l151xba.o(.text) referenced from startup_stm32l151xba.o(RESET)
 <LI><a href="#[3a]">TIM9_IRQHandler</a> from startup_stm32l151xba.o(.text) referenced from startup_stm32l151xba.o(RESET)
 <LI><a href="#[46]">USART1_IRQHandler</a> from startup_stm32l151xba.o(.text) referenced from startup_stm32l151xba.o(RESET)
 <LI><a href="#[47]">USART2_IRQHandler</a> from startup_stm32l151xba.o(.text) referenced from startup_stm32l151xba.o(RESET)
 <LI><a href="#[48]">USART3_IRQHandler</a> from startup_stm32l151xba.o(.text) referenced from startup_stm32l151xba.o(RESET)
 <LI><a href="#[4b]">USB_FS_WKUP_IRQHandler</a> from startup_stm32l151xba.o(.text) referenced from startup_stm32l151xba.o(RESET)
 <LI><a href="#[35]">USB_HP_IRQHandler</a> from startup_stm32l151xba.o(.text) referenced from startup_stm32l151xba.o(RESET)
 <LI><a href="#[36]">USB_LP_IRQHandler</a> from startup_stm32l151xba.o(.text) referenced from startup_stm32l151xba.o(RESET)
 <LI><a href="#[1d]">UsageFault_Handler</a> from stm32l1xx_it.o(i.UsageFault_Handler) referenced from startup_stm32l151xba.o(RESET)
 <LI><a href="#[22]">WWDG_IRQHandler</a> from startup_stm32l151xba.o(.text) referenced from startup_stm32l151xba.o(RESET)
 <LI><a href="#[52]">__BuzOff</a> from bspbuz.o(i.__BuzOff) referenced from bspbuz.o(i.BspBuzInit)
 <LI><a href="#[51]">__BuzOn</a> from bspbuz.o(i.__BuzOn) referenced from bspbuz.o(i.BspBuzInit)
 <LI><a href="#[62]">__Idle10GpioClkEn</a> from bsp.o(i.__Idle10GpioClkEn) referenced from bsp.o(.constdata)
 <LI><a href="#[63]">__Idle10GpioOutLow</a> from bsp.o(i.__Idle10GpioOutLow) referenced from bsp.o(.constdata)
 <LI><a href="#[56]">__Idle1GpioClkEn</a> from bsp.o(i.__Idle1GpioClkEn) referenced from bsp.o(.constdata)
 <LI><a href="#[57]">__Idle1GpioOutLow</a> from bsp.o(i.__Idle1GpioOutLow) referenced from bsp.o(.constdata)
 <LI><a href="#[58]">__Idle2GpioClkEn</a> from bsp.o(i.__Idle2GpioClkEn) referenced from bsp.o(.constdata)
 <LI><a href="#[59]">__Idle2GpioOutLow</a> from bsp.o(i.__Idle2GpioOutLow) referenced from bsp.o(.constdata)
 <LI><a href="#[5a]">__Idle3GpioClkEn</a> from bsp.o(i.__Idle3GpioClkEn) referenced from bsp.o(.constdata)
 <LI><a href="#[5b]">__Idle3GpioOutLow</a> from bsp.o(i.__Idle3GpioOutLow) referenced from bsp.o(.constdata)
 <LI><a href="#[5c]">__Idle4GpioClkEn</a> from bsp.o(i.__Idle4GpioClkEn) referenced from bsp.o(.constdata)
 <LI><a href="#[5d]">__Idle4GpioOutLow</a> from bsp.o(i.__Idle4GpioOutLow) referenced from bsp.o(.constdata)
 <LI><a href="#[5e]">__Idle8GpioClkEn</a> from bsp.o(i.__Idle8GpioClkEn) referenced from bsp.o(.constdata)
 <LI><a href="#[5f]">__Idle8GpioOutLow</a> from bsp.o(i.__Idle8GpioOutLow) referenced from bsp.o(.constdata)
 <LI><a href="#[60]">__Idle9GpioClkEn</a> from bsp.o(i.__Idle9GpioClkEn) referenced from bsp.o(.constdata)
 <LI><a href="#[61]">__Idle9GpioOutLow</a> from bsp.o(i.__Idle9GpioOutLow) referenced from bsp.o(.constdata)
 <LI><a href="#[f]">__LcdRefresh</a> from bsplcdwf29.o(i.__LcdRefresh) referenced 2 times from bsplcdwf29.o(.data)
 <LI><a href="#[11]">__LcdWfDeepSleep</a> from bsplcdwf29.o(i.__LcdWfDeepSleep) referenced 2 times from bsplcdwf29.o(.data)
 <LI><a href="#[9]">__LcdWfGetSta</a> from bsplcdwf29.o(i.__LcdWfGetSta) referenced 6 times from bsplcdwf29.o(.data)
 <LI><a href="#[a]">__LcdWfGetStaDelay</a> from bsplcdwf29.o(i.__LcdWfGetStaDelay) referenced 8 times from bsplcdwf29.o(.data)
 <LI><a href="#[10]">__LcdWfPowerOff</a> from bsplcdwf29.o(i.__LcdWfPowerOff) referenced 2 times from bsplcdwf29.o(.data)
 <LI><a href="#[b]">__LcdWfPwrOn</a> from bsplcdwf29.o(i.__LcdWfPwrOn) referenced 2 times from bsplcdwf29.o(.data)
 <LI><a href="#[7]">__LcdWfResetDelayForReady</a> from bsplcdwf29.o(i.__LcdWfResetDelayForReady) referenced 2 times from bsplcdwf29.o(.data)
 <LI><a href="#[8]">__LcdWfResetHighForReady</a> from bsplcdwf29.o(i.__LcdWfResetHighForReady) referenced 2 times from bsplcdwf29.o(.data)
 <LI><a href="#[6]">__LcdWfResetLowForReady</a> from bsplcdwf29.o(i.__LcdWfResetLowForReady) referenced 2 times from bsplcdwf29.o(.data)
 <LI><a href="#[c]">__LcdWfSetPara</a> from bsplcdwf29.o(i.__LcdWfSetPara) referenced 2 times from bsplcdwf29.o(.data)
 <LI><a href="#[d]">__LcdWfShowPic_1</a> from bsplcdwf29.o(i.__LcdWfShowPic_1) referenced 2 times from bsplcdwf29.o(.data)
 <LI><a href="#[e]">__LcdWfShowPic_2</a> from bsplcdwf29.o(i.__LcdWfShowPic_2) referenced 2 times from bsplcdwf29.o(.data)
 <LI><a href="#[64]">__LedMid1GpioClkEn</a> from bspled.o(i.__LedMid1GpioClkEn) referenced from bspled.o(.constdata)
 <LI><a href="#[3]">__LedMid1OutHigh</a> from bspled.o(i.__LedMid1OutHigh) referenced 2 times from bspled.o(.data)
 <LI><a href="#[0]">__LedMid1OutLow</a> from bspled.o(i.__LedMid1OutLow) referenced 2 times from bspled.o(.data)
 <LI><a href="#[65]">__LedMid2GpioClkEn</a> from bspled.o(i.__LedMid2GpioClkEn) referenced from bspled.o(.constdata)
 <LI><a href="#[4]">__LedMid2OutHigh</a> from bspled.o(i.__LedMid2OutHigh) referenced 2 times from bspled.o(.data)
 <LI><a href="#[1]">__LedMid2OutLow</a> from bspled.o(i.__LedMid2OutLow) referenced 2 times from bspled.o(.data)
 <LI><a href="#[66]">__LedMid3GpioClkEn</a> from bspled.o(i.__LedMid3GpioClkEn) referenced from bspled.o(.constdata)
 <LI><a href="#[5]">__LedMid3OutHigh</a> from bspled.o(i.__LedMid3OutHigh) referenced 2 times from bspled.o(.data)
 <LI><a href="#[2]">__LedMid3OutLow</a> from bspled.o(i.__LedMid3OutLow) referenced 2 times from bspled.o(.data)
 <LI><a href="#[73]">__LoraProAckClrLableLED</a> from commlorapro.o(i.__LoraProAckClrLableLED) referenced from commlorapro.o(.constdata)
 <LI><a href="#[77]">__LoraProAckCmd</a> from commlorapro.o(i.__LoraProAckCmd) referenced from commlorapro.o(.constdata)
 <LI><a href="#[72]">__LoraProAckCtrlLable</a> from commlorapro.o(i.__LoraProAckCtrlLable) referenced from commlorapro.o(.constdata)
 <LI><a href="#[75]">__LoraProAckCtrlLableDis</a> from commlorapro.o(i.__LoraProAckCtrlLableDis) referenced from commlorapro.o(.constdata)
 <LI><a href="#[71]">__LoraProAckInqLableInfor</a> from commlorapro.o(i.__LoraProAckInqLableInfor) referenced from commlorapro.o(.constdata)
 <LI><a href="#[74]">__LoraProAckSetLablePara</a> from commlorapro.o(i.__LoraProAckSetLablePara) referenced from commlorapro.o(.constdata)
 <LI><a href="#[76]">__LoraProAckUpdateLable</a> from commlorapro.o(i.__LoraProAckUpdateLable) referenced from commlorapro.o(.constdata)
 <LI><a href="#[70]">__LoraSendProData</a> from commlora.o(i.__LoraSendProData) referenced from commlora.o(.constdata)
 <LI><a href="#[13]">__TaskScanRadioCb</a> from stask.o(i.__TaskScanRadioCb) referenced 2 times from stask.o(.data)
 <LI><a href="#[15]">__TaskSendDataCb</a> from stask.o(i.__TaskSendDataCb) referenced 2 times from stask.o(.data)
 <LI><a href="#[16]">__TaskSendTraceCb</a> from stask.o(i.__TaskSendTraceCb) referenced 2 times from stask.o(.data)
 <LI><a href="#[12]">__TaskSoftTimerCb</a> from stask.o(i.__TaskSoftTimerCb) referenced 2 times from stask.o(.data)
 <LI><a href="#[14]">__TaskStartCadCb</a> from stask.o(i.__TaskStartCadCb) referenced 2 times from stask.o(.data)
 <LI><a href="#[17]">__TimerSleepCb</a> from stimer.o(i.__TimerSleepCb) referenced 2 times from stimer.o(.data)
 <LI><a href="#[50]">__main</a> from entry.o(.ARM.Collect$$$$00000000) referenced from startup_stm32l151xba.o(.text)
 <LI><a href="#[55]">_sputc</a> from printf8.o(i._sputc) referenced from printf8.o(i.__0sprintf$8)
 <LI><a href="#[54]">fputc</a> from bspdebug.o(i.fputc) referenced from printf8.o(i.__0printf$8)
 <LI><a href="#[4e]">main</a> from main.o(i.main) referenced from entry9a.o(.ARM.Collect$$$$0000000B)
</UL>
<P>
<H3>
Global Symbols
</H3>
<P><STRONG><a name="[50]"></a>__main</STRONG> (Thumb, 0 bytes, Stack size unknown bytes, entry.o(.ARM.Collect$$$$00000000))
<BR>[Address Reference Count : 1]<UL><LI> startup_stm32l151xba.o(.text)
</UL>
<P><STRONG><a name="[14b]"></a>_main_stk</STRONG> (Thumb, 0 bytes, Stack size unknown bytes, entry2.o(.ARM.Collect$$$$00000001))

<P><STRONG><a name="[78]"></a>_main_scatterload</STRONG> (Thumb, 0 bytes, Stack size unknown bytes, entry5.o(.ARM.Collect$$$$00000004))
<BR><BR>[Calls]<UL><LI><a href="#[79]">&gt;&gt;</a>&nbsp;&nbsp;&nbsp;__scatterload
</UL>

<P><STRONG><a name="[85]"></a>__main_after_scatterload</STRONG> (Thumb, 0 bytes, Stack size unknown bytes, entry5.o(.ARM.Collect$$$$00000004))
<BR><BR>[Called By]<UL><LI><a href="#[79]">&gt;&gt;</a>&nbsp;&nbsp;&nbsp;__scatterload
</UL>

<P><STRONG><a name="[14c]"></a>_main_clock</STRONG> (Thumb, 0 bytes, Stack size unknown bytes, entry7b.o(.ARM.Collect$$$$00000008))

<P><STRONG><a name="[14d]"></a>_main_cpp_init</STRONG> (Thumb, 0 bytes, Stack size unknown bytes, entry8b.o(.ARM.Collect$$$$0000000A))

<P><STRONG><a name="[14e]"></a>_main_init</STRONG> (Thumb, 0 bytes, Stack size unknown bytes, entry9a.o(.ARM.Collect$$$$0000000B))

<P><STRONG><a name="[14f]"></a>__rt_final_cpp</STRONG> (Thumb, 0 bytes, Stack size unknown bytes, entry10a.o(.ARM.Collect$$$$0000000D))

<P><STRONG><a name="[150]"></a>__rt_final_exit</STRONG> (Thumb, 0 bytes, Stack size unknown bytes, entry11a.o(.ARM.Collect$$$$0000000F))

<P><STRONG><a name="[18]"></a>Reset_Handler</STRONG> (Thumb, 8 bytes, Stack size 0 bytes, startup_stm32l151xba.o(.text))
<BR>[Address Reference Count : 1]<UL><LI> startup_stm32l151xba.o(RESET)
</UL>
<P><STRONG><a name="[34]"></a>ADC1_IRQHandler</STRONG> (Thumb, 0 bytes, Stack size 0 bytes, startup_stm32l151xba.o(.text))
<BR><BR>[Calls]<UL><LI><a href="#[34]">&gt;&gt;</a>&nbsp;&nbsp;&nbsp;ADC1_IRQHandler
</UL>
<BR>[Called By]<UL><LI><a href="#[34]">&gt;&gt;</a>&nbsp;&nbsp;&nbsp;ADC1_IRQHandler
</UL>
<BR>[Address Reference Count : 1]<UL><LI> startup_stm32l151xba.o(RESET)
</UL>
<P><STRONG><a name="[38]"></a>COMP_IRQHandler</STRONG> (Thumb, 0 bytes, Stack size 0 bytes, startup_stm32l151xba.o(.text))
<BR>[Address Reference Count : 1]<UL><LI> startup_stm32l151xba.o(RESET)
</UL>
<P><STRONG><a name="[37]"></a>DAC_IRQHandler</STRONG> (Thumb, 0 bytes, Stack size 0 bytes, startup_stm32l151xba.o(.text))
<BR>[Address Reference Count : 1]<UL><LI> startup_stm32l151xba.o(RESET)
</UL>
<P><STRONG><a name="[2d]"></a>DMA1_Channel1_IRQHandler</STRONG> (Thumb, 0 bytes, Stack size 0 bytes, startup_stm32l151xba.o(.text))
<BR>[Address Reference Count : 1]<UL><LI> startup_stm32l151xba.o(RESET)
</UL>
<P><STRONG><a name="[2e]"></a>DMA1_Channel2_IRQHandler</STRONG> (Thumb, 0 bytes, Stack size 0 bytes, startup_stm32l151xba.o(.text))
<BR>[Address Reference Count : 1]<UL><LI> startup_stm32l151xba.o(RESET)
</UL>
<P><STRONG><a name="[2f]"></a>DMA1_Channel3_IRQHandler</STRONG> (Thumb, 0 bytes, Stack size 0 bytes, startup_stm32l151xba.o(.text))
<BR>[Address Reference Count : 1]<UL><LI> startup_stm32l151xba.o(RESET)
</UL>
<P><STRONG><a name="[30]"></a>DMA1_Channel4_IRQHandler</STRONG> (Thumb, 0 bytes, Stack size 0 bytes, startup_stm32l151xba.o(.text))
<BR>[Address Reference Count : 1]<UL><LI> startup_stm32l151xba.o(RESET)
</UL>
<P><STRONG><a name="[31]"></a>DMA1_Channel5_IRQHandler</STRONG> (Thumb, 0 bytes, Stack size 0 bytes, startup_stm32l151xba.o(.text))
<BR>[Address Reference Count : 1]<UL><LI> startup_stm32l151xba.o(RESET)
</UL>
<P><STRONG><a name="[32]"></a>DMA1_Channel6_IRQHandler</STRONG> (Thumb, 0 bytes, Stack size 0 bytes, startup_stm32l151xba.o(.text))
<BR>[Address Reference Count : 1]<UL><LI> startup_stm32l151xba.o(RESET)
</UL>
<P><STRONG><a name="[33]"></a>DMA1_Channel7_IRQHandler</STRONG> (Thumb, 0 bytes, Stack size 0 bytes, startup_stm32l151xba.o(.text))
<BR>[Address Reference Count : 1]<UL><LI> startup_stm32l151xba.o(RESET)
</UL>
<P><STRONG><a name="[28]"></a>EXTI0_IRQHandler</STRONG> (Thumb, 0 bytes, Stack size 0 bytes, startup_stm32l151xba.o(.text))
<BR>[Address Reference Count : 1]<UL><LI> startup_stm32l151xba.o(RESET)
</UL>
<P><STRONG><a name="[2b]"></a>EXTI3_IRQHandler</STRONG> (Thumb, 0 bytes, Stack size 0 bytes, startup_stm32l151xba.o(.text))
<BR>[Address Reference Count : 1]<UL><LI> startup_stm32l151xba.o(RESET)
</UL>
<P><STRONG><a name="[2c]"></a>EXTI4_IRQHandler</STRONG> (Thumb, 0 bytes, Stack size 0 bytes, startup_stm32l151xba.o(.text))
<BR>[Address Reference Count : 1]<UL><LI> startup_stm32l151xba.o(RESET)
</UL>
<P><STRONG><a name="[26]"></a>FLASH_IRQHandler</STRONG> (Thumb, 0 bytes, Stack size 0 bytes, startup_stm32l151xba.o(.text))
<BR>[Address Reference Count : 1]<UL><LI> startup_stm32l151xba.o(RESET)
</UL>
<P><STRONG><a name="[41]"></a>I2C1_ER_IRQHandler</STRONG> (Thumb, 0 bytes, Stack size 0 bytes, startup_stm32l151xba.o(.text))
<BR>[Address Reference Count : 1]<UL><LI> startup_stm32l151xba.o(RESET)
</UL>
<P><STRONG><a name="[40]"></a>I2C1_EV_IRQHandler</STRONG> (Thumb, 0 bytes, Stack size 0 bytes, startup_stm32l151xba.o(.text))
<BR>[Address Reference Count : 1]<UL><LI> startup_stm32l151xba.o(RESET)
</UL>
<P><STRONG><a name="[43]"></a>I2C2_ER_IRQHandler</STRONG> (Thumb, 0 bytes, Stack size 0 bytes, startup_stm32l151xba.o(.text))
<BR>[Address Reference Count : 1]<UL><LI> startup_stm32l151xba.o(RESET)
</UL>
<P><STRONG><a name="[42]"></a>I2C2_EV_IRQHandler</STRONG> (Thumb, 0 bytes, Stack size 0 bytes, startup_stm32l151xba.o(.text))
<BR>[Address Reference Count : 1]<UL><LI> startup_stm32l151xba.o(RESET)
</UL>
<P><STRONG><a name="[23]"></a>PVD_IRQHandler</STRONG> (Thumb, 0 bytes, Stack size 0 bytes, startup_stm32l151xba.o(.text))
<BR>[Address Reference Count : 1]<UL><LI> startup_stm32l151xba.o(RESET)
</UL>
<P><STRONG><a name="[27]"></a>RCC_IRQHandler</STRONG> (Thumb, 0 bytes, Stack size 0 bytes, startup_stm32l151xba.o(.text))
<BR>[Address Reference Count : 1]<UL><LI> startup_stm32l151xba.o(RESET)
</UL>
<P><STRONG><a name="[4a]"></a>RTC_Alarm_IRQHandler</STRONG> (Thumb, 0 bytes, Stack size 0 bytes, startup_stm32l151xba.o(.text))
<BR>[Address Reference Count : 1]<UL><LI> startup_stm32l151xba.o(RESET)
</UL>
<P><STRONG><a name="[44]"></a>SPI1_IRQHandler</STRONG> (Thumb, 0 bytes, Stack size 0 bytes, startup_stm32l151xba.o(.text))
<BR>[Address Reference Count : 1]<UL><LI> startup_stm32l151xba.o(RESET)
</UL>
<P><STRONG><a name="[45]"></a>SPI2_IRQHandler</STRONG> (Thumb, 0 bytes, Stack size 0 bytes, startup_stm32l151xba.o(.text))
<BR>[Address Reference Count : 1]<UL><LI> startup_stm32l151xba.o(RESET)
</UL>
<P><STRONG><a name="[24]"></a>TAMPER_STAMP_IRQHandler</STRONG> (Thumb, 0 bytes, Stack size 0 bytes, startup_stm32l151xba.o(.text))
<BR>[Address Reference Count : 1]<UL><LI> startup_stm32l151xba.o(RESET)
</UL>
<P><STRONG><a name="[3b]"></a>TIM10_IRQHandler</STRONG> (Thumb, 0 bytes, Stack size 0 bytes, startup_stm32l151xba.o(.text))
<BR>[Address Reference Count : 1]<UL><LI> startup_stm32l151xba.o(RESET)
</UL>
<P><STRONG><a name="[3c]"></a>TIM11_IRQHandler</STRONG> (Thumb, 0 bytes, Stack size 0 bytes, startup_stm32l151xba.o(.text))
<BR>[Address Reference Count : 1]<UL><LI> startup_stm32l151xba.o(RESET)
</UL>
<P><STRONG><a name="[3d]"></a>TIM2_IRQHandler</STRONG> (Thumb, 0 bytes, Stack size 0 bytes, startup_stm32l151xba.o(.text))
<BR>[Address Reference Count : 1]<UL><LI> startup_stm32l151xba.o(RESET)
</UL>
<P><STRONG><a name="[3e]"></a>TIM3_IRQHandler</STRONG> (Thumb, 0 bytes, Stack size 0 bytes, startup_stm32l151xba.o(.text))
<BR>[Address Reference Count : 1]<UL><LI> startup_stm32l151xba.o(RESET)
</UL>
<P><STRONG><a name="[3f]"></a>TIM4_IRQHandler</STRONG> (Thumb, 0 bytes, Stack size 0 bytes, startup_stm32l151xba.o(.text))
<BR>[Address Reference Count : 1]<UL><LI> startup_stm32l151xba.o(RESET)
</UL>
<P><STRONG><a name="[4c]"></a>TIM6_IRQHandler</STRONG> (Thumb, 0 bytes, Stack size 0 bytes, startup_stm32l151xba.o(.text))
<BR>[Address Reference Count : 1]<UL><LI> startup_stm32l151xba.o(RESET)
</UL>
<P><STRONG><a name="[4d]"></a>TIM7_IRQHandler</STRONG> (Thumb, 0 bytes, Stack size 0 bytes, startup_stm32l151xba.o(.text))
<BR>[Address Reference Count : 1]<UL><LI> startup_stm32l151xba.o(RESET)
</UL>
<P><STRONG><a name="[3a]"></a>TIM9_IRQHandler</STRONG> (Thumb, 0 bytes, Stack size 0 bytes, startup_stm32l151xba.o(.text))
<BR>[Address Reference Count : 1]<UL><LI> startup_stm32l151xba.o(RESET)
</UL>
<P><STRONG><a name="[46]"></a>USART1_IRQHandler</STRONG> (Thumb, 0 bytes, Stack size 0 bytes, startup_stm32l151xba.o(.text))
<BR>[Address Reference Count : 1]<UL><LI> startup_stm32l151xba.o(RESET)
</UL>
<P><STRONG><a name="[47]"></a>USART2_IRQHandler</STRONG> (Thumb, 0 bytes, Stack size 0 bytes, startup_stm32l151xba.o(.text))
<BR>[Address Reference Count : 1]<UL><LI> startup_stm32l151xba.o(RESET)
</UL>
<P><STRONG><a name="[48]"></a>USART3_IRQHandler</STRONG> (Thumb, 0 bytes, Stack size 0 bytes, startup_stm32l151xba.o(.text))
<BR>[Address Reference Count : 1]<UL><LI> startup_stm32l151xba.o(RESET)
</UL>
<P><STRONG><a name="[4b]"></a>USB_FS_WKUP_IRQHandler</STRONG> (Thumb, 0 bytes, Stack size 0 bytes, startup_stm32l151xba.o(.text))
<BR>[Address Reference Count : 1]<UL><LI> startup_stm32l151xba.o(RESET)
</UL>
<P><STRONG><a name="[35]"></a>USB_HP_IRQHandler</STRONG> (Thumb, 0 bytes, Stack size 0 bytes, startup_stm32l151xba.o(.text))
<BR>[Address Reference Count : 1]<UL><LI> startup_stm32l151xba.o(RESET)
</UL>
<P><STRONG><a name="[36]"></a>USB_LP_IRQHandler</STRONG> (Thumb, 0 bytes, Stack size 0 bytes, startup_stm32l151xba.o(.text))
<BR>[Address Reference Count : 1]<UL><LI> startup_stm32l151xba.o(RESET)
</UL>
<P><STRONG><a name="[22]"></a>WWDG_IRQHandler</STRONG> (Thumb, 0 bytes, Stack size 0 bytes, startup_stm32l151xba.o(.text))
<BR>[Address Reference Count : 1]<UL><LI> startup_stm32l151xba.o(RESET)
</UL>
<P><STRONG><a name="[9c]"></a>__aeabi_memcpy</STRONG> (Thumb, 36 bytes, Stack size 0 bytes, memcpya.o(.text))
<BR><BR>[Called By]<UL><LI><a href="#[cd]">&gt;&gt;</a>&nbsp;&nbsp;&nbsp;BspLoraSendPacket
<LI><a href="#[d1]">&gt;&gt;</a>&nbsp;&nbsp;&nbsp;BspSaveDataV2
<LI><a href="#[95]">&gt;&gt;</a>&nbsp;&nbsp;&nbsp;BspSaveData
<LI><a href="#[97]">&gt;&gt;</a>&nbsp;&nbsp;&nbsp;BspGetData
<LI><a href="#[142]">&gt;&gt;</a>&nbsp;&nbsp;&nbsp;__LoraAckNetSendPacket
<LI><a href="#[d3]">&gt;&gt;</a>&nbsp;&nbsp;&nbsp;CommLoraProRecDatDecode
</UL>

<P><STRONG><a name="[140]"></a>__aeabi_memcpy4</STRONG> (Thumb, 0 bytes, Stack size 0 bytes, memcpya.o(.text))
<BR><BR>[Called By]<UL><LI><a href="#[13f]">&gt;&gt;</a>&nbsp;&nbsp;&nbsp;__ClrLoraResend
</UL>

<P><STRONG><a name="[151]"></a>__aeabi_memcpy8</STRONG> (Thumb, 0 bytes, Stack size 0 bytes, memcpya.o(.text), UNUSED)

<P><STRONG><a name="[7b]"></a>__aeabi_memset</STRONG> (Thumb, 14 bytes, Stack size 0 bytes, memseta.o(.text))
<BR><BR>[Called By]<UL><LI><a href="#[a8]">&gt;&gt;</a>&nbsp;&nbsp;&nbsp;BspLcdWf29Init
<LI><a href="#[7c]">&gt;&gt;</a>&nbsp;&nbsp;&nbsp;_memset$wrapper
<LI><a href="#[7a]">&gt;&gt;</a>&nbsp;&nbsp;&nbsp;__aeabi_memclr
</UL>

<P><STRONG><a name="[152]"></a>__aeabi_memset4</STRONG> (Thumb, 0 bytes, Stack size 0 bytes, memseta.o(.text), UNUSED)

<P><STRONG><a name="[153]"></a>__aeabi_memset8</STRONG> (Thumb, 0 bytes, Stack size 0 bytes, memseta.o(.text), UNUSED)

<P><STRONG><a name="[7a]"></a>__aeabi_memclr</STRONG> (Thumb, 4 bytes, Stack size 0 bytes, memseta.o(.text), UNUSED)
<BR><BR>[Calls]<UL><LI><a href="#[7b]">&gt;&gt;</a>&nbsp;&nbsp;&nbsp;__aeabi_memset
</UL>

<P><STRONG><a name="[8f]"></a>__aeabi_memclr4</STRONG> (Thumb, 0 bytes, Stack size 0 bytes, memseta.o(.text))
<BR><BR>[Called By]<UL><LI><a href="#[100]">&gt;&gt;</a>&nbsp;&nbsp;&nbsp;HAL_UART_MspInit
<LI><a href="#[fc]">&gt;&gt;</a>&nbsp;&nbsp;&nbsp;HAL_TIM_PWM_MspInit
<LI><a href="#[f2]">&gt;&gt;</a>&nbsp;&nbsp;&nbsp;HAL_SPI_MspInit
<LI><a href="#[10b]">&gt;&gt;</a>&nbsp;&nbsp;&nbsp;SX1276SetRx
<LI><a href="#[d5]">&gt;&gt;</a>&nbsp;&nbsp;&nbsp;CommLoraReSendEvent
<LI><a href="#[108]">&gt;&gt;</a>&nbsp;&nbsp;&nbsp;SystemClock_Config
<LI><a href="#[cb]">&gt;&gt;</a>&nbsp;&nbsp;&nbsp;__LoraPortInit
<LI><a href="#[d1]">&gt;&gt;</a>&nbsp;&nbsp;&nbsp;BspSaveDataV2
<LI><a href="#[95]">&gt;&gt;</a>&nbsp;&nbsp;&nbsp;BspSaveData
<LI><a href="#[97]">&gt;&gt;</a>&nbsp;&nbsp;&nbsp;BspGetData
<LI><a href="#[a8]">&gt;&gt;</a>&nbsp;&nbsp;&nbsp;BspLcdWf29Init
<LI><a href="#[a0]">&gt;&gt;</a>&nbsp;&nbsp;&nbsp;BspGt21l16S2wSleep
<LI><a href="#[9d]">&gt;&gt;</a>&nbsp;&nbsp;&nbsp;BspGt21l16S2wInit
<LI><a href="#[142]">&gt;&gt;</a>&nbsp;&nbsp;&nbsp;__LoraAckNetSendPacket
<LI><a href="#[8e]">&gt;&gt;</a>&nbsp;&nbsp;&nbsp;BspBuzSleep
</UL>

<P><STRONG><a name="[154]"></a>__aeabi_memclr8</STRONG> (Thumb, 0 bytes, Stack size 0 bytes, memseta.o(.text), UNUSED)

<P><STRONG><a name="[7c]"></a>_memset$wrapper</STRONG> (Thumb, 18 bytes, Stack size 8 bytes, memseta.o(.text), UNUSED)
<BR><BR>[Calls]<UL><LI><a href="#[7b]">&gt;&gt;</a>&nbsp;&nbsp;&nbsp;__aeabi_memset
</UL>

<P><STRONG><a name="[c0]"></a>strlen</STRONG> (Thumb, 14 bytes, Stack size 0 bytes, strlen.o(.text))
<BR><BR>[Called By]<UL><LI><a href="#[a9]">&gt;&gt;</a>&nbsp;&nbsp;&nbsp;BspLcdWf29Test
<LI><a href="#[71]">&gt;&gt;</a>&nbsp;&nbsp;&nbsp;__LoraProAckInqLableInfor
<LI><a href="#[c3]">&gt;&gt;</a>&nbsp;&nbsp;&nbsp;BspLcdWfRefreshAddr
</UL>

<P><STRONG><a name="[7d]"></a>__aeabi_ddiv</STRONG> (Thumb, 222 bytes, Stack size 32 bytes, ddiv.o(.text))
<BR><BR>[Stack]<UL><LI>Max Depth = 40<LI>Call Chain = __aeabi_ddiv &rArr; _double_round
</UL>
<BR>[Calls]<UL><LI><a href="#[7e]">&gt;&gt;</a>&nbsp;&nbsp;&nbsp;_double_round
</UL>
<BR>[Called By]<UL><LI><a href="#[ca]">&gt;&gt;</a>&nbsp;&nbsp;&nbsp;SX1276SetFreq
</UL>

<P><STRONG><a name="[7f]"></a>__aeabi_ui2d</STRONG> (Thumb, 26 bytes, Stack size 16 bytes, dfltui.o(.text))
<BR><BR>[Stack]<UL><LI>Max Depth = 56<LI>Call Chain = __aeabi_ui2d &rArr; _double_epilogue &rArr; _double_round
</UL>
<BR>[Calls]<UL><LI><a href="#[80]">&gt;&gt;</a>&nbsp;&nbsp;&nbsp;_double_epilogue
</UL>
<BR>[Called By]<UL><LI><a href="#[ca]">&gt;&gt;</a>&nbsp;&nbsp;&nbsp;SX1276SetFreq
</UL>

<P><STRONG><a name="[81]"></a>__aeabi_d2uiz</STRONG> (Thumb, 50 bytes, Stack size 8 bytes, dfixui.o(.text))
<BR><BR>[Stack]<UL><LI>Max Depth = 8<LI>Call Chain = __aeabi_d2uiz
</UL>
<BR>[Calls]<UL><LI><a href="#[82]">&gt;&gt;</a>&nbsp;&nbsp;&nbsp;__aeabi_llsr
</UL>
<BR>[Called By]<UL><LI><a href="#[ca]">&gt;&gt;</a>&nbsp;&nbsp;&nbsp;SX1276SetFreq
</UL>

<P><STRONG><a name="[83]"></a>__aeabi_uldivmod</STRONG> (Thumb, 98 bytes, Stack size 40 bytes, uldiv.o(.text), UNUSED)
<BR><BR>[Calls]<UL><LI><a href="#[84]">&gt;&gt;</a>&nbsp;&nbsp;&nbsp;__aeabi_llsl
<LI><a href="#[82]">&gt;&gt;</a>&nbsp;&nbsp;&nbsp;__aeabi_llsr
</UL>
<BR>[Called By]<UL><LI><a href="#[13c]">&gt;&gt;</a>&nbsp;&nbsp;&nbsp;_printf_core
</UL>

<P><STRONG><a name="[82]"></a>__aeabi_llsr</STRONG> (Thumb, 32 bytes, Stack size 0 bytes, llushr.o(.text))
<BR><BR>[Called By]<UL><LI><a href="#[81]">&gt;&gt;</a>&nbsp;&nbsp;&nbsp;__aeabi_d2uiz
<LI><a href="#[83]">&gt;&gt;</a>&nbsp;&nbsp;&nbsp;__aeabi_uldivmod
<LI><a href="#[80]">&gt;&gt;</a>&nbsp;&nbsp;&nbsp;_double_epilogue
</UL>

<P><STRONG><a name="[155]"></a>_ll_ushift_r</STRONG> (Thumb, 0 bytes, Stack size 0 bytes, llushr.o(.text), UNUSED)

<P><STRONG><a name="[156]"></a>__I$use$fp</STRONG> (Thumb, 0 bytes, Stack size 8 bytes, iusefp.o(.text), UNUSED)

<P><STRONG><a name="[7e]"></a>_double_round</STRONG> (Thumb, 30 bytes, Stack size 8 bytes, depilogue.o(.text))
<BR><BR>[Stack]<UL><LI>Max Depth = 8<LI>Call Chain = _double_round
</UL>
<BR>[Called By]<UL><LI><a href="#[7d]">&gt;&gt;</a>&nbsp;&nbsp;&nbsp;__aeabi_ddiv
<LI><a href="#[80]">&gt;&gt;</a>&nbsp;&nbsp;&nbsp;_double_epilogue
</UL>

<P><STRONG><a name="[80]"></a>_double_epilogue</STRONG> (Thumb, 156 bytes, Stack size 32 bytes, depilogue.o(.text))
<BR><BR>[Stack]<UL><LI>Max Depth = 40<LI>Call Chain = _double_epilogue &rArr; _double_round
</UL>
<BR>[Calls]<UL><LI><a href="#[84]">&gt;&gt;</a>&nbsp;&nbsp;&nbsp;__aeabi_llsl
<LI><a href="#[82]">&gt;&gt;</a>&nbsp;&nbsp;&nbsp;__aeabi_llsr
<LI><a href="#[7e]">&gt;&gt;</a>&nbsp;&nbsp;&nbsp;_double_round
</UL>
<BR>[Called By]<UL><LI><a href="#[7f]">&gt;&gt;</a>&nbsp;&nbsp;&nbsp;__aeabi_ui2d
</UL>

<P><STRONG><a name="[79]"></a>__scatterload</STRONG> (Thumb, 28 bytes, Stack size 0 bytes, init.o(.text))
<BR><BR>[Calls]<UL><LI><a href="#[85]">&gt;&gt;</a>&nbsp;&nbsp;&nbsp;__main_after_scatterload
</UL>
<BR>[Called By]<UL><LI><a href="#[78]">&gt;&gt;</a>&nbsp;&nbsp;&nbsp;_main_scatterload
</UL>

<P><STRONG><a name="[157]"></a>__scatterload_rt2</STRONG> (Thumb, 0 bytes, Stack size 0 bytes, init.o(.text), UNUSED)

<P><STRONG><a name="[84]"></a>__aeabi_llsl</STRONG> (Thumb, 30 bytes, Stack size 0 bytes, llshl.o(.text))
<BR><BR>[Called By]<UL><LI><a href="#[83]">&gt;&gt;</a>&nbsp;&nbsp;&nbsp;__aeabi_uldivmod
<LI><a href="#[80]">&gt;&gt;</a>&nbsp;&nbsp;&nbsp;_double_epilogue
</UL>

<P><STRONG><a name="[158]"></a>_ll_shift_l</STRONG> (Thumb, 0 bytes, Stack size 0 bytes, llshl.o(.text), UNUSED)

<P><STRONG><a name="[159]"></a>__decompress</STRONG> (Thumb, 0 bytes, Stack size unknown bytes, __dczerorl2.o(.text), UNUSED)

<P><STRONG><a name="[15a]"></a>__decompress1</STRONG> (Thumb, 86 bytes, Stack size unknown bytes, __dczerorl2.o(.text), UNUSED)

<P><STRONG><a name="[86]"></a>BspBuzAwake</STRONG> (Thumb, 8 bytes, Stack size 0 bytes, bspbuz.o(i.BspBuzAwake))
<BR><BR>[Stack]<UL><LI>Max Depth = 88<LI>Call Chain = BspBuzAwake &rArr; __BuzPwmInit &rArr; HAL_TIM_PWM_Init &rArr; HAL_TIM_PWM_MspInit &rArr; HAL_GPIO_Init
</UL>
<BR>[Calls]<UL><LI><a href="#[87]">&gt;&gt;</a>&nbsp;&nbsp;&nbsp;__BuzPwmInit
</UL>
<BR>[Called By]<UL><LI><a href="#[13e]">&gt;&gt;</a>&nbsp;&nbsp;&nbsp;__BuzCtrl
</UL>

<P><STRONG><a name="[88]"></a>BspBuzCall</STRONG> (Thumb, 12 bytes, Stack size 0 bytes, bspbuz.o(i.BspBuzCall))
<BR><BR>[Stack]<UL><LI>Max Depth = 8<LI>Call Chain = BspBuzCall &rArr; BspSimPwmCall
</UL>
<BR>[Calls]<UL><LI><a href="#[89]">&gt;&gt;</a>&nbsp;&nbsp;&nbsp;BspSimPwmCall
</UL>
<BR>[Called By]<UL><LI><a href="#[b6]">&gt;&gt;</a>&nbsp;&nbsp;&nbsp;HandlerKey
</UL>

<P><STRONG><a name="[8a]"></a>BspBuzInit</STRONG> (Thumb, 32 bytes, Stack size 8 bytes, bspbuz.o(i.BspBuzInit))
<BR><BR>[Stack]<UL><LI>Max Depth = 96<LI>Call Chain = BspBuzInit &rArr; __BuzPwmInit &rArr; HAL_TIM_PWM_Init &rArr; HAL_TIM_PWM_MspInit &rArr; HAL_GPIO_Init
</UL>
<BR>[Calls]<UL><LI><a href="#[8b]">&gt;&gt;</a>&nbsp;&nbsp;&nbsp;BspSimPwmParaReset
<LI><a href="#[87]">&gt;&gt;</a>&nbsp;&nbsp;&nbsp;__BuzPwmInit
</UL>
<BR>[Called By]<UL><LI><a href="#[a6]">&gt;&gt;</a>&nbsp;&nbsp;&nbsp;BspInit
</UL>

<P><STRONG><a name="[8c]"></a>BspBuzRunEvent</STRONG> (Thumb, 6 bytes, Stack size 0 bytes, bspbuz.o(i.BspBuzRunEvent))
<BR><BR>[Stack]<UL><LI>Max Depth = 16<LI>Call Chain = BspBuzRunEvent &rArr; BspSimPwmRunEvent
</UL>
<BR>[Calls]<UL><LI><a href="#[8d]">&gt;&gt;</a>&nbsp;&nbsp;&nbsp;BspSimPwmRunEvent
</UL>
<BR>[Called By]<UL><LI><a href="#[4e]">&gt;&gt;</a>&nbsp;&nbsp;&nbsp;main
</UL>

<P><STRONG><a name="[8e]"></a>BspBuzSleep</STRONG> (Thumb, 74 bytes, Stack size 40 bytes, bspbuz.o(i.BspBuzSleep))
<BR><BR>[Stack]<UL><LI>Max Depth = 84<LI>Call Chain = BspBuzSleep &rArr; HAL_TIM_PWM_DeInit &rArr; HAL_TIM_PWM_MspDeInit &rArr; HAL_GPIO_DeInit
</UL>
<BR>[Calls]<UL><LI><a href="#[92]">&gt;&gt;</a>&nbsp;&nbsp;&nbsp;HAL_GPIO_Init
<LI><a href="#[91]">&gt;&gt;</a>&nbsp;&nbsp;&nbsp;HAL_GPIO_WritePin
<LI><a href="#[90]">&gt;&gt;</a>&nbsp;&nbsp;&nbsp;HAL_TIM_PWM_DeInit
<LI><a href="#[8f]">&gt;&gt;</a>&nbsp;&nbsp;&nbsp;__aeabi_memclr4
</UL>
<BR>[Called By]<UL><LI><a href="#[13e]">&gt;&gt;</a>&nbsp;&nbsp;&nbsp;__BuzCtrl
</UL>

<P><STRONG><a name="[93]"></a>BspDataRecordEvent</STRONG> (Thumb, 44 bytes, Stack size 8 bytes, bspdatarecord.o(i.BspDataRecordEvent))
<BR><BR>[Stack]<UL><LI>Max Depth = 384<LI>Call Chain = BspDataRecordEvent &rArr; BspSaveData &rArr; BspIntFlashErasePages &rArr; HAL_FLASHEx_Erase &rArr; FLASH_WaitForLastOperation
</UL>
<BR>[Calls]<UL><LI><a href="#[94]">&gt;&gt;</a>&nbsp;&nbsp;&nbsp;OsStrCmp
<LI><a href="#[95]">&gt;&gt;</a>&nbsp;&nbsp;&nbsp;BspSaveData
</UL>
<BR>[Called By]<UL><LI><a href="#[4e]">&gt;&gt;</a>&nbsp;&nbsp;&nbsp;main
</UL>

<P><STRONG><a name="[96]"></a>BspDataRecordInit</STRONG> (Thumb, 38 bytes, Stack size 8 bytes, bspdatarecord.o(i.BspDataRecordInit))
<BR><BR>[Stack]<UL><LI>Max Depth = 304<LI>Call Chain = BspDataRecordInit &rArr; BspGetData &rArr; BspIntFlashRead
</UL>
<BR>[Calls]<UL><LI><a href="#[97]">&gt;&gt;</a>&nbsp;&nbsp;&nbsp;BspGetData
<LI><a href="#[98]">&gt;&gt;</a>&nbsp;&nbsp;&nbsp;__2printf
</UL>
<BR>[Called By]<UL><LI><a href="#[a6]">&gt;&gt;</a>&nbsp;&nbsp;&nbsp;BspInit
</UL>

<P><STRONG><a name="[99]"></a>BspDebugInit</STRONG> (Thumb, 54 bytes, Stack size 8 bytes, bspdebug.o(i.BspDebugInit))
<BR><BR>[Stack]<UL><LI>Max Depth = 96<LI>Call Chain = BspDebugInit &rArr; HAL_UART_Init &rArr; HAL_UART_MspInit &rArr; HAL_GPIO_Init
</UL>
<BR>[Calls]<UL><LI><a href="#[9a]">&gt;&gt;</a>&nbsp;&nbsp;&nbsp;HAL_UART_Init
</UL>
<BR>[Called By]<UL><LI><a href="#[a6]">&gt;&gt;</a>&nbsp;&nbsp;&nbsp;BspInit
</UL>

<P><STRONG><a name="[97]"></a>BspGetData</STRONG> (Thumb, 98 bytes, Stack size 288 bytes, bspdatarecord.o(i.BspGetData))
<BR><BR>[Stack]<UL><LI>Max Depth = 296<LI>Call Chain = BspGetData &rArr; BspIntFlashRead
</UL>
<BR>[Calls]<UL><LI><a href="#[9b]">&gt;&gt;</a>&nbsp;&nbsp;&nbsp;BspIntFlashRead
<LI><a href="#[8f]">&gt;&gt;</a>&nbsp;&nbsp;&nbsp;__aeabi_memclr4
<LI><a href="#[9c]">&gt;&gt;</a>&nbsp;&nbsp;&nbsp;__aeabi_memcpy
</UL>
<BR>[Called By]<UL><LI><a href="#[96]">&gt;&gt;</a>&nbsp;&nbsp;&nbsp;BspDataRecordInit
</UL>

<P><STRONG><a name="[143]"></a>BspGt21l16S2wAwake</STRONG> (Thumb, 4 bytes, Stack size 0 bytes, bspgt21l16s2w.o(i.BspGt21l16S2wAwake))
<BR><BR>[Called By]<UL><LI><a href="#[75]">&gt;&gt;</a>&nbsp;&nbsp;&nbsp;__LoraProAckCtrlLableDis
</UL>

<P><STRONG><a name="[9d]"></a>BspGt21l16S2wInit</STRONG> (Thumb, 176 bytes, Stack size 48 bytes, bspgt21l16s2w.o(i.BspGt21l16S2wInit))
<BR><BR>[Stack]<UL><LI>Max Depth = 160<LI>Call Chain = BspGt21l16S2wInit &rArr; HAL_SPI_Init &rArr; HAL_SPI_MspInit &rArr; HAL_GPIO_Init
</UL>
<BR>[Calls]<UL><LI><a href="#[92]">&gt;&gt;</a>&nbsp;&nbsp;&nbsp;HAL_GPIO_Init
<LI><a href="#[9f]">&gt;&gt;</a>&nbsp;&nbsp;&nbsp;_Error_Handler
<LI><a href="#[91]">&gt;&gt;</a>&nbsp;&nbsp;&nbsp;HAL_GPIO_WritePin
<LI><a href="#[9e]">&gt;&gt;</a>&nbsp;&nbsp;&nbsp;HAL_SPI_Init
<LI><a href="#[8f]">&gt;&gt;</a>&nbsp;&nbsp;&nbsp;__aeabi_memclr4
</UL>
<BR>[Called By]<UL><LI><a href="#[a6]">&gt;&gt;</a>&nbsp;&nbsp;&nbsp;BspInit
</UL>

<P><STRONG><a name="[a0]"></a>BspGt21l16S2wSleep</STRONG> (Thumb, 126 bytes, Stack size 40 bytes, bspgt21l16s2w.o(i.BspGt21l16S2wSleep))
<BR><BR>[Stack]<UL><LI>Max Depth = 92<LI>Call Chain = BspGt21l16S2wSleep &rArr; HAL_SPI_DeInit &rArr; HAL_SPI_MspDeInit &rArr; HAL_GPIO_DeInit
</UL>
<BR>[Calls]<UL><LI><a href="#[92]">&gt;&gt;</a>&nbsp;&nbsp;&nbsp;HAL_GPIO_Init
<LI><a href="#[91]">&gt;&gt;</a>&nbsp;&nbsp;&nbsp;HAL_GPIO_WritePin
<LI><a href="#[a1]">&gt;&gt;</a>&nbsp;&nbsp;&nbsp;HAL_SPI_DeInit
<LI><a href="#[8f]">&gt;&gt;</a>&nbsp;&nbsp;&nbsp;__aeabi_memclr4
</UL>
<BR>[Called By]<UL><LI><a href="#[a6]">&gt;&gt;</a>&nbsp;&nbsp;&nbsp;BspInit
<LI><a href="#[75]">&gt;&gt;</a>&nbsp;&nbsp;&nbsp;__LoraProAckCtrlLableDis
</UL>

<P><STRONG><a name="[6f]"></a>BspGtGetAsc16x32Image</STRONG> (Thumb, 92 bytes, Stack size 20 bytes, bspgt21l16s2w.o(i.BspGtGetAsc16x32Image))
<BR><BR>[Stack]<UL><LI>Max Depth = 20<LI>Call Chain = BspGtGetAsc16x32Image
</UL>
<BR>[Address Reference Count : 1]<UL><LI> bspgt21l16s2w.o(.constdata)
</UL>
<P><STRONG><a name="[6b]"></a>BspGtGetAsc5x7Image</STRONG> (Thumb, 148 bytes, Stack size 80 bytes, bspgt21l16s2w.o(i.BspGtGetAsc5x7Image))
<BR><BR>[Stack]<UL><LI>Max Depth = 208<LI>Call Chain = BspGtGetAsc5x7Image &rArr; __ZkGtReadBytes &rArr; __ZkGtReadWriteByte &rArr; HAL_SPI_TransmitReceive &rArr; SPI_EndRxTxTransaction &rArr; SPI_WaitFlagStateUntilTimeout
</UL>
<BR>[Calls]<UL><LI><a href="#[a2]">&gt;&gt;</a>&nbsp;&nbsp;&nbsp;__ZkGtReadBytes
</UL>
<BR>[Address Reference Count : 1]<UL><LI> bspgt21l16s2w.o(.constdata)
</UL>
<P><STRONG><a name="[6d]"></a>BspGtGetAsc6x12Image</STRONG> (Thumb, 168 bytes, Stack size 80 bytes, bspgt21l16s2w.o(i.BspGtGetAsc6x12Image))
<BR><BR>[Stack]<UL><LI>Max Depth = 208<LI>Call Chain = BspGtGetAsc6x12Image &rArr; __ZkGtReadBytes &rArr; __ZkGtReadWriteByte &rArr; HAL_SPI_TransmitReceive &rArr; SPI_EndRxTxTransaction &rArr; SPI_WaitFlagStateUntilTimeout
</UL>
<BR>[Calls]<UL><LI><a href="#[a2]">&gt;&gt;</a>&nbsp;&nbsp;&nbsp;__ZkGtReadBytes
</UL>
<BR>[Address Reference Count : 1]<UL><LI> bspgt21l16s2w.o(.constdata)
</UL>
<P><STRONG><a name="[6c]"></a>BspGtGetAsc7x8Image</STRONG> (Thumb, 150 bytes, Stack size 80 bytes, bspgt21l16s2w.o(i.BspGtGetAsc7x8Image))
<BR><BR>[Stack]<UL><LI>Max Depth = 208<LI>Call Chain = BspGtGetAsc7x8Image &rArr; __ZkGtReadBytes &rArr; __ZkGtReadWriteByte &rArr; HAL_SPI_TransmitReceive &rArr; SPI_EndRxTxTransaction &rArr; SPI_WaitFlagStateUntilTimeout
</UL>
<BR>[Calls]<UL><LI><a href="#[a2]">&gt;&gt;</a>&nbsp;&nbsp;&nbsp;__ZkGtReadBytes
</UL>
<BR>[Address Reference Count : 1]<UL><LI> bspgt21l16s2w.o(.constdata)
</UL>
<P><STRONG><a name="[6e]"></a>BspGtGetAsc8x16Image</STRONG> (Thumb, 162 bytes, Stack size 88 bytes, bspgt21l16s2w.o(i.BspGtGetAsc8x16Image))
<BR><BR>[Stack]<UL><LI>Max Depth = 216<LI>Call Chain = BspGtGetAsc8x16Image &rArr; __ZkGtReadBytes &rArr; __ZkGtReadWriteByte &rArr; HAL_SPI_TransmitReceive &rArr; SPI_EndRxTxTransaction &rArr; SPI_WaitFlagStateUntilTimeout
</UL>
<BR>[Calls]<UL><LI><a href="#[a2]">&gt;&gt;</a>&nbsp;&nbsp;&nbsp;__ZkGtReadBytes
</UL>
<BR>[Address Reference Count : 1]<UL><LI> bspgt21l16s2w.o(.constdata)
</UL>
<P><STRONG><a name="[67]"></a>BspGtGetHz11x12Image</STRONG> (Thumb, 168 bytes, Stack size 128 bytes, bspgt21l16s2w.o(i.BspGtGetHz11x12Image))
<BR><BR>[Stack]<UL><LI>Max Depth = 256<LI>Call Chain = BspGtGetHz11x12Image &rArr; __ZkGtReadBytes &rArr; __ZkGtReadWriteByte &rArr; HAL_SPI_TransmitReceive &rArr; SPI_EndRxTxTransaction &rArr; SPI_WaitFlagStateUntilTimeout
</UL>
<BR>[Calls]<UL><LI><a href="#[a4]">&gt;&gt;</a>&nbsp;&nbsp;&nbsp;OsBuf8IntoBuf16
<LI><a href="#[a2]">&gt;&gt;</a>&nbsp;&nbsp;&nbsp;__ZkGtReadBytes
<LI><a href="#[a3]">&gt;&gt;</a>&nbsp;&nbsp;&nbsp;__Gb2312Hz11x12GetAddr
</UL>
<BR>[Address Reference Count : 1]<UL><LI> bspgt21l16s2w.o(.constdata)
</UL>
<P><STRONG><a name="[68]"></a>BspGtGetHz15x16Image</STRONG> (Thumb, 250 bytes, Stack size 152 bytes, bspgt21l16s2w.o(i.BspGtGetHz15x16Image))
<BR><BR>[Stack]<UL><LI>Max Depth = 280<LI>Call Chain = BspGtGetHz15x16Image &rArr; __ZkGtReadBytes &rArr; __ZkGtReadWriteByte &rArr; HAL_SPI_TransmitReceive &rArr; SPI_EndRxTxTransaction &rArr; SPI_WaitFlagStateUntilTimeout
</UL>
<BR>[Calls]<UL><LI><a href="#[a4]">&gt;&gt;</a>&nbsp;&nbsp;&nbsp;OsBuf8IntoBuf16
<LI><a href="#[a2]">&gt;&gt;</a>&nbsp;&nbsp;&nbsp;__ZkGtReadBytes
</UL>
<BR>[Address Reference Count : 1]<UL><LI> bspgt21l16s2w.o(.constdata)
</UL>
<P><STRONG><a name="[69]"></a>BspGtGetHz6x12Image</STRONG> (Thumb, 206 bytes, Stack size 80 bytes, bspgt21l16s2w.o(i.BspGtGetHz6x12Image))
<BR><BR>[Stack]<UL><LI>Max Depth = 208<LI>Call Chain = BspGtGetHz6x12Image &rArr; __ZkGtReadBytes &rArr; __ZkGtReadWriteByte &rArr; HAL_SPI_TransmitReceive &rArr; SPI_EndRxTxTransaction &rArr; SPI_WaitFlagStateUntilTimeout
</UL>
<BR>[Calls]<UL><LI><a href="#[a5]">&gt;&gt;</a>&nbsp;&nbsp;&nbsp;OsBufIntoVar16
<LI><a href="#[a2]">&gt;&gt;</a>&nbsp;&nbsp;&nbsp;__ZkGtReadBytes
</UL>
<BR>[Address Reference Count : 1]<UL><LI> bspgt21l16s2w.o(.constdata)
</UL>
<P><STRONG><a name="[6a]"></a>BspGtGetHz8x16Image</STRONG> (Thumb, 198 bytes, Stack size 88 bytes, bspgt21l16s2w.o(i.BspGtGetHz8x16Image))
<BR><BR>[Stack]<UL><LI>Max Depth = 216<LI>Call Chain = BspGtGetHz8x16Image &rArr; __ZkGtReadBytes &rArr; __ZkGtReadWriteByte &rArr; HAL_SPI_TransmitReceive &rArr; SPI_EndRxTxTransaction &rArr; SPI_WaitFlagStateUntilTimeout
</UL>
<BR>[Calls]<UL><LI><a href="#[a5]">&gt;&gt;</a>&nbsp;&nbsp;&nbsp;OsBufIntoVar16
<LI><a href="#[a2]">&gt;&gt;</a>&nbsp;&nbsp;&nbsp;__ZkGtReadBytes
</UL>
<BR>[Address Reference Count : 1]<UL><LI> bspgt21l16s2w.o(.constdata)
</UL>
<P><STRONG><a name="[a6]"></a>BspInit</STRONG> (Thumb, 50 bytes, Stack size 8 bytes, bsp.o(i.BspInit))
<BR><BR>[Stack]<UL><LI>Max Depth = 4808<LI>Call Chain = BspInit &rArr; BspLcdWf29Test &rArr; BspLcdWf29FillChar
</UL>
<BR>[Calls]<UL><LI><a href="#[ab]">&gt;&gt;</a>&nbsp;&nbsp;&nbsp;BspLoraInit
<LI><a href="#[a7]">&gt;&gt;</a>&nbsp;&nbsp;&nbsp;BspLedInit
<LI><a href="#[a9]">&gt;&gt;</a>&nbsp;&nbsp;&nbsp;BspLcdWf29Test
<LI><a href="#[a8]">&gt;&gt;</a>&nbsp;&nbsp;&nbsp;BspLcdWf29Init
<LI><a href="#[aa]">&gt;&gt;</a>&nbsp;&nbsp;&nbsp;BspKeyInit
<LI><a href="#[a0]">&gt;&gt;</a>&nbsp;&nbsp;&nbsp;BspGt21l16S2wSleep
<LI><a href="#[9d]">&gt;&gt;</a>&nbsp;&nbsp;&nbsp;BspGt21l16S2wInit
<LI><a href="#[99]">&gt;&gt;</a>&nbsp;&nbsp;&nbsp;BspDebugInit
<LI><a href="#[96]">&gt;&gt;</a>&nbsp;&nbsp;&nbsp;BspDataRecordInit
<LI><a href="#[8a]">&gt;&gt;</a>&nbsp;&nbsp;&nbsp;BspBuzInit
<LI><a href="#[ac]">&gt;&gt;</a>&nbsp;&nbsp;&nbsp;__IdlePinInit
</UL>
<BR>[Called By]<UL><LI><a href="#[4e]">&gt;&gt;</a>&nbsp;&nbsp;&nbsp;main
</UL>

<P><STRONG><a name="[ad]"></a>BspIntFlashErasePages</STRONG> (Thumb, 52 bytes, Stack size 32 bytes, bspintflash.o(i.BspIntFlashErasePages))
<BR><BR>[Stack]<UL><LI>Max Depth = 80<LI>Call Chain = BspIntFlashErasePages &rArr; HAL_FLASHEx_Erase &rArr; FLASH_WaitForLastOperation
</UL>
<BR>[Calls]<UL><LI><a href="#[af]">&gt;&gt;</a>&nbsp;&nbsp;&nbsp;HAL_FLASHEx_Erase
<LI><a href="#[ae]">&gt;&gt;</a>&nbsp;&nbsp;&nbsp;HAL_FLASH_Unlock
<LI><a href="#[b0]">&gt;&gt;</a>&nbsp;&nbsp;&nbsp;HAL_FLASH_Lock
</UL>
<BR>[Called By]<UL><LI><a href="#[d1]">&gt;&gt;</a>&nbsp;&nbsp;&nbsp;BspSaveDataV2
<LI><a href="#[95]">&gt;&gt;</a>&nbsp;&nbsp;&nbsp;BspSaveData
</UL>

<P><STRONG><a name="[9b]"></a>BspIntFlashRead</STRONG> (Thumb, 24 bytes, Stack size 8 bytes, bspintflash.o(i.BspIntFlashRead))
<BR><BR>[Stack]<UL><LI>Max Depth = 8<LI>Call Chain = BspIntFlashRead
</UL>
<BR>[Called By]<UL><LI><a href="#[d1]">&gt;&gt;</a>&nbsp;&nbsp;&nbsp;BspSaveDataV2
<LI><a href="#[95]">&gt;&gt;</a>&nbsp;&nbsp;&nbsp;BspSaveData
<LI><a href="#[97]">&gt;&gt;</a>&nbsp;&nbsp;&nbsp;BspGetData
</UL>

<P><STRONG><a name="[b1]"></a>BspIntFlashWrite</STRONG> (Thumb, 64 bytes, Stack size 24 bytes, bspintflash.o(i.BspIntFlashWrite))
<BR><BR>[Stack]<UL><LI>Max Depth = 64<LI>Call Chain = BspIntFlashWrite &rArr; HAL_FLASH_Program &rArr; FLASH_WaitForLastOperation
</UL>
<BR>[Calls]<UL><LI><a href="#[ae]">&gt;&gt;</a>&nbsp;&nbsp;&nbsp;HAL_FLASH_Unlock
<LI><a href="#[b2]">&gt;&gt;</a>&nbsp;&nbsp;&nbsp;HAL_FLASH_Program
<LI><a href="#[b0]">&gt;&gt;</a>&nbsp;&nbsp;&nbsp;HAL_FLASH_Lock
</UL>
<BR>[Called By]<UL><LI><a href="#[d1]">&gt;&gt;</a>&nbsp;&nbsp;&nbsp;BspSaveDataV2
<LI><a href="#[95]">&gt;&gt;</a>&nbsp;&nbsp;&nbsp;BspSaveData
</UL>

<P><STRONG><a name="[b3]"></a>BspKeyEvent</STRONG> (Thumb, 32 bytes, Stack size 8 bytes, bspkey.o(i.BspKeyEvent))
<BR><BR>[Stack]<UL><LI>Max Depth = 192<LI>Call Chain = BspKeyEvent &rArr; HandlerKey &rArr; SX1276SetOpMode &rArr; Sx1278Write &rArr; SX1276WriteBuffer &rArr; SpiTransfer &rArr; BspLoraSpITransmit &rArr; HAL_SPI_TransmitReceive &rArr; SPI_EndRxTxTransaction &rArr; SPI_WaitFlagStateUntilTimeout
</UL>
<BR>[Calls]<UL><LI><a href="#[b4]">&gt;&gt;</a>&nbsp;&nbsp;&nbsp;SystemDelay
<LI><a href="#[b6]">&gt;&gt;</a>&nbsp;&nbsp;&nbsp;HandlerKey
<LI><a href="#[b5]">&gt;&gt;</a>&nbsp;&nbsp;&nbsp;__KeyScan
</UL>
<BR>[Called By]<UL><LI><a href="#[4e]">&gt;&gt;</a>&nbsp;&nbsp;&nbsp;main
</UL>

<P><STRONG><a name="[aa]"></a>BspKeyInit</STRONG> (Thumb, 122 bytes, Stack size 48 bytes, bspkey.o(i.BspKeyInit))
<BR><BR>[Stack]<UL><LI>Max Depth = 88<LI>Call Chain = BspKeyInit &rArr; HAL_GPIO_Init
</UL>
<BR>[Calls]<UL><LI><a href="#[b7]">&gt;&gt;</a>&nbsp;&nbsp;&nbsp;HAL_NVIC_SetPriority
<LI><a href="#[b8]">&gt;&gt;</a>&nbsp;&nbsp;&nbsp;HAL_NVIC_EnableIRQ
<LI><a href="#[92]">&gt;&gt;</a>&nbsp;&nbsp;&nbsp;HAL_GPIO_Init
</UL>
<BR>[Called By]<UL><LI><a href="#[a6]">&gt;&gt;</a>&nbsp;&nbsp;&nbsp;BspInit
</UL>

<P><STRONG><a name="[b9]"></a>BspLcdRefreshEvent</STRONG> (Thumb, 32 bytes, Stack size 8 bytes, bsplcdwf29.o(i.BspLcdRefreshEvent))
<BR><BR>[Stack]<UL><LI>Max Depth = 8<LI>Call Chain = BspLcdRefreshEvent
</UL>
<BR>[Calls]<UL><LI><a href="#[ba]">&gt;&gt;</a>&nbsp;&nbsp;&nbsp;ClrPowerEnterTime
</UL>
<BR>[Called By]<UL><LI><a href="#[4e]">&gt;&gt;</a>&nbsp;&nbsp;&nbsp;main
</UL>

<P><STRONG><a name="[bb]"></a>BspLcdWf29Clr</STRONG> (Thumb, 76 bytes, Stack size 24 bytes, bsplcdwf29.o(i.BspLcdWf29Clr))
<BR><BR>[Stack]<UL><LI>Max Depth = 40<LI>Call Chain = BspLcdWf29Clr &rArr; __LcdWrByte
</UL>
<BR>[Calls]<UL><LI><a href="#[91]">&gt;&gt;</a>&nbsp;&nbsp;&nbsp;HAL_GPIO_WritePin
<LI><a href="#[bc]">&gt;&gt;</a>&nbsp;&nbsp;&nbsp;__LcdWrByte
</UL>
<BR>[Called By]<UL><LI><a href="#[72]">&gt;&gt;</a>&nbsp;&nbsp;&nbsp;__LoraProAckCtrlLable
</UL>

<P><STRONG><a name="[144]"></a>BspLcdWf29FillArea</STRONG> (Thumb, 66 bytes, Stack size 20 bytes, bsplcdwf29.o(i.BspLcdWf29FillArea))
<BR><BR>[Stack]<UL><LI>Max Depth = 20<LI>Call Chain = BspLcdWf29FillArea
</UL>
<BR>[Called By]<UL><LI><a href="#[75]">&gt;&gt;</a>&nbsp;&nbsp;&nbsp;__LoraProAckCtrlLableDis
</UL>

<P><STRONG><a name="[c1]"></a>BspLcdWf29FillChar</STRONG> (Thumb, 164 bytes, Stack size 4776 bytes, bsplcdwf29.o(i.BspLcdWf29FillChar))
<BR><BR>[Stack]<UL><LI>Max Depth = 4776<LI>Call Chain = BspLcdWf29FillChar
</UL>
<BR>[Called By]<UL><LI><a href="#[a9]">&gt;&gt;</a>&nbsp;&nbsp;&nbsp;BspLcdWf29Test
<LI><a href="#[75]">&gt;&gt;</a>&nbsp;&nbsp;&nbsp;__LoraProAckCtrlLableDis
<LI><a href="#[c3]">&gt;&gt;</a>&nbsp;&nbsp;&nbsp;BspLcdWfRefreshAddr
</UL>

<P><STRONG><a name="[a8]"></a>BspLcdWf29Init</STRONG> (Thumb, 276 bytes, Stack size 48 bytes, bsplcdwf29.o(i.BspLcdWf29Init))
<BR><BR>[Stack]<UL><LI>Max Depth = 88<LI>Call Chain = BspLcdWf29Init &rArr; HAL_GPIO_Init
</UL>
<BR>[Calls]<UL><LI><a href="#[92]">&gt;&gt;</a>&nbsp;&nbsp;&nbsp;HAL_GPIO_Init
<LI><a href="#[91]">&gt;&gt;</a>&nbsp;&nbsp;&nbsp;HAL_GPIO_WritePin
<LI><a href="#[8f]">&gt;&gt;</a>&nbsp;&nbsp;&nbsp;__aeabi_memclr4
<LI><a href="#[7b]">&gt;&gt;</a>&nbsp;&nbsp;&nbsp;__aeabi_memset
</UL>
<BR>[Called By]<UL><LI><a href="#[a6]">&gt;&gt;</a>&nbsp;&nbsp;&nbsp;BspInit
</UL>

<P><STRONG><a name="[bd]"></a>BspLcdWf29ShowPic</STRONG> (Thumb, 64 bytes, Stack size 24 bytes, bsplcdwf29.o(i.BspLcdWf29ShowPic))
<BR><BR>[Stack]<UL><LI>Max Depth = 56<LI>Call Chain = BspLcdWf29ShowPic &rArr; EPD_W21_WriteDATA &rArr; __LcdWrByte
</UL>
<BR>[Calls]<UL><LI><a href="#[bf]">&gt;&gt;</a>&nbsp;&nbsp;&nbsp;EPD_W21_WriteDATA
<LI><a href="#[be]">&gt;&gt;</a>&nbsp;&nbsp;&nbsp;EPD_W21_WriteCMD
</UL>
<BR>[Called By]<UL><LI><a href="#[d]">&gt;&gt;</a>&nbsp;&nbsp;&nbsp;__LcdWfShowPic_1
</UL>

<P><STRONG><a name="[a9]"></a>BspLcdWf29Test</STRONG> (Thumb, 120 bytes, Stack size 24 bytes, bsplcdwf29.o(i.BspLcdWf29Test))
<BR><BR>[Stack]<UL><LI>Max Depth = 4800<LI>Call Chain = BspLcdWf29Test &rArr; BspLcdWf29FillChar
</UL>
<BR>[Calls]<UL><LI><a href="#[c1]">&gt;&gt;</a>&nbsp;&nbsp;&nbsp;BspLcdWf29FillChar
<LI><a href="#[c0]">&gt;&gt;</a>&nbsp;&nbsp;&nbsp;strlen
<LI><a href="#[c2]">&gt;&gt;</a>&nbsp;&nbsp;&nbsp;__2sprintf
</UL>
<BR>[Called By]<UL><LI><a href="#[a6]">&gt;&gt;</a>&nbsp;&nbsp;&nbsp;BspInit
</UL>

<P><STRONG><a name="[c3]"></a>BspLcdWfRefreshAddr</STRONG> (Thumb, 60 bytes, Stack size 32 bytes, bsplcdwf29.o(i.BspLcdWfRefreshAddr))
<BR><BR>[Stack]<UL><LI>Max Depth = 4808<LI>Call Chain = BspLcdWfRefreshAddr &rArr; BspLcdWf29FillChar
</UL>
<BR>[Calls]<UL><LI><a href="#[c1]">&gt;&gt;</a>&nbsp;&nbsp;&nbsp;BspLcdWf29FillChar
<LI><a href="#[c0]">&gt;&gt;</a>&nbsp;&nbsp;&nbsp;strlen
<LI><a href="#[c2]">&gt;&gt;</a>&nbsp;&nbsp;&nbsp;__2sprintf
</UL>
<BR>[Called By]<UL><LI><a href="#[74]">&gt;&gt;</a>&nbsp;&nbsp;&nbsp;__LoraProAckSetLablePara
</UL>

<P><STRONG><a name="[c4]"></a>BspLedEvent</STRONG> (Thumb, 28 bytes, Stack size 16 bytes, bspled.o(i.BspLedEvent))
<BR><BR>[Stack]<UL><LI>Max Depth = 32<LI>Call Chain = BspLedEvent &rArr; BspSimPwmRunEvent
</UL>
<BR>[Calls]<UL><LI><a href="#[8d]">&gt;&gt;</a>&nbsp;&nbsp;&nbsp;BspSimPwmRunEvent
</UL>
<BR>[Called By]<UL><LI><a href="#[4e]">&gt;&gt;</a>&nbsp;&nbsp;&nbsp;main
</UL>

<P><STRONG><a name="[c5]"></a>BspLedFlashForceSet</STRONG> (Thumb, 20 bytes, Stack size 16 bytes, bspled.o(i.BspLedFlashForceSet))
<BR><BR>[Stack]<UL><LI>Max Depth = 32<LI>Call Chain = BspLedFlashForceSet &rArr; BspLedFlashSet &rArr; BspSimPwmCall
</UL>
<BR>[Calls]<UL><LI><a href="#[c6]">&gt;&gt;</a>&nbsp;&nbsp;&nbsp;BspLedFlashSet
</UL>
<BR>[Called By]<UL><LI><a href="#[c8]">&gt;&gt;</a>&nbsp;&nbsp;&nbsp;BspLedTest
<LI><a href="#[72]">&gt;&gt;</a>&nbsp;&nbsp;&nbsp;__LoraProAckCtrlLable
<LI><a href="#[73]">&gt;&gt;</a>&nbsp;&nbsp;&nbsp;__LoraProAckClrLableLED
<LI><a href="#[b6]">&gt;&gt;</a>&nbsp;&nbsp;&nbsp;HandlerKey
</UL>

<P><STRONG><a name="[c6]"></a>BspLedFlashSet</STRONG> (Thumb, 26 bytes, Stack size 8 bytes, bspled.o(i.BspLedFlashSet))
<BR><BR>[Stack]<UL><LI>Max Depth = 16<LI>Call Chain = BspLedFlashSet &rArr; BspSimPwmCall
</UL>
<BR>[Calls]<UL><LI><a href="#[89]">&gt;&gt;</a>&nbsp;&nbsp;&nbsp;BspSimPwmCall
</UL>
<BR>[Called By]<UL><LI><a href="#[c5]">&gt;&gt;</a>&nbsp;&nbsp;&nbsp;BspLedFlashForceSet
</UL>

<P><STRONG><a name="[a7]"></a>BspLedInit</STRONG> (Thumb, 58 bytes, Stack size 24 bytes, bspled.o(i.BspLedInit))
<BR><BR>[Stack]<UL><LI>Max Depth = 112<LI>Call Chain = BspLedInit &rArr; __LedPortInit &rArr; HAL_GPIO_Init
</UL>
<BR>[Calls]<UL><LI><a href="#[8b]">&gt;&gt;</a>&nbsp;&nbsp;&nbsp;BspSimPwmParaReset
<LI><a href="#[c7]">&gt;&gt;</a>&nbsp;&nbsp;&nbsp;__LedPortInit
</UL>
<BR>[Called By]<UL><LI><a href="#[a6]">&gt;&gt;</a>&nbsp;&nbsp;&nbsp;BspInit
</UL>

<P><STRONG><a name="[c8]"></a>BspLedTest</STRONG> (Thumb, 140 bytes, Stack size 16 bytes, bspled.o(i.BspLedTest))
<BR><BR>[Stack]<UL><LI>Max Depth = 48<LI>Call Chain = BspLedTest &rArr; BspLedFlashForceSet &rArr; BspLedFlashSet &rArr; BspSimPwmCall
</UL>
<BR>[Calls]<UL><LI><a href="#[b4]">&gt;&gt;</a>&nbsp;&nbsp;&nbsp;SystemDelay
<LI><a href="#[c5]">&gt;&gt;</a>&nbsp;&nbsp;&nbsp;BspLedFlashForceSet
</UL>
<BR>[Called By]<UL><LI><a href="#[4e]">&gt;&gt;</a>&nbsp;&nbsp;&nbsp;main
</UL>

<P><STRONG><a name="[c9]"></a>BspLoraChSet</STRONG> (Thumb, 12 bytes, Stack size 0 bytes, bsplora.o(i.BspLoraChSet))
<BR><BR>[Stack]<UL><LI>Max Depth = 144<LI>Call Chain = BspLoraChSet &rArr; SX1276SetFreq &rArr; Sx1278Write &rArr; SX1276WriteBuffer &rArr; SpiTransfer &rArr; BspLoraSpITransmit &rArr; HAL_SPI_TransmitReceive &rArr; SPI_EndRxTxTransaction &rArr; SPI_WaitFlagStateUntilTimeout
</UL>
<BR>[Calls]<UL><LI><a href="#[ca]">&gt;&gt;</a>&nbsp;&nbsp;&nbsp;SX1276SetFreq
</UL>
<BR>[Called By]<UL><LI><a href="#[cc]">&gt;&gt;</a>&nbsp;&nbsp;&nbsp;SX1276AppInit
<LI><a href="#[114]">&gt;&gt;</a>&nbsp;&nbsp;&nbsp;RxChainCalibration
</UL>

<P><STRONG><a name="[125]"></a>BspLoraGetFreqByCh</STRONG> (Thumb, 10 bytes, Stack size 0 bytes, sx1276_user.o(i.BspLoraGetFreqByCh))
<BR><BR>[Called By]<UL><LI><a href="#[124]">&gt;&gt;</a>&nbsp;&nbsp;&nbsp;SX1276Send
</UL>

<P><STRONG><a name="[ab]"></a>BspLoraInit</STRONG> (Thumb, 88 bytes, Stack size 8 bytes, bsplora.o(i.BspLoraInit))
<BR><BR>[Stack]<UL><LI>Max Depth = 288<LI>Call Chain = BspLoraInit &rArr; SX1276AppInit &rArr; SX1276SetTxConfig &rArr; Sx1278SetRfTxPower &rArr; Sx1278Write &rArr; SX1276WriteBuffer &rArr; SpiTransfer &rArr; BspLoraSpITransmit &rArr; HAL_SPI_TransmitReceive &rArr; SPI_EndRxTxTransaction &rArr; SPI_WaitFlagStateUntilTimeout
</UL>
<BR>[Calls]<UL><LI><a href="#[9f]">&gt;&gt;</a>&nbsp;&nbsp;&nbsp;_Error_Handler
<LI><a href="#[cc]">&gt;&gt;</a>&nbsp;&nbsp;&nbsp;SX1276AppInit
<LI><a href="#[cb]">&gt;&gt;</a>&nbsp;&nbsp;&nbsp;__LoraPortInit
<LI><a href="#[9e]">&gt;&gt;</a>&nbsp;&nbsp;&nbsp;HAL_SPI_Init
</UL>
<BR>[Called By]<UL><LI><a href="#[a6]">&gt;&gt;</a>&nbsp;&nbsp;&nbsp;BspInit
</UL>

<P><STRONG><a name="[cd]"></a>BspLoraSendPacket</STRONG> (Thumb, 64 bytes, Stack size 16 bytes, bsplora.o(i.BspLoraSendPacket))
<BR><BR>[Stack]<UL><LI>Max Depth = 40<LI>Call Chain = BspLoraSendPacket &rArr; __2printf
</UL>
<BR>[Calls]<UL><LI><a href="#[ce]">&gt;&gt;</a>&nbsp;&nbsp;&nbsp;TaskStart
<LI><a href="#[9c]">&gt;&gt;</a>&nbsp;&nbsp;&nbsp;__aeabi_memcpy
<LI><a href="#[98]">&gt;&gt;</a>&nbsp;&nbsp;&nbsp;__2printf
</UL>
<BR>[Called By]<UL><LI><a href="#[70]">&gt;&gt;</a>&nbsp;&nbsp;&nbsp;__LoraSendProData
<LI><a href="#[b6]">&gt;&gt;</a>&nbsp;&nbsp;&nbsp;HandlerKey
</UL>

<P><STRONG><a name="[cf]"></a>BspLoraSpITransmit</STRONG> (Thumb, 34 bytes, Stack size 16 bytes, bsplora.o(i.BspLoraSpITransmit))
<BR><BR>[Stack]<UL><LI>Max Depth = 96<LI>Call Chain = BspLoraSpITransmit &rArr; HAL_SPI_TransmitReceive &rArr; SPI_EndRxTxTransaction &rArr; SPI_WaitFlagStateUntilTimeout
</UL>
<BR>[Calls]<UL><LI><a href="#[d0]">&gt;&gt;</a>&nbsp;&nbsp;&nbsp;HAL_SPI_TransmitReceive
</UL>
<BR>[Called By]<UL><LI><a href="#[123]">&gt;&gt;</a>&nbsp;&nbsp;&nbsp;SpiTransfer
</UL>

<P><STRONG><a name="[95]"></a>BspSaveData</STRONG> (Thumb, 126 bytes, Stack size 296 bytes, bspdatarecord.o(i.BspSaveData))
<BR><BR>[Stack]<UL><LI>Max Depth = 376<LI>Call Chain = BspSaveData &rArr; BspIntFlashErasePages &rArr; HAL_FLASHEx_Erase &rArr; FLASH_WaitForLastOperation
</UL>
<BR>[Calls]<UL><LI><a href="#[b1]">&gt;&gt;</a>&nbsp;&nbsp;&nbsp;BspIntFlashWrite
<LI><a href="#[9b]">&gt;&gt;</a>&nbsp;&nbsp;&nbsp;BspIntFlashRead
<LI><a href="#[ad]">&gt;&gt;</a>&nbsp;&nbsp;&nbsp;BspIntFlashErasePages
<LI><a href="#[8f]">&gt;&gt;</a>&nbsp;&nbsp;&nbsp;__aeabi_memclr4
<LI><a href="#[9c]">&gt;&gt;</a>&nbsp;&nbsp;&nbsp;__aeabi_memcpy
</UL>
<BR>[Called By]<UL><LI><a href="#[93]">&gt;&gt;</a>&nbsp;&nbsp;&nbsp;BspDataRecordEvent
</UL>

<P><STRONG><a name="[d1]"></a>BspSaveDataV2</STRONG> (Thumb, 126 bytes, Stack size 296 bytes, bspdatarecord.o(i.BspSaveDataV2))
<BR><BR>[Stack]<UL><LI>Max Depth = 376<LI>Call Chain = BspSaveDataV2 &rArr; BspIntFlashErasePages &rArr; HAL_FLASHEx_Erase &rArr; FLASH_WaitForLastOperation
</UL>
<BR>[Calls]<UL><LI><a href="#[b1]">&gt;&gt;</a>&nbsp;&nbsp;&nbsp;BspIntFlashWrite
<LI><a href="#[9b]">&gt;&gt;</a>&nbsp;&nbsp;&nbsp;BspIntFlashRead
<LI><a href="#[ad]">&gt;&gt;</a>&nbsp;&nbsp;&nbsp;BspIntFlashErasePages
<LI><a href="#[8f]">&gt;&gt;</a>&nbsp;&nbsp;&nbsp;__aeabi_memclr4
<LI><a href="#[9c]">&gt;&gt;</a>&nbsp;&nbsp;&nbsp;__aeabi_memcpy
</UL>
<BR>[Called By]<UL><LI><a href="#[d2]">&gt;&gt;</a>&nbsp;&nbsp;&nbsp;BspSaveFirstProgFlag
<LI><a href="#[76]">&gt;&gt;</a>&nbsp;&nbsp;&nbsp;__LoraProAckUpdateLable
</UL>

<P><STRONG><a name="[d2]"></a>BspSaveFirstProgFlag</STRONG> (Thumb, 12 bytes, Stack size 0 bytes, bspdatarecord.o(i.BspSaveFirstProgFlag))
<BR><BR>[Stack]<UL><LI>Max Depth = 376<LI>Call Chain = BspSaveFirstProgFlag &rArr; BspSaveDataV2 &rArr; BspIntFlashErasePages &rArr; HAL_FLASHEx_Erase &rArr; FLASH_WaitForLastOperation
</UL>
<BR>[Calls]<UL><LI><a href="#[d1]">&gt;&gt;</a>&nbsp;&nbsp;&nbsp;BspSaveDataV2
</UL>
<BR>[Called By]<UL><LI><a href="#[10e]">&gt;&gt;</a>&nbsp;&nbsp;&nbsp;OnTxDone
</UL>

<P><STRONG><a name="[89]"></a>BspSimPwmCall</STRONG> (Thumb, 28 bytes, Stack size 8 bytes, bspsimpwm.o(i.BspSimPwmCall))
<BR><BR>[Stack]<UL><LI>Max Depth = 8<LI>Call Chain = BspSimPwmCall
</UL>
<BR>[Called By]<UL><LI><a href="#[c6]">&gt;&gt;</a>&nbsp;&nbsp;&nbsp;BspLedFlashSet
<LI><a href="#[88]">&gt;&gt;</a>&nbsp;&nbsp;&nbsp;BspBuzCall
</UL>

<P><STRONG><a name="[8b]"></a>BspSimPwmParaReset</STRONG> (Thumb, 16 bytes, Stack size 0 bytes, bspsimpwm.o(i.BspSimPwmParaReset))
<BR><BR>[Called By]<UL><LI><a href="#[a7]">&gt;&gt;</a>&nbsp;&nbsp;&nbsp;BspLedInit
<LI><a href="#[8a]">&gt;&gt;</a>&nbsp;&nbsp;&nbsp;BspBuzInit
</UL>

<P><STRONG><a name="[8d]"></a>BspSimPwmRunEvent</STRONG> (Thumb, 124 bytes, Stack size 16 bytes, bspsimpwm.o(i.BspSimPwmRunEvent))
<BR><BR>[Stack]<UL><LI>Max Depth = 16<LI>Call Chain = BspSimPwmRunEvent
</UL>
<BR>[Calls]<UL><LI><a href="#[b4]">&gt;&gt;</a>&nbsp;&nbsp;&nbsp;SystemDelay
<LI><a href="#[ba]">&gt;&gt;</a>&nbsp;&nbsp;&nbsp;ClrPowerEnterTime
</UL>
<BR>[Called By]<UL><LI><a href="#[c4]">&gt;&gt;</a>&nbsp;&nbsp;&nbsp;BspLedEvent
<LI><a href="#[8c]">&gt;&gt;</a>&nbsp;&nbsp;&nbsp;BspBuzRunEvent
</UL>

<P><STRONG><a name="[1c]"></a>BusFault_Handler</STRONG> (Thumb, 2 bytes, Stack size 0 bytes, stm32l1xx_it.o(i.BusFault_Handler))
<BR><BR>[Calls]<UL><LI><a href="#[1c]">&gt;&gt;</a>&nbsp;&nbsp;&nbsp;BusFault_Handler
</UL>
<BR>[Called By]<UL><LI><a href="#[1c]">&gt;&gt;</a>&nbsp;&nbsp;&nbsp;BusFault_Handler
</UL>
<BR>[Address Reference Count : 1]<UL><LI> startup_stm32l151xba.o(RESET)
</UL>
<P><STRONG><a name="[ba]"></a>ClrPowerEnterTime</STRONG> (Thumb, 8 bytes, Stack size 0 bytes, handlerpowermaneg.o(i.ClrPowerEnterTime))
<BR><BR>[Called By]<UL><LI><a href="#[d6]">&gt;&gt;</a>&nbsp;&nbsp;&nbsp;CommLoraRecDatHandler
<LI><a href="#[b9]">&gt;&gt;</a>&nbsp;&nbsp;&nbsp;BspLcdRefreshEvent
<LI><a href="#[8d]">&gt;&gt;</a>&nbsp;&nbsp;&nbsp;BspSimPwmRunEvent
<LI><a href="#[b5]">&gt;&gt;</a>&nbsp;&nbsp;&nbsp;__KeyScan
</UL>

<P><STRONG><a name="[d3]"></a>CommLoraProRecDatDecode</STRONG> (Thumb, 196 bytes, Stack size 288 bytes, commlorapro.o(i.CommLoraProRecDatDecode))
<BR><BR>[Stack]<UL><LI>Max Depth = 304<LI>Call Chain = CommLoraProRecDatDecode &rArr; __LoraProCheckCode
</UL>
<BR>[Calls]<UL><LI><a href="#[d4]">&gt;&gt;</a>&nbsp;&nbsp;&nbsp;__LoraProCheckCode
<LI><a href="#[9c]">&gt;&gt;</a>&nbsp;&nbsp;&nbsp;__aeabi_memcpy
</UL>
<BR>[Called By]<UL><LI><a href="#[d6]">&gt;&gt;</a>&nbsp;&nbsp;&nbsp;CommLoraRecDatHandler
</UL>

<P><STRONG><a name="[d5]"></a>CommLoraReSendEvent</STRONG> (Thumb, 94 bytes, Stack size 8 bytes, commlora.o(i.CommLoraReSendEvent))
<BR><BR>[Stack]<UL><LI>Max Depth = 8<LI>Call Chain = CommLoraReSendEvent
</UL>
<BR>[Calls]<UL><LI><a href="#[b4]">&gt;&gt;</a>&nbsp;&nbsp;&nbsp;SystemDelay
<LI><a href="#[8f]">&gt;&gt;</a>&nbsp;&nbsp;&nbsp;__aeabi_memclr4
</UL>
<BR>[Called By]<UL><LI><a href="#[4e]">&gt;&gt;</a>&nbsp;&nbsp;&nbsp;main
</UL>

<P><STRONG><a name="[d6]"></a>CommLoraRecDatHandler</STRONG> (Thumb, 90 bytes, Stack size 16 bytes, commlora.o(i.CommLoraRecDatHandler))
<BR><BR>[Stack]<UL><LI>Max Depth = 320<LI>Call Chain = CommLoraRecDatHandler &rArr; CommLoraProRecDatDecode &rArr; __LoraProCheckCode
</UL>
<BR>[Calls]<UL><LI><a href="#[ba]">&gt;&gt;</a>&nbsp;&nbsp;&nbsp;ClrPowerEnterTime
<LI><a href="#[d3]">&gt;&gt;</a>&nbsp;&nbsp;&nbsp;CommLoraProRecDatDecode
<LI><a href="#[98]">&gt;&gt;</a>&nbsp;&nbsp;&nbsp;__2printf
</UL>
<BR>[Called By]<UL><LI><a href="#[4e]">&gt;&gt;</a>&nbsp;&nbsp;&nbsp;main
</UL>

<P><STRONG><a name="[1f]"></a>DebugMon_Handler</STRONG> (Thumb, 2 bytes, Stack size 0 bytes, stm32l1xx_it.o(i.DebugMon_Handler))
<BR>[Address Reference Count : 1]<UL><LI> startup_stm32l151xba.o(RESET)
</UL>
<P><STRONG><a name="[be]"></a>EPD_W21_WriteCMD</STRONG> (Thumb, 64 bytes, Stack size 16 bytes, bsplcdwf29.o(i.EPD_W21_WriteCMD))
<BR><BR>[Stack]<UL><LI>Max Depth = 32<LI>Call Chain = EPD_W21_WriteCMD &rArr; __LcdWrByte
</UL>
<BR>[Calls]<UL><LI><a href="#[91]">&gt;&gt;</a>&nbsp;&nbsp;&nbsp;HAL_GPIO_WritePin
<LI><a href="#[bc]">&gt;&gt;</a>&nbsp;&nbsp;&nbsp;__LcdWrByte
</UL>
<BR>[Called By]<UL><LI><a href="#[c]">&gt;&gt;</a>&nbsp;&nbsp;&nbsp;__LcdWfSetPara
<LI><a href="#[10]">&gt;&gt;</a>&nbsp;&nbsp;&nbsp;__LcdWfPowerOff
<LI><a href="#[f]">&gt;&gt;</a>&nbsp;&nbsp;&nbsp;__LcdRefresh
<LI><a href="#[113]">&gt;&gt;</a>&nbsp;&nbsp;&nbsp;lut_GC
<LI><a href="#[112]">&gt;&gt;</a>&nbsp;&nbsp;&nbsp;PIC_display
<LI><a href="#[d8]">&gt;&gt;</a>&nbsp;&nbsp;&nbsp;EPD_refresh
<LI><a href="#[d7]">&gt;&gt;</a>&nbsp;&nbsp;&nbsp;EPD_init
<LI><a href="#[bd]">&gt;&gt;</a>&nbsp;&nbsp;&nbsp;BspLcdWf29ShowPic
</UL>

<P><STRONG><a name="[bf]"></a>EPD_W21_WriteDATA</STRONG> (Thumb, 84 bytes, Stack size 16 bytes, bsplcdwf29.o(i.EPD_W21_WriteDATA))
<BR><BR>[Stack]<UL><LI>Max Depth = 32<LI>Call Chain = EPD_W21_WriteDATA &rArr; __LcdWrByte
</UL>
<BR>[Calls]<UL><LI><a href="#[91]">&gt;&gt;</a>&nbsp;&nbsp;&nbsp;HAL_GPIO_WritePin
<LI><a href="#[bc]">&gt;&gt;</a>&nbsp;&nbsp;&nbsp;__LcdWrByte
</UL>
<BR>[Called By]<UL><LI><a href="#[c]">&gt;&gt;</a>&nbsp;&nbsp;&nbsp;__LcdWfSetPara
<LI><a href="#[10]">&gt;&gt;</a>&nbsp;&nbsp;&nbsp;__LcdWfPowerOff
<LI><a href="#[113]">&gt;&gt;</a>&nbsp;&nbsp;&nbsp;lut_GC
<LI><a href="#[112]">&gt;&gt;</a>&nbsp;&nbsp;&nbsp;PIC_display
<LI><a href="#[d7]">&gt;&gt;</a>&nbsp;&nbsp;&nbsp;EPD_init
<LI><a href="#[bd]">&gt;&gt;</a>&nbsp;&nbsp;&nbsp;BspLcdWf29ShowPic
</UL>

<P><STRONG><a name="[d7]"></a>EPD_init</STRONG> (Thumb, 192 bytes, Stack size 8 bytes, bsplcdwf29.o(i.EPD_init))
<BR><BR>[Stack]<UL><LI>Max Depth = 40<LI>Call Chain = EPD_init &rArr; EPD_W21_WriteDATA &rArr; __LcdWrByte
</UL>
<BR>[Calls]<UL><LI><a href="#[bf]">&gt;&gt;</a>&nbsp;&nbsp;&nbsp;EPD_W21_WriteDATA
<LI><a href="#[be]">&gt;&gt;</a>&nbsp;&nbsp;&nbsp;EPD_W21_WriteCMD
</UL>
<BR>[Called By]<UL><LI><a href="#[b]">&gt;&gt;</a>&nbsp;&nbsp;&nbsp;__LcdWfPwrOn
</UL>

<P><STRONG><a name="[d8]"></a>EPD_refresh</STRONG> (Thumb, 16 bytes, Stack size 8 bytes, bsplcdwf29.o(i.EPD_refresh))
<BR><BR>[Stack]<UL><LI>Max Depth = 40<LI>Call Chain = EPD_refresh &rArr; lcd_chkstatus &rArr; delay &rArr; HAL_Delay
</UL>
<BR>[Calls]<UL><LI><a href="#[d9]">&gt;&gt;</a>&nbsp;&nbsp;&nbsp;lcd_chkstatus
<LI><a href="#[be]">&gt;&gt;</a>&nbsp;&nbsp;&nbsp;EPD_W21_WriteCMD
</UL>
<BR>[Called By]<UL><LI><a href="#[112]">&gt;&gt;</a>&nbsp;&nbsp;&nbsp;PIC_display
</UL>

<P><STRONG><a name="[49]"></a>EXTI15_10_IRQHandler</STRONG> (Thumb, 8 bytes, Stack size 0 bytes, stm32l1xx_it.o(i.EXTI15_10_IRQHandler))
<BR><BR>[Stack]<UL><LI>Max Depth = 48<LI>Call Chain = EXTI15_10_IRQHandler &rArr; HAL_GPIO_EXTI_IRQHandler &rArr; HAL_GPIO_EXTI_Callback &rArr; __2printf
</UL>
<BR>[Calls]<UL><LI><a href="#[da]">&gt;&gt;</a>&nbsp;&nbsp;&nbsp;HAL_GPIO_EXTI_IRQHandler
</UL>
<BR>[Address Reference Count : 1]<UL><LI> startup_stm32l151xba.o(RESET)
</UL>
<P><STRONG><a name="[29]"></a>EXTI1_IRQHandler</STRONG> (Thumb, 6 bytes, Stack size 0 bytes, stm32l1xx_it.o(i.EXTI1_IRQHandler))
<BR><BR>[Stack]<UL><LI>Max Depth = 48<LI>Call Chain = EXTI1_IRQHandler &rArr; HAL_GPIO_EXTI_IRQHandler &rArr; HAL_GPIO_EXTI_Callback &rArr; __2printf
</UL>
<BR>[Calls]<UL><LI><a href="#[da]">&gt;&gt;</a>&nbsp;&nbsp;&nbsp;HAL_GPIO_EXTI_IRQHandler
</UL>
<BR>[Address Reference Count : 1]<UL><LI> startup_stm32l151xba.o(RESET)
</UL>
<P><STRONG><a name="[2a]"></a>EXTI2_IRQHandler</STRONG> (Thumb, 6 bytes, Stack size 0 bytes, stm32l1xx_it.o(i.EXTI2_IRQHandler))
<BR><BR>[Stack]<UL><LI>Max Depth = 48<LI>Call Chain = EXTI2_IRQHandler &rArr; HAL_GPIO_EXTI_IRQHandler &rArr; HAL_GPIO_EXTI_Callback &rArr; __2printf
</UL>
<BR>[Calls]<UL><LI><a href="#[da]">&gt;&gt;</a>&nbsp;&nbsp;&nbsp;HAL_GPIO_EXTI_IRQHandler
</UL>
<BR>[Address Reference Count : 1]<UL><LI> startup_stm32l151xba.o(RESET)
</UL>
<P><STRONG><a name="[39]"></a>EXTI9_5_IRQHandler</STRONG> (Thumb, 8 bytes, Stack size 0 bytes, stm32l1xx_it.o(i.EXTI9_5_IRQHandler))
<BR><BR>[Stack]<UL><LI>Max Depth = 48<LI>Call Chain = EXTI9_5_IRQHandler &rArr; HAL_GPIO_EXTI_IRQHandler &rArr; HAL_GPIO_EXTI_Callback &rArr; __2printf
</UL>
<BR>[Calls]<UL><LI><a href="#[da]">&gt;&gt;</a>&nbsp;&nbsp;&nbsp;HAL_GPIO_EXTI_IRQHandler
</UL>
<BR>[Address Reference Count : 1]<UL><LI> startup_stm32l151xba.o(RESET)
</UL>
<P><STRONG><a name="[146]"></a>EnterLowerPwrWithWup</STRONG> (Thumb, 2 bytes, Stack size 0 bytes, bsprtc.o(i.EnterLowerPwrWithWup))
<BR><BR>[Called By]<UL><LI><a href="#[17]">&gt;&gt;</a>&nbsp;&nbsp;&nbsp;__TimerSleepCb
</UL>

<P><STRONG><a name="[db]"></a>ExitLowerPower</STRONG> (Thumb, 6 bytes, Stack size 0 bytes, handlerpowermaneg.o(i.ExitLowerPower))
<BR><BR>[Stack]<UL><LI>Max Depth = 24<LI>Call Chain = ExitLowerPower &rArr; __2printf
</UL>
<BR>[Calls]<UL><LI><a href="#[98]">&gt;&gt;</a>&nbsp;&nbsp;&nbsp;__2printf
</UL>
<BR>[Called By]<UL><LI><a href="#[ef]">&gt;&gt;</a>&nbsp;&nbsp;&nbsp;LowPower_WakeUp
</UL>

<P><STRONG><a name="[e0]"></a>FLASH_PageErase</STRONG> (Thumb, 32 bytes, Stack size 0 bytes, stm32l1xx_hal_flash_ex.o(i.FLASH_PageErase))
<BR><BR>[Called By]<UL><LI><a href="#[af]">&gt;&gt;</a>&nbsp;&nbsp;&nbsp;HAL_FLASHEx_Erase
</UL>

<P><STRONG><a name="[dc]"></a>FLASH_WaitForLastOperation</STRONG> (Thumb, 86 bytes, Stack size 16 bytes, stm32l1xx_hal_flash.o(i.FLASH_WaitForLastOperation))
<BR><BR>[Stack]<UL><LI>Max Depth = 16<LI>Call Chain = FLASH_WaitForLastOperation
</UL>
<BR>[Calls]<UL><LI><a href="#[de]">&gt;&gt;</a>&nbsp;&nbsp;&nbsp;FLASH_SetErrorCode
<LI><a href="#[dd]">&gt;&gt;</a>&nbsp;&nbsp;&nbsp;HAL_GetTick
</UL>
<BR>[Called By]<UL><LI><a href="#[af]">&gt;&gt;</a>&nbsp;&nbsp;&nbsp;HAL_FLASHEx_Erase
<LI><a href="#[b2]">&gt;&gt;</a>&nbsp;&nbsp;&nbsp;HAL_FLASH_Program
</UL>

<P><STRONG><a name="[105]"></a>GetChByAddr</STRONG> (Thumb, 6 bytes, Stack size 0 bytes, commlora.o(i.GetChByAddr))
<BR><BR>[Called By]<UL><LI><a href="#[76]">&gt;&gt;</a>&nbsp;&nbsp;&nbsp;__LoraProAckUpdateLable
<LI><a href="#[74]">&gt;&gt;</a>&nbsp;&nbsp;&nbsp;__LoraProAckSetLablePara
<LI><a href="#[71]">&gt;&gt;</a>&nbsp;&nbsp;&nbsp;__LoraProAckInqLableInfor
<LI><a href="#[75]">&gt;&gt;</a>&nbsp;&nbsp;&nbsp;__LoraProAckCtrlLableDis
<LI><a href="#[72]">&gt;&gt;</a>&nbsp;&nbsp;&nbsp;__LoraProAckCtrlLable
<LI><a href="#[73]">&gt;&gt;</a>&nbsp;&nbsp;&nbsp;__LoraProAckClrLableLED
<LI><a href="#[142]">&gt;&gt;</a>&nbsp;&nbsp;&nbsp;__LoraAckNetSendPacket
<LI><a href="#[b6]">&gt;&gt;</a>&nbsp;&nbsp;&nbsp;HandlerKey
</UL>

<P><STRONG><a name="[df]"></a>HAL_Delay</STRONG> (Thumb, 32 bytes, Stack size 16 bytes, stm32l1xx_hal.o(i.HAL_Delay))
<BR><BR>[Stack]<UL><LI>Max Depth = 16<LI>Call Chain = HAL_Delay
</UL>
<BR>[Calls]<UL><LI><a href="#[dd]">&gt;&gt;</a>&nbsp;&nbsp;&nbsp;HAL_GetTick
</UL>
<BR>[Called By]<UL><LI><a href="#[127]">&gt;&gt;</a>&nbsp;&nbsp;&nbsp;delay
</UL>

<P><STRONG><a name="[af]"></a>HAL_FLASHEx_Erase</STRONG> (Thumb, 114 bytes, Stack size 32 bytes, stm32l1xx_hal_flash_ex.o(i.HAL_FLASHEx_Erase))
<BR><BR>[Stack]<UL><LI>Max Depth = 48<LI>Call Chain = HAL_FLASHEx_Erase &rArr; FLASH_WaitForLastOperation
</UL>
<BR>[Calls]<UL><LI><a href="#[e0]">&gt;&gt;</a>&nbsp;&nbsp;&nbsp;FLASH_PageErase
<LI><a href="#[dc]">&gt;&gt;</a>&nbsp;&nbsp;&nbsp;FLASH_WaitForLastOperation
</UL>
<BR>[Called By]<UL><LI><a href="#[ad]">&gt;&gt;</a>&nbsp;&nbsp;&nbsp;BspIntFlashErasePages
</UL>

<P><STRONG><a name="[b0]"></a>HAL_FLASH_Lock</STRONG> (Thumb, 14 bytes, Stack size 0 bytes, stm32l1xx_hal_flash.o(i.HAL_FLASH_Lock))
<BR><BR>[Called By]<UL><LI><a href="#[b1]">&gt;&gt;</a>&nbsp;&nbsp;&nbsp;BspIntFlashWrite
<LI><a href="#[ad]">&gt;&gt;</a>&nbsp;&nbsp;&nbsp;BspIntFlashErasePages
</UL>

<P><STRONG><a name="[b2]"></a>HAL_FLASH_Program</STRONG> (Thumb, 56 bytes, Stack size 24 bytes, stm32l1xx_hal_flash.o(i.HAL_FLASH_Program))
<BR><BR>[Stack]<UL><LI>Max Depth = 40<LI>Call Chain = HAL_FLASH_Program &rArr; FLASH_WaitForLastOperation
</UL>
<BR>[Calls]<UL><LI><a href="#[dc]">&gt;&gt;</a>&nbsp;&nbsp;&nbsp;FLASH_WaitForLastOperation
</UL>
<BR>[Called By]<UL><LI><a href="#[b1]">&gt;&gt;</a>&nbsp;&nbsp;&nbsp;BspIntFlashWrite
</UL>

<P><STRONG><a name="[ae]"></a>HAL_FLASH_Unlock</STRONG> (Thumb, 58 bytes, Stack size 0 bytes, stm32l1xx_hal_flash.o(i.HAL_FLASH_Unlock))
<BR><BR>[Called By]<UL><LI><a href="#[b1]">&gt;&gt;</a>&nbsp;&nbsp;&nbsp;BspIntFlashWrite
<LI><a href="#[ad]">&gt;&gt;</a>&nbsp;&nbsp;&nbsp;BspIntFlashErasePages
</UL>

<P><STRONG><a name="[f3]"></a>HAL_GPIO_DeInit</STRONG> (Thumb, 214 bytes, Stack size 36 bytes, stm32l1xx_hal_gpio.o(i.HAL_GPIO_DeInit))
<BR><BR>[Stack]<UL><LI>Max Depth = 36<LI>Call Chain = HAL_GPIO_DeInit
</UL>
<BR>[Called By]<UL><LI><a href="#[fa]">&gt;&gt;</a>&nbsp;&nbsp;&nbsp;HAL_TIM_PWM_MspDeInit
<LI><a href="#[f1]">&gt;&gt;</a>&nbsp;&nbsp;&nbsp;HAL_SPI_MspDeInit
</UL>

<P><STRONG><a name="[e1]"></a>HAL_GPIO_EXTI_Callback</STRONG> (Thumb, 40 bytes, Stack size 16 bytes, stm32l1xx_it.o(i.HAL_GPIO_EXTI_Callback))
<BR><BR>[Stack]<UL><LI>Max Depth = 40<LI>Call Chain = HAL_GPIO_EXTI_Callback &rArr; __2printf
</UL>
<BR>[Calls]<UL><LI><a href="#[98]">&gt;&gt;</a>&nbsp;&nbsp;&nbsp;__2printf
</UL>
<BR>[Called By]<UL><LI><a href="#[da]">&gt;&gt;</a>&nbsp;&nbsp;&nbsp;HAL_GPIO_EXTI_IRQHandler
</UL>

<P><STRONG><a name="[da]"></a>HAL_GPIO_EXTI_IRQHandler</STRONG> (Thumb, 18 bytes, Stack size 8 bytes, stm32l1xx_hal_gpio.o(i.HAL_GPIO_EXTI_IRQHandler))
<BR><BR>[Stack]<UL><LI>Max Depth = 48<LI>Call Chain = HAL_GPIO_EXTI_IRQHandler &rArr; HAL_GPIO_EXTI_Callback &rArr; __2printf
</UL>
<BR>[Calls]<UL><LI><a href="#[e1]">&gt;&gt;</a>&nbsp;&nbsp;&nbsp;HAL_GPIO_EXTI_Callback
</UL>
<BR>[Called By]<UL><LI><a href="#[39]">&gt;&gt;</a>&nbsp;&nbsp;&nbsp;EXTI9_5_IRQHandler
<LI><a href="#[2a]">&gt;&gt;</a>&nbsp;&nbsp;&nbsp;EXTI2_IRQHandler
<LI><a href="#[29]">&gt;&gt;</a>&nbsp;&nbsp;&nbsp;EXTI1_IRQHandler
<LI><a href="#[49]">&gt;&gt;</a>&nbsp;&nbsp;&nbsp;EXTI15_10_IRQHandler
</UL>

<P><STRONG><a name="[92]"></a>HAL_GPIO_Init</STRONG> (Thumb, 370 bytes, Stack size 40 bytes, stm32l1xx_hal_gpio.o(i.HAL_GPIO_Init))
<BR><BR>[Stack]<UL><LI>Max Depth = 40<LI>Call Chain = HAL_GPIO_Init
</UL>
<BR>[Called By]<UL><LI><a href="#[100]">&gt;&gt;</a>&nbsp;&nbsp;&nbsp;HAL_UART_MspInit
<LI><a href="#[fc]">&gt;&gt;</a>&nbsp;&nbsp;&nbsp;HAL_TIM_PWM_MspInit
<LI><a href="#[f2]">&gt;&gt;</a>&nbsp;&nbsp;&nbsp;HAL_SPI_MspInit
<LI><a href="#[cb]">&gt;&gt;</a>&nbsp;&nbsp;&nbsp;__LoraPortInit
<LI><a href="#[c7]">&gt;&gt;</a>&nbsp;&nbsp;&nbsp;__LedPortInit
<LI><a href="#[a8]">&gt;&gt;</a>&nbsp;&nbsp;&nbsp;BspLcdWf29Init
<LI><a href="#[aa]">&gt;&gt;</a>&nbsp;&nbsp;&nbsp;BspKeyInit
<LI><a href="#[a0]">&gt;&gt;</a>&nbsp;&nbsp;&nbsp;BspGt21l16S2wSleep
<LI><a href="#[9d]">&gt;&gt;</a>&nbsp;&nbsp;&nbsp;BspGt21l16S2wInit
<LI><a href="#[ac]">&gt;&gt;</a>&nbsp;&nbsp;&nbsp;__IdlePinInit
<LI><a href="#[8e]">&gt;&gt;</a>&nbsp;&nbsp;&nbsp;BspBuzSleep
</UL>

<P><STRONG><a name="[141]"></a>HAL_GPIO_ReadPin</STRONG> (Thumb, 10 bytes, Stack size 0 bytes, stm32l1xx_hal_gpio.o(i.HAL_GPIO_ReadPin))
<BR><BR>[Called By]<UL><LI><a href="#[9]">&gt;&gt;</a>&nbsp;&nbsp;&nbsp;__LcdWfGetSta
<LI><a href="#[b5]">&gt;&gt;</a>&nbsp;&nbsp;&nbsp;__KeyScan
<LI><a href="#[d9]">&gt;&gt;</a>&nbsp;&nbsp;&nbsp;lcd_chkstatus
</UL>

<P><STRONG><a name="[91]"></a>HAL_GPIO_WritePin</STRONG> (Thumb, 10 bytes, Stack size 0 bytes, stm32l1xx_hal_gpio.o(i.HAL_GPIO_WritePin))
<BR><BR>[Called By]<UL><LI><a href="#[bc]">&gt;&gt;</a>&nbsp;&nbsp;&nbsp;__LcdWrByte
<LI><a href="#[6]">&gt;&gt;</a>&nbsp;&nbsp;&nbsp;__LcdWfResetLowForReady
<LI><a href="#[8]">&gt;&gt;</a>&nbsp;&nbsp;&nbsp;__LcdWfResetHighForReady
<LI><a href="#[cb]">&gt;&gt;</a>&nbsp;&nbsp;&nbsp;__LoraPortInit
<LI><a href="#[c7]">&gt;&gt;</a>&nbsp;&nbsp;&nbsp;__LedPortInit
<LI><a href="#[2]">&gt;&gt;</a>&nbsp;&nbsp;&nbsp;__LedMid3OutLow
<LI><a href="#[5]">&gt;&gt;</a>&nbsp;&nbsp;&nbsp;__LedMid3OutHigh
<LI><a href="#[1]">&gt;&gt;</a>&nbsp;&nbsp;&nbsp;__LedMid2OutLow
<LI><a href="#[4]">&gt;&gt;</a>&nbsp;&nbsp;&nbsp;__LedMid2OutHigh
<LI><a href="#[0]">&gt;&gt;</a>&nbsp;&nbsp;&nbsp;__LedMid1OutLow
<LI><a href="#[3]">&gt;&gt;</a>&nbsp;&nbsp;&nbsp;__LedMid1OutHigh
<LI><a href="#[a8]">&gt;&gt;</a>&nbsp;&nbsp;&nbsp;BspLcdWf29Init
<LI><a href="#[a0]">&gt;&gt;</a>&nbsp;&nbsp;&nbsp;BspGt21l16S2wSleep
<LI><a href="#[9d]">&gt;&gt;</a>&nbsp;&nbsp;&nbsp;BspGt21l16S2wInit
<LI><a href="#[ac]">&gt;&gt;</a>&nbsp;&nbsp;&nbsp;__IdlePinInit
<LI><a href="#[61]">&gt;&gt;</a>&nbsp;&nbsp;&nbsp;__Idle9GpioOutLow
<LI><a href="#[5f]">&gt;&gt;</a>&nbsp;&nbsp;&nbsp;__Idle8GpioOutLow
<LI><a href="#[5d]">&gt;&gt;</a>&nbsp;&nbsp;&nbsp;__Idle4GpioOutLow
<LI><a href="#[5b]">&gt;&gt;</a>&nbsp;&nbsp;&nbsp;__Idle3GpioOutLow
<LI><a href="#[59]">&gt;&gt;</a>&nbsp;&nbsp;&nbsp;__Idle2GpioOutLow
<LI><a href="#[57]">&gt;&gt;</a>&nbsp;&nbsp;&nbsp;__Idle1GpioOutLow
<LI><a href="#[63]">&gt;&gt;</a>&nbsp;&nbsp;&nbsp;__Idle10GpioOutLow
<LI><a href="#[8e]">&gt;&gt;</a>&nbsp;&nbsp;&nbsp;BspBuzSleep
<LI><a href="#[a2]">&gt;&gt;</a>&nbsp;&nbsp;&nbsp;__ZkGtReadBytes
<LI><a href="#[bf]">&gt;&gt;</a>&nbsp;&nbsp;&nbsp;EPD_W21_WriteDATA
<LI><a href="#[be]">&gt;&gt;</a>&nbsp;&nbsp;&nbsp;EPD_W21_WriteCMD
<LI><a href="#[bb]">&gt;&gt;</a>&nbsp;&nbsp;&nbsp;BspLcdWf29Clr
<LI><a href="#[11d]">&gt;&gt;</a>&nbsp;&nbsp;&nbsp;SX1276SetReset
<LI><a href="#[131]">&gt;&gt;</a>&nbsp;&nbsp;&nbsp;SX1276WriteBuffer
<LI><a href="#[122]">&gt;&gt;</a>&nbsp;&nbsp;&nbsp;SX1276ReadBuffer
</UL>

<P><STRONG><a name="[dd]"></a>HAL_GetTick</STRONG> (Thumb, 6 bytes, Stack size 0 bytes, stm32l1xx_hal.o(i.HAL_GetTick))
<BR><BR>[Called By]<UL><LI><a href="#[eb]">&gt;&gt;</a>&nbsp;&nbsp;&nbsp;HAL_RCC_OscConfig
<LI><a href="#[e9]">&gt;&gt;</a>&nbsp;&nbsp;&nbsp;HAL_RCC_ClockConfig
<LI><a href="#[e8]">&gt;&gt;</a>&nbsp;&nbsp;&nbsp;HAL_RCCEx_PeriphCLKConfig
<LI><a href="#[dc]">&gt;&gt;</a>&nbsp;&nbsp;&nbsp;FLASH_WaitForLastOperation
<LI><a href="#[df]">&gt;&gt;</a>&nbsp;&nbsp;&nbsp;HAL_Delay
<LI><a href="#[ed]">&gt;&gt;</a>&nbsp;&nbsp;&nbsp;HAL_RTCEx_DeactivateWakeUpTimer
<LI><a href="#[d0]">&gt;&gt;</a>&nbsp;&nbsp;&nbsp;HAL_SPI_TransmitReceive
<LI><a href="#[116]">&gt;&gt;</a>&nbsp;&nbsp;&nbsp;SPI_WaitFlagStateUntilTimeout
<LI><a href="#[16]">&gt;&gt;</a>&nbsp;&nbsp;&nbsp;__TaskSendTraceCb
</UL>

<P><STRONG><a name="[137]"></a>HAL_IncTick</STRONG> (Thumb, 12 bytes, Stack size 0 bytes, stm32l1xx_hal.o(i.HAL_IncTick))
<BR><BR>[Called By]<UL><LI><a href="#[21]">&gt;&gt;</a>&nbsp;&nbsp;&nbsp;SysTick_Handler
</UL>

<P><STRONG><a name="[e2]"></a>HAL_Init</STRONG> (Thumb, 30 bytes, Stack size 8 bytes, stm32l1xx_hal.o(i.HAL_Init))
<BR><BR>[Stack]<UL><LI>Max Depth = 40<LI>Call Chain = HAL_Init &rArr; HAL_InitTick &rArr; HAL_NVIC_SetPriority
</UL>
<BR>[Calls]<UL><LI><a href="#[e5]">&gt;&gt;</a>&nbsp;&nbsp;&nbsp;HAL_MspInit
<LI><a href="#[e4]">&gt;&gt;</a>&nbsp;&nbsp;&nbsp;HAL_InitTick
<LI><a href="#[e3]">&gt;&gt;</a>&nbsp;&nbsp;&nbsp;HAL_NVIC_SetPriorityGrouping
</UL>
<BR>[Called By]<UL><LI><a href="#[4e]">&gt;&gt;</a>&nbsp;&nbsp;&nbsp;main
</UL>

<P><STRONG><a name="[e4]"></a>HAL_InitTick</STRONG> (Thumb, 58 bytes, Stack size 16 bytes, stm32l1xx_hal.o(i.HAL_InitTick))
<BR><BR>[Stack]<UL><LI>Max Depth = 32<LI>Call Chain = HAL_InitTick &rArr; HAL_NVIC_SetPriority
</UL>
<BR>[Calls]<UL><LI><a href="#[b7]">&gt;&gt;</a>&nbsp;&nbsp;&nbsp;HAL_NVIC_SetPriority
<LI><a href="#[e6]">&gt;&gt;</a>&nbsp;&nbsp;&nbsp;HAL_SYSTICK_Config
</UL>
<BR>[Called By]<UL><LI><a href="#[eb]">&gt;&gt;</a>&nbsp;&nbsp;&nbsp;HAL_RCC_OscConfig
<LI><a href="#[e9]">&gt;&gt;</a>&nbsp;&nbsp;&nbsp;HAL_RCC_ClockConfig
<LI><a href="#[e2]">&gt;&gt;</a>&nbsp;&nbsp;&nbsp;HAL_Init
</UL>

<P><STRONG><a name="[e5]"></a>HAL_MspInit</STRONG> (Thumb, 56 bytes, Stack size 8 bytes, stm32l1xx_hal_msp.o(i.HAL_MspInit))
<BR><BR>[Stack]<UL><LI>Max Depth = 8<LI>Call Chain = HAL_MspInit
</UL>
<BR>[Called By]<UL><LI><a href="#[e2]">&gt;&gt;</a>&nbsp;&nbsp;&nbsp;HAL_Init
</UL>

<P><STRONG><a name="[b8]"></a>HAL_NVIC_EnableIRQ</STRONG> (Thumb, 26 bytes, Stack size 0 bytes, stm32l1xx_hal_cortex.o(i.HAL_NVIC_EnableIRQ))
<BR><BR>[Called By]<UL><LI><a href="#[cb]">&gt;&gt;</a>&nbsp;&nbsp;&nbsp;__LoraPortInit
<LI><a href="#[aa]">&gt;&gt;</a>&nbsp;&nbsp;&nbsp;BspKeyInit
</UL>

<P><STRONG><a name="[b7]"></a>HAL_NVIC_SetPriority</STRONG> (Thumb, 60 bytes, Stack size 16 bytes, stm32l1xx_hal_cortex.o(i.HAL_NVIC_SetPriority))
<BR><BR>[Stack]<UL><LI>Max Depth = 16<LI>Call Chain = HAL_NVIC_SetPriority
</UL>
<BR>[Calls]<UL><LI><a href="#[e7]">&gt;&gt;</a>&nbsp;&nbsp;&nbsp;__NVIC_SetPriority
</UL>
<BR>[Called By]<UL><LI><a href="#[e4]">&gt;&gt;</a>&nbsp;&nbsp;&nbsp;HAL_InitTick
<LI><a href="#[cb]">&gt;&gt;</a>&nbsp;&nbsp;&nbsp;__LoraPortInit
<LI><a href="#[aa]">&gt;&gt;</a>&nbsp;&nbsp;&nbsp;BspKeyInit
</UL>

<P><STRONG><a name="[e3]"></a>HAL_NVIC_SetPriorityGrouping</STRONG> (Thumb, 26 bytes, Stack size 0 bytes, stm32l1xx_hal_cortex.o(i.HAL_NVIC_SetPriorityGrouping))
<BR><BR>[Called By]<UL><LI><a href="#[e2]">&gt;&gt;</a>&nbsp;&nbsp;&nbsp;HAL_Init
</UL>

<P><STRONG><a name="[e8]"></a>HAL_RCCEx_PeriphCLKConfig</STRONG> (Thumb, 286 bytes, Stack size 40 bytes, stm32l1xx_hal_rcc_ex.o(i.HAL_RCCEx_PeriphCLKConfig))
<BR><BR>[Stack]<UL><LI>Max Depth = 40<LI>Call Chain = HAL_RCCEx_PeriphCLKConfig
</UL>
[...]
</UL>
<BR>[Address Reference Count : 1]<UL><LI> bsplcdwf29.o(.data)
</UL>
<P><STRONG><a name="[10]"></a>__LcdWfPowerOff</STRONG> (Thumb, 30 bytes, Stack size 8 bytes, bsplcdwf29.o(i.__LcdWfPowerOff))
<BR><BR>[Stack]<UL><LI>Max Depth = 40<LI>Call Chain = __LcdWfPowerOff &rArr; EPD_W21_WriteDATA &rArr; __LcdWrByte
</UL>
<BR>[Calls]<UL><LI><a href="#[127]">&gt;&gt;</a>&nbsp;&nbsp;&nbsp;delay
<LI><a href="#[bf]">&gt;&gt;</a>&nbsp;&nbsp;&nbsp;EPD_W21_WriteDATA
<LI><a href="#[be]">&gt;&gt;</a>&nbsp;&nbsp;&nbsp;EPD_W21_WriteCMD
</UL>
<BR>[Address Reference Count : 1]<UL><LI> bsplcdwf29.o(.data)
</UL>
<P><STRONG><a name="[b]"></a>__LcdWfPwrOn</STRONG> (Thumb, 28 bytes, Stack size 8 bytes, bsplcdwf29.o(i.__LcdWfPwrOn))
<BR><BR>[Stack]<UL><LI>Max Depth = 72<LI>Call Chain = __LcdWfPwrOn &rArr; PIC_display &rArr; lut_GC &rArr; EPD_W21_WriteDATA &rArr; __LcdWrByte
</UL>
<BR>[Calls]<UL><LI><a href="#[127]">&gt;&gt;</a>&nbsp;&nbsp;&nbsp;delay
<LI><a href="#[112]">&gt;&gt;</a>&nbsp;&nbsp;&nbsp;PIC_display
<LI><a href="#[d7]">&gt;&gt;</a>&nbsp;&nbsp;&nbsp;EPD_init
</UL>
<BR>[Address Reference Count : 1]<UL><LI> bsplcdwf29.o(.data)
</UL>
<P><STRONG><a name="[7]"></a>__LcdWfResetDelayForReady</STRONG> (Thumb, 42 bytes, Stack size 8 bytes, bsplcdwf29.o(i.__LcdWfResetDelayForReady))
<BR><BR>[Stack]<UL><LI>Max Depth = 8<LI>Call Chain = __LcdWfResetDelayForReady
</UL>
<BR>[Calls]<UL><LI><a href="#[b4]">&gt;&gt;</a>&nbsp;&nbsp;&nbsp;SystemDelay
</UL>
<BR>[Address Reference Count : 1]<UL><LI> bsplcdwf29.o(.data)
</UL>
<P><STRONG><a name="[8]"></a>__LcdWfResetHighForReady</STRONG> (Thumb, 28 bytes, Stack size 8 bytes, bsplcdwf29.o(i.__LcdWfResetHighForReady))
<BR><BR>[Stack]<UL><LI>Max Depth = 24<LI>Call Chain = __LcdWfResetHighForReady &rArr; delay &rArr; HAL_Delay
</UL>
<BR>[Calls]<UL><LI><a href="#[91]">&gt;&gt;</a>&nbsp;&nbsp;&nbsp;HAL_GPIO_WritePin
<LI><a href="#[127]">&gt;&gt;</a>&nbsp;&nbsp;&nbsp;delay
</UL>
<BR>[Address Reference Count : 1]<UL><LI> bsplcdwf29.o(.data)
</UL>
<P><STRONG><a name="[6]"></a>__LcdWfResetLowForReady</STRONG> (Thumb, 30 bytes, Stack size 8 bytes, bsplcdwf29.o(i.__LcdWfResetLowForReady))
<BR><BR>[Stack]<UL><LI>Max Depth = 24<LI>Call Chain = __LcdWfResetLowForReady &rArr; delay &rArr; HAL_Delay
</UL>
<BR>[Calls]<UL><LI><a href="#[91]">&gt;&gt;</a>&nbsp;&nbsp;&nbsp;HAL_GPIO_WritePin
<LI><a href="#[127]">&gt;&gt;</a>&nbsp;&nbsp;&nbsp;delay
</UL>
<BR>[Address Reference Count : 1]<UL><LI> bsplcdwf29.o(.data)
</UL>
<P><STRONG><a name="[c]"></a>__LcdWfSetPara</STRONG> (Thumb, 42 bytes, Stack size 8 bytes, bsplcdwf29.o(i.__LcdWfSetPara))
<BR><BR>[Stack]<UL><LI>Max Depth = 40<LI>Call Chain = __LcdWfSetPara &rArr; EPD_W21_WriteDATA &rArr; __LcdWrByte
</UL>
<BR>[Calls]<UL><LI><a href="#[bf]">&gt;&gt;</a>&nbsp;&nbsp;&nbsp;EPD_W21_WriteDATA
<LI><a href="#[be]">&gt;&gt;</a>&nbsp;&nbsp;&nbsp;EPD_W21_WriteCMD
</UL>
<BR>[Address Reference Count : 1]<UL><LI> bsplcdwf29.o(.data)
</UL>
<P><STRONG><a name="[d]"></a>__LcdWfShowPic_1</STRONG> (Thumb, 18 bytes, Stack size 8 bytes, bsplcdwf29.o(i.__LcdWfShowPic_1))
<BR><BR>[Stack]<UL><LI>Max Depth = 64<LI>Call Chain = __LcdWfShowPic_1 &rArr; BspLcdWf29ShowPic &rArr; EPD_W21_WriteDATA &rArr; __LcdWrByte
</UL>
<BR>[Calls]<UL><LI><a href="#[bd]">&gt;&gt;</a>&nbsp;&nbsp;&nbsp;BspLcdWf29ShowPic
</UL>
<BR>[Address Reference Count : 1]<UL><LI> bsplcdwf29.o(.data)
</UL>
<P><STRONG><a name="[e]"></a>__LcdWfShowPic_2</STRONG> (Thumb, 22 bytes, Stack size 8 bytes, bsplcdwf29.o(i.__LcdWfShowPic_2))
<BR><BR>[Stack]<UL><LI>Max Depth = 56<LI>Call Chain = __LcdWfShowPic_2 &rArr; lut_GC &rArr; EPD_W21_WriteDATA &rArr; __LcdWrByte
</UL>
<BR>[Calls]<UL><LI><a href="#[127]">&gt;&gt;</a>&nbsp;&nbsp;&nbsp;delay
<LI><a href="#[113]">&gt;&gt;</a>&nbsp;&nbsp;&nbsp;lut_GC
</UL>
<BR>[Address Reference Count : 1]<UL><LI> bsplcdwf29.o(.data)
</UL>
<P><STRONG><a name="[bc]"></a>__LcdWrByte</STRONG> (Thumb, 72 bytes, Stack size 16 bytes, bsplcdwf29.o(i.__LcdWrByte))
<BR><BR>[Stack]<UL><LI>Max Depth = 16<LI>Call Chain = __LcdWrByte
</UL>
<BR>[Calls]<UL><LI><a href="#[91]">&gt;&gt;</a>&nbsp;&nbsp;&nbsp;HAL_GPIO_WritePin
</UL>
<BR>[Called By]<UL><LI><a href="#[bf]">&gt;&gt;</a>&nbsp;&nbsp;&nbsp;EPD_W21_WriteDATA
<LI><a href="#[be]">&gt;&gt;</a>&nbsp;&nbsp;&nbsp;EPD_W21_WriteCMD
<LI><a href="#[bb]">&gt;&gt;</a>&nbsp;&nbsp;&nbsp;BspLcdWf29Clr
</UL>

<P><STRONG><a name="[b5]"></a>__KeyScan</STRONG> (Thumb, 110 bytes, Stack size 16 bytes, bspkey.o(i.__KeyScan))
<BR><BR>[Stack]<UL><LI>Max Depth = 16<LI>Call Chain = __KeyScan
</UL>
<BR>[Calls]<UL><LI><a href="#[141]">&gt;&gt;</a>&nbsp;&nbsp;&nbsp;HAL_GPIO_ReadPin
<LI><a href="#[ba]">&gt;&gt;</a>&nbsp;&nbsp;&nbsp;ClrPowerEnterTime
</UL>
<BR>[Called By]<UL><LI><a href="#[b3]">&gt;&gt;</a>&nbsp;&nbsp;&nbsp;BspKeyEvent
</UL>

<P><STRONG><a name="[a3]"></a>__Gb2312Hz11x12GetAddr</STRONG> (Thumb, 98 bytes, Stack size 12 bytes, bspgt21l16s2w.o(i.__Gb2312Hz11x12GetAddr))
<BR><BR>[Stack]<UL><LI>Max Depth = 12<LI>Call Chain = __Gb2312Hz11x12GetAddr
</UL>
<BR>[Called By]<UL><LI><a href="#[67]">&gt;&gt;</a>&nbsp;&nbsp;&nbsp;BspGtGetHz11x12Image
</UL>

<P><STRONG><a name="[a2]"></a>__ZkGtReadBytes</STRONG> (Thumb, 98 bytes, Stack size 32 bytes, bspgt21l16s2w.o(i.__ZkGtReadBytes))
<BR><BR>[Stack]<UL><LI>Max Depth = 128<LI>Call Chain = __ZkGtReadBytes &rArr; __ZkGtReadWriteByte &rArr; HAL_SPI_TransmitReceive &rArr; SPI_EndRxTxTransaction &rArr; SPI_WaitFlagStateUntilTimeout
</UL>
<BR>[Calls]<UL><LI><a href="#[91]">&gt;&gt;</a>&nbsp;&nbsp;&nbsp;HAL_GPIO_WritePin
<LI><a href="#[147]">&gt;&gt;</a>&nbsp;&nbsp;&nbsp;__ZkGtReadWriteByte
</UL>
<BR>[Called By]<UL><LI><a href="#[6a]">&gt;&gt;</a>&nbsp;&nbsp;&nbsp;BspGtGetHz8x16Image
<LI><a href="#[69]">&gt;&gt;</a>&nbsp;&nbsp;&nbsp;BspGtGetHz6x12Image
<LI><a href="#[68]">&gt;&gt;</a>&nbsp;&nbsp;&nbsp;BspGtGetHz15x16Image
<LI><a href="#[67]">&gt;&gt;</a>&nbsp;&nbsp;&nbsp;BspGtGetHz11x12Image
<LI><a href="#[6e]">&gt;&gt;</a>&nbsp;&nbsp;&nbsp;BspGtGetAsc8x16Image
<LI><a href="#[6c]">&gt;&gt;</a>&nbsp;&nbsp;&nbsp;BspGtGetAsc7x8Image
<LI><a href="#[6d]">&gt;&gt;</a>&nbsp;&nbsp;&nbsp;BspGtGetAsc6x12Image
<LI><a href="#[6b]">&gt;&gt;</a>&nbsp;&nbsp;&nbsp;BspGtGetAsc5x7Image
</UL>

<P><STRONG><a name="[147]"></a>__ZkGtReadWriteByte</STRONG> (Thumb, 28 bytes, Stack size 16 bytes, bspgt21l16s2w.o(i.__ZkGtReadWriteByte))
<BR><BR>[Stack]<UL><LI>Max Depth = 96<LI>Call Chain = __ZkGtReadWriteByte &rArr; HAL_SPI_TransmitReceive &rArr; SPI_EndRxTxTransaction &rArr; SPI_WaitFlagStateUntilTimeout
</UL>
<BR>[Calls]<UL><LI><a href="#[d0]">&gt;&gt;</a>&nbsp;&nbsp;&nbsp;HAL_SPI_TransmitReceive
</UL>
<BR>[Called By]<UL><LI><a href="#[a2]">&gt;&gt;</a>&nbsp;&nbsp;&nbsp;__ZkGtReadBytes
</UL>

<P><STRONG><a name="[13e]"></a>__BuzCtrl</STRONG> (Thumb, 40 bytes, Stack size 8 bytes, bspbuz.o(i.__BuzCtrl))
<BR><BR>[Stack]<UL><LI>Max Depth = 96<LI>Call Chain = __BuzCtrl &rArr; BspBuzAwake &rArr; __BuzPwmInit &rArr; HAL_TIM_PWM_Init &rArr; HAL_TIM_PWM_MspInit &rArr; HAL_GPIO_Init
</UL>
<BR>[Calls]<UL><LI><a href="#[fe]">&gt;&gt;</a>&nbsp;&nbsp;&nbsp;HAL_TIM_PWM_Start
<LI><a href="#[8e]">&gt;&gt;</a>&nbsp;&nbsp;&nbsp;BspBuzSleep
<LI><a href="#[86]">&gt;&gt;</a>&nbsp;&nbsp;&nbsp;BspBuzAwake
</UL>
<BR>[Called By]<UL><LI><a href="#[51]">&gt;&gt;</a>&nbsp;&nbsp;&nbsp;__BuzOn
<LI><a href="#[52]">&gt;&gt;</a>&nbsp;&nbsp;&nbsp;__BuzOff
</UL>

<P><STRONG><a name="[52]"></a>__BuzOff</STRONG> (Thumb, 6 bytes, Stack size 0 bytes, bspbuz.o(i.__BuzOff))
<BR><BR>[Stack]<UL><LI>Max Depth = 96<LI>Call Chain = __BuzOff &rArr; __BuzCtrl &rArr; BspBuzAwake &rArr; __BuzPwmInit &rArr; HAL_TIM_PWM_Init &rArr; HAL_TIM_PWM_MspInit &rArr; HAL_GPIO_Init
</UL>
<BR>[Calls]<UL><LI><a href="#[13e]">&gt;&gt;</a>&nbsp;&nbsp;&nbsp;__BuzCtrl
</UL>
<BR>[Address Reference Count : 1]<UL><LI> bspbuz.o(i.BspBuzInit)
</UL>
<P><STRONG><a name="[51]"></a>__BuzOn</STRONG> (Thumb, 6 bytes, Stack size 0 bytes, bspbuz.o(i.__BuzOn))
<BR><BR>[Stack]<UL><LI>Max Depth = 96<LI>Call Chain = __BuzOn &rArr; __BuzCtrl &rArr; BspBuzAwake &rArr; __BuzPwmInit &rArr; HAL_TIM_PWM_Init &rArr; HAL_TIM_PWM_MspInit &rArr; HAL_GPIO_Init
</UL>
<BR>[Calls]<UL><LI><a href="#[13e]">&gt;&gt;</a>&nbsp;&nbsp;&nbsp;__BuzCtrl
</UL>
<BR>[Address Reference Count : 1]<UL><LI> bspbuz.o(i.BspBuzInit)
</UL>
<P><STRONG><a name="[87]"></a>__BuzPwmInit</STRONG> (Thumb, 64 bytes, Stack size 8 bytes, bspbuz.o(i.__BuzPwmInit))
<BR><BR>[Stack]<UL><LI>Max Depth = 88<LI>Call Chain = __BuzPwmInit &rArr; HAL_TIM_PWM_Init &rArr; HAL_TIM_PWM_MspInit &rArr; HAL_GPIO_Init
</UL>
<BR>[Calls]<UL><LI><a href="#[fe]">&gt;&gt;</a>&nbsp;&nbsp;&nbsp;HAL_TIM_PWM_Start
<LI><a href="#[fb]">&gt;&gt;</a>&nbsp;&nbsp;&nbsp;HAL_TIM_PWM_Init
<LI><a href="#[f5]">&gt;&gt;</a>&nbsp;&nbsp;&nbsp;HAL_TIM_PWM_ConfigChannel
</UL>
<BR>[Called By]<UL><LI><a href="#[8a]">&gt;&gt;</a>&nbsp;&nbsp;&nbsp;BspBuzInit
<LI><a href="#[86]">&gt;&gt;</a>&nbsp;&nbsp;&nbsp;BspBuzAwake
</UL>

<P><STRONG><a name="[142]"></a>__LoraAckNetSendPacket</STRONG> (Thumb, 208 bytes, Stack size 280 bytes, commlorapro.o(i.__LoraAckNetSendPacket))
<BR><BR>[Stack]<UL><LI>Max Depth = 320<LI>Call Chain = __LoraAckNetSendPacket &rArr; __LoraSendProData &rArr; BspLoraSendPacket &rArr; __2printf
</UL>
<BR>[Calls]<UL><LI><a href="#[104]">&gt;&gt;</a>&nbsp;&nbsp;&nbsp;OsVar16IntoBuf
<LI><a href="#[d4]">&gt;&gt;</a>&nbsp;&nbsp;&nbsp;__LoraProCheckCode
<LI><a href="#[70]">&gt;&gt;</a>&nbsp;&nbsp;&nbsp;__LoraSendProData
<LI><a href="#[105]">&gt;&gt;</a>&nbsp;&nbsp;&nbsp;GetChByAddr
<LI><a href="#[8f]">&gt;&gt;</a>&nbsp;&nbsp;&nbsp;__aeabi_memclr4
<LI><a href="#[9c]">&gt;&gt;</a>&nbsp;&nbsp;&nbsp;__aeabi_memcpy
</UL>
<BR>[Called By]<UL><LI><a href="#[76]">&gt;&gt;</a>&nbsp;&nbsp;&nbsp;__LoraProAckUpdateLable
<LI><a href="#[74]">&gt;&gt;</a>&nbsp;&nbsp;&nbsp;__LoraProAckSetLablePara
<LI><a href="#[71]">&gt;&gt;</a>&nbsp;&nbsp;&nbsp;__LoraProAckInqLableInfor
<LI><a href="#[75]">&gt;&gt;</a>&nbsp;&nbsp;&nbsp;__LoraProAckCtrlLableDis
<LI><a href="#[72]">&gt;&gt;</a>&nbsp;&nbsp;&nbsp;__LoraProAckCtrlLable
<LI><a href="#[73]">&gt;&gt;</a>&nbsp;&nbsp;&nbsp;__LoraProAckClrLableLED
</UL>

<P><STRONG><a name="[73]"></a>__LoraProAckClrLableLED</STRONG> (Thumb, 86 bytes, Stack size 16 bytes, commlorapro.o(i.__LoraProAckClrLableLED))
<BR><BR>[Stack]<UL><LI>Max Depth = 336<LI>Call Chain = __LoraProAckClrLableLED &rArr; __LoraAckNetSendPacket &rArr; __LoraSendProData &rArr; BspLoraSendPacket &rArr; __2printf
</UL>
<BR>[Calls]<UL><LI><a href="#[a5]">&gt;&gt;</a>&nbsp;&nbsp;&nbsp;OsBufIntoVar16
<LI><a href="#[c5]">&gt;&gt;</a>&nbsp;&nbsp;&nbsp;BspLedFlashForceSet
<LI><a href="#[142]">&gt;&gt;</a>&nbsp;&nbsp;&nbsp;__LoraAckNetSendPacket
<LI><a href="#[105]">&gt;&gt;</a>&nbsp;&nbsp;&nbsp;GetChByAddr
</UL>
<BR>[Address Reference Count : 1]<UL><LI> commlorapro.o(.constdata)
</UL>
<P><STRONG><a name="[77]"></a>__LoraProAckCmd</STRONG> (Thumb, 4 bytes, Stack size 0 bytes, commlorapro.o(i.__LoraProAckCmd))
<BR><BR>[Stack]<UL><LI>Max Depth = 24<LI>Call Chain = __LoraProAckCmd &rArr; __ClrLoraResend
</UL>
<BR>[Calls]<UL><LI><a href="#[13f]">&gt;&gt;</a>&nbsp;&nbsp;&nbsp;__ClrLoraResend
</UL>
<BR>[Address Reference Count : 1]<UL><LI> commlorapro.o(.constdata)
</UL>
<P><STRONG><a name="[72]"></a>__LoraProAckCtrlLable</STRONG> (Thumb, 124 bytes, Stack size 32 bytes, commlorapro.o(i.__LoraProAckCtrlLable))
<BR><BR>[Stack]<UL><LI>Max Depth = 352<LI>Call Chain = __LoraProAckCtrlLable &rArr; __LoraAckNetSendPacket &rArr; __LoraSendProData &rArr; BspLoraSendPacket &rArr; __2printf
</UL>
<BR>[Calls]<UL><LI><a href="#[a5]">&gt;&gt;</a>&nbsp;&nbsp;&nbsp;OsBufIntoVar16
<LI><a href="#[c5]">&gt;&gt;</a>&nbsp;&nbsp;&nbsp;BspLedFlashForceSet
<LI><a href="#[142]">&gt;&gt;</a>&nbsp;&nbsp;&nbsp;__LoraAckNetSendPacket
<LI><a href="#[105]">&gt;&gt;</a>&nbsp;&nbsp;&nbsp;GetChByAddr
<LI><a href="#[bb]">&gt;&gt;</a>&nbsp;&nbsp;&nbsp;BspLcdWf29Clr
</UL>
<BR>[Address Reference Count : 1]<UL><LI> commlorapro.o(.constdata)
</UL>
<P><STRONG><a name="[75]"></a>__LoraProAckCtrlLableDis</STRONG> (Thumb, 200 bytes, Stack size 56 bytes, commlorapro.o(i.__LoraProAckCtrlLableDis))
<BR><BR>[Stack]<UL><LI>Max Depth = 4832<LI>Call Chain = __LoraProAckCtrlLableDis &rArr; BspLcdWf29FillChar
</UL>
<BR>[Calls]<UL><LI><a href="#[a5]">&gt;&gt;</a>&nbsp;&nbsp;&nbsp;OsBufIntoVar16
<LI><a href="#[a0]">&gt;&gt;</a>&nbsp;&nbsp;&nbsp;BspGt21l16S2wSleep
<LI><a href="#[142]">&gt;&gt;</a>&nbsp;&nbsp;&nbsp;__LoraAckNetSendPacket
<LI><a href="#[105]">&gt;&gt;</a>&nbsp;&nbsp;&nbsp;GetChByAddr
<LI><a href="#[143]">&gt;&gt;</a>&nbsp;&nbsp;&nbsp;BspGt21l16S2wAwake
<LI><a href="#[c1]">&gt;&gt;</a>&nbsp;&nbsp;&nbsp;BspLcdWf29FillChar
<LI><a href="#[144]">&gt;&gt;</a>&nbsp;&nbsp;&nbsp;BspLcdWf29FillArea
</UL>
<BR>[Address Reference Count : 1]<UL><LI> commlorapro.o(.constdata)
</UL>
<P><STRONG><a name="[71]"></a>__LoraProAckInqLableInfor</STRONG> (Thumb, 62 bytes, Stack size 16 bytes, commlorapro.o(i.__LoraProAckInqLableInfor))
<BR><BR>[Stack]<UL><LI>Max Depth = 336<LI>Call Chain = __LoraProAckInqLableInfor &rArr; __LoraAckNetSendPacket &rArr; __LoraSendProData &rArr; BspLoraSendPacket &rArr; __2printf
</UL>
<BR>[Calls]<UL><LI><a href="#[a5]">&gt;&gt;</a>&nbsp;&nbsp;&nbsp;OsBufIntoVar16
<LI><a href="#[142]">&gt;&gt;</a>&nbsp;&nbsp;&nbsp;__LoraAckNetSendPacket
<LI><a href="#[105]">&gt;&gt;</a>&nbsp;&nbsp;&nbsp;GetChByAddr
<LI><a href="#[c0]">&gt;&gt;</a>&nbsp;&nbsp;&nbsp;strlen
</UL>
<BR>[Address Reference Count : 1]<UL><LI> commlorapro.o(.constdata)
</UL>
<P><STRONG><a name="[74]"></a>__LoraProAckSetLablePara</STRONG> (Thumb, 120 bytes, Stack size 24 bytes, commlorapro.o(i.__LoraProAckSetLablePara))
<BR><BR>[Stack]<UL><LI>Max Depth = 4832<LI>Call Chain = __LoraProAckSetLablePara &rArr; BspLcdWfRefreshAddr &rArr; BspLcdWf29FillChar
</UL>
<BR>[Calls]<UL><LI><a href="#[a5]">&gt;&gt;</a>&nbsp;&nbsp;&nbsp;OsBufIntoVar16
<LI><a href="#[12f]">&gt;&gt;</a>&nbsp;&nbsp;&nbsp;Sx1278SetRfTxPower
<LI><a href="#[142]">&gt;&gt;</a>&nbsp;&nbsp;&nbsp;__LoraAckNetSendPacket
<LI><a href="#[105]">&gt;&gt;</a>&nbsp;&nbsp;&nbsp;GetChByAddr
<LI><a href="#[c3]">&gt;&gt;</a>&nbsp;&nbsp;&nbsp;BspLcdWfRefreshAddr
</UL>
<BR>[Address Reference Count : 1]<UL><LI> commlorapro.o(.constdata)
</UL>
<P><STRONG><a name="[76]"></a>__LoraProAckUpdateLable</STRONG> (Thumb, 96 bytes, Stack size 16 bytes, commlorapro.o(i.__LoraProAckUpdateLable))
<BR><BR>[Stack]<UL><LI>Max Depth = 392<LI>Call Chain = __LoraProAckUpdateLable &rArr; BspSaveDataV2 &rArr; BspIntFlashErasePages &rArr; HAL_FLASHEx_Erase &rArr; FLASH_WaitForLastOperation
</UL>
<BR>[Calls]<UL><LI><a href="#[a5]">&gt;&gt;</a>&nbsp;&nbsp;&nbsp;OsBufIntoVar16
<LI><a href="#[d1]">&gt;&gt;</a>&nbsp;&nbsp;&nbsp;BspSaveDataV2
<LI><a href="#[142]">&gt;&gt;</a>&nbsp;&nbsp;&nbsp;__LoraAckNetSendPacket
<LI><a href="#[105]">&gt;&gt;</a>&nbsp;&nbsp;&nbsp;GetChByAddr
</UL>
<BR>[Address Reference Count : 1]<UL><LI> commlorapro.o(.constdata)
</UL>
<P><STRONG><a name="[13]"></a>__TaskScanRadioCb</STRONG> (Thumb, 4 bytes, Stack size 0 bytes, stask.o(i.__TaskScanRadioCb))
<BR><BR>[Stack]<UL><LI>Max Depth = 456<LI>Call Chain = __TaskScanRadioCb &rArr; SX1276Task &rArr; SX1276OnDio0Event &rArr; OnRxDone &rArr; OnTxDone &rArr; BspSaveFirstProgFlag &rArr; BspSaveDataV2 &rArr; BspIntFlashErasePages &rArr; HAL_FLASHEx_Erase &rArr; FLASH_WaitForLastOperation
</UL>
<BR>[Calls]<UL><LI><a href="#[130]">&gt;&gt;</a>&nbsp;&nbsp;&nbsp;SX1276Task
</UL>
<BR>[Address Reference Count : 1]<UL><LI> stask.o(.data)
</UL>
<P><STRONG><a name="[15]"></a>__TaskSendDataCb</STRONG> (Thumb, 10 bytes, Stack size 0 bytes, stask.o(i.__TaskSendDataCb))
<BR><BR>[Stack]<UL><LI>Max Depth = 176<LI>Call Chain = __TaskSendDataCb &rArr; SX1276Send &rArr; SX1276SetTx &rArr; SX1276SetOpMode &rArr; Sx1278Write &rArr; SX1276WriteBuffer &rArr; SpiTransfer &rArr; BspLoraSpITransmit &rArr; HAL_SPI_TransmitReceive &rArr; SPI_EndRxTxTransaction &rArr; SPI_WaitFlagStateUntilTimeout
</UL>
<BR>[Calls]<UL><LI><a href="#[124]">&gt;&gt;</a>&nbsp;&nbsp;&nbsp;SX1276Send
</UL>
<BR>[Address Reference Count : 1]<UL><LI> stask.o(.data)
</UL>
<P><STRONG><a name="[16]"></a>__TaskSendTraceCb</STRONG> (Thumb, 40 bytes, Stack size 8 bytes, stask.o(i.__TaskSendTraceCb))
<BR><BR>[Stack]<UL><LI>Max Depth = 32<LI>Call Chain = __TaskSendTraceCb &rArr; __2printf
</UL>
<BR>[Calls]<UL><LI><a href="#[dd]">&gt;&gt;</a>&nbsp;&nbsp;&nbsp;HAL_GetTick
<LI><a href="#[98]">&gt;&gt;</a>&nbsp;&nbsp;&nbsp;__2printf
</UL>
<BR>[Address Reference Count : 1]<UL><LI> stask.o(.data)
</UL>
<P><STRONG><a name="[12]"></a>__TaskSoftTimerCb</STRONG> (Thumb, 6 bytes, Stack size 0 bytes, stask.o(i.__TaskSoftTimerCb))
<BR><BR>[Stack]<UL><LI>Max Depth = 24<LI>Call Chain = __TaskSoftTimerCb &rArr; TimerTaskScheduler
</UL>
<BR>[Calls]<UL><LI><a href="#[145]">&gt;&gt;</a>&nbsp;&nbsp;&nbsp;TimerTaskScheduler
</UL>
<BR>[Address Reference Count : 1]<UL><LI> stask.o(.data)
</UL>
<P><STRONG><a name="[14]"></a>__TaskStartCadCb</STRONG> (Thumb, 2 bytes, Stack size 0 bytes, stask.o(i.__TaskStartCadCb))
<BR>[Address Reference Count : 1]<UL><LI> stask.o(.data)
</UL>
<P><STRONG><a name="[17]"></a>__TimerSleepCb</STRONG> (Thumb, 8 bytes, Stack size 0 bytes, stimer.o(i.__TimerSleepCb))
<BR><BR>[Calls]<UL><LI><a href="#[146]">&gt;&gt;</a>&nbsp;&nbsp;&nbsp;EnterLowerPwrWithWup
</UL>
<BR>[Address Reference Count : 1]<UL><LI> stimer.o(.data)
</UL>
<P><STRONG><a name="[133]"></a>__TimerTickerHandle</STRONG> (Thumb, 48 bytes, Stack size 8 bytes, stimer.o(i.__TimerTickerHandle))
<BR><BR>[Stack]<UL><LI>Max Depth = 8<LI>Call Chain = __TimerTickerHandle
</UL>
<BR>[Called By]<UL><LI><a href="#[132]">&gt;&gt;</a>&nbsp;&nbsp;&nbsp;SfTimerEvent
</UL>

<P><STRONG><a name="[114]"></a>RxChainCalibration</STRONG> (Thumb, 114 bytes, Stack size 8 bytes, sx1276.o(i.RxChainCalibration))
<BR><BR>[Stack]<UL><LI>Max Depth = 152<LI>Call Chain = RxChainCalibration &rArr; SX1276SetFreq &rArr; Sx1278Write &rArr; SX1276WriteBuffer &rArr; SpiTransfer &rArr; BspLoraSpITransmit &rArr; HAL_SPI_TransmitReceive &rArr; SPI_EndRxTxTransaction &rArr; SPI_WaitFlagStateUntilTimeout
</UL>
<BR>[Calls]<UL><LI><a href="#[ca]">&gt;&gt;</a>&nbsp;&nbsp;&nbsp;SX1276SetFreq
<LI><a href="#[c9]">&gt;&gt;</a>&nbsp;&nbsp;&nbsp;BspLoraChSet
<LI><a href="#[107]">&gt;&gt;</a>&nbsp;&nbsp;&nbsp;Sx1278Write
<LI><a href="#[115]">&gt;&gt;</a>&nbsp;&nbsp;&nbsp;Sx1278Read
</UL>
<BR>[Called By]<UL><LI><a href="#[120]">&gt;&gt;</a>&nbsp;&nbsp;&nbsp;SX1276OnTimeoutEvent
<LI><a href="#[117]">&gt;&gt;</a>&nbsp;&nbsp;&nbsp;SX1276Init
</UL>

<P><STRONG><a name="[135]"></a>TimerListTimerReset</STRONG> (Thumb, 26 bytes, Stack size 0 bytes, sx1276_timer.o(i.TimerListTimerReset))
<BR><BR>[Called By]<UL><LI><a href="#[102]">&gt;&gt;</a>&nbsp;&nbsp;&nbsp;Sx1276TimerStart
</UL>

<P><STRONG><a name="[13c]"></a>_printf_core</STRONG> (Thumb, 996 bytes, Stack size 104 bytes, printf8.o(i._printf_core), UNUSED)
<BR><BR>[Calls]<UL><LI><a href="#[83]">&gt;&gt;</a>&nbsp;&nbsp;&nbsp;__aeabi_uldivmod
<LI><a href="#[148]">&gt;&gt;</a>&nbsp;&nbsp;&nbsp;_printf_pre_padding
<LI><a href="#[149]">&gt;&gt;</a>&nbsp;&nbsp;&nbsp;_printf_post_padding
</UL>
<BR>[Called By]<UL><LI><a href="#[13d]">&gt;&gt;</a>&nbsp;&nbsp;&nbsp;__0sprintf$8
<LI><a href="#[13b]">&gt;&gt;</a>&nbsp;&nbsp;&nbsp;__0printf$8
</UL>

<P><STRONG><a name="[149]"></a>_printf_post_padding</STRONG> (Thumb, 36 bytes, Stack size 24 bytes, printf8.o(i._printf_post_padding), UNUSED)
<BR><BR>[Called By]<UL><LI><a href="#[13c]">&gt;&gt;</a>&nbsp;&nbsp;&nbsp;_printf_core
</UL>

<P><STRONG><a name="[148]"></a>_printf_pre_padding</STRONG> (Thumb, 46 bytes, Stack size 24 bytes, printf8.o(i._printf_pre_padding), UNUSED)
<BR><BR>[Called By]<UL><LI><a href="#[13c]">&gt;&gt;</a>&nbsp;&nbsp;&nbsp;_printf_core
</UL>

<P><STRONG><a name="[55]"></a>_sputc</STRONG> (Thumb, 10 bytes, Stack size 0 bytes, printf8.o(i._sputc))
<BR><BR>[Called By]<UL><LI><a href="#[13d]">&gt;&gt;</a>&nbsp;&nbsp;&nbsp;__0sprintf$8
</UL>
<BR>[Address Reference Count : 1]<UL><LI> printf8.o(i.__0sprintf$8)
</UL><P>
<H3>
Undefined Global Symbols
</H3><HR></body></html>
