<html>
<body>
<pre>
<h1>µVision Build Log</h1>
<h2>Tool Versions:</h2>
IDE-Version: ¦ÌVision V5.38.0.0
Copyright (C) 2022 ARM Ltd and ARM Germany GmbH. All rights reserved.
License Information: 1 11, 1, LIC=LSNXV-P5C0N-DYFV3-AXUJ3-IWFZM-8V29J
 
Tool Versions:
Toolchain:       MDK-ARM Plus  Version: 5.38.0.0
Toolchain Path:  D:\Software\Keil\Keil_MDK\Core\ARM\ARMCC\Bin
C Compiler:      Armcc.exe V5.06 update 6 (build 750)
Assembler:       Armasm.exe V5.06 update 6 (build 750)
Linker/Locator:  ArmLink.exe V5.06 update 6 (build 750)
Library Manager: ArmAr.exe V5.06 update 6 (build 750)
Hex Converter:   FromElf.exe V5.06 update 6 (build 750)
CPU DLL:         SARMCM3.DLL V5.38.0.0
Dialog DLL:      DCM.DLL V1.17.5.0
Target DLL:      STLink\ST-LINKIII-KEIL_SWO.dll V3.1.0.0
Dialog DLL:      TCM.DLL V1.56.4.0
 
<h2>Project:</h2>
D:\Document\Project\Warehouse\Lishuhua\Code\Code_20231114A\Label\Lable-App-20231112A-debug\MDK-ARM\lableAppH2.uvprojx
Project File Date:  11/14/2023

<h2>Output:</h2>
*** Using Compiler 'V5.06 update 6 (build 750)', folder: 'D:\Software\Keil\Keil_MDK\Core\ARM\ARMCC\Bin'
Rebuild target 'LableAppH2V2'
assembling startup_stm32l151xba.s...
compiling stm32l1xx_hal_tim_ex.c...
compiling stm32l1xx_hal.c...
compiling stm32l1xx_hal_flash.c...
compiling stm32l1xx_hal_uart.c...
compiling stm32l1xx_hal_rcc_ex.c...
compiling stm32l1xx_hal_flash_ex.c...
compiling stm32l1xx_hal_rcc.c...
compiling usrOs.c...
compiling stm32l1xx_it.c...
compiling main.c...
compiling stm32l1xx_hal_msp.c...
compiling stm32l1xx_hal_tim.c...
compiling stm32l1xx_hal_i2c.c...
compiling stm32l1xx_hal_flash_ramfunc.c...
compiling stm32l1xx_hal_pwr_ex.c...
compiling stm32l1xx_hal_gpio.c...
compiling stm32l1xx_hal_cortex.c...
compiling stm32l1xx_hal_dma.c...
compiling stm32l1xx_hal_pwr.c...
compiling system_stm32l1xx.c...
compiling stm32l1xx_hal_adc_ex.c...
compiling stm32l1xx_hal_rtc.c...
compiling stm32l1xx_hal_rtc_ex.c...
compiling stm32l1xx_hal_spi.c...
compiling stm32l1xx_hal_adc.c...
compiling Bsp.c...
..\Bsp\Bsp.c(215): warning:  #177-D: function "__Idle5GpioClkEn"  was declared but never referenced
  static void __Idle5GpioClkEn(void)
..\Bsp\Bsp.c(223): warning:  #177-D: function "__Idle6GpioClkEn"  was declared but never referenced
  static void __Idle6GpioClkEn(void)
..\Bsp\Bsp.c(231): warning:  #177-D: function "__Idle7GpioClkEn"  was declared but never referenced
  static void __Idle7GpioClkEn(void)
..\Bsp\Bsp.c(295): warning:  #177-D: function "__Idle5GpioOutLow"  was declared but never referenced
  static void __Idle5GpioOutLow(void)
..\Bsp\Bsp.c(303): warning:  #177-D: function "__Idle6GpioOutLow"  was declared but never referenced
  static void __Idle6GpioOutLow(void)
..\Bsp\Bsp.c(311): warning:  #177-D: function "__Idle7GpioOutLow"  was declared but never referenced
  static void __Idle7GpioOutLow(void)
..\Bsp\Bsp.c: 6 warnings, 0 errors
compiling BspDataRecord.c...
compiling BspIntFlash.c...
compiling BspLed.c...
compiling BspLora.c...
compiling BspSimPwm.c...
compiling BspPort.c...
compiling BspLcdWf29Font.c...
compiling BspKey.c...
compiling BspIdwg.c...
compiling BspBuz.c...
compiling BspGt21L16S2W.c...
compiling BspLcdWf29.c...
compiling sx1276_timer.c...
compiling BspRtc.c...
..\Bsp\BspRtc.c(38): warning:  #111-D: statement is unreachable
  	if(__HAL_PWR_GET_FLAG(PWR_FLAG_WU) != RESET)
..\Bsp\BspRtc.c(58): warning:  #111-D: statement is unreachable
  	__HAL_PWR_CLEAR_FLAG(PWR_FLAG_WU);	// Çå³ý»½ÐÑ±êÖ¾
..\Bsp\BspRtc.c: 2 warnings, 0 errors
compiling BspDebug.c...
compiling CommLora.c...
compiling CommLoraPro.c...
..\Comm\CommLoraPro.c(180): warning:  #550-D: variable "__flashTimes"  was set but never used
  	u08 __flashTimes;
..\Comm\CommLoraPro.c(181): warning:  #177-D: variable "__ledIndex"  was declared but never referenced
  	u08 __ledIndex;
..\Comm\CommLoraPro.c(360): warning:  #550-D: variable "__yangYinWen"  was set but never used
  	bspGtCharYangYinWenTypeEnum __yangYinWen;
..\Comm\CommLoraPro.c(363): warning:  #550-D: variable "__disColor"  was set but never used
  	bspLcdDisColorTypeEnum __disColor;
..\Comm\CommLoraPro.c: 4 warnings, 0 errors
compiling HandlerKey.c...
compiling CommIap.c...
compiling HandlerPowerManeg.c...
compiling stask.c...
..\Task\stask.c(65): warning:  #111-D: statement is unreachable
  	SX1276StartCad();
..\Task\stask.c: 1 warning, 0 errors
compiling stimer.c...
compiling sx1276_hal.c...
compiling sx1276_user.c...
compiling sx1276.c...
..\radio\src\sx1276.c(139): warning:  #550-D: variable "initialFreq"  was set but never used
  	u32 initialFreq;
..\radio\src\sx1276.c: 1 warning, 0 errors
compiling sx1276-board.c...
linking...
Program Size: Code=23396 RO-data=7104 RW-data=328 ZI-data=22504  
FromELF: creating hex file...
After Build - User command #1: fromelf.exe --bin -o  ./Output/LableAppH2.bin  ./Output/LableAppH2.axf
".\Output\LableAppH2.axf" - 0 Error(s), 14 Warning(s).

<h2>Software Packages used:</h2>

Package Vendor: ARM
                http://www.keil.com/pack/ARM.CMSIS.5.9.0.pack
                ARM.CMSIS.5.9.0
                CMSIS (Common Microcontroller Software Interface Standard)
   * Component: CORE Version: 5.6.0

Package Vendor: Keil
                http://www.keil.com/pack/Keil.STM32L1xx_DFP.1.3.0.pack
                Keil.STM32L1xx_DFP.1.3.0
                STMicroelectronics STM32L1 Series Device Support and Examples

<h2>Collection of Component include folders:</h2>
  ./RTE/_LableAppH2V2
  D:/Software/Keil/Keil_MDK/Pack/ARM/CMSIS/5.9.0/CMSIS/Core/Include
  D:/Software/Keil/Keil_MDK/Pack/Keil/STM32L1xx_DFP/1.3.0/Drivers/CMSIS/Device/ST/STM32L1xx/Include

<h2>Collection of Component Files used:</h2>

   * Component: ARM::CMSIS:CORE:5.6.0
Build Time Elapsed:  00:00:05
</pre>
</body>
</html>
