Component: ARM Compiler 5.06 update 6 (build 750) Tool: armlink [4d35ed]

==============================================================================

Section Cross References

    startup_stm32l151xba.o(RESET) refers to startup_stm32l151xba.o(STACK) for __initial_sp
    startup_stm32l151xba.o(RESET) refers to startup_stm32l151xba.o(.text) for Reset_Handler
    startup_stm32l151xba.o(RESET) refers to stm32l1xx_it.o(i.NMI_Handler) for NMI_Handler
    startup_stm32l151xba.o(RESET) refers to stm32l1xx_it.o(i.HardFault_Handler) for HardFault_Handler
    startup_stm32l151xba.o(RESET) refers to stm32l1xx_it.o(i.MemManage_Handler) for MemManage_Handler
    startup_stm32l151xba.o(RESET) refers to stm32l1xx_it.o(i.BusFault_Handler) for BusFault_Handler
    startup_stm32l151xba.o(RESET) refers to stm32l1xx_it.o(i.UsageFault_Handler) for UsageFault_Handler
    startup_stm32l151xba.o(RESET) refers to stm32l1xx_it.o(i.SVC_Handler) for SVC_Handler
    startup_stm32l151xba.o(RESET) refers to stm32l1xx_it.o(i.DebugMon_Handler) for DebugMon_Handler
    startup_stm32l151xba.o(RESET) refers to stm32l1xx_it.o(i.PendSV_Handler) for PendSV_Handler
    startup_stm32l151xba.o(RESET) refers to stm32l1xx_it.o(i.SysTick_Handler) for SysTick_Handler
    startup_stm32l151xba.o(RESET) refers to stm32l1xx_it.o(i.RTC_WKUP_IRQHandler) for RTC_WKUP_IRQHandler
    startup_stm32l151xba.o(RESET) refers to stm32l1xx_it.o(i.EXTI9_5_IRQHandler) for EXTI9_5_IRQHandler
    startup_stm32l151xba.o(RESET) refers to stm32l1xx_it.o(i.EXTI15_10_IRQHandler) for EXTI15_10_IRQHandler
    startup_stm32l151xba.o(.text) refers to system_stm32l1xx.o(i.SystemInit) for SystemInit
    startup_stm32l151xba.o(.text) refers to entry.o(.ARM.Collect$$$$00000000) for __main
    main.o(i.FLASH_If_Init) refers to stm32l1xx_hal_flash.o(i.HAL_FLASH_Unlock) for HAL_FLASH_Unlock
    main.o(i.SystemClock_Config) refers to memseta.o(.text) for __aeabi_memclr4
    main.o(i.SystemClock_Config) refers to stm32l1xx_hal_rcc.o(i.HAL_RCC_OscConfig) for HAL_RCC_OscConfig
    main.o(i.SystemClock_Config) refers to stm32l1xx_hal_rcc.o(i.HAL_RCC_ClockConfig) for HAL_RCC_ClockConfig
    main.o(i.SystemClock_Config) refers to stm32l1xx_hal_rcc_ex.o(i.HAL_RCCEx_PeriphCLKConfig) for HAL_RCCEx_PeriphCLKConfig
    main.o(i.__ExitUpdata) refers to stm32l1xx_hal_gpio.o(i.HAL_GPIO_WritePin) for HAL_GPIO_WritePin
    main.o(i.__ExitUpdata) refers to stm32l1xx_hal.o(i.HAL_Delay) for HAL_Delay
    main.o(i.__ExitUpdata) refers to bspdatarecord.o(.bss) for updateParaSaveS
    main.o(i.__ExitUpdata) refers to commiap.o(.data) for loraSendFlag
    main.o(i.__ExitUpdata) refers to main.o(.data) for .data
    main.o(i.__GetUpdatePara) refers to bspintflash.o(i.BspIntFlashRead) for BspIntFlashRead
    main.o(i.__GetUpdatePara) refers to stm32l1xx_hal_gpio.o(i.HAL_GPIO_WritePin) for HAL_GPIO_WritePin
    main.o(i.__GetUpdatePara) refers to stm32l1xx_hal.o(i.HAL_Delay) for HAL_Delay
    main.o(i.__GetUpdatePara) refers to bspintflash.o(i.BspIntFlashErasePages) for BspIntFlashErasePages
    main.o(i.__GetUpdatePara) refers to bspdatarecord.o(.bss) for updateParaSaveS
    main.o(i.__GetUpdatePara) refers to commlora.o(.bss) for commLoraCtrlS
    main.o(i.__LedPortInit) refers to stm32l1xx_hal_gpio.o(i.HAL_GPIO_Init) for HAL_GPIO_Init
    main.o(i.__LedPortInit) refers to stm32l1xx_hal_gpio.o(i.HAL_GPIO_WritePin) for HAL_GPIO_WritePin
    main.o(i.main) refers to stm32l1xx_hal.o(i.HAL_Init) for HAL_Init
    main.o(i.main) refers to main.o(i.FLASH_If_Init) for FLASH_If_Init
    main.o(i.main) refers to main.o(i.SystemClock_Config) for SystemClock_Config
    main.o(i.main) refers to main.o(i.__LedPortInit) for __LedPortInit
    main.o(i.main) refers to bsp.o(i.BspInit) for BspInit
    main.o(i.main) refers to sx1276.o(i.SX1276SetMaxPayloadLength) for SX1276SetMaxPayloadLength
    main.o(i.main) refers to sx1276.o(i.SX1276SetRx) for SX1276SetRx
    main.o(i.main) refers to main.o(i.__GetUpdatePara) for __GetUpdatePara
    main.o(i.main) refers to main.o(i.__ExitUpdata) for __ExitUpdata
    main.o(i.main) refers to commlora.o(i.CommLoraRecDatHandler) for CommLoraRecDatHandler
    main.o(i.main) refers to commiap.o(i.GetUpdatPacketDatTimeout) for GetUpdatPacketDatTimeout
    main.o(i.main) refers to stimer.o(i.SfTimerEvent) for SfTimerEvent
    main.o(i.main) refers to stask.o(i.TaskScheduler) for TaskScheduler
    main.o(i.main) refers to commiap.o(.data) for loraSendFlag
    stm32l1xx_hal_msp.o(i.HAL_RTC_MspDeInit) refers to stm32l1xx_hal_cortex.o(i.HAL_NVIC_DisableIRQ) for HAL_NVIC_DisableIRQ
    stm32l1xx_hal_msp.o(i.HAL_RTC_MspInit) refers to stm32l1xx_hal_cortex.o(i.HAL_NVIC_SetPriority) for HAL_NVIC_SetPriority
    stm32l1xx_hal_msp.o(i.HAL_RTC_MspInit) refers to stm32l1xx_hal_cortex.o(i.HAL_NVIC_EnableIRQ) for HAL_NVIC_EnableIRQ
    stm32l1xx_hal_msp.o(i.HAL_SPI_MspDeInit) refers to stm32l1xx_hal_gpio.o(i.HAL_GPIO_DeInit) for HAL_GPIO_DeInit
[...]
    Removing bspdatarecord.o(.revsh_text), (4 bytes).
    Removing bspdatarecord.o(.rrx_text), (6 bytes).
    Removing bspdatarecord.o(i.BspDataRecordEvent), (48 bytes).
    Removing bspdatarecord.o(i.BspDateRecordTest), (64 bytes).
    Removing bspdatarecord.o(i.BspGetData), (104 bytes).
    Removing bspdatarecord.o(i.BspSaveFirstProgFlag), (20 bytes).
    Removing bspintflash.o(.rev16_text), (4 bytes).
    Removing bspintflash.o(.revsh_text), (4 bytes).
    Removing bspintflash.o(.rrx_text), (6 bytes).
    Removing bspintflash.o(i.BspIntFlashTest), (2 bytes).
    Removing bsplora.o(.rev16_text), (4 bytes).
    Removing bsplora.o(.revsh_text), (4 bytes).
    Removing bsplora.o(.rrx_text), (6 bytes).
    Removing bsplora.o(i.BspLoraUartSendPacket), (2 bytes).
    Removing bsplora.o(.bss), (255 bytes).
    Removing bsplora.o(.data), (2 bytes).
    Removing bsplora.o(.data), (4 bytes).
    Removing bsprtc.o(.rev16_text), (4 bytes).
    Removing bsprtc.o(.revsh_text), (4 bytes).
    Removing bsprtc.o(.rrx_text), (6 bytes).
    Removing bsprtc.o(i.BspRtcInit), (80 bytes).
    Removing bsprtc.o(i.BspRtcResetWakeUpTime), (2 bytes).
    Removing commiap.o(.rev16_text), (4 bytes).
    Removing commiap.o(.revsh_text), (4 bytes).
    Removing commiap.o(.rrx_text), (6 bytes).
    Removing commlora.o(.rev16_text), (4 bytes).
    Removing commlora.o(.revsh_text), (4 bytes).
    Removing commlora.o(.rrx_text), (6 bytes).
    Removing commlora.o(.bss), (2840 bytes).
    Removing commlora.o(.data), (1 bytes).
    Removing commlorapro.o(.rev16_text), (4 bytes).
    Removing commlorapro.o(.revsh_text), (4 bytes).
    Removing commlorapro.o(.rrx_text), (6 bytes).
    Removing commlorapro.o(.data), (1 bytes).
    Removing commlorapro.o(.data), (1 bytes).
    Removing handlerpowermaneg.o(.rev16_text), (4 bytes).
    Removing handlerpowermaneg.o(.revsh_text), (4 bytes).
    Removing handlerpowermaneg.o(.rrx_text), (6 bytes).
    Removing handlerpowermaneg.o(i.ClrPowerEnterTime), (12 bytes).
    Removing handlerpowermaneg.o(i.EnterLowerPower), (16 bytes).
    Removing handlerpowermaneg.o(i.HandlerPowerEvent), (44 bytes).
    Removing stask.o(.rev16_text), (4 bytes).
    Removing stask.o(.revsh_text), (4 bytes).
    Removing stask.o(.rrx_text), (6 bytes).
    Removing stimer.o(.rev16_text), (4 bytes).
    Removing stimer.o(.revsh_text), (4 bytes).
    Removing stimer.o(.rrx_text), (6 bytes).
    Removing sx1276.o(.rev16_text), (4 bytes).
    Removing sx1276.o(.revsh_text), (4 bytes).
    Removing sx1276.o(.rrx_text), (6 bytes).
    Removing sx1276.o(i.SX1276OnDio3Event), (172 bytes).
    Removing sx1276.o(i.SX1276Reset), (4 bytes).
    Removing sx1276.o(i.SX1276StartCad), (56 bytes).
    Removing sx1276_hal.o(.rev16_text), (4 bytes).
    Removing sx1276_hal.o(.revsh_text), (4 bytes).
    Removing sx1276_hal.o(.rrx_text), (6 bytes).
    Removing sx1276_timer.o(i.TimerReset), (4 bytes).
    Removing sx1276_user.o(.rev16_text), (4 bytes).
    Removing sx1276_user.o(.revsh_text), (4 bytes).
    Removing sx1276_user.o(.rrx_text), (6 bytes).
    Removing sx1276_user.o(i.Sx1276GetRsAsUs), (72 bytes).
    Removing sx1276_user.o(i.Sx1276LoraGetAirDr), (132 bytes).
    Removing sx1276_user.o(i.Sx1276PreambleKeepTimeMs), (28 bytes).
    Removing sx1276_user.o(i.__GetSignalBw), (88 bytes).
    Removing sx1276_user.o(.data), (1 bytes).
    Removing sx1276-board.o(.rev16_text), (4 bytes).
    Removing sx1276-board.o(.revsh_text), (4 bytes).
    Removing sx1276-board.o(.rrx_text), (6 bytes).
    Removing sx1276-board.o(i.SX1276AntSwDeInit), (6 bytes).
    Removing sx1276-board.o(i.SX1276AntSwInit), (6 bytes).
    Removing fmul.o(.text), (100 bytes).
    Removing fdiv.o(.text), (124 bytes).
    Removing ffltui.o(.text), (10 bytes).
    Removing ffixui.o(.text), (40 bytes).
    Removing d2f.o(.text), (56 bytes).
    Removing fepilogue.o(.text), (110 bytes).
    Removing dadd.o(.text), (334 bytes).
    Removing dmul.o(.text), (228 bytes).
    Removing dscalb.o(.text), (46 bytes).
    Removing dflti.o(.text), (34 bytes).
    Removing cdrcmple.o(.text), (48 bytes).
    Removing dsqrt.o(.text), (162 bytes).
    Removing cdcmple.o(.text), (48 bytes).

575 unused section(s) (total 33255 bytes) removed from the image.

==============================================================================

Image Symbol Table

    Local Symbols

    Symbol Name                              Value     Ov Type        Size  Object(Section)

    ../Drivers/STM32L1xx_HAL_Driver/Src/stm32l1xx_hal.c 0x00000000   Number         0  stm32l1xx_hal.o ABSOLUTE
    ../Drivers/STM32L1xx_HAL_Driver/Src/stm32l1xx_hal_cortex.c 0x00000000   Number         0  stm32l1xx_hal_cortex.o ABSOLUTE
    ../Drivers/STM32L1xx_HAL_Driver/Src/stm32l1xx_hal_dma.c 0x00000000   Number         0  stm32l1xx_hal_dma.o ABSOLUTE
    ../Drivers/STM32L1xx_HAL_Driver/Src/stm32l1xx_hal_flash.c 0x00000000   Number         0  stm32l1xx_hal_flash.o ABSOLUTE
    ../Drivers/STM32L1xx_HAL_Driver/Src/stm32l1xx_hal_flash_ex.c 0x00000000   Number         0  stm32l1xx_hal_flash_ex.o ABSOLUTE
    ../Drivers/STM32L1xx_HAL_Driver/Src/stm32l1xx_hal_flash_ramfunc.c 0x00000000   Number         0  stm32l1xx_hal_flash_ramfunc.o ABSOLUTE
    ../Drivers/STM32L1xx_HAL_Driver/Src/stm32l1xx_hal_gpio.c 0x00000000   Number         0  stm32l1xx_hal_gpio.o ABSOLUTE
    ../Drivers/STM32L1xx_HAL_Driver/Src/stm32l1xx_hal_pwr.c 0x00000000   Number         0  stm32l1xx_hal_pwr.o ABSOLUTE
    ../Drivers/STM32L1xx_HAL_Driver/Src/stm32l1xx_hal_pwr_ex.c 0x00000000   Number         0  stm32l1xx_hal_pwr_ex.o ABSOLUTE
    ../Drivers/STM32L1xx_HAL_Driver/Src/stm32l1xx_hal_rcc.c 0x00000000   Number         0  stm32l1xx_hal_rcc.o ABSOLUTE
    ../Drivers/STM32L1xx_HAL_Driver/Src/stm32l1xx_hal_tim.c 0x00000000   Number         0  stm32l1xx_hal_tim.o ABSOLUTE
    ../Drivers/STM32L1xx_HAL_Driver/Src/stm32l1xx_hal_tim_ex.c 0x00000000   Number         0  stm32l1xx_hal_tim_ex.o ABSOLUTE
    ../Drivers/STM32L1xx_HAL_Driver/Src/stm32l1xx_hal_uart.c 0x00000000   Number         0  stm32l1xx_hal_uart.o ABSOLUTE
    ../clib/microlib/errno.c                 0x00000000   Number         0  errno.o ABSOLUTE
    ../clib/microlib/init/entry.s            0x00000000   Number         0  entry2.o ABSOLUTE
    ../clib/microlib/init/entry.s            0x00000000   Number         0  entry9a.o ABSOLUTE
    ../clib/microlib/init/entry.s            0x00000000   Number         0  entry7a.o ABSOLUTE
    ../clib/microlib/init/entry.s            0x00000000   Number         0  entry7b.o ABSOLUTE
    ../clib/microlib/init/entry.s            0x00000000   Number         0  entry8a.o ABSOLUTE
    ../clib/microlib/init/entry.s            0x00000000   Number         0  entry.o ABSOLUTE
    ../clib/microlib/init/entry.s            0x00000000   Number         0  entry8b.o ABSOLUTE
    ../clib/microlib/init/entry.s            0x00000000   Number         0  entry5.o ABSOLUTE
    ../clib/microlib/init/entry.s            0x00000000   Number         0  entry11a.o ABSOLUTE
    ../clib/microlib/init/entry.s            0x00000000   Number         0  entry9b.o ABSOLUTE
    ../clib/microlib/init/entry.s            0x00000000   Number         0  entry10a.o ABSOLUTE
    ../clib/microlib/init/entry.s            0x00000000   Number         0  entry10b.o ABSOLUTE
    ../clib/microlib/init/entry.s            0x00000000   Number         0  entry11b.o ABSOLUTE
    ../clib/microlib/longlong.c              0x00000000   Number         0  llsshr.o ABSOLUTE
    ../clib/microlib/longlong.c              0x00000000   Number         0  llushr.o ABSOLUTE
    ../clib/microlib/longlong.c              0x00000000   Number         0  llshl.o ABSOLUTE
    ../clib/microlib/malloc/malloc.c         0x00000000   Number         0  mallocra.o ABSOLUTE
    ../clib/microlib/malloc/malloc.c         0x00000000   Number         0  mallocr.o ABSOLUTE
    ../clib/microlib/malloc/malloc.c         0x00000000   Number         0  malloca.o ABSOLUTE
    ../clib/microlib/malloc/malloc.c         0x00000000   Number         0  malloc.o ABSOLUTE
    ../clib/microlib/malloc/mvars.c          0x00000000   Number         0  mvars.o ABSOLUTE
    ../clib/microlib/string/memcpy.c         0x00000000   Number         0  memcpya.o ABSOLUTE
    ../clib/microlib/string/memcpy.c         0x00000000   Number         0  memcpyb.o ABSOLUTE
    ../clib/microlib/string/memset.c         0x00000000   Number         0  memseta.o ABSOLUTE
    ../clib/microlib/string/strlen.c         0x00000000   Number         0  strlen.o ABSOLUTE
    ../clib/microlib/stubs.s                 0x00000000   Number         0  iusefp.o ABSOLUTE
    ../fplib/microlib/d2f.c                  0x00000000   Number         0  d2f.o ABSOLUTE
    ../fplib/microlib/fpadd.c                0x00000000   Number         0  dadd.o ABSOLUTE
    ../fplib/microlib/fpdiv.c                0x00000000   Number         0  fdiv.o ABSOLUTE
    ../fplib/microlib/fpdiv.c                0x00000000   Number         0  ddiv.o ABSOLUTE
    ../fplib/microlib/fpepilogue.c           0x00000000   Number         0  fepilogue.o ABSOLUTE
    ../fplib/microlib/fpepilogue.c           0x00000000   Number         0  depilogue.o ABSOLUTE
    ../fplib/microlib/fpfix.c                0x00000000   Number         0  ffixui.o ABSOLUTE
    ../fplib/microlib/fpfix.c                0x00000000   Number         0  dfixui.o ABSOLUTE
    ../fplib/microlib/fpflt.c                0x00000000   Number         0  dflti.o ABSOLUTE
    ../fplib/microlib/fpflt.c                0x00000000   Number         0  ffltui.o ABSOLUTE
    ../fplib/microlib/fpflt.c                0x00000000   Number         0  dfltui.o ABSOLUTE
    ../fplib/microlib/fpmul.c                0x00000000   Number         0  fmul.o ABSOLUTE
    ../fplib/microlib/fpmul.c                0x00000000   Number         0  dmul.o ABSOLUTE
    ../fplib/microlib/fpscalb.c              0x00000000   Number         0  dscalb.o ABSOLUTE
    ../fplib/microlib/fpsqrt.c               0x00000000   Number         0  dsqrt.o ABSOLUTE
    ../mathlib/dunder.c                      0x00000000   Number         0  dunder.o ABSOLUTE
    ../mathlib/fpclassify.c                  0x00000000   Number         0  fpclassify.o ABSOLUTE
    ../mathlib/poly.c                        0x00000000   Number         0  poly.o ABSOLUTE
    ../mathlib/pow.c                         0x00000000   Number         0  pow_x.o ABSOLUTE
    ../mathlib/pow.c                         0x00000000   Number         0  pow.o ABSOLUTE
    ../mathlib/qnan.c                        0x00000000   Number         0  qnan.o ABSOLUTE
    ../mathlib/sqrt.c                        0x00000000   Number         0  sqrt.o ABSOLUTE
    ../mathlib/sqrt.c                        0x00000000   Number         0  sqrt_x.o ABSOLUTE
    ..\Bsp\Bsp.c                             0x00000000   Number         0  bsp.o ABSOLUTE
    ..\Bsp\BspDataRecord.c                   0x00000000   Number         0  bspdatarecord.o ABSOLUTE
    ..\Bsp\BspIntFlash.c                     0x00000000   Number         0  bspintflash.o ABSOLUTE
    ..\Bsp\BspLora.c                         0x00000000   Number         0  bsplora.o ABSOLUTE
    ..\Bsp\BspRtc.c                          0x00000000   Number         0  bsprtc.o ABSOLUTE
    ..\Comm\CommIap.c                        0x00000000   Number         0  commiap.o ABSOLUTE
    ..\Comm\CommLora.c                       0x00000000   Number         0  commlora.o ABSOLUTE
    ..\Comm\CommLoraPro.c                    0x00000000   Number         0  commlorapro.o ABSOLUTE
    ..\Drivers\STM32L1xx_HAL_Driver\Src\stm32l1xx_hal.c 0x00000000   Number         0  stm32l1xx_hal.o ABSOLUTE
    ..\Drivers\STM32L1xx_HAL_Driver\Src\stm32l1xx_hal_cortex.c 0x00000000   Number         0  stm32l1xx_hal_cortex.o ABSOLUTE
    ..\Drivers\STM32L1xx_HAL_Driver\Src\stm32l1xx_hal_dma.c 0x00000000   Number         0  stm32l1xx_hal_dma.o ABSOLUTE
    ..\Drivers\STM32L1xx_HAL_Driver\Src\stm32l1xx_hal_flash.c 0x00000000   Number         0  stm32l1xx_hal_flash.o ABSOLUTE
    ..\Drivers\STM32L1xx_HAL_Driver\Src\stm32l1xx_hal_flash_ex.c 0x00000000   Number         0  stm32l1xx_hal_flash_ex.o ABSOLUTE
    ..\Drivers\STM32L1xx_HAL_Driver\Src\stm32l1xx_hal_flash_ramfunc.c 0x00000000   Number         0  stm32l1xx_hal_flash_ramfunc.o ABSOLUTE
    ..\Drivers\STM32L1xx_HAL_Driver\Src\stm32l1xx_hal_gpio.c 0x00000000   Number         0  stm32l1xx_hal_gpio.o ABSOLUTE
    ..\Drivers\STM32L1xx_HAL_Driver\Src\stm32l1xx_hal_pwr.c 0x00000000   Number         0  stm32l1xx_hal_pwr.o ABSOLUTE
    ..\Drivers\STM32L1xx_HAL_Driver\Src\stm32l1xx_hal_pwr_ex.c 0x00000000   Number         0  stm32l1xx_hal_pwr_ex.o ABSOLUTE
    ..\Drivers\STM32L1xx_HAL_Driver\Src\stm32l1xx_hal_rcc.c 0x00000000   Number         0  stm32l1xx_hal_rcc.o ABSOLUTE
    ..\Drivers\STM32L1xx_HAL_Driver\Src\stm32l1xx_hal_rcc_ex.c 0x00000000   Number         0  stm32l1xx_hal_rcc_ex.o ABSOLUTE
    ..\Drivers\STM32L1xx_HAL_Driver\Src\stm32l1xx_hal_rtc.c 0x00000000   Number         0  stm32l1xx_hal_rtc.o ABSOLUTE
    ..\Drivers\STM32L1xx_HAL_Driver\Src\stm32l1xx_hal_rtc_ex.c 0x00000000   Number         0  stm32l1xx_hal_rtc_ex.o ABSOLUTE
    ..\Drivers\STM32L1xx_HAL_Driver\Src\stm32l1xx_hal_spi.c 0x00000000   Number         0  stm32l1xx_hal_spi.o ABSOLUTE
    ..\Drivers\STM32L1xx_HAL_Driver\Src\stm32l1xx_hal_tim.c 0x00000000   Number         0  stm32l1xx_hal_tim.o ABSOLUTE
    ..\Drivers\STM32L1xx_HAL_Driver\Src\stm32l1xx_hal_tim_ex.c 0x00000000   Number         0  stm32l1xx_hal_tim_ex.o ABSOLUTE
    ..\Drivers\STM32L1xx_HAL_Driver\Src\stm32l1xx_hal_uart.c 0x00000000   Number         0  stm32l1xx_hal_uart.o ABSOLUTE
    ..\Handler\HandlerPowerManeg.c           0x00000000   Number         0  handlerpowermaneg.o ABSOLUTE
    ..\Task\stask.c                          0x00000000   Number         0  stask.o ABSOLUTE
    ..\Task\stimer.c                         0x00000000   Number         0  stimer.o ABSOLUTE
    ..\User\main.c                           0x00000000   Number         0  main.o ABSOLUTE
    ..\User\stm32l1xx_hal_msp.c              0x00000000   Number         0  stm32l1xx_hal_msp.o ABSOLUTE
    ..\User\stm32l1xx_it.c                   0x00000000   Number         0  stm32l1xx_it.o ABSOLUTE
    ..\User\system_stm32l1xx.c               0x00000000   Number         0  system_stm32l1xx.o ABSOLUTE
    ..\User\usrOs.c                          0x00000000   Number         0  usros.o ABSOLUTE
    ..\\Bsp\\Bsp.c                           0x00000000   Number         0  bsp.o ABSOLUTE
    ..\\Bsp\\BspDataRecord.c                 0x00000000   Number         0  bspdatarecord.o ABSOLUTE
    ..\\Bsp\\BspIntFlash.c                   0x00000000   Number         0  bspintflash.o ABSOLUTE
    ..\\Bsp\\BspLora.c                       0x00000000   Number         0  bsplora.o ABSOLUTE
    ..\\Bsp\\BspRtc.c                        0x00000000   Number         0  bsprtc.o ABSOLUTE
    ..\\Comm\\CommIap.c                      0x00000000   Number         0  commiap.o ABSOLUTE
    ..\\Comm\\CommLora.c                     0x00000000   Number         0  commlora.o ABSOLUTE
    ..\\Comm\\CommLoraPro.c                  0x00000000   Number         0  commlorapro.o ABSOLUTE
    ..\\Drivers\\STM32L1xx_HAL_Driver\\Src\\stm32l1xx_hal_rcc_ex.c 0x00000000   Number         0  stm32l1xx_hal_rcc_ex.o ABSOLUTE
    ..\\Drivers\\STM32L1xx_HAL_Driver\\Src\\stm32l1xx_hal_rtc.c 0x00000000   Number         0  stm32l1xx_hal_rtc.o ABSOLUTE
    ..\\Drivers\\STM32L1xx_HAL_Driver\\Src\\stm32l1xx_hal_rtc_ex.c 0x00000000   Number         0  stm32l1xx_hal_rtc_ex.o ABSOLUTE
    ..\\Drivers\\STM32L1xx_HAL_Driver\\Src\\stm32l1xx_hal_spi.c 0x00000000   Number         0  stm32l1xx_hal_spi.o ABSOLUTE
    ..\\Handler\\HandlerPowerManeg.c         0x00000000   Number         0  handlerpowermaneg.o ABSOLUTE
    ..\\Task\\stask.c                        0x00000000   Number         0  stask.o ABSOLUTE
    ..\\Task\\stimer.c                       0x00000000   Number         0  stimer.o ABSOLUTE
    ..\\User\\main.c                         0x00000000   Number         0  main.o ABSOLUTE
    ..\\User\\stm32l1xx_hal_msp.c            0x00000000   Number         0  stm32l1xx_hal_msp.o ABSOLUTE
    ..\\User\\stm32l1xx_it.c                 0x00000000   Number         0  stm32l1xx_it.o ABSOLUTE
    ..\\User\\system_stm32l1xx.c             0x00000000   Number         0  system_stm32l1xx.o ABSOLUTE
    ..\\User\\usrOs.c                        0x00000000   Number         0  usros.o ABSOLUTE
    ..\\radio\\src\\sx1276-board.c           0x00000000   Number         0  sx1276-board.o ABSOLUTE
    ..\\radio\\src\\sx1276.c                 0x00000000   Number         0  sx1276.o ABSOLUTE
    ..\\radio\\src\\sx1276_hal.c             0x00000000   Number         0  sx1276_hal.o ABSOLUTE
    ..\\radio\\src\\sx1276_user.c            0x00000000   Number         0  sx1276_user.o ABSOLUTE
    ..\radio\src\sx1276-board.c              0x00000000   Number         0  sx1276-board.o ABSOLUTE
    ..\radio\src\sx1276.c                    0x00000000   Number         0  sx1276.o ABSOLUTE
    ..\radio\src\sx1276_hal.c                0x00000000   Number         0  sx1276_hal.o ABSOLUTE
    ..\radio\src\sx1276_timer.c              0x00000000   Number         0  sx1276_timer.o ABSOLUTE
    ..\radio\src\sx1276_user.c               0x00000000   Number         0  sx1276_user.o ABSOLUTE
    cdcmple.s                                0x00000000   Number         0  cdcmple.o ABSOLUTE
    cdrcmple.s                               0x00000000   Number         0  cdrcmple.o ABSOLUTE
    dc.s                                     0x00000000   Number         0  dc.o ABSOLUTE
    handlers.s                               0x00000000   Number         0  handlers.o ABSOLUTE
    init.s                                   0x00000000   Number         0  init.o ABSOLUTE
    startup_stm32l151xba.s                   0x00000000   Number         0  startup_stm32l151xba.o ABSOLUTE
    RESET                                    0x08000000   Section      244  startup_stm32l151xba.o(RESET)
    .ARM.Collect$$$$00000000                 0x080000f4   Section        0  entry.o(.ARM.Collect$$$$00000000)
    .ARM.Collect$$$$00000001                 0x080000f4   Section        4  entry2.o(.ARM.Collect$$$$00000001)
    .ARM.Collect$$$$00000004                 0x080000f8   Section        4  entry5.o(.ARM.Collect$$$$00000004)
    .ARM.Collect$$$$00000008                 0x080000fc   Section        0  entry7b.o(.ARM.Collect$$$$00000008)
    .ARM.Collect$$$$0000000A                 0x080000fc   Section        0  entry8b.o(.ARM.Collect$$$$0000000A)
    .ARM.Collect$$$$0000000B                 0x080000fc   Section        8  entry9a.o(.ARM.Collect$$$$0000000B)
    .ARM.Collect$$$$0000000D                 0x08000104   Section        0  entry10a.o(.ARM.Collect$$$$0000000D)
    .ARM.Collect$$$$0000000F                 0x08000104   Section        0  entry11a.o(.ARM.Collect$$$$0000000F)
    .ARM.Collect$$$$00002712                 0x08000104   Section        4  entry2.o(.ARM.Collect$$$$00002712)
    __lit__00000000                          0x08000104   Data           4  entry2.o(.ARM.Collect$$$$00002712)
    .text                                    0x08000108   Section       36  startup_stm32l151xba.o(.text)
    .text                                    0x0800012c   Section        0  memcpya.o(.text)
    .text                                    0x08000150   Section        0  memseta.o(.text)
    .text                                    0x08000174   Section        0  ddiv.o(.text)
    .text                                    0x08000252   Section        0  dfltui.o(.text)
    .text                                    0x0800026c   Section        0  dfixui.o(.text)
    .text                                    0x0800029e   Section        0  llushr.o(.text)
    .text                                    0x080002be   Section        0  depilogue.o(.text)
    .text                                    0x080002be   Section        0  iusefp.o(.text)
    .text                                    0x08000378   Section       36  init.o(.text)
    .text                                    0x0800039c   Section        0  llshl.o(.text)
    i.BspDataRecordInit                      0x080003bc   Section        0  bspdatarecord.o(i.BspDataRecordInit)
    i.BspGetDataV2                           0x08000434   Section        0  bspdatarecord.o(i.BspGetDataV2)
    i.BspGetFirstProgFlag                    0x08000498   Section        0  bspdatarecord.o(i.BspGetFirstProgFlag)
    i.BspIapUartSendByte                     0x080004ac   Section        0  bsplora.o(i.BspIapUartSendByte)
    i.BspInit                                0x08000518   Section        0  bsp.o(i.BspInit)
    i.BspIntFlashErasePages                  0x08000526   Section        0  bspintflash.o(i.BspIntFlashErasePages)
    i.BspIntFlashRead                        0x0800055a   Section        0  bspintflash.o(i.BspIntFlashRead)
    i.BspIntFlashWrite                       0x08000572   Section        0  bspintflash.o(i.BspIntFlashWrite)
    i.BspLoraChSet                           0x080005b4   Section        0  bsplora.o(i.BspLoraChSet)
    i.BspLoraGetFreqByCh                     0x080005c4   Section        0  sx1276_user.o(i.BspLoraGetFreqByCh)
    i.BspLoraInit                            0x080005d4   Section        0  bsplora.o(i.BspLoraInit)
    i.BspLoraSendPacket                      0x0800064c   Section        0  bsplora.o(i.BspLoraSendPacket)
    i.BspLoraSpITransmit                     0x08000670   Section        0  bsplora.o(i.BspLoraSpITransmit)
    i.BspSaveData                            0x08000698   Section        0  bspdatarecord.o(i.BspSaveData)
    i.BspSaveDataV2                          0x0800071c   Section        0  bspdatarecord.o(i.BspSaveDataV2)
    i.BusFault_Handler                       0x0800079a   Section        0  stm32l1xx_it.o(i.BusFault_Handler)
    i.CommLoraRecDatHandler                  0x0800079c   Section        0  commlora.o(i.CommLoraRecDatHandler)
    i.DebugMon_Handler                       0x080007fc   Section        0  stm32l1xx_it.o(i.DebugMon_Handler)
    i.EXTI15_10_IRQHandler                   0x080007fe   Section        0  stm32l1xx_it.o(i.EXTI15_10_IRQHandler)
    i.EXTI9_5_IRQHandler                     0x08000806   Section        0  stm32l1xx_it.o(i.EXTI9_5_IRQHandler)
    i.EnterLowerPwrWithWup                   0x0800080e   Section        0  bsprtc.o(i.EnterLowerPwrWithWup)
    i.ExitLowerPower                         0x08000810   Section        0  handlerpowermaneg.o(i.ExitLowerPower)
    i.FLASH_If_Init                          0x08000814   Section        0  main.o(i.FLASH_If_Init)
    i.FLASH_PageErase                        0x08000828   Section        0  stm32l1xx_hal_flash_ex.o(i.FLASH_PageErase)
    i.FLASH_SetErrorCode                     0x08000850   Section        0  stm32l1xx_hal_flash.o(i.FLASH_SetErrorCode)
    FLASH_SetErrorCode                       0x08000851   Thumb Code    80  stm32l1xx_hal_flash.o(i.FLASH_SetErrorCode)
    i.FLASH_WaitForLastOperation             0x080008a8   Section        0  stm32l1xx_hal_flash.o(i.FLASH_WaitForLastOperation)
    i.GetChByAddr                            0x08000904   Section        0  commlora.o(i.GetChByAddr)
    i.GetUpdatPacketDatTimeout               0x0800090c   Section        0  commiap.o(i.GetUpdatPacketDatTimeout)
    i.HAL_Delay                              0x0800093c   Section        0  stm32l1xx_hal.o(i.HAL_Delay)
    i.HAL_FLASHEx_Erase                      0x08000960   Section        0  stm32l1xx_hal_flash_ex.o(i.HAL_FLASHEx_Erase)
    i.HAL_FLASH_Lock                         0x080009dc   Section        0  stm32l1xx_hal_flash.o(i.HAL_FLASH_Lock)
    i.HAL_FLASH_Program                      0x080009f0   Section        0  stm32l1xx_hal_flash.o(i.HAL_FLASH_Program)
    i.HAL_FLASH_Unlock                       0x08000a2c   Section        0  stm32l1xx_hal_flash.o(i.HAL_FLASH_Unlock)
    i.HAL_GPIO_EXTI_Callback                 0x08000a7c   Section        0  stm32l1xx_it.o(i.HAL_GPIO_EXTI_Callback)
    i.HAL_GPIO_EXTI_IRQHandler               0x08000a98   Section        0  stm32l1xx_hal_gpio.o(i.HAL_GPIO_EXTI_IRQHandler)
    i.HAL_GPIO_Init                          0x08000ab0   Section        0  stm32l1xx_hal_gpio.o(i.HAL_GPIO_Init)
    i.HAL_GPIO_WritePin                      0x08000c44   Section        0  stm32l1xx_hal_gpio.o(i.HAL_GPIO_WritePin)
    i.HAL_GetTick                            0x08000c50   Section        0  stm32l1xx_hal.o(i.HAL_GetTick)
    i.HAL_IncTick                            0x08000c5c   Section        0  stm32l1xx_hal.o(i.HAL_IncTick)
    i.HAL_Init                               0x08000c6c   Section        0  stm32l1xx_hal.o(i.HAL_Init)
    i.HAL_InitTick                           0x08000c8c   Section        0  stm32l1xx_hal.o(i.HAL_InitTick)
    i.HAL_MspInit                            0x08000cd0   Section        0  stm32l1xx_hal_msp.o(i.HAL_MspInit)
    i.HAL_NVIC_EnableIRQ                     0x08000d0c   Section        0  stm32l1xx_hal_cortex.o(i.HAL_NVIC_EnableIRQ)
    i.HAL_NVIC_SetPriority                   0x08000d28   Section        0  stm32l1xx_hal_cortex.o(i.HAL_NVIC_SetPriority)
    i.HAL_NVIC_SetPriorityGrouping           0x08000d68   Section        0  stm32l1xx_hal_cortex.o(i.HAL_NVIC_SetPriorityGrouping)
    i.HAL_RCCEx_PeriphCLKConfig              0x08000d8c   Section        0  stm32l1xx_hal_rcc_ex.o(i.HAL_RCCEx_PeriphCLKConfig)
    i.HAL_RCC_ClockConfig                    0x08000eb8   Section        0  stm32l1xx_hal_rcc.o(i.HAL_RCC_ClockConfig)
    i.HAL_RCC_GetSysClockFreq                0x08001058   Section        0  stm32l1xx_hal_rcc.o(i.HAL_RCC_GetSysClockFreq)
    i.HAL_RCC_OscConfig                      0x080010b8   Section        0  stm32l1xx_hal_rcc.o(i.HAL_RCC_OscConfig)
    i.HAL_RTCEx_DeactivateWakeUpTimer        0x080014c0   Section        0  stm32l1xx_hal_rtc_ex.o(i.HAL_RTCEx_DeactivateWakeUpTimer)
    i.HAL_RTCEx_WakeUpTimerEventCallback     0x0800153a   Section        0  stm32l1xx_it.o(i.HAL_RTCEx_WakeUpTimerEventCallback)
    i.HAL_RTCEx_WakeUpTimerIRQHandler        0x0800154c   Section        0  stm32l1xx_hal_rtc_ex.o(i.HAL_RTCEx_WakeUpTimerIRQHandler)
    i.HAL_SPI_Init                           0x08001580   Section        0  stm32l1xx_hal_spi.o(i.HAL_SPI_Init)
    i.HAL_SPI_MspInit                        0x080015f4   Section        0  stm32l1xx_hal_msp.o(i.HAL_SPI_MspInit)
    i.HAL_SPI_TransmitReceive                0x080016a0   Section        0  stm32l1xx_hal_spi.o(i.HAL_SPI_TransmitReceive)
    i.HAL_SYSTICK_Config                     0x0800187a   Section        0  stm32l1xx_hal_cortex.o(i.HAL_SYSTICK_Config)
    i.HalWriteRxTx                           0x080018a2   Section        0  sx1276_hal.o(i.HalWriteRxTx)
    i.HardFault_Handler                      0x080018a4   Section        0  stm32l1xx_it.o(i.HardFault_Handler)
    i.LowPower_WakeUp                        0x080018c8   Section        0  bsprtc.o(i.LowPower_WakeUp)
    i.MemManage_Handler                      0x08001918   Section        0  stm32l1xx_it.o(i.MemManage_Handler)
    i.NMI_Handler                            0x0800191a   Section        0  stm32l1xx_it.o(i.NMI_Handler)
    i.OnCadDone                              0x0800191c   Section        0  sx1276_user.o(i.OnCadDone)
    i.OnRxDone                               0x08001944   Section        0  sx1276_user.o(i.OnRxDone)
    i.OnRxError                              0x08001a14   Section        0  sx1276_user.o(i.OnRxError)
    i.OnRxTimeout                            0x08001a1e   Section        0  sx1276_user.o(i.OnRxTimeout)
    i.OnTxDone                               0x08001a28   Section        0  sx1276_user.o(i.OnTxDone)
    i.OnTxTimeout                            0x08001a64   Section        0  sx1276_user.o(i.OnTxTimeout)
    i.OsTimeBaseEvent                        0x08001a70   Section        0  usros.o(i.OsTimeBaseEvent)
    i.PendSV_Handler                         0x08001a80   Section        0  stm32l1xx_it.o(i.PendSV_Handler)
    i.RCC_SetFlashLatencyFromMSIRange        0x08001a84   Section        0  stm32l1xx_hal_rcc.o(i.RCC_SetFlashLatencyFromMSIRange)
    RCC_SetFlashLatencyFromMSIRange          0x08001a85   Thumb Code   116  stm32l1xx_hal_rcc.o(i.RCC_SetFlashLatencyFromMSIRange)
    i.RTC_WKUP_IRQHandler                    0x08001b04   Section        0  stm32l1xx_it.o(i.RTC_WKUP_IRQHandler)
    i.RxChainCalibration                     0x08001b10   Section        0  sx1276.o(i.RxChainCalibration)
    RxChainCalibration                       0x08001b11   Thumb Code   114  sx1276.o(i.RxChainCalibration)
    i.SPI_EndRxTxTransaction                 0x08001b8c   Section        0  stm32l1xx_hal_spi.o(i.SPI_EndRxTxTransaction)
    SPI_EndRxTxTransaction                   0x08001b8d   Thumb Code    64  stm32l1xx_hal_spi.o(i.SPI_EndRxTxTransaction)
    i.SPI_WaitFlagStateUntilTimeout          0x08001bcc   Section        0  stm32l1xx_hal_spi.o(i.SPI_WaitFlagStateUntilTimeout)
    SPI_WaitFlagStateUntilTimeout            0x08001bcd   Thumb Code   148  stm32l1xx_hal_spi.o(i.SPI_WaitFlagStateUntilTimeout)
    i.SVC_Handler                            0x08001c60   Section        0  stm32l1xx_it.o(i.SVC_Handler)
    i.SX1276AppInit                          0x08001c64   Section        0  sx1276_user.o(i.SX1276AppInit)
    i.SX1276Init                             0x08001cd8   Section        0  sx1276.o(i.SX1276Init)
    i.SX1276OnDio0Event                      0x08001d4c   Section        0  sx1276.o(i.SX1276OnDio0Event)
    i.SX1276OnTimeoutEvent                   0x08001e98   Section        0  sx1276.o(i.SX1276OnTimeoutEvent)
    i.SX1276OnTimeoutIrq                     0x08001f54   Section        0  sx1276.o(i.SX1276OnTimeoutIrq)
    i.SX1276ReadBuffer                       0x08001f60   Section        0  sx1276.o(i.SX1276ReadBuffer)
    i.SX1276ReadFifo                         0x08001fac   Section        0  sx1276.o(i.SX1276ReadFifo)
    i.SX1276Send                             0x08001fb8   Section        0  sx1276.o(i.SX1276Send)
    i.SX1276SetAntSw                         0x0800204c   Section        0  sx1276-board.o(i.SX1276SetAntSw)
    i.SX1276SetAntSwLowPower                 0x0800205c   Section        0  sx1276-board.o(i.SX1276SetAntSwLowPower)
    i.SX1276SetFreq                          0x08002078   Section        0  sx1276.o(i.SX1276SetFreq)
    i.SX1276SetMaxPayloadLength              0x080020b8   Section        0  sx1276.o(i.SX1276SetMaxPayloadLength)
    i.SX1276SetModem                         0x080020cc   Section        0  sx1276.o(i.SX1276SetModem)
    i.SX1276SetOpMode                        0x08002140   Section        0  sx1276.o(i.SX1276SetOpMode)
    i.SX1276SetPublicNetwork                 0x08002170   Section        0  sx1276.o(i.SX1276SetPublicNetwork)
    i.SX1276SetReset                         0x08002198   Section        0  sx1276-board.o(i.SX1276SetReset)
    i.SX1276SetRx                            0x080021c8   Section        0  sx1276.o(i.SX1276SetRx)
    i.SX1276SetRxConfig                      0x0800234c   Section        0  sx1276.o(i.SX1276SetRxConfig)
    i.SX1276SetSleep                         0x080024dc   Section        0  sx1276.o(i.SX1276SetSleep)
    i.SX1276SetStby                          0x080024fc   Section        0  sx1276.o(i.SX1276SetStby)
    i.SX1276SetSyncWord                      0x0800251c   Section        0  sx1276.o(i.SX1276SetSyncWord)
    i.SX1276SetTx                            0x08002524   Section        0  sx1276.o(i.SX1276SetTx)
    i.SX1276SetTxConfig                      0x0800259c   Section        0  sx1276.o(i.SX1276SetTxConfig)
    i.SX1276Task                             0x080026e4   Section        0  sx1276.o(i.SX1276Task)
    i.SX1276WriteBuffer                      0x08002710   Section        0  sx1276.o(i.SX1276WriteBuffer)
    i.SX1276WriteFifo                        0x08002758   Section        0  sx1276.o(i.SX1276WriteFifo)
    i.SfTimerEvent                           0x08002764   Section        0  stimer.o(i.SfTimerEvent)
    i.SfTimerStart                           0x08002784   Section        0  stimer.o(i.SfTimerStart)
    i.SpiTransfer                            0x080027b8   Section        0  sx1276-board.o(i.SpiTransfer)
    i.Sx1276TimerLoop                        0x080027bc   Section        0  sx1276_timer.o(i.Sx1276TimerLoop)
    i.Sx1276TimerStart                       0x080027f8   Section        0  sx1276_timer.o(i.Sx1276TimerStart)
    i.Sx1278Read                             0x08002820   Section        0  sx1276.o(i.Sx1278Read)
    i.Sx1278SetRfTxPower                     0x08002830   Section        0  sx1276-board.o(i.Sx1278SetRfTxPower)
    i.Sx1278Write                            0x080028e4   Section        0  sx1276.o(i.Sx1278Write)
    i.SysTick_Handler                        0x080028f0   Section        0  stm32l1xx_it.o(i.SysTick_Handler)
    i.SystemClock_Config                     0x08002900   Section        0  main.o(i.SystemClock_Config)
    i.SystemDelay                            0x08002974   Section        0  usros.o(i.SystemDelay)
    i.SystemInit                             0x080029a4   Section        0  system_stm32l1xx.o(i.SystemInit)
    i.TaskScheduler                          0x080029f4   Section        0  stask.o(i.TaskScheduler)
    i.TaskStart                              0x08002a24   Section        0  stask.o(i.TaskStart)
    i.TimerChangePeriod                      0x08002a54   Section        0  sx1276_timer.o(i.TimerChangePeriod)
    i.TimerListTimerReset                    0x08002a70   Section        0  sx1276_timer.o(i.TimerListTimerReset)
    TimerListTimerReset                      0x08002a71   Thumb Code    26  sx1276_timer.o(i.TimerListTimerReset)
    i.TimerRegister                          0x08002a90   Section        0  sx1276_timer.o(i.TimerRegister)
    i.TimerStop                              0x08002b00   Section        0  sx1276_timer.o(i.TimerStop)
    i.TimerTaskScheduler                     0x08002b20   Section        0  stimer.o(i.TimerTaskScheduler)
    i.UpdateDataProcess                      0x08002b78   Section        0  commiap.o(i.UpdateDataProcess)
    i.UsageFault_Handler                     0x08002c3c   Section        0  stm32l1xx_it.o(i.UsageFault_Handler)
    i._Error_Handler                         0x08002c3e   Section        0  main.o(i._Error_Handler)
    i.__ExitUpdata                           0x08002c40   Section        0  main.o(i.__ExitUpdata)
    __ExitUpdata                             0x08002c41   Thumb Code    92  main.o(i.__ExitUpdata)
    i.__GetUpdatePara                        0x08002cb4   Section        0  main.o(i.__GetUpdatePara)
    __GetUpdatePara                          0x08002cb5   Thumb Code    80  main.o(i.__GetUpdatePara)
    i.__LedPortInit                          0x08002d1c   Section        0  main.o(i.__LedPortInit)
    i.__LoraPortInit                         0x08002dbc   Section        0  bsplora.o(i.__LoraPortInit)
    __LoraPortInit                           0x08002dbd   Thumb Code   248  bsplora.o(i.__LoraPortInit)
    i.__NVIC_SetPriority                     0x08002ec4   Section        0  stm32l1xx_hal_cortex.o(i.__NVIC_SetPriority)
    __NVIC_SetPriority                       0x08002ec5   Thumb Code    32  stm32l1xx_hal_cortex.o(i.__NVIC_SetPriority)
    i.__TaskScanRadioCb                      0x08002ee4   Section        0  stask.o(i.__TaskScanRadioCb)
    __TaskScanRadioCb                        0x08002ee5   Thumb Code     4  stask.o(i.__TaskScanRadioCb)
    i.__TaskSendDataCb                       0x08002ee8   Section        0  stask.o(i.__TaskSendDataCb)
    __TaskSendDataCb                         0x08002ee9   Thumb Code    10  stask.o(i.__TaskSendDataCb)
    i.__TaskSoftTimerCb                      0x08002ef8   Section        0  stask.o(i.__TaskSoftTimerCb)
    __TaskSoftTimerCb                        0x08002ef9   Thumb Code     6  stask.o(i.__TaskSoftTimerCb)
    i.__TaskStartCadCb                       0x08002efe   Section        0  stask.o(i.__TaskStartCadCb)
    __TaskStartCadCb                         0x08002eff   Thumb Code     2  stask.o(i.__TaskStartCadCb)
    i.__TimerSleepCb                         0x08002f00   Section        0  stimer.o(i.__TimerSleepCb)
    __TimerSleepCb                           0x08002f01   Thumb Code     8  stimer.o(i.__TimerSleepCb)
    i.__TimerTickerHandle                    0x08002f08   Section        0  stimer.o(i.__TimerTickerHandle)
    __TimerTickerHandle                      0x08002f09   Thumb Code    48  stimer.o(i.__TimerTickerHandle)
    i.__UpdateResHandler                     0x08002f3c   Section        0  commiap.o(i.__UpdateResHandler)
    i.__scatterload_copy                     0x08002f80   Section       14  handlers.o(i.__scatterload_copy)
    i.__scatterload_null                     0x08002f8e   Section        2  handlers.o(i.__scatterload_null)
    i.__scatterload_zeroinit                 0x08002f90   Section       14  handlers.o(i.__scatterload_zeroinit)
    i.delay                                  0x08002f9e   Section        0  sx1276_hal.o(i.delay)
    i.main                                   0x08002fa4   Section        0  main.o(i.main)
    i.malloc                                 0x08002ff0   Section        0  malloc.o(i.malloc)
    .constdata                               0x0800305c   Section       25  system_stm32l1xx.o(.constdata)
    .constdata                               0x08003075   Section       48  sx1276.o(.constdata)
    .data                                    0x20000000   Section        8  main.o(.data)
    app_address                              0x20000004   Data           4  main.o(.data)
    .data                                    0x20000008   Section        2  usros.o(.data)
    sysTick                                  0x20000008   Data           2  usros.o(.data)
    .data                                    0x2000000c   Section       12  stm32l1xx_hal.o(.data)
    .data                                    0x20000018   Section        4  system_stm32l1xx.o(.data)
    .data                                    0x2000001c   Section        1  bspdatarecord.o(.data)
    .data                                    0x20000020   Section       20  commiap.o(.data)
    packNo                                   0x20000024   Data           2  commiap.o(.data)
    __addr                                   0x20000028   Data           4  commiap.o(.data)
    __osDelayS                               0x2000002c   Data           4  commiap.o(.data)
    .data                                    0x20000034   Section        1  commlora.o(.data)
    .data                                    0x20000035   Section        1  commlora.o(.data)
    .data                                    0x20000036   Section        8  handlerpowermaneg.o(.data)
    __osDelayS                               0x20000036   Data           4  handlerpowermaneg.o(.data)
    .data                                    0x20000040   Section       48  stask.o(.data)
    taskList                                 0x20000040   Data          48  stask.o(.data)
    .data                                    0x20000070   Section       28  stimer.o(.data)
    __osDelayS                               0x20000070   Data           4  stimer.o(.data)
    sfTimerList                              0x20000074   Data          24  stimer.o(.data)
    .data                                    0x2000008c   Section       11  sx1276.o(.data)
    .data                                    0x20000098   Section        8  sx1276_timer.o(.data)
    timerListInitFlag                        0x20000098   Data           1  sx1276_timer.o(.data)
    timerListHead                            0x2000009c   Data           4  sx1276_timer.o(.data)
    .data                                    0x200000a0   Section        1  sx1276-board.o(.data)
    radioIsActive                            0x200000a0   Data           1  sx1276-board.o(.data)
    .data                                    0x200000a4   Section        4  mvars.o(.data)
    .data                                    0x200000a8   Section        4  mvars.o(.data)
    .bss                                     0x200000ac   Section       24  stm32l1xx_hal_flash.o(.bss)
    .bss                                     0x200000c4   Section       24  bspdatarecord.o(.bss)
    .bss                                     0x200000dc   Section       16  bspdatarecord.o(.bss)
    .bss                                     0x200000ec   Section      346  bsplora.o(.bss)
    .bss                                     0x20000248   Section       32  bsprtc.o(.bss)
    .bss                                     0x20000268   Section      258  commlora.o(.bss)
    .bss                                     0x2000036c   Section      376  sx1276.o(.bss)
    HEAP                                     0x200004e8   Section      256  startup_stm32l151xba.o(HEAP)
    STACK                                    0x200005e8   Section     8192  startup_stm32l151xba.o(STACK)

    Global Symbols

    Symbol Name                              Value     Ov Type        Size  Object(Section)

    BuildAttributes$$THM_ISAv4$P$D$K$B$S$PE$A:L22UL41UL21$X:L11$S22US41US21$IEEE1$IW$USESV6$~STKCKD$USESV7$~SHL$OTIME$ROPI$IEEEX$EBA8$MICROLIB$REQ8$PRES8$EABIv2 0x00000000   Number         0  anon$$obj.o ABSOLUTE
    __ARM_use_no_argv                        0x00000000   Number         0  main.o ABSOLUTE
    __cpp_initialize__aeabi_                  - Undefined Weak Reference
    __cxa_finalize                            - Undefined Weak Reference
    __decompress                              - Undefined Weak Reference
    _clock_init                               - Undefined Weak Reference
    _microlib_exit                            - Undefined Weak Reference
    __Vectors_Size                           0x000000f4   Number         0  startup_stm32l151xba.o ABSOLUTE
    __Vectors                                0x08000000   Data           4  startup_stm32l151xba.o(RESET)
    __Vectors_End                            0x080000f4   Data           0  startup_stm32l151xba.o(RESET)
    __main                                   0x080000f5   Thumb Code     0  entry.o(.ARM.Collect$$$$00000000)
    _main_stk                                0x080000f5   Thumb Code     0  entry2.o(.ARM.Collect$$$$00000001)
    _main_scatterload                        0x080000f9   Thumb Code     0  entry5.o(.ARM.Collect$$$$00000004)
    __main_after_scatterload                 0x080000fd   Thumb Code     0  entry5.o(.ARM.Collect$$$$00000004)
    _main_clock                              0x080000fd   Thumb Code     0  entry7b.o(.ARM.Collect$$$$00000008)
    _main_cpp_init                           0x080000fd   Thumb Code     0  entry8b.o(.ARM.Collect$$$$0000000A)
    _main_init                               0x080000fd   Thumb Code     0  entry9a.o(.ARM.Collect$$$$0000000B)
    __rt_final_cpp                           0x08000105   Thumb Code     0  entry10a.o(.ARM.Collect$$$$0000000D)
    __rt_final_exit                          0x08000105   Thumb Code     0  entry11a.o(.ARM.Collect$$$$0000000F)
    Reset_Handler                            0x08000109   Thumb Code     8  startup_stm32l151xba.o(.text)
    ADC1_IRQHandler                          0x08000123   Thumb Code     0  startup_stm32l151xba.o(.text)
    COMP_IRQHandler                          0x08000123   Thumb Code     0  startup_stm32l151xba.o(.text)
    DAC_IRQHandler                           0x08000123   Thumb Code     0  startup_stm32l151xba.o(.text)
    DMA1_Channel1_IRQHandler                 0x08000123   Thumb Code     0  startup_stm32l151xba.o(.text)
    DMA1_Channel2_IRQHandler                 0x08000123   Thumb Code     0  startup_stm32l151xba.o(.text)
    DMA1_Channel3_IRQHandler                 0x08000123   Thumb Code     0  startup_stm32l151xba.o(.text)
    DMA1_Channel4_IRQHandler                 0x08000123   Thumb Code     0  startup_stm32l151xba.o(.text)
    DMA1_Channel5_IRQHandler                 0x08000123   Thumb Code     0  startup_stm32l151xba.o(.text)
    DMA1_Channel6_IRQHandler                 0x08000123   Thumb Code     0  startup_stm32l151xba.o(.text)
    DMA1_Channel7_IRQHandler                 0x08000123   Thumb Code     0  startup_stm32l151xba.o(.text)
    EXTI0_IRQHandler                         0x08000123   Thumb Code     0  startup_stm32l151xba.o(.text)
    EXTI1_IRQHandler                         0x08000123   Thumb Code     0  startup_stm32l151xba.o(.text)
    EXTI2_IRQHandler                         0x08000123   Thumb Code     0  startup_stm32l151xba.o(.text)
    EXTI3_IRQHandler                         0x08000123   Thumb Code     0  startup_stm32l151xba.o(.text)
    EXTI4_IRQHandler                         0x08000123   Thumb Code     0  startup_stm32l151xba.o(.text)
    FLASH_IRQHandler                         0x08000123   Thumb Code     0  startup_stm32l151xba.o(.text)
    I2C1_ER_IRQHandler                       0x08000123   Thumb Code     0  startup_stm32l151xba.o(.text)
    I2C1_EV_IRQHandler                       0x08000123   Thumb Code     0  startup_stm32l151xba.o(.text)
    I2C2_ER_IRQHandler                       0x08000123   Thumb Code     0  startup_stm32l151xba.o(.text)
    I2C2_EV_IRQHandler                       0x08000123   Thumb Code     0  startup_stm32l151xba.o(.text)
    PVD_IRQHandler                           0x08000123   Thumb Code     0  startup_stm32l151xba.o(.text)
    RCC_IRQHandler                           0x08000123   Thumb Code     0  startup_stm32l151xba.o(.text)
    RTC_Alarm_IRQHandler                     0x08000123   Thumb Code     0  startup_stm32l151xba.o(.text)
    SPI1_IRQHandler                          0x08000123   Thumb Code     0  startup_stm32l151xba.o(.text)
    SPI2_IRQHandler                          0x08000123   Thumb Code     0  startup_stm32l151xba.o(.text)
    TAMPER_STAMP_IRQHandler                  0x08000123   Thumb Code     0  startup_stm32l151xba.o(.text)
    TIM10_IRQHandler                         0x08000123   Thumb Code     0  startup_stm32l151xba.o(.text)
    TIM11_IRQHandler                         0x08000123   Thumb Code     0  startup_stm32l151xba.o(.text)
    TIM2_IRQHandler                          0x08000123   Thumb Code     0  startup_stm32l151xba.o(.text)
    TIM3_IRQHandler                          0x08000123   Thumb Code     0  startup_stm32l151xba.o(.text)
    TIM4_IRQHandler                          0x08000123   Thumb Code     0  startup_stm32l151xba.o(.text)
    TIM6_IRQHandler                          0x08000123   Thumb Code     0  startup_stm32l151xba.o(.text)
    TIM7_IRQHandler                          0x08000123   Thumb Code     0  startup_stm32l151xba.o(.text)
    TIM9_IRQHandler                          0x08000123   Thumb Code     0  startup_stm32l151xba.o(.text)
    USART1_IRQHandler                        0x08000123   Thumb Code     0  startup_stm32l151xba.o(.text)
    USART2_IRQHandler                        0x08000123   Thumb Code     0  startup_stm32l151xba.o(.text)
    USART3_IRQHandler                        0x08000123   Thumb Code     0  startup_stm32l151xba.o(.text)
    USB_FS_WKUP_IRQHandler                   0x08000123   Thumb Code     0  startup_stm32l151xba.o(.text)
    USB_HP_IRQHandler                        0x08000123   Thumb Code     0  startup_stm32l151xba.o(.text)
    USB_LP_IRQHandler                        0x08000123   Thumb Code     0  startup_stm32l151xba.o(.text)
    WWDG_IRQHandler                          0x08000123   Thumb Code     0  startup_stm32l151xba.o(.text)
    __aeabi_memcpy                           0x0800012d   Thumb Code    36  memcpya.o(.text)
    __aeabi_memcpy4                          0x0800012d   Thumb Code     0  memcpya.o(.text)
    __aeabi_memcpy8                          0x0800012d   Thumb Code     0  memcpya.o(.text)
    __aeabi_memset                           0x08000151   Thumb Code    14  memseta.o(.text)
    __aeabi_memset4                          0x08000151   Thumb Code     0  memseta.o(.text)
    __aeabi_memset8                          0x08000151   Thumb Code     0  memseta.o(.text)
    __aeabi_memclr                           0x0800015f   Thumb Code     4  memseta.o(.text)
    __aeabi_memclr4                          0x0800015f   Thumb Code     0  memseta.o(.text)
    __aeabi_memclr8                          0x0800015f   Thumb Code     0  memseta.o(.text)
    _memset$wrapper                          0x08000163   Thumb Code    18  memseta.o(.text)
    __aeabi_ddiv                             0x08000175   Thumb Code   222  ddiv.o(.text)
    __aeabi_ui2d                             0x08000253   Thumb Code    26  dfltui.o(.text)
    __aeabi_d2uiz                            0x0800026d   Thumb Code    50  dfixui.o(.text)
    __aeabi_llsr                             0x0800029f   Thumb Code    32  llushr.o(.text)
    _ll_ushift_r                             0x0800029f   Thumb Code     0  llushr.o(.text)
    __I$use$fp                               0x080002bf   Thumb Code     0  iusefp.o(.text)
    _double_round                            0x080002bf   Thumb Code    30  depilogue.o(.text)
    _double_epilogue                         0x080002dd   Thumb Code   156  depilogue.o(.text)
    __scatterload                            0x08000379   Thumb Code    28  init.o(.text)
    __scatterload_rt2                        0x08000379   Thumb Code     0  init.o(.text)
    __aeabi_llsl                             0x0800039d   Thumb Code    30  llshl.o(.text)
    _ll_shift_l                              0x0800039d   Thumb Code     0  llshl.o(.text)
    BspDataRecordInit                        0x080003bd   Thumb Code   104  bspdatarecord.o(i.BspDataRecordInit)
    BspGetDataV2                             0x08000435   Thumb Code    98  bspdatarecord.o(i.BspGetDataV2)
    BspGetFirstProgFlag                      0x08000499   Thumb Code    12  bspdatarecord.o(i.BspGetFirstProgFlag)
    BspIapUartSendByte                       0x080004ad   Thumb Code    90  bsplora.o(i.BspIapUartSendByte)
    BspInit                                  0x08000519   Thumb Code    14  bsp.o(i.BspInit)
    BspIntFlashErasePages                    0x08000527   Thumb Code    52  bspintflash.o(i.BspIntFlashErasePages)
    BspIntFlashRead                          0x0800055b   Thumb Code    24  bspintflash.o(i.BspIntFlashRead)
    BspIntFlashWrite                         0x08000573   Thumb Code    64  bspintflash.o(i.BspIntFlashWrite)
    BspLoraChSet                             0x080005b5   Thumb Code    12  bsplora.o(i.BspLoraChSet)
    BspLoraGetFreqByCh                       0x080005c5   Thumb Code    10  sx1276_user.o(i.BspLoraGetFreqByCh)
    BspLoraInit                              0x080005d5   Thumb Code    88  bsplora.o(i.BspLoraInit)
    BspLoraSendPacket                        0x0800064d   Thumb Code    30  bsplora.o(i.BspLoraSendPacket)
    BspLoraSpITransmit                       0x08000671   Thumb Code    34  bsplora.o(i.BspLoraSpITransmit)
    BspSaveData                              0x08000699   Thumb Code   126  bspdatarecord.o(i.BspSaveData)
    BspSaveDataV2                            0x0800071d   Thumb Code   126  bspdatarecord.o(i.BspSaveDataV2)
    BusFault_Handler                         0x0800079b   Thumb Code     2  stm32l1xx_it.o(i.BusFault_Handler)
    CommLoraRecDatHandler                    0x0800079d   Thumb Code    72  commlora.o(i.CommLoraRecDatHandler)
    DebugMon_Handler                         0x080007fd   Thumb Code     2  stm32l1xx_it.o(i.DebugMon_Handler)
    EXTI15_10_IRQHandler                     0x080007ff   Thumb Code     8  stm32l1xx_it.o(i.EXTI15_10_IRQHandler)
    EXTI9_5_IRQHandler                       0x08000807   Thumb Code     8  stm32l1xx_it.o(i.EXTI9_5_IRQHandler)
    EnterLowerPwrWithWup                     0x0800080f   Thumb Code     2  bsprtc.o(i.EnterLowerPwrWithWup)
    ExitLowerPower                           0x08000811   Thumb Code     2  handlerpowermaneg.o(i.ExitLowerPower)
    FLASH_If_Init                            0x08000815   Thumb Code    16  main.o(i.FLASH_If_Init)
    FLASH_PageErase                          0x08000829   Thumb Code    32  stm32l1xx_hal_flash_ex.o(i.FLASH_PageErase)
    FLASH_WaitForLastOperation               0x080008a9   Thumb Code    86  stm32l1xx_hal_flash.o(i.FLASH_WaitForLastOperation)
    GetChByAddr                              0x08000905   Thumb Code     6  commlora.o(i.GetChByAddr)
    GetUpdatPacketDatTimeout                 0x0800090d   Thumb Code    42  commiap.o(i.GetUpdatPacketDatTimeout)
    HAL_Delay                                0x0800093d   Thumb Code    32  stm32l1xx_hal.o(i.HAL_Delay)
    HAL_FLASHEx_Erase                        0x08000961   Thumb Code   114  stm32l1xx_hal_flash_ex.o(i.HAL_FLASHEx_Erase)
    HAL_FLASH_Lock                           0x080009dd   Thumb Code    14  stm32l1xx_hal_flash.o(i.HAL_FLASH_Lock)
    HAL_FLASH_Program                        0x080009f1   Thumb Code    56  stm32l1xx_hal_flash.o(i.HAL_FLASH_Program)
    HAL_FLASH_Unlock                         0x08000a2d   Thumb Code    58  stm32l1xx_hal_flash.o(i.HAL_FLASH_Unlock)
    HAL_GPIO_EXTI_Callback                   0x08000a7d   Thumb Code    24  stm32l1xx_it.o(i.HAL_GPIO_EXTI_Callback)
    HAL_GPIO_EXTI_IRQHandler                 0x08000a99   Thumb Code    18  stm32l1xx_hal_gpio.o(i.HAL_GPIO_EXTI_IRQHandler)
    HAL_GPIO_Init                            0x08000ab1   Thumb Code   370  stm32l1xx_hal_gpio.o(i.HAL_GPIO_Init)
    HAL_GPIO_WritePin                        0x08000c45   Thumb Code    10  stm32l1xx_hal_gpio.o(i.HAL_GPIO_WritePin)
    HAL_GetTick                              0x08000c51   Thumb Code     6  stm32l1xx_hal.o(i.HAL_GetTick)
    HAL_IncTick                              0x08000c5d   Thumb Code    12  stm32l1xx_hal.o(i.HAL_IncTick)
    HAL_Init                                 0x08000c6d   Thumb Code    30  stm32l1xx_hal.o(i.HAL_Init)
    HAL_InitTick                             0x08000c8d   Thumb Code    58  stm32l1xx_hal.o(i.HAL_InitTick)
    HAL_MspInit                              0x08000cd1   Thumb Code    56  stm32l1xx_hal_msp.o(i.HAL_MspInit)
    HAL_NVIC_EnableIRQ                       0x08000d0d   Thumb Code    26  stm32l1xx_hal_cortex.o(i.HAL_NVIC_EnableIRQ)
    HAL_NVIC_SetPriority                     0x08000d29   Thumb Code    60  stm32l1xx_hal_cortex.o(i.HAL_NVIC_SetPriority)
    HAL_NVIC_SetPriorityGrouping             0x08000d69   Thumb Code    26  stm32l1xx_hal_cortex.o(i.HAL_NVIC_SetPriorityGrouping)
    HAL_RCCEx_PeriphCLKConfig                0x08000d8d   Thumb Code   286  stm32l1xx_hal_rcc_ex.o(i.HAL_RCCEx_PeriphCLKConfig)
    HAL_RCC_ClockConfig                      0x08000eb9   Thumb Code   394  stm32l1xx_hal_rcc.o(i.HAL_RCC_ClockConfig)
    HAL_RCC_GetSysClockFreq                  0x08001059   Thumb Code    80  stm32l1xx_hal_rcc.o(i.HAL_RCC_GetSysClockFreq)
    HAL_RCC_OscConfig                        0x080010b9   Thumb Code  1032  stm32l1xx_hal_rcc.o(i.HAL_RCC_OscConfig)
    HAL_RTCEx_DeactivateWakeUpTimer          0x080014c1   Thumb Code   122  stm32l1xx_hal_rtc_ex.o(i.HAL_RTCEx_DeactivateWakeUpTimer)
    HAL_RTCEx_WakeUpTimerEventCallback       0x0800153b   Thumb Code    16  stm32l1xx_it.o(i.HAL_RTCEx_WakeUpTimerEventCallback)
    HAL_RTCEx_WakeUpTimerIRQHandler          0x0800154d   Thumb Code    46  stm32l1xx_hal_rtc_ex.o(i.HAL_RTCEx_WakeUpTimerIRQHandler)
    HAL_SPI_Init                             0x08001581   Thumb Code   114  stm32l1xx_hal_spi.o(i.HAL_SPI_Init)
    HAL_SPI_MspInit                          0x080015f5   Thumb Code   158  stm32l1xx_hal_msp.o(i.HAL_SPI_MspInit)
    HAL_SPI_TransmitReceive                  0x080016a1   Thumb Code   474  stm32l1xx_hal_spi.o(i.HAL_SPI_TransmitReceive)
    HAL_SYSTICK_Config                       0x0800187b   Thumb Code    40  stm32l1xx_hal_cortex.o(i.HAL_SYSTICK_Config)
    HalWriteRxTx                             0x080018a3   Thumb Code     2  sx1276_hal.o(i.HalWriteRxTx)
    HardFault_Handler                        0x080018a5   Thumb Code    10  stm32l1xx_it.o(i.HardFault_Handler)
    LowPower_WakeUp                          0x080018c9   Thumb Code    68  bsprtc.o(i.LowPower_WakeUp)
    MemManage_Handler                        0x08001919   Thumb Code     2  stm32l1xx_it.o(i.MemManage_Handler)
    NMI_Handler                              0x0800191b   Thumb Code     2  stm32l1xx_it.o(i.NMI_Handler)
    OnCadDone                                0x0800191d   Thumb Code    38  sx1276_user.o(i.OnCadDone)
    OnRxDone                                 0x08001945   Thumb Code   184  sx1276_user.o(i.OnRxDone)
    OnRxError                                0x08001a15   Thumb Code    10  sx1276_user.o(i.OnRxError)
    OnRxTimeout                              0x08001a1f   Thumb Code    10  sx1276_user.o(i.OnRxTimeout)
    OnTxDone                                 0x08001a29   Thumb Code    50  sx1276_user.o(i.OnTxDone)
    OnTxTimeout                              0x08001a65   Thumb Code    10  sx1276_user.o(i.OnTxTimeout)
    OsTimeBaseEvent                          0x08001a71   Thumb Code    10  usros.o(i.OsTimeBaseEvent)
    PendSV_Handler                           0x08001a81   Thumb Code     2  stm32l1xx_it.o(i.PendSV_Handler)
    RTC_WKUP_IRQHandler                      0x08001b05   Thumb Code     6  stm32l1xx_it.o(i.RTC_WKUP_IRQHandler)
    SVC_Handler                              0x08001c61   Thumb Code     2  stm32l1xx_it.o(i.SVC_Handler)
    SX1276AppInit                            0x08001c65   Thumb Code   110  sx1276_user.o(i.SX1276AppInit)
    SX1276Init                               0x08001cd9   Thumb Code   104  sx1276.o(i.SX1276Init)
    SX1276OnDio0Event                        0x08001d4d   Thumb Code   316  sx1276.o(i.SX1276OnDio0Event)
    SX1276OnTimeoutEvent                     0x08001e99   Thumb Code   180  sx1276.o(i.SX1276OnTimeoutEvent)
    SX1276OnTimeoutIrq                       0x08001f55   Thumb Code     8  sx1276.o(i.SX1276OnTimeoutIrq)
    SX1276ReadBuffer                         0x08001f61   Thumb Code    70  sx1276.o(i.SX1276ReadBuffer)
    SX1276ReadFifo                           0x08001fad   Thumb Code    10  sx1276.o(i.SX1276ReadFifo)
    SX1276Send                               0x08001fb9   Thumb Code   140  sx1276.o(i.SX1276Send)
    SX1276SetAntSw                           0x0800204d   Thumb Code    14  sx1276-board.o(i.SX1276SetAntSw)
    SX1276SetAntSwLowPower                   0x0800205d   Thumb Code    24  sx1276-board.o(i.SX1276SetAntSwLowPower)
    SX1276SetFreq                            0x08002079   Thumb Code    56  sx1276.o(i.SX1276SetFreq)
    SX1276SetMaxPayloadLength                0x080020b9   Thumb Code    20  sx1276.o(i.SX1276SetMaxPayloadLength)
    SX1276SetModem                           0x080020cd   Thumb Code   110  sx1276.o(i.SX1276SetModem)
    SX1276SetOpMode                          0x08002141   Thumb Code    48  sx1276.o(i.SX1276SetOpMode)
    SX1276SetPublicNetwork                   0x08002171   Thumb Code    34  sx1276.o(i.SX1276SetPublicNetwork)
    SX1276SetReset                           0x08002199   Thumb Code    44  sx1276-board.o(i.SX1276SetReset)
    SX1276SetRx                              0x080021c9   Thumb Code   380  sx1276.o(i.SX1276SetRx)
    SX1276SetRxConfig                        0x0800234d   Thumb Code   392  sx1276.o(i.SX1276SetRxConfig)
    SX1276SetSleep                           0x080024dd   Thumb Code    28  sx1276.o(i.SX1276SetSleep)
    SX1276SetStby                            0x080024fd   Thumb Code    28  sx1276.o(i.SX1276SetStby)
    SX1276SetSyncWord                        0x0800251d   Thumb Code     8  sx1276.o(i.SX1276SetSyncWord)
    SX1276SetTx                              0x08002525   Thumb Code   114  sx1276.o(i.SX1276SetTx)
    SX1276SetTxConfig                        0x0800259d   Thumb Code   322  sx1276.o(i.SX1276SetTxConfig)
    SX1276Task                               0x080026e5   Thumb Code    40  sx1276.o(i.SX1276Task)
    SX1276WriteBuffer                        0x08002711   Thumb Code    68  sx1276.o(i.SX1276WriteBuffer)
    SX1276WriteFifo                          0x08002759   Thumb Code    10  sx1276.o(i.SX1276WriteFifo)
    SfTimerEvent                             0x08002765   Thumb Code    28  stimer.o(i.SfTimerEvent)
    SfTimerStart                             0x08002785   Thumb Code    48  stimer.o(i.SfTimerStart)
    SpiTransfer                              0x080027b9   Thumb Code     4  sx1276-board.o(i.SpiTransfer)
    Sx1276TimerLoop                          0x080027bd   Thumb Code    54  sx1276_timer.o(i.Sx1276TimerLoop)
    Sx1276TimerStart                         0x080027f9   Thumb Code    34  sx1276_timer.o(i.Sx1276TimerStart)
    Sx1278Read                               0x08002821   Thumb Code    16  sx1276.o(i.Sx1278Read)
    Sx1278SetRfTxPower                       0x08002831   Thumb Code   170  sx1276-board.o(i.Sx1278SetRfTxPower)
    Sx1278Write                              0x080028e5   Thumb Code    12  sx1276.o(i.Sx1278Write)
    SysTick_Handler                          0x080028f1   Thumb Code    14  stm32l1xx_it.o(i.SysTick_Handler)
    SystemClock_Config                       0x08002901   Thumb Code   112  main.o(i.SystemClock_Config)
    SystemDelay                              0x08002975   Thumb Code    42  usros.o(i.SystemDelay)
    SystemInit                               0x080029a5   Thumb Code    62  system_stm32l1xx.o(i.SystemInit)
    TaskScheduler                            0x080029f5   Thumb Code    42  stask.o(i.TaskScheduler)
    TaskStart                                0x08002a25   Thumb Code    44  stask.o(i.TaskStart)
    TimerChangePeriod                        0x08002a55   Thumb Code    22  sx1276_timer.o(i.TimerChangePeriod)
    TimerRegister                            0x08002a91   Thumb Code   106  sx1276_timer.o(i.TimerRegister)
    TimerStop                                0x08002b01   Thumb Code    26  sx1276_timer.o(i.TimerStop)
    TimerTaskScheduler                       0x08002b21   Thumb Code    84  stimer.o(i.TimerTaskScheduler)
    UpdateDataProcess                        0x08002b79   Thumb Code   184  commiap.o(i.UpdateDataProcess)
    UsageFault_Handler                       0x08002c3d   Thumb Code     2  stm32l1xx_it.o(i.UsageFault_Handler)
    _Error_Handler                           0x08002c3f   Thumb Code     2  main.o(i._Error_Handler)
    __LedPortInit                            0x08002d1d   Thumb Code   152  main.o(i.__LedPortInit)
    __UpdateResHandler                       0x08002f3d   Thumb Code    50  commiap.o(i.__UpdateResHandler)
    __scatterload_copy                       0x08002f81   Thumb Code    14  handlers.o(i.__scatterload_copy)
    __scatterload_null                       0x08002f8f   Thumb Code     2  handlers.o(i.__scatterload_null)
    __scatterload_zeroinit                   0x08002f91   Thumb Code    14  handlers.o(i.__scatterload_zeroinit)
    delay                                    0x08002f9f   Thumb Code     4  sx1276_hal.o(i.delay)
    main                                     0x08002fa5   Thumb Code    72  main.o(i.main)
    malloc                                   0x08002ff1   Thumb Code    92  malloc.o(i.malloc)
    PLLMulTable                              0x0800305c   Data           9  system_stm32l1xx.o(.constdata)
    AHBPrescTable                            0x08003065   Data          16  system_stm32l1xx.o(.constdata)
    RadioRegsInit                            0x08003075   Data          48  sx1276.o(.constdata)
    Region$$Table$$Base                      0x080030a8   Number         0  anon$$obj.o(Region$$Table)
    Region$$Table$$Limit                     0x080030c8   Number         0  anon$$obj.o(Region$$Table)
    iapJumpApp                               0x20000000   Data           4  main.o(.data)
    uwTickPrio                               0x2000000c   Data           4  stm32l1xx_hal.o(.data)
    uwTickFreq                               0x20000010   Data           4  stm32l1xx_hal.o(.data)
    uwTick                                   0x20000014   Data           4  stm32l1xx_hal.o(.data)
    SystemCoreClock                          0x20000018   Data           4  system_stm32l1xx.o(.data)
    firstPwrFlag                             0x2000001c   Data           1  bspdatarecord.o(.data)
    loraSendFlag                             0x20000020   Data           1  commiap.o(.data)
    prePackNo                                0x20000022   Data           2  commiap.o(.data)
    usr                                      0x20000030   Data           4  commiap.o(.data)
    loraRecFlag                              0x20000034   Data           1  commlora.o(.data)
    gobalAddrFlag                            0x20000035   Data           1  commlora.o(.data)
    sysPwrS                                  0x2000003a   Data           4  handlerpowermaneg.o(.data)
    fxs                                      0x2000008c   Data           4  sx1276.o(.data)
    SX1276EventIrqFlag                       0x20000090   Data           7  sx1276.o(.data)
    __microlib_freelist                      0x200000a4   Data           4  mvars.o(.data)
    __microlib_freelist_initialised          0x200000a8   Data           4  mvars.o(.data)
    pFlash                                   0x200000ac   Data          24  stm32l1xx_hal_flash.o(.bss)
    dataSaveS                                0x200000c4   Data          12  bspdatarecord.o(.bss)
    preDataSaveS                             0x200000d0   Data          12  bspdatarecord.o(.bss)
    updateParaSaveS                          0x200000dc   Data          16  bspdatarecord.o(.bss)
    loraSpiHandler                           0x200000ec   Data          88  bsplora.o(.bss)
    loraSendPacketS                          0x20000144   Data         258  bsplora.o(.bss)
    bspRtcHandler                            0x20000248   Data          32  bsprtc.o(.bss)
    commLoraCtrlS                            0x20000268   Data         258  commlora.o(.bss)
    RxTxBuffer                               0x2000036c   Data         256  sx1276.o(.bss)
    sx1278S                                  0x2000046c   Data         120  sx1276.o(.bss)
    __heap_base                              0x200004e8   Data           0  startup_stm32l151xba.o(HEAP)
    __heap_limit                             0x200005e8   Data           0  startup_stm32l151xba.o(HEAP)
    __initial_sp                             0x200025e8   Data           0  startup_stm32l151xba.o(STACK)



==============================================================================

Memory Map of the image

  Image Entry point : 0x080000f5

  Load Region LR_IROM1 (Base: 0x08000000, Size: 0x00003174, Max: 0x00004000, ABSOLUTE)

    Execution Region ER_IROM1 (Exec base: 0x08000000, Load base: 0x08000000, Size: 0x000030c8, Max: 0x00004000, ABSOLUTE)

    Exec Addr    Load Addr    Size         Type   Attr      Idx    E Section Name        Object

    0x08000000   0x08000000   0x000000f4   Data   RO            3    RESET               startup_stm32l151xba.o
    0x080000f4   0x080000f4   0x00000000   Code   RO         4393  * .ARM.Collect$$$$00000000  mc_w.l(entry.o)
    0x080000f4   0x080000f4   0x00000004   Code   RO         4475    .ARM.Collect$$$$00000001  mc_w.l(entry2.o)
    0x080000f8   0x080000f8   0x00000004   Code   RO         4478    .ARM.Collect$$$$00000004  mc_w.l(entry5.o)
    0x080000fc   0x080000fc   0x00000000   Code   RO         4480    .ARM.Collect$$$$00000008  mc_w.l(entry7b.o)
    0x080000fc   0x080000fc   0x00000000   Code   RO         4482    .ARM.Collect$$$$0000000A  mc_w.l(entry8b.o)
    0x080000fc   0x080000fc   0x00000008   Code   RO         4483    .ARM.Collect$$$$0000000B  mc_w.l(entry9a.o)
    0x08000104   0x08000104   0x00000000   Code   RO         4485    .ARM.Collect$$$$0000000D  mc_w.l(entry10a.o)
    0x08000104   0x08000104   0x00000000   Code   RO         4487    .ARM.Collect$$$$0000000F  mc_w.l(entry11a.o)
    0x08000104   0x08000104   0x00000004   Code   RO         4476    .ARM.Collect$$$$00002712  mc_w.l(entry2.o)
    0x08000108   0x08000108   0x00000024   Code   RO            4    .text               startup_stm32l151xba.o
    0x0800012c   0x0800012c   0x00000024   Code   RO         4396    .text               mc_w.l(memcpya.o)
    0x08000150   0x08000150   0x00000024   Code   RO         4398    .text               mc_w.l(memseta.o)
    0x08000174   0x08000174   0x000000de   Code   RO         4436    .text               mf_w.l(ddiv.o)
    0x08000252   0x08000252   0x0000001a   Code   RO         4440    .text               mf_w.l(dfltui.o)
    0x0800026c   0x0800026c   0x00000032   Code   RO         4444    .text               mf_w.l(dfixui.o)
    0x0800029e   0x0800029e   0x00000020   Code   RO         4489    .text               mc_w.l(llushr.o)
    0x080002be   0x080002be   0x00000000   Code   RO         4500    .text               mc_w.l(iusefp.o)
    0x080002be   0x080002be   0x000000ba   Code   RO         4503    .text               mf_w.l(depilogue.o)
    0x08000378   0x08000378   0x00000024   Code   RO         4515    .text               mc_w.l(init.o)
    0x0800039c   0x0800039c   0x0000001e   Code   RO         4517    .text               mc_w.l(llshl.o)
    0x080003ba   0x080003ba   0x00000002   PAD
    0x080003bc   0x080003bc   0x00000078   Code   RO         3475    i.BspDataRecordInit  bspdatarecord.o
    0x08000434   0x08000434   0x00000062   Code   RO         3478    i.BspGetDataV2      bspdatarecord.o
    0x08000496   0x08000496   0x00000002   PAD
    0x08000498   0x08000498   0x00000014   Code   RO         3479    i.BspGetFirstProgFlag  bspdatarecord.o
    0x080004ac   0x080004ac   0x0000006c   Code   RO         3596    i.BspIapUartSendByte  bsplora.o
    0x08000518   0x08000518   0x0000000e   Code   RO         3450    i.BspInit           bsp.o
    0x08000526   0x08000526   0x00000034   Code   RO         3554    i.BspIntFlashErasePages  bspintflash.o
    0x0800055a   0x0800055a   0x00000018   Code   RO         3555    i.BspIntFlashRead   bspintflash.o
    0x08000572   0x08000572   0x00000040   Code   RO         3557    i.BspIntFlashWrite  bspintflash.o
    0x080005b2   0x080005b2   0x00000002   PAD
    0x080005b4   0x080005b4   0x00000010   Code   RO         3597    i.BspLoraChSet      bsplora.o
    0x080005c4   0x080005c4   0x00000010   Code   RO         4233    i.BspLoraGetFreqByCh  sx1276_user.o
    0x080005d4   0x080005d4   0x00000078   Code   RO         3598    i.BspLoraInit       bsplora.o
    0x0800064c   0x0800064c   0x00000024   Code   RO         3599    i.BspLoraSendPacket  bsplora.o
    0x08000670   0x08000670   0x00000028   Code   RO         3600    i.BspLoraSpITransmit  bsplora.o
    0x08000698   0x08000698   0x00000084   Code   RO         3480    i.BspSaveData       bspdatarecord.o
    0x0800071c   0x0800071c   0x0000007e   Code   RO         3481    i.BspSaveDataV2     bspdatarecord.o
    0x0800079a   0x0800079a   0x00000002   Code   RO          345    i.BusFault_Handler  stm32l1xx_it.o
    0x0800079c   0x0800079c   0x00000060   Code   RO         3754    i.CommLoraRecDatHandler  commlora.o
    0x080007fc   0x080007fc   0x00000002   Code   RO          346    i.DebugMon_Handler  stm32l1xx_it.o
    0x080007fe   0x080007fe   0x00000008   Code   RO          347    i.EXTI15_10_IRQHandler  stm32l1xx_it.o
    0x08000806   0x08000806   0x00000008   Code   RO          348    i.EXTI9_5_IRQHandler  stm32l1xx_it.o
    0x0800080e   0x0800080e   0x00000002   Code   RO         3666    i.EnterLowerPwrWithWup  bsprtc.o
    0x08000810   0x08000810   0x00000002   Code   RO         3822    i.ExitLowerPower    handlerpowermaneg.o
    0x08000812   0x08000812   0x00000002   PAD
    0x08000814   0x08000814   0x00000014   Code   RO           13    i.FLASH_If_Init     main.o
    0x08000828   0x08000828   0x00000028   Code   RO         1983    i.FLASH_PageErase   stm32l1xx_hal_flash_ex.o
    0x08000850   0x08000850   0x00000058   Code   RO         1882    i.FLASH_SetErrorCode  stm32l1xx_hal_flash.o
    0x080008a8   0x080008a8   0x0000005c   Code   RO         1883    i.FLASH_WaitForLastOperation  stm32l1xx_hal_flash.o
    0x08000904   0x08000904   0x00000006   Code   RO         3755    i.GetChByAddr       commlora.o
    0x0800090a   0x0800090a   0x00000002   PAD
    0x0800090c   0x0800090c   0x00000030   Code   RO         3712    i.GetUpdatPacketDatTimeout  commiap.o
    0x0800093c   0x0800093c   0x00000024   Code   RO         1608    i.HAL_Delay         stm32l1xx_hal.o
    0x08000960   0x08000960   0x0000007c   Code   RO         1992    i.HAL_FLASHEx_Erase  stm32l1xx_hal_flash_ex.o
    0x080009dc   0x080009dc   0x00000014   Code   RO         1887    i.HAL_FLASH_Lock    stm32l1xx_hal_flash.o
    0x080009f0   0x080009f0   0x0000003c   Code   RO         1892    i.HAL_FLASH_Program  stm32l1xx_hal_flash.o
    0x08000a2c   0x08000a2c   0x00000050   Code   RO         1894    i.HAL_FLASH_Unlock  stm32l1xx_hal_flash.o
    0x08000a7c   0x08000a7c   0x0000001c   Code   RO          349    i.HAL_GPIO_EXTI_Callback  stm32l1xx_it.o
    0x08000a98   0x08000a98   0x00000018   Code   RO         2173    i.HAL_GPIO_EXTI_IRQHandler  stm32l1xx_hal_gpio.o
    0x08000ab0   0x08000ab0   0x00000194   Code   RO         2174    i.HAL_GPIO_Init     stm32l1xx_hal_gpio.o
    0x08000c44   0x08000c44   0x0000000a   Code   RO         2178    i.HAL_GPIO_WritePin  stm32l1xx_hal_gpio.o
    0x08000c4e   0x08000c4e   0x00000002   PAD
    0x08000c50   0x08000c50   0x0000000c   Code   RO         1612    i.HAL_GetTick       stm32l1xx_hal.o
    0x08000c5c   0x08000c5c   0x00000010   Code   RO         1618    i.HAL_IncTick       stm32l1xx_hal.o
    0x08000c6c   0x08000c6c   0x0000001e   Code   RO         1619    i.HAL_Init          stm32l1xx_hal.o
    0x08000c8a   0x08000c8a   0x00000002   PAD
    0x08000c8c   0x08000c8c   0x00000044   Code   RO         1620    i.HAL_InitTick      stm32l1xx_hal.o
    0x08000cd0   0x08000cd0   0x0000003c   Code   RO          282    i.HAL_MspInit       stm32l1xx_hal_msp.o
    0x08000d0c   0x08000d0c   0x0000001a   Code   RO         2517    i.HAL_NVIC_EnableIRQ  stm32l1xx_hal_cortex.o
    0x08000d26   0x08000d26   0x00000002   PAD
    0x08000d28   0x08000d28   0x00000040   Code   RO         2523    i.HAL_NVIC_SetPriority  stm32l1xx_hal_cortex.o
    0x08000d68   0x08000d68   0x00000024   Code   RO         2524    i.HAL_NVIC_SetPriorityGrouping  stm32l1xx_hal_cortex.o
    0x08000d8c   0x08000d8c   0x0000012c   Code   RO         3353    i.HAL_RCCEx_PeriphCLKConfig  stm32l1xx_hal_rcc_ex.o
    0x08000eb8   0x08000eb8   0x000001a0   Code   RO         1776    i.HAL_RCC_ClockConfig  stm32l1xx_hal_rcc.o
    0x08001058   0x08001058   0x00000060   Code   RO         1785    i.HAL_RCC_GetSysClockFreq  stm32l1xx_hal_rcc.o
    0x080010b8   0x080010b8   0x00000408   Code   RO         1788    i.HAL_RCC_OscConfig  stm32l1xx_hal_rcc.o
    0x080014c0   0x080014c0   0x0000007a   Code   RO         2977    i.HAL_RTCEx_DeactivateWakeUpTimer  stm32l1xx_hal_rtc_ex.o
    0x0800153a   0x0800153a   0x00000010   Code   RO          350    i.HAL_RTCEx_WakeUpTimerEventCallback  stm32l1xx_it.o
    0x0800154a   0x0800154a   0x00000002   PAD
    0x0800154c   0x0800154c   0x00000034   Code   RO         3005    i.HAL_RTCEx_WakeUpTimerIRQHandler  stm32l1xx_hal_rtc_ex.o
    0x08001580   0x08001580   0x00000072   Code   RO         2658    i.HAL_SPI_Init      stm32l1xx_hal_spi.o
    0x080015f2   0x080015f2   0x00000002   PAD
    0x080015f4   0x080015f4   0x000000ac   Code   RO          286    i.HAL_SPI_MspInit   stm32l1xx_hal_msp.o
    0x080016a0   0x080016a0   0x000001da   Code   RO         2667    i.HAL_SPI_TransmitReceive  stm32l1xx_hal_spi.o
    0x0800187a   0x0800187a   0x00000028   Code   RO         2528    i.HAL_SYSTICK_Config  stm32l1xx_hal_cortex.o
    0x080018a2   0x080018a2   0x00000002   Code   RO         4154    i.HalWriteRxTx      sx1276_hal.o
    0x080018a4   0x080018a4   0x00000024   Code   RO          351    i.HardFault_Handler  stm32l1xx_it.o
    0x080018c8   0x080018c8   0x00000050   Code   RO         3667    i.LowPower_WakeUp   bsprtc.o
    0x08001918   0x08001918   0x00000002   Code   RO          352    i.MemManage_Handler  stm32l1xx_it.o
    0x0800191a   0x0800191a   0x00000002   Code   RO          353    i.NMI_Handler       stm32l1xx_it.o
    0x0800191c   0x0800191c   0x00000026   Code   RO         4234    i.OnCadDone         sx1276_user.o
    0x08001942   0x08001942   0x00000002   PAD
    0x08001944   0x08001944   0x000000d0   Code   RO         4235    i.OnRxDone          sx1276_user.o
    0x08001a14   0x08001a14   0x0000000a   Code   RO         4236    i.OnRxError         sx1276_user.o
    0x08001a1e   0x08001a1e   0x0000000a   Code   RO         4237    i.OnRxTimeout       sx1276_user.o
    0x08001a28   0x08001a28   0x0000003c   Code   RO         4238    i.OnTxDone          sx1276_user.o
    0x08001a64   0x08001a64   0x0000000a   Code   RO         4239    i.OnTxTimeout       sx1276_user.o
    0x08001a6e   0x08001a6e   0x00000002   PAD
    0x08001a70   0x08001a70   0x00000010   Code   RO          457    i.OsTimeBaseEvent   usros.o
    0x08001a80   0x08001a80   0x00000002   Code   RO          354    i.PendSV_Handler    stm32l1xx_it.o
    0x08001a82   0x08001a82   0x00000002   PAD
    0x08001a84   0x08001a84   0x00000080   Code   RO         1789    i.RCC_SetFlashLatencyFromMSIRange  stm32l1xx_hal_rcc.o
    0x08001b04   0x08001b04   0x0000000c   Code   RO          355    i.RTC_WKUP_IRQHandler  stm32l1xx_it.o
    0x08001b10   0x08001b10   0x0000007c   Code   RO         3968    i.RxChainCalibration  sx1276.o
    0x08001b8c   0x08001b8c   0x00000040   Code   RO         2696    i.SPI_EndRxTxTransaction  stm32l1xx_hal_spi.o
    0x08001bcc   0x08001bcc   0x00000094   Code   RO         2701    i.SPI_WaitFlagStateUntilTimeout  stm32l1xx_hal_spi.o
    0x08001c60   0x08001c60   0x00000002   Code   RO          356    i.SVC_Handler       stm32l1xx_it.o
    0x08001c62   0x08001c62   0x00000002   PAD
    0x08001c64   0x08001c64   0x00000074   Code   RO         4240    i.SX1276AppInit     sx1276_user.o
    0x08001cd8   0x08001cd8   0x00000074   Code   RO         3969    i.SX1276Init        sx1276.o
    0x08001d4c   0x08001d4c   0x0000014c   Code   RO         3970    i.SX1276OnDio0Event  sx1276.o
    0x08001e98   0x08001e98   0x000000bc   Code   RO         3972    i.SX1276OnTimeoutEvent  sx1276.o
    0x08001f54   0x08001f54   0x0000000c   Code   RO         3973    i.SX1276OnTimeoutIrq  sx1276.o
    0x08001f60   0x08001f60   0x0000004c   Code   RO         3974    i.SX1276ReadBuffer  sx1276.o
    0x08001fac   0x08001fac   0x0000000a   Code   RO         3975    i.SX1276ReadFifo    sx1276.o
    0x08001fb6   0x08001fb6   0x00000002   PAD
    0x08001fb8   0x08001fb8   0x00000094   Code   RO         3977    i.SX1276Send        sx1276.o
    0x0800204c   0x0800204c   0x0000000e   Code   RO         4327    i.SX1276SetAntSw    sx1276-board.o
    0x0800205a   0x0800205a   0x00000002   PAD
    0x0800205c   0x0800205c   0x0000001c   Code   RO         4328    i.SX1276SetAntSwLowPower  sx1276-board.o
    0x08002078   0x08002078   0x00000040   Code   RO         3978    i.SX1276SetFreq     sx1276.o
    0x080020b8   0x080020b8   0x00000014   Code   RO         3979    i.SX1276SetMaxPayloadLength  sx1276.o
    0x080020cc   0x080020cc   0x00000074   Code   RO         3980    i.SX1276SetModem    sx1276.o
    0x08002140   0x08002140   0x00000030   Code   RO         3981    i.SX1276SetOpMode   sx1276.o
    0x08002170   0x08002170   0x00000028   Code   RO         3982    i.SX1276SetPublicNetwork  sx1276.o
    0x08002198   0x08002198   0x00000030   Code   RO         4329    i.SX1276SetReset    sx1276-board.o
    0x080021c8   0x080021c8   0x00000184   Code   RO         3983    i.SX1276SetRx       sx1276.o
    0x0800234c   0x0800234c   0x00000190   Code   RO         3984    i.SX1276SetRxConfig  sx1276.o
    0x080024dc   0x080024dc   0x00000020   Code   RO         3985    i.SX1276SetSleep    sx1276.o
    0x080024fc   0x080024fc   0x00000020   Code   RO         3986    i.SX1276SetStby     sx1276.o
    0x0800251c   0x0800251c   0x00000008   Code   RO         3987    i.SX1276SetSyncWord  sx1276.o
    0x08002524   0x08002524   0x00000078   Code   RO         3988    i.SX1276SetTx       sx1276.o
    0x0800259c   0x0800259c   0x00000148   Code   RO         3989    i.SX1276SetTxConfig  sx1276.o
    0x080026e4   0x080026e4   0x0000002c   Code   RO         3991    i.SX1276Task        sx1276.o
    0x08002710   0x08002710   0x00000048   Code   RO         3992    i.SX1276WriteBuffer  sx1276.o
    0x08002758   0x08002758   0x0000000a   Code   RO         3993    i.SX1276WriteFifo   sx1276.o
    0x08002762   0x08002762   0x00000002   PAD
    0x08002764   0x08002764   0x00000020   Code   RO         3920    i.SfTimerEvent      stimer.o
    0x08002784   0x08002784   0x00000034   Code   RO         3921    i.SfTimerStart      stimer.o
    0x080027b8   0x080027b8   0x00000004   Code   RO         4330    i.SpiTransfer       sx1276-board.o
    0x080027bc   0x080027bc   0x0000003c   Code   RO         4181    i.Sx1276TimerLoop   sx1276_timer.o
    0x080027f8   0x080027f8   0x00000028   Code   RO         4182    i.Sx1276TimerStart  sx1276_timer.o
    0x08002820   0x08002820   0x00000010   Code   RO         3994    i.Sx1278Read        sx1276.o
    0x08002830   0x08002830   0x000000b4   Code   RO         4331    i.Sx1278SetRfTxPower  sx1276-board.o
    0x080028e4   0x080028e4   0x0000000c   Code   RO         3995    i.Sx1278Write       sx1276.o
    0x080028f0   0x080028f0   0x0000000e   Code   RO          357    i.SysTick_Handler   stm32l1xx_it.o
    0x080028fe   0x080028fe   0x00000002   PAD
    0x08002900   0x08002900   0x00000074   Code   RO           14    i.SystemClock_Config  main.o
    0x08002974   0x08002974   0x00000030   Code   RO          462    i.SystemDelay       usros.o
    0x080029a4   0x080029a4   0x00000050   Code   RO         3413    i.SystemInit        system_stm32l1xx.o
    0x080029f4   0x080029f4   0x00000030   Code   RO         3868    i.TaskScheduler     stask.o
    0x08002a24   0x08002a24   0x00000030   Code   RO         3869    i.TaskStart         stask.o
    0x08002a54   0x08002a54   0x0000001c   Code   RO         4183    i.TimerChangePeriod  sx1276_timer.o
    0x08002a70   0x08002a70   0x00000020   Code   RO         4184    i.TimerListTimerReset  sx1276_timer.o
    0x08002a90   0x08002a90   0x00000070   Code   RO         4185    i.TimerRegister     sx1276_timer.o
    0x08002b00   0x08002b00   0x00000020   Code   RO         4187    i.TimerStop         sx1276_timer.o
    0x08002b20   0x08002b20   0x00000058   Code   RO         3922    i.TimerTaskScheduler  stimer.o
    0x08002b78   0x08002b78   0x000000c4   Code   RO         3713    i.UpdateDataProcess  commiap.o
    0x08002c3c   0x08002c3c   0x00000002   Code   RO          358    i.UsageFault_Handler  stm32l1xx_it.o
    0x08002c3e   0x08002c3e   0x00000002   Code   RO           15    i._Error_Handler    main.o
    0x08002c40   0x08002c40   0x00000074   Code   RO           16    i.__ExitUpdata      main.o
    0x08002cb4   0x08002cb4   0x00000068   Code   RO           17    i.__GetUpdatePara   main.o
    0x08002d1c   0x08002d1c   0x000000a0   Code   RO           18    i.__LedPortInit     main.o
    0x08002dbc   0x08002dbc   0x00000108   Code   RO         3602    i.__LoraPortInit    bsplora.o
    0x08002ec4   0x08002ec4   0x00000020   Code   RO         2530    i.__NVIC_SetPriority  stm32l1xx_hal_cortex.o
    0x08002ee4   0x08002ee4   0x00000004   Code   RO         3870    i.__TaskScanRadioCb  stask.o
    0x08002ee8   0x08002ee8   0x00000010   Code   RO         3871    i.__TaskSendDataCb  stask.o
    0x08002ef8   0x08002ef8   0x00000006   Code   RO         3872    i.__TaskSoftTimerCb  stask.o
    0x08002efe   0x08002efe   0x00000002   Code   RO         3873    i.__TaskStartCadCb  stask.o
    0x08002f00   0x08002f00   0x00000008   Code   RO         3923    i.__TimerSleepCb    stimer.o
    0x08002f08   0x08002f08   0x00000034   Code   RO         3924    i.__TimerTickerHandle  stimer.o
    0x08002f3c   0x08002f3c   0x00000044   Code   RO         3714    i.__UpdateResHandler  commiap.o
    0x08002f80   0x08002f80   0x0000000e   Code   RO         4527    i.__scatterload_copy  mc_w.l(handlers.o)
    0x08002f8e   0x08002f8e   0x00000002   Code   RO         4528    i.__scatterload_null  mc_w.l(handlers.o)
    0x08002f90   0x08002f90   0x0000000e   Code   RO         4529    i.__scatterload_zeroinit  mc_w.l(handlers.o)
    0x08002f9e   0x08002f9e   0x00000004   Code   RO         4155    i.delay             sx1276_hal.o
    0x08002fa2   0x08002fa2   0x00000002   PAD
    0x08002fa4   0x08002fa4   0x0000004c   Code   RO           19    i.main              main.o
    0x08002ff0   0x08002ff0   0x0000006c   Code   RO         4405    i.malloc            mc_w.l(malloc.o)
    0x0800305c   0x0800305c   0x00000019   Data   RO         3414    .constdata          system_stm32l1xx.o
    0x08003075   0x08003075   0x00000030   Data   RO         3997    .constdata          sx1276.o
    0x080030a5   0x080030a5   0x00000003   PAD
    0x080030a8   0x080030a8   0x00000020   Data   RO         4525    Region$$Table       anon$$obj.o


    Execution Region RW_IRAM1 (Exec base: 0x20000000, Load base: 0x080030c8, Size: 0x000025e8, Max: 0x00008000, ABSOLUTE)

    Exec Addr    Load Addr    Size         Type   Attr      Idx    E Section Name        Object

    0x20000000   0x080030c8   0x00000008   Data   RW           20    .data               main.o
    0x20000008   0x080030d0   0x00000002   Data   RW          464    .data               usros.o
    0x2000000a   0x080030d2   0x00000002   PAD
    0x2000000c   0x080030d4   0x0000000c   Data   RW         1626    .data               stm32l1xx_hal.o
    0x20000018   0x080030e0   0x00000004   Data   RW         3416    .data               system_stm32l1xx.o
    0x2000001c   0x080030e4   0x00000001   Data   RW         3485    .data               bspdatarecord.o
    0x2000001d   0x080030e5   0x00000003   PAD
    0x20000020   0x080030e8   0x00000014   Data   RW         3715    .data               commiap.o
    0x20000034   0x080030fc   0x00000001   Data   RW         3758    .data               commlora.o
    0x20000035   0x080030fd   0x00000001   Data   RW         3760    .data               commlora.o
    0x20000036   0x080030fe   0x00000008   Data   RW         3824    .data               handlerpowermaneg.o
    0x2000003e   0x08003106   0x00000002   PAD
    0x20000040   0x08003108   0x00000030   Data   RW         3874    .data               stask.o
    0x20000070   0x08003138   0x0000001c   Data   RW         3925    .data               stimer.o
    0x2000008c   0x08003154   0x0000000b   Data   RW         3998    .data               sx1276.o
    0x20000097   0x0800315f   0x00000001   PAD
    0x20000098   0x08003160   0x00000008   Data   RW         4188    .data               sx1276_timer.o
    0x200000a0   0x08003168   0x00000001   Data   RW         4332    .data               sx1276-board.o
    0x200000a1   0x08003169   0x00000003   PAD
    0x200000a4   0x0800316c   0x00000004   Data   RW         4491    .data               mc_w.l(mvars.o)
    0x200000a8   0x08003170   0x00000004   Data   RW         4492    .data               mc_w.l(mvars.o)
    0x200000ac        -       0x00000018   Zero   RW         1895    .bss                stm32l1xx_hal_flash.o
    0x200000c4        -       0x00000018   Zero   RW         3483    .bss                bspdatarecord.o
    0x200000dc        -       0x00000010   Zero   RW         3484    .bss                bspdatarecord.o
    0x200000ec        -       0x0000015a   Zero   RW         3603    .bss                bsplora.o
    0x20000246   0x08003174   0x00000002   PAD
    0x20000248        -       0x00000020   Zero   RW         3668    .bss                bsprtc.o
    0x20000268        -       0x00000102   Zero   RW         3756    .bss                commlora.o
    0x2000036a   0x08003174   0x00000002   PAD
    0x2000036c        -       0x00000178   Zero   RW         3996    .bss                sx1276.o
    0x200004e4   0x08003174   0x00000004   PAD
    0x200004e8        -       0x00000100   Zero   RW            2    HEAP                startup_stm32l151xba.o
    0x200005e8        -       0x00002000   Zero   RW            1    STACK               startup_stm32l151xba.o


==============================================================================

Image component sizes


      Code (inc. data)   RO Data    RW Data    ZI Data      Debug   Object Name

        14          0          0          0          0        490   bsp.o
       496         30          0          1         40       5581   bspdatarecord.o
       140          0          0          0          0       2701   bspintflash.o
       584         82          0          0        346       7675   bsplora.o
        82         12          0          0         32       1361   bsprtc.o
       312         36          0         20          0       3977   commiap.o
       102         24          0          2        258       4464   commlora.o
         2          0          0          8          0       1763   handlerpowermaneg.o
       594         68          0          8          0     409504   main.o
        36          8        244          0       8448        864   startup_stm32l151xba.o
       124         16          0         48          0       3760   stask.o
       232         16          0         28          0       4035   stimer.o
       162         24          0         12          0       4249   stm32l1xx_hal.o
       198         14          0          0          0      30963   stm32l1xx_hal_cortex.o
       340         46          0          0         24       3950   stm32l1xx_hal_flash.o
       164         18          0          0          0       3201   stm32l1xx_hal_flash_ex.o
       438         40          0          0          0       3255   stm32l1xx_hal_gpio.o
       232         18          0          0          0       1808   stm32l1xx_hal_msp.o
      1672         86          0          0          0       5494   stm32l1xx_hal_rcc.o
       300         14          0          0          0       1604   stm32l1xx_hal_rcc_ex.o
       174          6          0          0          0       2032   stm32l1xx_hal_rtc_ex.o
       800          0          0          0          0       4841   stm32l1xx_hal_spi.o
       136         36          0          0          0       7346   stm32l1xx_it.o
       274         18          0          1          0       3950   sx1276-board.o
      2756        138         48         11        376      20335   sx1276.o
         6          0          0          0          0       1011   sx1276_hal.o
       304         36          0          8          0       5253   sx1276_timer.o
       468         46          0          0          0       6087   sx1276_user.o
        80         18         25          4          0       1375   system_stm32l1xx.o
        64         12          0          2          0       1716   usros.o

    ----------------------------------------------------------------------
     11322        862        352        164       9532     554645   Object Totals
         0          0         32          0          0          0   (incl. Generated)
        36          0          3         11          8          0   (incl. Padding)

    ----------------------------------------------------------------------

      Code (inc. data)   RO Data    RW Data    ZI Data      Debug   Library Member Name

         0          0          0          0          0          0   entry.o
         0          0          0          0          0          0   entry10a.o
         0          0          0          0          0          0   entry11a.o
         8          4          0          0          0          0   entry2.o
         4          0          0          0          0          0   entry5.o
         0          0          0          0          0          0   entry7b.o
         0          0          0          0          0          0   entry8b.o
         8          4          0          0          0          0   entry9a.o
        30          0          0          0          0          0   handlers.o
        36          8          0          0          0         68   init.o
         0          0          0          0          0          0   iusefp.o
        30          0          0          0          0         68   llshl.o
        32          0          0          0          0         68   llushr.o
       108         16          0          0          0         84   malloc.o
        36          0          0          0          0         68   memcpya.o
        36          0          0          0          0        108   memseta.o
         0          0          0          8          0          0   mvars.o
       222          0          0          0          0        100   ddiv.o
       186          0          0          0          0        176   depilogue.o
        50          0          0          0          0         76   dfixui.o
        26          0          0          0          0         76   dfltui.o

    ----------------------------------------------------------------------
       814         32          0          8          0        892   Library Totals
         2          0          0          0          0          0   (incl. Padding)

    ----------------------------------------------------------------------

      Code (inc. data)   RO Data    RW Data    ZI Data      Debug   Library Name

       328         32          0          8          0        464   mc_w.l
       484          0          0          0          0        428   mf_w.l

    ----------------------------------------------------------------------
       814         32          0          8          0        892   Library Totals

    ----------------------------------------------------------------------

==============================================================================


      Code (inc. data)   RO Data    RW Data    ZI Data      Debug   

     12136        894        352        172       9532     548357   Grand Totals
     12136        894        352        172       9532     548357   ELF Image Totals
     12136        894        352        172          0          0   ROM Totals

==============================================================================

    Total RO  Size (Code + RO Data)                12488 (  12.20kB)
    Total RW  Size (RW Data + ZI Data)              9704 (   9.48kB)
    Total ROM Size (Code + RO Data + RW Data)      12660 (  12.36kB)

==============================================================================

