<html>
<body>
<pre>
<h1>µVision Build Log</h1>
<h2>Tool Versions:</h2>
IDE-Version: ¦ÌVision V5.38.0.0
Copyright (C) 2022 ARM Ltd and ARM Germany GmbH. All rights reserved.
License Information: 1 11, 1, LIC=LSNXV-P5C0N-DYFV3-AXUJ3-IWFZM-8V29J
 
Tool Versions:
Toolchain:       MDK-ARM Plus  Version: 5.38.0.0
Toolchain Path:  D:\Software\Keil\Keil_MDK\Core\ARM\ARMCC\Bin
C Compiler:      Armcc.exe V5.06 update 6 (build 750)
Assembler:       Armasm.exe V5.06 update 6 (build 750)
Linker/Locator:  ArmLink.exe V5.06 update 6 (build 750)
Library Manager: ArmAr.exe V5.06 update 6 (build 750)
Hex Converter:   FromElf.exe V5.06 update 6 (build 750)
CPU DLL:         SARMCM3.DLL V5.38.0.0
Dialog DLL:      DCM.DLL V1.17.5.0
Target DLL:      STLink\ST-LINKIII-KEIL_SWO.dll V3.1.0.0
Dialog DLL:      TCM.DLL V1.56.4.0
 
<h2>Project:</h2>
D:\Document\Project\Warehouse\Lishuhua\Code\Code_20231114A\Label\Lable-BootLoader-20231113A-debug\BootLoader\MDK-ARM\BootLoader.uvprojx
Project File Date:  11/14/2023

<h2>Output:</h2>
*** Using Compiler 'V5.06 update 6 (build 750)', folder: 'D:\Software\Keil\Keil_MDK\Core\ARM\ARMCC\Bin'
Rebuild target 'BootLoader'
assembling startup_stm32l151xba.s...
compiling stm32l1xx_hal_flash_ramfunc.c...
compiling stm32l1xx_hal_flash.c...
compiling stm32l1xx_hal_tim_ex.c...
compiling stm32l1xx_hal.c...
compiling stm32l1xx_hal_flash_ex.c...
compiling stm32l1xx_hal_gpio.c...
compiling stm32l1xx_hal_uart.c...
compiling stm32l1xx_hal_rcc.c...
compiling stm32l1xx_it.c...
compiling stm32l1xx_hal_msp.c...
compiling usrOs.c...
compiling main.c...
compiling stm32l1xx_hal_tim.c...
compiling stm32l1xx_hal_pwr.c...
compiling stm32l1xx_hal_pwr_ex.c...
compiling stm32l1xx_hal_dma.c...
compiling stm32l1xx_hal_cortex.c...
compiling stm32l1xx_hal_rcc_ex.c...
compiling system_stm32l1xx.c...
compiling stm32l1xx_hal_rtc.c...
compiling stm32l1xx_hal_rtc_ex.c...
compiling stm32l1xx_hal_spi.c...
compiling Bsp.c...
..\Bsp\Bsp.c(139): warning:  #177-D: function "__IdlePinInit"  was declared but never referenced
  static void __IdlePinInit(void)
..\Bsp\Bsp.c: 1 warning, 0 errors
compiling BspDataRecord.c...
compiling BspIntFlash.c...
compiling BspLora.c...
compiling sx1276_timer.c...
compiling BspRtc.c...
..\Bsp\BspRtc.c(42): warning:  #111-D: statement is unreachable
  	if(__HAL_PWR_GET_FLAG(PWR_FLAG_WU) != RESET)
..\Bsp\BspRtc.c(62): warning:  #111-D: statement is unreachable
  	__HAL_PWR_CLEAR_FLAG(PWR_FLAG_WU);	// Çå³ý»½ÐÑ±êÖ¾
..\Bsp\BspRtc.c: 2 warnings, 0 errors
compiling stask.c...
..\Task\stask.c(51): warning:  #111-D: statement is unreachable
  	SX1276StartCad();
..\Task\stask.c: 1 warning, 0 errors
compiling CommIap.c...
compiling CommLoraPro.c...
compiling HandlerPowerManeg.c...
compiling CommLora.c...
compiling stimer.c...
compiling sx1276_hal.c...
compiling sx1276.c...
..\radio\src\sx1276.c(141): warning:  #550-D: variable "initialFreq"  was set but never used
      u32 initialFreq;
..\radio\src\sx1276.c: 1 warning, 0 errors
compiling sx1276-board.c...
compiling sx1276_user.c...
linking...
Program Size: Code=12136 RO-data=352 RW-data=172 ZI-data=9532  
FromELF: creating hex file...
After Build - User command #1: fromelf.exe --bin -o  ./Output/BootLoader.bin  ./Output/BootLoader.axf
".\Output\BootLoader.axf" - 0 Error(s), 5 Warning(s).

<h2>Software Packages used:</h2>

Package Vendor: ARM
                http://www.keil.com/pack/ARM.CMSIS.5.9.0.pack
                ARM.CMSIS.5.9.0
                CMSIS (Common Microcontroller Software Interface Standard)
   * Component: CORE Version: 5.6.0

Package Vendor: Keil
                http://www.keil.com/pack/Keil.STM32L1xx_DFP.1.3.0.pack
                Keil.STM32L1xx_DFP.1.3.0
                STMicroelectronics STM32L1 Series Device Support and Examples

<h2>Collection of Component include folders:</h2>
  ./RTE/_BootLoader
  D:/Software/Keil/Keil_MDK/Pack/ARM/CMSIS/5.9.0/CMSIS/Core/Include
  D:/Software/Keil/Keil_MDK/Pack/Keil/STM32L1xx_DFP/1.3.0/Drivers/CMSIS/Device/ST/STM32L1xx/Include

<h2>Collection of Component Files used:</h2>

   * Component: ARM::CMSIS:CORE:5.6.0
Build Time Elapsed:  00:00:04
</pre>
</body>
</html>
