<html>
<body>
<pre>
<h1>µVision Build Log</h1>
<h2>Tool Versions:</h2>
IDE-Version: ¦ÌVision V5.38.0.0
Copyright (C) 2022 ARM Ltd and ARM Germany GmbH. All rights reserved.
License Information: 1 11, 1, LIC=LSNXV-P5C0N-DYFV3-AXUJ3-IWFZM-8V29J
 
Tool Versions:
Toolchain:       MDK-ARM Plus  Version: 5.38.0.0
Toolchain Path:  D:\Software\Keil\Keil_MDK\Core\ARM\ARMCC\Bin
C Compiler:      Armcc.exe V5.06 update 6 (build 750)
Assembler:       Armasm.exe V5.06 update 6 (build 750)
Linker/Locator:  ArmLink.exe V5.06 update 6 (build 750)
Library Manager: ArmAr.exe V5.06 update 6 (build 750)
Hex Converter:   FromElf.exe V5.06 update 6 (build 750)
CPU DLL:         SARMCM3.DLL V5.38.0.0
Dialog DLL:      DARMCM1.DLL V1.19.6.0
Target DLL:      STLink\ST-LINKIII-KEIL_SWO.dll V3.1.0.0
Dialog DLL:      TARMCM1.DLL V1.14.6.0
 
<h2>Project:</h2>
D:\Document\Project\Warehouse\Lishuhua\Code\Code_20231114A\Gateway\Gateway-App-20231106A-debug\App\MDK-ARM\Net.uvprojx
Project File Date:  11/14/2023

<h2>Output:</h2>
*** Using Compiler 'V5.06 update 6 (build 750)', folder: 'D:\Software\Keil\Keil_MDK\Core\ARM\ARMCC\Bin'
Rebuild target 'Net'
assembling startup_stm32f072xb.s...
compiling stm32f0xx_hal.c...
compiling stm32f0xx_hal_tim.c...
compiling stm32f0xx_hal_i2c_ex.c...
compiling stm32f0xx_hal_tim_ex.c...
compiling stm32f0xx_hal_gpio.c...
compiling stm32f0xx_hal_dma.c...
compiling stm32f0xx_hal_rcc_ex.c...
compiling stm32f0xx_it.c...
compiling stm32f0xx_hal_rcc.c...
compiling main.c...
compiling stm32f0xx_hal_i2c.c...
compiling usrOs.c...
compiling stm32f0xx_hal_msp.c...
compiling stm32f0xx_hal_cortex.c...
compiling stm32f0xx_hal_pwr.c...
compiling stm32f0xx_hal_pwr_ex.c...
compiling stm32f0xx_hal_flash.c...
compiling stm32f0xx_hal_exti.c...
compiling stm32f0xx_hal_flash_ex.c...
compiling stm32f0xx_hal_uart_ex.c...
compiling stm32f0xx_hal_uart.c...
compiling stm32f0xx_hal_spi_ex.c...
compiling system_stm32f0xx.c...
compiling stm32f0xx_hal_spi.c...
compiling Bsp.c...
compiling BspDataRecord.c...
compiling BspDebug.c...
compiling BspPc.c...
compiling BspIntFlash.c...
compiling BspLora.c...
compiling BspSimPwm.c...
compiling BspPort.c...
compiling BspLed.c...
compiling BspUart.c...
compiling BspSimUart.c...
compiling sx1276_timer.c...
compiling BspWifi.c...
compiling CommLoraPro.c...
compiling CommLora.c...
compiling stick.c...
compiling CommPcServer.c...
compiling sx1276_hal.c...
compiling DecodeDataFromPcSer.c...
..\Comm\DecodeDataFromPcSer.c(144): warning:  #188-D: enumerated type mixed with another type
  	PcSerUartSendPacket(__buf, 8 + len, 1);//des
..\Comm\DecodeDataFromPcSer.c: 1 warning, 0 errors
compiling HandlerProcess.c...
compiling sx1276.c...
compiling stask.c...
compiling sx1276_user.c...
compiling sx1276-board.c...
compiling stimer.c...
compiling Esp12F.c...
..\Wifi\Esp12F.c(377): warning:  #177-D: variable "ESP12F_id"  was declared but never referenced
    u08 ESP12F_id = 0;
..\Wifi\Esp12F.c: 1 warning, 0 errors
linking...
Program Size: Code=27148 RO-data=760 RW-data=432 ZI-data=11232  
FromELF: creating hex file...
"Net\Net.axf" - 0 Error(s), 2 Warning(s).

<h2>Software Packages used:</h2>

Package Vendor: ARM
                http://www.keil.com/pack/ARM.CMSIS.5.9.0.pack
                ARM.CMSIS.5.9.0
                CMSIS (Common Microcontroller Software Interface Standard)
   * Component: CORE Version: 5.6.0

Package Vendor: Keil
                http://www.keil.com/pack/Keil.STM32F0xx_DFP.2.1.0.pack
                Keil.STM32F0xx_DFP.2.1.0
                STMicroelectronics STM32F0 Series Device Support, Drivers and Examples

<h2>Collection of Component include folders:</h2>
  ./RTE/_Net
  D:/Software/Keil/Keil_MDK/Pack/ARM/CMSIS/5.9.0/CMSIS/Core/Include
  D:/Software/Keil/Keil_MDK/Pack/Keil/STM32F0xx_DFP/2.1.0/Drivers/CMSIS/Device/ST/STM32F0xx/Include

<h2>Collection of Component Files used:</h2>

   * Component: ARM::CMSIS:CORE:5.6.0
Build Time Elapsed:  00:00:07
</pre>
</body>
</html>
