Component: ARM Compiler 5.06 update 6 (build 750) Tool: armlink [4d35ed]

==============================================================================

Section Cross References

    startup_stm32f072xb.o(RESET) refers to startup_stm32f072xb.o(STACK) for __initial_sp
    startup_stm32f072xb.o(RESET) refers to startup_stm32f072xb.o(.text) for Reset_Handler
    startup_stm32f072xb.o(RESET) refers to stm32f0xx_it.o(i.NMI_Handler) for NMI_Handler
    startup_stm32f072xb.o(RESET) refers to stm32f0xx_it.o(i.HardFault_Handler) for HardFault_Handler
    startup_stm32f072xb.o(RESET) refers to stm32f0xx_it.o(i.SVC_Handler) for SVC_Handler
    startup_stm32f072xb.o(RESET) refers to stm32f0xx_it.o(i.PendSV_Handler) for PendSV_Handler
    startup_stm32f072xb.o(RESET) refers to stm32f0xx_it.o(i.SysTick_Handler) for SysTick_Handler
    startup_stm32f072xb.o(RESET) refers to stm32f0xx_it.o(i.EXTI4_15_IRQHandler) for EXTI4_15_IRQHandler
    startup_stm32f072xb.o(RESET) refers to stm32f0xx_it.o(i.USART1_IRQHandler) for USART1_IRQHandler
    startup_stm32f072xb.o(RESET) refers to stm32f0xx_it.o(i.USART2_IRQHandler) for USART2_IRQHandler
    startup_stm32f072xb.o(.text) refers to system_stm32f0xx.o(i.SystemInit) for SystemInit
    startup_stm32f072xb.o(.text) refers to entry.o(.ARM.Collect$$$$00000000) for __main
    usros.o(i.OsDeInit) refers to usros.o(.data) for sysTick
    usros.o(i.OsInit) refers to usros.o(.data) for sysTick
    usros.o(i.OsStrloc) refers to strlen.o(.text) for strlen
    usros.o(i.OsTimeBaseEvent) refers to usros.o(.data) for sysTick
    usros.o(i.SystemDelay) refers to usros.o(.data) for sysTick
    main.o(i.SystemClock_Config) refers to memseta.o(.text) for __aeabi_memclr4
    main.o(i.SystemClock_Config) refers to stm32f0xx_hal_rcc.o(i.HAL_RCC_OscConfig) for HAL_RCC_OscConfig
    main.o(i.SystemClock_Config) refers to main.o(i.Error_Handler) for Error_Handler
    main.o(i.SystemClock_Config) refers to stm32f0xx_hal_rcc.o(i.HAL_RCC_ClockConfig) for HAL_RCC_ClockConfig
    main.o(i.main) refers to stm32f0xx_hal.o(i.HAL_Init) for HAL_Init
    main.o(i.main) refers to main.o(i.SystemClock_Config) for SystemClock_Config
    main.o(i.main) refers to bsp.o(i.BspInit) for BspInit
    main.o(i.main) refers to sx1276.o(i.SX1276SetRx) for SX1276SetRx
    main.o(i.main) refers to printf8.o(i.__0printf$8) for __2printf
    main.o(i.main) refers to esp12f.o(i.esp12f_config) for esp12f_config
    main.o(i.main) refers to commpcserver.o(i.CommPcRecDatHandler) for CommPcRecDatHandler
    main.o(i.main) refers to commpcserver.o(i.CommPcReSendEvent) for CommPcReSendEvent
    main.o(i.main) refers to commpcserver.o(i.CommServerRecDatHandler) for CommServerRecDatHandler
    main.o(i.main) refers to commpcserver.o(i.CommServerReSendEvent) for CommServerReSendEvent
    main.o(i.main) refers to commlora.o(i.CommLoraRecDatHandler) for CommLoraRecDatHandler
    main.o(i.main) refers to commlora.o(i.CommLoraReSendEvent) for CommLoraReSendEvent
    main.o(i.main) refers to bspled.o(i.BspLedEvent) for BspLedEvent
    main.o(i.main) refers to bspdatarecord.o(i.BspDataRecordEvent) for BspDataRecordEvent
    main.o(i.main) refers to stimer.o(i.SfTimerEvent) for SfTimerEvent
    main.o(i.main) refers to stask.o(i.spTaskScheduler) for spTaskScheduler
    stm32f0xx_hal_msp.o(i.HAL_SPI_MspDeInit) refers to stm32f0xx_hal_gpio.o(i.HAL_GPIO_DeInit) for HAL_GPIO_DeInit
    stm32f0xx_hal_msp.o(i.HAL_SPI_MspInit) refers to memseta.o(.text) for __aeabi_memclr4
    stm32f0xx_hal_msp.o(i.HAL_SPI_MspInit) refers to stm32f0xx_hal_gpio.o(i.HAL_GPIO_Init) for HAL_GPIO_Init
    stm32f0xx_hal_msp.o(i.HAL_UART_MspDeInit) refers to stm32f0xx_hal_gpio.o(i.HAL_GPIO_DeInit) for HAL_GPIO_DeInit
    stm32f0xx_hal_msp.o(i.HAL_UART_MspInit) refers to memseta.o(.text) for __aeabi_memclr4
    stm32f0xx_hal_msp.o(i.HAL_UART_MspInit) refers to stm32f0xx_hal_gpio.o(i.HAL_GPIO_Init) for HAL_GPIO_Init
    stm32f0xx_it.o(i.EXTI4_15_IRQHandler) refers to stm32f0xx_hal_gpio.o(i.HAL_GPIO_EXTI_IRQHandler) for HAL_GPIO_EXTI_IRQHandler
    stm32f0xx_it.o(i.HAL_GPIO_EXTI_Callback) refers to sx1276.o(.data) for SX1276EventIrqFlag
    stm32f0xx_it.o(i.SysTick_Handler) refers to stm32f0xx_hal.o(i.HAL_IncTick) for HAL_IncTick
    stm32f0xx_it.o(i.SysTick_Handler) refers to usros.o(i.OsTimeBaseEvent) for OsTimeBaseEvent
    stm32f0xx_it.o(i.USART1_IRQHandler) refers to bspled.o(i.BspLedFlashSet) for BspLedFlashSet
    stm32f0xx_it.o(i.USART1_IRQHandler) refers to bspwifi.o(.bss) for bspWifiUartHandler
    stm32f0xx_it.o(i.USART2_IRQHandler) refers to bspled.o(i.BspLedFlashSet) for BspLedFlashSet
    stm32f0xx_it.o(i.USART2_IRQHandler) refers to bsppc.o(.bss) for bspPcUartHandler
    stm32f0xx_hal_rcc.o(i.HAL_RCC_ClockConfig) refers to stm32f0xx_hal.o(i.HAL_GetTick) for HAL_GetTick
    stm32f0xx_hal_rcc.o(i.HAL_RCC_ClockConfig) refers to stm32f0xx_hal_rcc.o(i.HAL_RCC_GetSysClockFreq) for HAL_RCC_GetSysClockFreq
[...]
    i.__LoraResendErrHandler                 0x08009bc0   Section        0  commlora.o(i.__LoraResendErrHandler)
    __LoraResendErrHandler                   0x08009bc1   Thumb Code    48  commlora.o(i.__LoraResendErrHandler)
    i.__LoraSendPacketRepeatWaitAck          0x08009bfc   Section        0  commlora.o(i.__LoraSendPacketRepeatWaitAck)
    __LoraSendPacketRepeatWaitAck            0x08009bfd   Thumb Code   210  commlora.o(i.__LoraSendPacketRepeatWaitAck)
    i.__LoraSendProData                      0x08009ce4   Section        0  commlora.o(i.__LoraSendProData)
    __LoraSendProData                        0x08009ce5   Thumb Code    16  commlora.o(i.__LoraSendProData)
    i.__NVIC_SetPriority                     0x08009cf4   Section        0  stm32f0xx_hal_cortex.o(i.__NVIC_SetPriority)
    __NVIC_SetPriority                       0x08009cf5   Thumb Code   110  stm32f0xx_hal_cortex.o(i.__NVIC_SetPriority)
    i.__PassOnCmdToLable                     0x08009d6c   Section        0  decodedatafrompcser.o(i.__PassOnCmdToLable)
    __PassOnCmdToLable                       0x08009d6d   Thumb Code   196  decodedatafrompcser.o(i.__PassOnCmdToLable)
    i.__PassOnCmdToPcSer                     0x08009e4c   Section        0  decodedatafrompcser.o(i.__PassOnCmdToPcSer)
    __PassOnCmdToPcSer                       0x08009e4d   Thumb Code    88  decodedatafrompcser.o(i.__PassOnCmdToPcSer)
    i.__PcPortInit                           0x08009ea4   Section        0  bsppc.o(i.__PcPortInit)
    __PcPortInit                             0x08009ea5   Thumb Code     2  bsppc.o(i.__PcPortInit)
    i.__ResendPc_ErrHandler                  0x08009ea6   Section        0  commpcserver.o(i.__ResendPc_ErrHandler)
    __ResendPc_ErrHandler                    0x08009ea7   Thumb Code     2  commpcserver.o(i.__ResendPc_ErrHandler)
    i.__ResendServer_ErrHandler              0x08009ea8   Section        0  commpcserver.o(i.__ResendServer_ErrHandler)
    __ResendServer_ErrHandler                0x08009ea9   Thumb Code     2  commpcserver.o(i.__ResendServer_ErrHandler)
    i.__SX1276OnTimeoutIrq                   0x08009eac   Section        0  sx1276.o(i.__SX1276OnTimeoutIrq)
    __SX1276OnTimeoutIrq                     0x08009ead   Thumb Code    16  sx1276.o(i.__SX1276OnTimeoutIrq)
    i.__SendAckStaToPcSer                    0x08009eec   Section        0  decodedatafrompcser.o(i.__SendAckStaToPcSer)
    i.__SendAckToPcSer                       0x08009f08   Section        0  decodedatafrompcser.o(i.__SendAckToPcSer)
    i.__SendToPcPacketRepeatWaitAck          0x08009fc0   Section        0  decodedatafrompcser.o(i.__SendToPcPacketRepeatWaitAck)
    i.__TimerRecCb                           0x0800a0a8   Section        0  stimer.o(i.__TimerRecCb)
    __TimerRecCb                             0x0800a0a9   Thumb Code    20  stimer.o(i.__TimerRecCb)
    i.__ToPcSerReSendRegAddr                 0x0800a0bc   Section        0  decodedatafrompcser.o(i.__ToPcSerReSendRegAddr)
    __ToPcSerReSendRegAddr                   0x0800a0bd   Thumb Code    18  decodedatafrompcser.o(i.__ToPcSerReSendRegAddr)
    i.__Wait_Branch_State                    0x0800a0d0   Section        0  esp12f.o(i.__Wait_Branch_State)
    __Wait_Branch_State                      0x0800a0d1   Thumb Code    24  esp12f.o(i.__Wait_Branch_State)
    i.__scatterload_copy                     0x0800a0f0   Section       14  handlers.o(i.__scatterload_copy)
    i.__scatterload_null                     0x0800a0fe   Section        2  handlers.o(i.__scatterload_null)
    i.__scatterload_zeroinit                 0x0800a100   Section       14  handlers.o(i.__scatterload_zeroinit)
    i._getTaskNum                            0x0800a110   Section        0  stask.o(i._getTaskNum)
    _getTaskNum                              0x0800a111   Thumb Code    34  stask.o(i._getTaskNum)
    i._getTimerTaskNum                       0x0800a138   Section        0  stimer.o(i._getTimerTaskNum)
    _getTimerTaskNum                         0x0800a139   Thumb Code    34  stimer.o(i._getTimerTaskNum)
    i._printf_core                           0x0800a160   Section        0  printf8.o(i._printf_core)
    _printf_core                             0x0800a161   Thumb Code  1020  printf8.o(i._printf_core)
    i._printf_post_padding                   0x0800a588   Section        0  printf8.o(i._printf_post_padding)
    _printf_post_padding                     0x0800a589   Thumb Code    32  printf8.o(i._printf_post_padding)
    i._printf_pre_padding                    0x0800a5a8   Section        0  printf8.o(i._printf_pre_padding)
    _printf_pre_padding                      0x0800a5a9   Thumb Code    44  printf8.o(i._printf_pre_padding)
    i._sputc                                 0x0800a5d4   Section        0  printf8.o(i._sputc)
    _sputc                                   0x0800a5d5   Thumb Code    10  printf8.o(i._sputc)
    i._task_scan_radio_cb                    0x0800a5de   Section        0  stask.o(i._task_scan_radio_cb)
    _task_scan_radio_cb                      0x0800a5df   Thumb Code    10  stask.o(i._task_scan_radio_cb)
    i._task_send_data_cb                     0x0800a5e8   Section        0  stask.o(i._task_send_data_cb)
    _task_send_data_cb                       0x0800a5e9   Thumb Code    18  stask.o(i._task_send_data_cb)
    i._task_soft_timer_cb                    0x0800a600   Section        0  stask.o(i._task_soft_timer_cb)
    _task_soft_timer_cb                      0x0800a601   Thumb Code    12  stask.o(i._task_soft_timer_cb)
    i._timer_period_test_cb                  0x0800a60c   Section        0  stimer.o(i._timer_period_test_cb)
    _timer_period_test_cb                    0x0800a60d   Thumb Code     2  stimer.o(i._timer_period_test_cb)
    i._timer_sleep_cb                        0x0800a60e   Section        0  stimer.o(i._timer_sleep_cb)
    _timer_sleep_cb                          0x0800a60f   Thumb Code    10  stimer.o(i._timer_sleep_cb)
    i.delay                                  0x0800a618   Section        0  sx1276_hal.o(i.delay)
    i.esp12f_cmd_wait_ack                    0x0800a624   Section        0  esp12f.o(i.esp12f_cmd_wait_ack)
    i.esp12f_config                          0x0800a6f0   Section        0  esp12f.o(i.esp12f_config)
    i.esp12f_send_string                     0x0800a74c   Section        0  esp12f.o(i.esp12f_send_string)
    i.fputc                                  0x0800a770   Section        0  bspdebug.o(i.fputc)
    i.main                                   0x0800a78c   Section        0  main.o(i.main)
    i.malloc                                 0x0800a7e8   Section        0  malloc.o(i.malloc)
    i.spGetTickCount                         0x0800a854   Section        0  stick.o(i.spGetTickCount)
    i.spTaskScheduler                        0x0800a860   Section        0  stask.o(i.spTaskScheduler)
    i.spTaskStart                            0x0800a8c4   Section        0  stask.o(i.spTaskStart)
    i.spTickCount                            0x0800a8ec   Section        0  stick.o(i.spTickCount)
    i.spTimerStart                           0x0800a904   Section        0  stimer.o(i.spTimerStart)
    i.spTimerTaskScheduler                   0x0800a96c   Section        0  stimer.o(i.spTimerTaskScheduler)
    i.spTimerTickerHandle                    0x0800aa48   Section        0  stimer.o(i.spTimerTickerHandle)
    .constdata                               0x0800aacc   Section       23  main.o(.constdata)
    .constdata                               0x0800aae3   Section       24  system_stm32f0xx.o(.constdata)
    .constdata                               0x0800aafc   Section       72  bspled.o(.constdata)
    ledPcPortStab                            0x0800aafc   Data          72  bspled.o(.constdata)
    .constdata                               0x0800ab44   Section        8  commlora.o(.constdata)
    loraCommSendHandlerStab                  0x0800ab44   Data           8  commlora.o(.constdata)
    .constdata                               0x0800ab4c   Section       48  commlorapro.o(.constdata)
    loraProdecodeHandlerStab                 0x0800ab4c   Data          48  commlorapro.o(.constdata)
    .constdata                               0x0800ab7c   Section       96  decodedatafrompcser.o(.constdata)
    decodeDataFromPcSerHandlerStab           0x0800ab84   Data          88  decodedatafrompcser.o(.constdata)
    .constdata                               0x0800abdc   Section      224  sx1276.o(.constdata)
    .constdata                               0x0800acbc   Section       37  esp12f.o(.constdata)
    .data                                    0x20000100   Section        2  usros.o(.data)
    sysTick                                  0x20000100   Data           2  usros.o(.data)
    .data                                    0x20000104   Section        9  stm32f0xx_hal.o(.data)
    .data                                    0x20000110   Section        4  system_stm32f0xx.o(.data)
    .data                                    0x20000114   Section        8  bspdatarecord.o(.data)
    .data                                    0x2000011c   Section       48  bspled.o(.data)
    ledOutLow                                0x2000011c   Data          24  bspled.o(.data)
    ledOutHigh                               0x20000134   Data          24  bspled.o(.data)
    .data                                    0x2000014c   Section        8  commlora.o(.data)
    __osDelayS                               0x20000150   Data           4  commlora.o(.data)
    .data                                    0x20000154   Section       30  commpcserver.o(.data)
    __packLen                                0x20000154   Data           2  commpcserver.o(.data)
    __cnt                                    0x20000156   Data           2  commpcserver.o(.data)
    __osDelayS                               0x20000158   Data           4  commpcserver.o(.data)
    __ccs                                    0x2000015c   Data           2  commpcserver.o(.data)
    __osDelayS                               0x2000015e   Data           4  commpcserver.o(.data)
    __packLen                                0x20000162   Data           2  commpcserver.o(.data)
    __cnt                                    0x20000164   Data           2  commpcserver.o(.data)
    __osDelayS                               0x20000166   Data           4  commpcserver.o(.data)
    __ccs                                    0x2000016a   Data           2  commpcserver.o(.data)
    __cnt_err                                0x2000016c   Data           2  commpcserver.o(.data)
    __osDelayS                               0x2000016e   Data           4  commpcserver.o(.data)
    .data                                    0x20000172   Section        4  decodedatafrompcser.o(.data)
    .data                                    0x20000176   Section        7  sx1276.o(.data)
    .data                                    0x20000180   Section        5  sx1276_timer.o(.data)
    timerListHead                            0x20000180   Data           4  sx1276_timer.o(.data)
    timerListInitFlag                        0x20000184   Data           1  sx1276_timer.o(.data)
    .data                                    0x20000185   Section        1  sx1276_user.o(.data)
    .data                                    0x20000186   Section        1  sx1276-board.o(.data)
    RadioIsActive                            0x20000186   Data           1  sx1276-board.o(.data)
    .data                                    0x20000188   Section       44  stask.o(.data)
    .data                                    0x200001b4   Section        4  stick.o(.data)
    spTicker                                 0x200001b4   Data           4  stick.o(.data)
    .data                                    0x200001b8   Section       80  stimer.o(.data)
    temp                                     0x20000200   Data           4  stimer.o(.data)
    __osDelayS                               0x20000204   Data           4  stimer.o(.data)
    .data                                    0x20000208   Section      154  esp12f.o(.data)
    Esp12fConfigFlow                         0x20000210   Data         124  esp12f.o(.data)
    __osDelayS                               0x2000028c   Data           4  esp12f.o(.data)
    pre_step                                 0x20000290   Data           1  esp12f.o(.data)
    __osDelayS                               0x20000292   Data           4  esp12f.o(.data)
    __osDelayS                               0x20000296   Data           4  esp12f.o(.data)
    __osDelayS                               0x2000029a   Data           4  esp12f.o(.data)
    __osDelayS                               0x2000029e   Data           4  esp12f.o(.data)
    .data                                    0x200002a4   Section        4  stdout.o(.data)
    .data                                    0x200002a8   Section        4  mvars.o(.data)
    .data                                    0x200002ac   Section        4  mvars.o(.data)
    .bss                                     0x200002b0   Section       32  stm32f0xx_hal_flash.o(.bss)
    .bss                                     0x200002d0   Section       16  bspdatarecord.o(.bss)
    .bss                                     0x200002e0   Section      128  bspdebug.o(.bss)
    .bss                                     0x20000360   Section      144  bspled.o(.bss)
    ledS                                     0x20000360   Data         144  bspled.o(.bss)
    .bss                                     0x200003f0   Section      358  bsplora.o(.bss)
    .bss                                     0x20000558   Section      394  bsppc.o(.bss)
    .bss                                     0x200006e4   Section      394  bspwifi.o(.bss)
    .bss                                     0x20000870   Section     1420  commlora.o(.bss)
    .bss                                     0x20000dfc   Section      768  commpcserver.o(.bss)
    __buf                                    0x20000dfc   Data         256  commpcserver.o(.bss)
    __buf                                    0x20000efc   Data         256  commpcserver.o(.bss)
    __buf_err                                0x20000ffc   Data         256  commpcserver.o(.bss)
    .bss                                     0x200010fc   Section     2840  decodedatafrompcser.o(.bss)
    .bss                                     0x20001c14   Section      376  sx1276.o(.bss)
    HEAP                                     0x20001d90   Section      256  startup_stm32f072xb.o(HEAP)
    STACK                                    0x20001e90   Section     4096  startup_stm32f072xb.o(STACK)

    Global Symbols

    Symbol Name                              Value     Ov Type        Size  Object(Section)

    BuildAttributes$$THM_ISAv3M$S$PE$A:L22$X:L11$S22$IEEE1$IW$USESV6$~STKCKD$USESV7$~SHL$OTIME$ROPI$IEEEX$EBA8$MICROLIB$REQ8$PRES8$EABIv2 0x00000000   Number         0  anon$$obj.o ABSOLUTE
    __ARM_use_no_argv                        0x00000000   Number         0  main.o ABSOLUTE
    _printf_a                                0x00000000   Number         0  stubs.o ABSOLUTE
    _printf_c                                0x00000000   Number         0  stubs.o ABSOLUTE
    _printf_charcount                        0x00000000   Number         0  stubs.o ABSOLUTE
    _printf_d                                0x00000000   Number         0  stubs.o ABSOLUTE
    _printf_e                                0x00000000   Number         0  stubs.o ABSOLUTE
    _printf_f                                0x00000000   Number         0  stubs.o ABSOLUTE
    _printf_flags                            0x00000000   Number         0  stubs.o ABSOLUTE
    _printf_fp_dec                           0x00000000   Number         0  stubs.o ABSOLUTE
    _printf_fp_hex                           0x00000000   Number         0  stubs.o ABSOLUTE
    _printf_g                                0x00000000   Number         0  stubs.o ABSOLUTE
    _printf_i                                0x00000000   Number         0  stubs.o ABSOLUTE
    _printf_int_dec                          0x00000000   Number         0  stubs.o ABSOLUTE
    _printf_l                                0x00000000   Number         0  stubs.o ABSOLUTE
    _printf_lc                               0x00000000   Number         0  stubs.o ABSOLUTE
    _printf_ll                               0x00000000   Number         0  stubs.o ABSOLUTE
    _printf_lld                              0x00000000   Number         0  stubs.o ABSOLUTE
    _printf_lli                              0x00000000   Number         0  stubs.o ABSOLUTE
    _printf_llo                              0x00000000   Number         0  stubs.o ABSOLUTE
    _printf_llu                              0x00000000   Number         0  stubs.o ABSOLUTE
    _printf_llx                              0x00000000   Number         0  stubs.o ABSOLUTE
    _printf_longlong_dec                     0x00000000   Number         0  stubs.o ABSOLUTE
    _printf_longlong_hex                     0x00000000   Number         0  stubs.o ABSOLUTE
    _printf_longlong_oct                     0x00000000   Number         0  stubs.o ABSOLUTE
    _printf_ls                               0x00000000   Number         0  stubs.o ABSOLUTE
    _printf_mbtowc                           0x00000000   Number         0  stubs.o ABSOLUTE
    _printf_n                                0x00000000   Number         0  stubs.o ABSOLUTE
    _printf_o                                0x00000000   Number         0  stubs.o ABSOLUTE
    _printf_p                                0x00000000   Number         0  stubs.o ABSOLUTE
    _printf_percent                          0x00000000   Number         0  stubs.o ABSOLUTE
    _printf_pre_padding                      0x00000000   Number         0  stubs.o ABSOLUTE
    _printf_return_value                     0x00000000   Number         0  stubs.o ABSOLUTE
    _printf_s                                0x00000000   Number         0  stubs.o ABSOLUTE
    _printf_sizespec                         0x00000000   Number         0  stubs.o ABSOLUTE
    _printf_str                              0x00000000   Number         0  stubs.o ABSOLUTE
    _printf_truncate_signed                  0x00000000   Number         0  stubs.o ABSOLUTE
    _printf_truncate_unsigned                0x00000000   Number         0  stubs.o ABSOLUTE
    _printf_u                                0x00000000   Number         0  stubs.o ABSOLUTE
    _printf_wc                               0x00000000   Number         0  stubs.o ABSOLUTE
    _printf_wctomb                           0x00000000   Number         0  stubs.o ABSOLUTE
    _printf_widthprec                        0x00000000   Number         0  stubs.o ABSOLUTE
    _printf_x                                0x00000000   Number         0  stubs.o ABSOLUTE
    __cpp_initialize__aeabi_                  - Undefined Weak Reference
    __cxa_finalize                            - Undefined Weak Reference
    _clock_init                               - Undefined Weak Reference
    _microlib_exit                            - Undefined Weak Reference
    __Vectors_Size                           0x000000c0   Number         0  startup_stm32f072xb.o ABSOLUTE
    __Vectors                                0x08004000   Data           4  startup_stm32f072xb.o(RESET)
    __Vectors_End                            0x080040c0   Data           0  startup_stm32f072xb.o(RESET)
    __main                                   0x080040c1   Thumb Code     0  entry.o(.ARM.Collect$$$$00000000)
    _main_stk                                0x080040c1   Thumb Code     0  entry2.o(.ARM.Collect$$$$00000001)
    _main_scatterload                        0x080040c5   Thumb Code     0  entry5.o(.ARM.Collect$$$$00000004)
    __main_after_scatterload                 0x080040c9   Thumb Code     0  entry5.o(.ARM.Collect$$$$00000004)
    _main_clock                              0x080040c9   Thumb Code     0  entry7b.o(.ARM.Collect$$$$00000008)
    _main_cpp_init                           0x080040c9   Thumb Code     0  entry8b.o(.ARM.Collect$$$$0000000A)
    _main_init                               0x080040c9   Thumb Code     0  entry9a.o(.ARM.Collect$$$$0000000B)
    __rt_final_cpp                           0x080040d1   Thumb Code     0  entry10a.o(.ARM.Collect$$$$0000000D)
    __rt_final_exit                          0x080040d1   Thumb Code     0  entry11a.o(.ARM.Collect$$$$0000000F)
    Reset_Handler                            0x080040d5   Thumb Code     8  startup_stm32f072xb.o(.text)
    ADC1_COMP_IRQHandler                     0x080040e7   Thumb Code     0  startup_stm32f072xb.o(.text)
    CEC_CAN_IRQHandler                       0x080040e7   Thumb Code     0  startup_stm32f072xb.o(.text)
    DMA1_Channel1_IRQHandler                 0x080040e7   Thumb Code     0  startup_stm32f072xb.o(.text)
    DMA1_Channel2_3_IRQHandler               0x080040e7   Thumb Code     0  startup_stm32f072xb.o(.text)
    DMA1_Channel4_5_6_7_IRQHandler           0x080040e7   Thumb Code     0  startup_stm32f072xb.o(.text)
    EXTI0_1_IRQHandler                       0x080040e7   Thumb Code     0  startup_stm32f072xb.o(.text)
    EXTI2_3_IRQHandler                       0x080040e7   Thumb Code     0  startup_stm32f072xb.o(.text)
    FLASH_IRQHandler                         0x080040e7   Thumb Code     0  startup_stm32f072xb.o(.text)
    I2C1_IRQHandler                          0x080040e7   Thumb Code     0  startup_stm32f072xb.o(.text)
    I2C2_IRQHandler                          0x080040e7   Thumb Code     0  startup_stm32f072xb.o(.text)
    PVD_VDDIO2_IRQHandler                    0x080040e7   Thumb Code     0  startup_stm32f072xb.o(.text)
    RCC_CRS_IRQHandler                       0x080040e7   Thumb Code     0  startup_stm32f072xb.o(.text)
    RTC_IRQHandler                           0x080040e7   Thumb Code     0  startup_stm32f072xb.o(.text)
    SPI1_IRQHandler                          0x080040e7   Thumb Code     0  startup_stm32f072xb.o(.text)
    SPI2_IRQHandler                          0x080040e7   Thumb Code     0  startup_stm32f072xb.o(.text)
    TIM14_IRQHandler                         0x080040e7   Thumb Code     0  startup_stm32f072xb.o(.text)
    TIM15_IRQHandler                         0x080040e7   Thumb Code     0  startup_stm32f072xb.o(.text)
    TIM16_IRQHandler                         0x080040e7   Thumb Code     0  startup_stm32f072xb.o(.text)
    TIM17_IRQHandler                         0x080040e7   Thumb Code     0  startup_stm32f072xb.o(.text)
    TIM1_BRK_UP_TRG_COM_IRQHandler           0x080040e7   Thumb Code     0  startup_stm32f072xb.o(.text)
    TIM1_CC_IRQHandler                       0x080040e7   Thumb Code     0  startup_stm32f072xb.o(.text)
    TIM2_IRQHandler                          0x080040e7   Thumb Code     0  startup_stm32f072xb.o(.text)
    TIM3_IRQHandler                          0x080040e7   Thumb Code     0  startup_stm32f072xb.o(.text)
    TIM6_DAC_IRQHandler                      0x080040e7   Thumb Code     0  startup_stm32f072xb.o(.text)
    TIM7_IRQHandler                          0x080040e7   Thumb Code     0  startup_stm32f072xb.o(.text)
    TSC_IRQHandler                           0x080040e7   Thumb Code     0  startup_stm32f072xb.o(.text)
    USART3_4_IRQHandler                      0x080040e7   Thumb Code     0  startup_stm32f072xb.o(.text)
    USB_IRQHandler                           0x080040e7   Thumb Code     0  startup_stm32f072xb.o(.text)
    WWDG_IRQHandler                          0x080040e7   Thumb Code     0  startup_stm32f072xb.o(.text)
    __aeabi_uidiv                            0x080040f1   Thumb Code     0  uidiv.o(.text)
    __aeabi_uidivmod                         0x080040f1   Thumb Code    44  uidiv.o(.text)
    __aeabi_uldivmod                         0x0800411d   Thumb Code    96  uldiv.o(.text)
    __aeabi_llsr                             0x0800417d   Thumb Code    34  llushr.o(.text)
    _ll_ushift_r                             0x0800417d   Thumb Code     0  llushr.o(.text)
    __aeabi_memcpy                           0x0800419f   Thumb Code    36  memcpya.o(.text)
    __aeabi_memcpy4                          0x0800419f   Thumb Code     0  memcpya.o(.text)
    __aeabi_memcpy8                          0x0800419f   Thumb Code     0  memcpya.o(.text)
    __aeabi_memset                           0x080041c3   Thumb Code    14  memseta.o(.text)
    __aeabi_memset4                          0x080041c3   Thumb Code     0  memseta.o(.text)
    __aeabi_memset8                          0x080041c3   Thumb Code     0  memseta.o(.text)
    __aeabi_memclr                           0x080041d1   Thumb Code     4  memseta.o(.text)
    __aeabi_memclr4                          0x080041d1   Thumb Code     0  memseta.o(.text)
    __aeabi_memclr8                          0x080041d1   Thumb Code     0  memseta.o(.text)
    _memset$wrapper                          0x080041d5   Thumb Code    18  memseta.o(.text)
    strstr                                   0x080041e7   Thumb Code    40  strstr.o(.text)
    strlen                                   0x0800420f   Thumb Code    14  strlen.o(.text)
    __aeabi_dmul                             0x0800421d   Thumb Code   202  dmul.o(.text)
    __aeabi_ddiv                             0x080042ed   Thumb Code   234  ddiv.o(.text)
    __aeabi_ui2d                             0x080043dd   Thumb Code    24  dfltui.o(.text)
    __aeabi_d2uiz                            0x080043f9   Thumb Code    50  dfixui.o(.text)
    __aeabi_llsl                             0x08004435   Thumb Code    32  llshl.o(.text)
    _ll_shift_l                              0x08004435   Thumb Code     0  llshl.o(.text)
    __I$use$fp                               0x08004455   Thumb Code     0  iusefp.o(.text)
    _double_round                            0x08004455   Thumb Code    26  depilogue.o(.text)
    _double_epilogue                         0x0800446f   Thumb Code   164  depilogue.o(.text)
    __scatterload                            0x08004515   Thumb Code    28  init.o(.text)
    __scatterload_rt2                        0x08004515   Thumb Code     0  init.o(.text)
    __decompress                             0x08004539   Thumb Code     0  __dczerorl2.o(.text)
    __decompress1                            0x08004539   Thumb Code    86  __dczerorl2.o(.text)
    BspDataRecordEvent                       0x08004591   Thumb Code    50  bspdatarecord.o(i.BspDataRecordEvent)
    BspDataRecordInit                        0x080045e1   Thumb Code   110  bspdatarecord.o(i.BspDataRecordInit)
    BspDebugInit                             0x08004675   Thumb Code    60  bspdebug.o(i.BspDebugInit)
    BspGetData                               0x080046b9   Thumb Code   160  bspdatarecord.o(i.BspGetData)
    BspInit                                  0x08004765   Thumb Code    28  bsp.o(i.BspInit)
    BspIntFlashErasePages                    0x08004781   Thumb Code    76  bspintflash.o(i.BspIntFlashErasePages)
    BspIntFlashRead                          0x080047f9   Thumb Code    38  bspintflash.o(i.BspIntFlashRead)
    BspIntFlashWrite                         0x0800481f   Thumb Code    78  bspintflash.o(i.BspIntFlashWrite)
    BspLedEvent                              0x0800486d   Thumb Code    28  bspled.o(i.BspLedEvent)
    BspLedFlashSet                           0x0800488d   Thumb Code    38  bspled.o(i.BspLedFlashSet)
    BspLedInit                               0x080048b9   Thumb Code    84  bspled.o(i.BspLedInit)
    BspLoraChSet                             0x08004919   Thumb Code    22  bsplora.o(i.BspLoraChSet)
    BspLoraHwReset                           0x08004935   Thumb Code    18  bsplora.o(i.BspLoraHwReset)
    BspLoraInit                              0x08004955   Thumb Code    96  bsplora.o(i.BspLoraInit)
    BspLoraSendPacket                        0x080049bd   Thumb Code    28  bsplora.o(i.BspLoraSendPacket)
    BspPcInit                                0x080049e1   Thumb Code   102  bsppc.o(i.BspPcInit)
    BspPcUartSendPacket                      0x08004a55   Thumb Code    22  bsppc.o(i.BspPcUartSendPacket)
    BspSaveData                              0x08004a71   Thumb Code   178  bspdatarecord.o(i.BspSaveData)
    BspSaveDataV2                            0x08004b31   Thumb Code   174  bspdatarecord.o(i.BspSaveDataV2)
    BspSimPwmCall                            0x08004be9   Thumb Code    40  bspsimpwm.o(i.BspSimPwmCall)
    BspSimPwmParaReset                       0x08004c11   Thumb Code    22  bspsimpwm.o(i.BspSimPwmParaReset)
    BspSimPwmRunEvent                        0x08004c27   Thumb Code   136  bspsimpwm.o(i.BspSimPwmRunEvent)
    BspWifiInit                              0x08004cb1   Thumb Code   164  bspwifi.o(i.BspWifiInit)
    BspWifiUartSendPacket                    0x08004d69   Thumb Code    22  bspwifi.o(i.BspWifiUartSendPacket)
    CommLoraProRecDatDecode                  0x08004d85   Thumb Code   198  commlorapro.o(i.CommLoraProRecDatDecode)
    CommLoraReSendEvent                      0x08004e6d   Thumb Code   106  commlora.o(i.CommLoraReSendEvent)
    CommLoraRecDatHandler                    0x08004f01   Thumb Code   162  commlora.o(i.CommLoraRecDatHandler)
    CommLoraSendPro                          0x08005011   Thumb Code    52  commlora.o(i.CommLoraSendPro)
    CommLoraSendUpdata                       0x08005049   Thumb Code    64  commlora.o(i.CommLoraSendUpdata)
    CommPcReSendEvent                        0x0800508d   Thumb Code   112  commpcserver.o(i.CommPcReSendEvent)
    CommPcRecDatHandler                      0x0800512d   Thumb Code   708  commpcserver.o(i.CommPcRecDatHandler)
    CommServerReSendEvent                    0x08005499   Thumb Code   112  commpcserver.o(i.CommServerReSendEvent)
    CommServerRecDatHandler                  0x08005539   Thumb Code   828  commpcserver.o(i.CommServerRecDatHandler)
    EXTI4_15_IRQHandler                      0x0800593d   Thumb Code    12  stm32f0xx_it.o(i.EXTI4_15_IRQHandler)
    Error_Handler                            0x08005949   Thumb Code     2  main.o(i.Error_Handler)
    ExitUpdateLable                          0x0800594b   Thumb Code     2  commlora.o(i.ExitUpdateLable)
    FLASH_PageErase                          0x08005975   Thumb Code    34  stm32f0xx_hal_flash_ex.o(i.FLASH_PageErase)
    FLASH_WaitForLastOperation               0x08005a09   Thumb Code   100  stm32f0xx_hal_flash.o(i.FLASH_WaitForLastOperation)
    GetChByAddr                              0x08005a71   Thumb Code    20  decodedatafrompcser.o(i.GetChByAddr)
    HAL_Delay                                0x08005a85   Thumb Code    38  stm32f0xx_hal.o(i.HAL_Delay)
    HAL_FLASHEx_Erase                        0x08005ab1   Thumb Code   160  stm32f0xx_hal_flash_ex.o(i.HAL_FLASHEx_Erase)
    HAL_FLASH_Lock                           0x08005b5d   Thumb Code    16  stm32f0xx_hal_flash.o(i.HAL_FLASH_Lock)
    HAL_FLASH_Program                        0x08005b71   Thumb Code   174  stm32f0xx_hal_flash.o(i.HAL_FLASH_Program)
    HAL_FLASH_Unlock                         0x08005c2d   Thumb Code    40  stm32f0xx_hal_flash.o(i.HAL_FLASH_Unlock)
    HAL_GPIO_EXTI_Callback                   0x08005c61   Thumb Code    22  stm32f0xx_it.o(i.HAL_GPIO_EXTI_Callback)
    HAL_GPIO_EXTI_IRQHandler                 0x08005c7d   Thumb Code    26  stm32f0xx_hal_gpio.o(i.HAL_GPIO_EXTI_IRQHandler)
    HAL_GPIO_Init                            0x08005c9d   Thumb Code   474  stm32f0xx_hal_gpio.o(i.HAL_GPIO_Init)
    HAL_GPIO_WritePin                        0x08005e95   Thumb Code    12  stm32f0xx_hal_gpio.o(i.HAL_GPIO_WritePin)
    HAL_GetTick                              0x08005ea1   Thumb Code     6  stm32f0xx_hal.o(i.HAL_GetTick)
    HAL_IncTick                              0x08005ead   Thumb Code    16  stm32f0xx_hal.o(i.HAL_IncTick)
    HAL_Init                                 0x08005ec5   Thumb Code    28  stm32f0xx_hal.o(i.HAL_Init)
    HAL_InitTick                             0x08005ee5   Thumb Code    70  stm32f0xx_hal.o(i.HAL_InitTick)
    HAL_MspInit                              0x08005f39   Thumb Code    60  stm32f0xx_hal_msp.o(i.HAL_MspInit)
    HAL_NVIC_EnableIRQ                       0x08005f79   Thumb Code    22  stm32f0xx_hal_cortex.o(i.HAL_NVIC_EnableIRQ)
    HAL_NVIC_SetPriority                     0x08005f95   Thumb Code    18  stm32f0xx_hal_cortex.o(i.HAL_NVIC_SetPriority)
    HAL_RCC_ClockConfig                      0x08005fa9   Thumb Code   366  stm32f0xx_hal_rcc.o(i.HAL_RCC_ClockConfig)
    HAL_RCC_GetHCLKFreq                      0x0800612d   Thumb Code     6  stm32f0xx_hal_rcc.o(i.HAL_RCC_GetHCLKFreq)
    HAL_RCC_GetPCLK1Freq                     0x08006139   Thumb Code    26  stm32f0xx_hal_rcc.o(i.HAL_RCC_GetPCLK1Freq)
    HAL_RCC_GetSysClockFreq                  0x0800615d   Thumb Code   218  stm32f0xx_hal_rcc.o(i.HAL_RCC_GetSysClockFreq)
    HAL_RCC_OscConfig                        0x08006265   Thumb Code  1592  stm32f0xx_hal_rcc.o(i.HAL_RCC_OscConfig)
    HAL_SPI_Init                             0x080068a1   Thumb Code   220  stm32f0xx_hal_spi.o(i.HAL_SPI_Init)
    HAL_SPI_MspInit                          0x0800697d   Thumb Code   234  stm32f0xx_hal_msp.o(i.HAL_SPI_MspInit)
    HAL_SPI_TransmitReceive                  0x08006a75   Thumb Code   760  stm32f0xx_hal_spi.o(i.HAL_SPI_TransmitReceive)
    HAL_SYSTICK_Config                       0x08006d6d   Thumb Code    46  stm32f0xx_hal_cortex.o(i.HAL_SYSTICK_Config)
    HAL_UART_Init                            0x08006da5   Thumb Code   126  stm32f0xx_hal_uart.o(i.HAL_UART_Init)
    HAL_UART_MspInit                         0x08006e25   Thumb Code   440  stm32f0xx_hal_msp.o(i.HAL_UART_MspInit)
    HAL_UART_Transmit                        0x08006ff1   Thumb Code   256  stm32f0xx_hal_uart.o(i.HAL_UART_Transmit)
    HalWriteRxTx                             0x080070f1   Thumb Code     2  sx1276_hal.o(i.HalWriteRxTx)
    HardFault_Handler                        0x080070f5   Thumb Code    52  stm32f0xx_it.o(i.HardFault_Handler)
    NMI_Handler                              0x08007131   Thumb Code     2  stm32f0xx_it.o(i.NMI_Handler)
    OnCadDone                                0x08007135   Thumb Code    78  sx1276_user.o(i.OnCadDone)
    OnRxDone                                 0x08007199   Thumb Code   102  sx1276_user.o(i.OnRxDone)
    OnRxError                                0x0800721d   Thumb Code    30  sx1276_user.o(i.OnRxError)
    OnRxTimeout                              0x08007249   Thumb Code    30  sx1276_user.o(i.OnRxTimeout)
    OnTxDone                                 0x08007279   Thumb Code    18  sx1276_user.o(i.OnTxDone)
    OnTxTimeout                              0x0800728d   Thumb Code    30  sx1276_user.o(i.OnTxTimeout)
    OsBufIntoVar16                           0x080072bd   Thumb Code    12  usros.o(i.OsBufIntoVar16)
    OsStrCmp                                 0x080072c9   Thumb Code    36  usros.o(i.OsStrCmp)
    OsTimeBaseEvent                          0x080072ed   Thumb Code    12  usros.o(i.OsTimeBaseEvent)
    OsVar16IntoBuf                           0x080072fd   Thumb Code     8  usros.o(i.OsVar16IntoBuf)
    PcSerUartSendPacket                      0x08007305   Thumb Code    44  decodedatafrompcser.o(i.PcSerUartSendPacket)
    PendSV_Handler                           0x08007335   Thumb Code     2  stm32f0xx_it.o(i.PendSV_Handler)
    SVC_Handler                              0x080075b1   Thumb Code     2  stm32f0xx_it.o(i.SVC_Handler)
    SX1276AntSwDeInit                        0x080075b3   Thumb Code    10  sx1276-board.o(i.SX1276AntSwDeInit)
    SX1276AntSwInit                          0x080075bd   Thumb Code    10  sx1276-board.o(i.SX1276AntSwInit)
    SX1276AppInit                            0x080075c9   Thumb Code   126  sx1276_user.o(i.SX1276AppInit)
    SX1276GetPaSelect                        0x08007661   Thumb Code    16  sx1276-board.o(i.SX1276GetPaSelect)
    SX1276Init                               0x08007675   Thumb Code   100  sx1276.o(i.SX1276Init)
    SX1276OnDio0Event                        0x080076e9   Thumb Code   426  sx1276.o(i.SX1276OnDio0Event)
    SX1276OnTimeoutEvent                     0x080078e9   Thumb Code   116  sx1276.o(i.SX1276OnTimeoutEvent)
    SX1276Read                               0x08007965   Thumb Code    20  sx1276.o(i.SX1276Read)
    SX1276ReadBuffer                         0x08007979   Thumb Code    50  sx1276.o(i.SX1276ReadBuffer)
    SX1276ReadFifo                           0x080079ab   Thumb Code    18  sx1276.o(i.SX1276ReadFifo)
    SX1276Reset                              0x080079bd   Thumb Code     8  sx1276.o(i.SX1276Reset)
    SX1276Send                               0x080079c5   Thumb Code   180  sx1276.o(i.SX1276Send)
    SX1276SetAntSw                           0x08007a9d   Thumb Code    48  sx1276-board.o(i.SX1276SetAntSw)
    SX1276SetAntSwLowPower                   0x08007acd   Thumb Code    32  sx1276-board.o(i.SX1276SetAntSwLowPower)
    SX1276SetFreq                            0x08007af1   Thumb Code    64  sx1276.o(i.SX1276SetFreq)
    SX1276SetMaxPayloadLength                0x08007b39   Thumb Code    22  sx1276.o(i.SX1276SetMaxPayloadLength)
    SX1276SetModem                           0x08007b51   Thumb Code   148  sx1276.o(i.SX1276SetModem)
    SX1276SetOpMode                          0x08007be9   Thumb Code    52  sx1276.o(i.SX1276SetOpMode)
    SX1276SetPublicNetwork                   0x08007c1d   Thumb Code    38  sx1276.o(i.SX1276SetPublicNetwork)
    SX1276SetReset                           0x08007c49   Thumb Code    42  sx1276-board.o(i.SX1276SetReset)
    SX1276SetRfTxPower                       0x08007c75   Thumb Code   204  sx1276-board.o(i.SX1276SetRfTxPower)
    SX1276SetRx                              0x08007d45   Thumb Code   474  sx1276.o(i.SX1276SetRx)
    SX1276SetRxConfig                        0x08007f41   Thumb Code   466  sx1276.o(i.SX1276SetRxConfig)
    SX1276SetSleep                           0x0800811d   Thumb Code    28  sx1276.o(i.SX1276SetSleep)
    SX1276SetStby                            0x0800813d   Thumb Code    28  sx1276.o(i.SX1276SetStby)
    SX1276SetSyncWord                        0x0800815d   Thumb Code    14  sx1276.o(i.SX1276SetSyncWord)
    SX1276SetTx                              0x0800816d   Thumb Code   112  sx1276.o(i.SX1276SetTx)
    SX1276SetTxConfig                        0x080081e1   Thumb Code   374  sx1276.o(i.SX1276SetTxConfig)
    SX1276StartCad                           0x0800835d   Thumb Code    46  sx1276.o(i.SX1276StartCad)
    SX1276Task                               0x08008391   Thumb Code    88  sx1276.o(i.SX1276Task)
    SX1276Write                              0x08008415   Thumb Code    16  sx1276.o(i.SX1276Write)
    SX1276WriteBuffer                        0x08008425   Thumb Code    50  sx1276.o(i.SX1276WriteBuffer)
    SX1276WriteFifo                          0x08008457   Thumb Code    18  sx1276.o(i.SX1276WriteFifo)
    SfTimerEvent                             0x08008469   Thumb Code    28  stimer.o(i.SfTimerEvent)
    SpiInOut                                 0x08008489   Thumb Code    28  bsplora.o(i.SpiInOut)
    SpiSetNss                                0x080084a9   Thumb Code    20  sx1276-board.o(i.SpiSetNss)
    SpiTransfer                              0x080084bd   Thumb Code    12  sx1276-board.o(i.SpiTransfer)
    SysTick_Handler                          0x080084c9   Thumb Code    12  stm32f0xx_it.o(i.SysTick_Handler)
    SystemClock_Config                       0x080084d5   Thumb Code    92  main.o(i.SystemClock_Config)
    SystemDelay                              0x08008531   Thumb Code    76  usros.o(i.SystemDelay)
    SystemInit                               0x08008581   Thumb Code     2  system_stm32f0xx.o(i.SystemInit)
    TimerChangePeriod                        0x08008583   Thumb Code    16  sx1276_timer.o(i.TimerChangePeriod)
    TimerLoop                                0x080086e9   Thumb Code     8  sx1276_timer.o(i.TimerLoop)
    TimerRegister                            0x080086f1   Thumb Code    74  sx1276_timer.o(i.TimerRegister)
    TimerStart                               0x08008741   Thumb Code    18  sx1276_timer.o(i.TimerStart)
    TimerStop                                0x08008753   Thumb Code    12  sx1276_timer.o(i.TimerStop)
    UART_AdvFeatureConfig                    0x0800875f   Thumb Code   240  stm32f0xx_hal_uart.o(i.UART_AdvFeatureConfig)
    UART_CheckIdleState                      0x08008851   Thumb Code   106  stm32f0xx_hal_uart.o(i.UART_CheckIdleState)
    UART_SetConfig                           0x080088c1   Thumb Code   528  stm32f0xx_hal_uart.o(i.UART_SetConfig)
    UART_WaitOnFlagUntilTimeout              0x08008af5   Thumb Code   188  stm32f0xx_hal_uart.o(i.UART_WaitOnFlagUntilTimeout)
    USART1_IRQHandler                        0x08008bb1   Thumb Code    78  stm32f0xx_it.o(i.USART1_IRQHandler)
    USART2_IRQHandler                        0x08008c0d   Thumb Code    78  stm32f0xx_it.o(i.USART2_IRQHandler)
    __0printf$8                              0x08008c69   Thumb Code    24  printf8.o(i.__0printf$8)
    __1printf$8                              0x08008c69   Thumb Code     0  printf8.o(i.__0printf$8)
    __2printf                                0x08008c69   Thumb Code     0  printf8.o(i.__0printf$8)
    __0sprintf$8                             0x08008c89   Thumb Code    36  printf8.o(i.__0sprintf$8)
    __1sprintf$8                             0x08008c89   Thumb Code     0  printf8.o(i.__0sprintf$8)
    __2sprintf                               0x08008c89   Thumb Code     0  printf8.o(i.__0sprintf$8)
    __ARM_clz                                0x08008cb1   Thumb Code    46  depilogue.o(i.__ARM_clz)
    __ARM_common_ll_muluu                    0x08008cdf   Thumb Code    48  stm32f0xx_hal_rcc.o(i.__ARM_common_ll_muluu)
    __ARM_common_switch8                     0x08008d0f   Thumb Code    28  stm32f0xx_hal_dma.o(i.__ARM_common_switch8)
    __ClrLoraResend                          0x080091f5   Thumb Code    74  commlora.o(i.__ClrLoraResend)
    __CrcCheck1021                           0x08009295   Thumb Code    66  decodedatafrompcser.o(i.__CrcCheck1021)
    __DecodeDataFromPcSer                    0x080092dd   Thumb Code    68  decodedatafrompcser.o(i.__DecodeDataFromPcSer)
    __SendAckStaToPcSer                      0x08009eed   Thumb Code    28  decodedatafrompcser.o(i.__SendAckStaToPcSer)
    __SendAckToPcSer                         0x08009f09   Thumb Code   152  decodedatafrompcser.o(i.__SendAckToPcSer)
    __SendToPcPacketRepeatWaitAck            0x08009fc1   Thumb Code   210  decodedatafrompcser.o(i.__SendToPcPacketRepeatWaitAck)
    __scatterload_copy                       0x0800a0f1   Thumb Code    14  handlers.o(i.__scatterload_copy)
    __scatterload_null                       0x0800a0ff   Thumb Code     2  handlers.o(i.__scatterload_null)
    __scatterload_zeroinit                   0x0800a101   Thumb Code    14  handlers.o(i.__scatterload_zeroinit)
    delay                                    0x0800a619   Thumb Code    12  sx1276_hal.o(i.delay)
    esp12f_cmd_wait_ack                      0x0800a625   Thumb Code   186  esp12f.o(i.esp12f_cmd_wait_ack)
    esp12f_config                            0x0800a6f1   Thumb Code    62  esp12f.o(i.esp12f_config)
    esp12f_send_string                       0x0800a74d   Thumb Code    30  esp12f.o(i.esp12f_send_string)
    fputc                                    0x0800a771   Thumb Code    22  bspdebug.o(i.fputc)
    main                                     0x0800a78d   Thumb Code    72  main.o(i.main)
    malloc                                   0x0800a7e9   Thumb Code    92  malloc.o(i.malloc)
    spGetTickCount                           0x0800a855   Thumb Code     6  stick.o(i.spGetTickCount)
    spTaskScheduler                          0x0800a861   Thumb Code    96  stask.o(i.spTaskScheduler)
    spTaskStart                              0x0800a8c5   Thumb Code    34  stask.o(i.spTaskStart)
    spTickCount                              0x0800a8ed   Thumb Code    18  stick.o(i.spTickCount)
    spTimerStart                             0x0800a905   Thumb Code    94  stimer.o(i.spTimerStart)
    spTimerTaskScheduler                     0x0800a96d   Thumb Code   210  stimer.o(i.spTimerTaskScheduler)
    spTimerTickerHandle                      0x0800aa49   Thumb Code   124  stimer.o(i.spTimerTickerHandle)
    hwVersion                                0x0800aacc   Data           5  main.o(.constdata)
    fwTestVer                                0x0800aad1   Data           5  main.o(.constdata)
    fwRelVer                                 0x0800aad6   Data          13  main.o(.constdata)
    AHBPrescTable                            0x0800aae3   Data          16  system_stm32f0xx.o(.constdata)
    APBPrescTable                            0x0800aaf3   Data           8  system_stm32f0xx.o(.constdata)
    toPcSerReSendHandlerStab                 0x0800ab7c   Data           8  decodedatafrompcser.o(.constdata)
    RadioRegsInit                            0x0800abdc   Data          48  sx1276.o(.constdata)
    FskBandwidths                            0x0800ac0c   Data         176  sx1276.o(.constdata)
    ESP12F_ssid                              0x0800acbc   Data           7  esp12f.o(.constdata)
    ESP12F_password                          0x0800acc3   Data          11  esp12f.o(.constdata)
    ESP12F_ip                                0x0800acce   Data          14  esp12f.o(.constdata)
    ESP12F_port                              0x0800acdc   Data           5  esp12f.o(.constdata)
    Region$$Table$$Base                      0x0800ace4   Number         0  anon$$obj.o(Region$$Table)
    Region$$Table$$Limit                     0x0800ad04   Number         0  anon$$obj.o(Region$$Table)
    uwTick                                   0x20000104   Data           4  stm32f0xx_hal.o(.data)
    uwTickPrio                               0x20000108   Data           4  stm32f0xx_hal.o(.data)
    uwTickFreq                               0x2000010c   Data           1  stm32f0xx_hal.o(.data)
    SystemCoreClock                          0x20000110   Data           4  system_stm32f0xx.o(.data)
    dataSaveS                                0x20000114   Data           4  bspdatarecord.o(.data)
    preDataSaveS                             0x20000118   Data           4  bspdatarecord.o(.data)
    commLoraCtrlS                            0x2000014c   Data           1  commlora.o(.data)
    netSetStaE                               0x2000014d   Data           1  commlora.o(.data)
    gobalAddrFlag                            0x2000014e   Data           1  commlora.o(.data)
    loraRecFlag                              0x2000014f   Data           1  commlora.o(.data)
    slaveAddr                                0x20000172   Data           2  decodedatafrompcser.o(.data)
    slaveCh                                  0x20000174   Data           1  decodedatafrompcser.o(.data)
    exitUpdata                               0x20000175   Data           1  decodedatafrompcser.o(.data)
    SX1276EventIrqFlag                       0x20000176   Data           7  sx1276.o(.data)
    gCAD                                     0x20000185   Data           1  sx1276_user.o(.data)
    oldtime                                  0x20000188   Data           2  stask.o(.data)
    newtime                                  0x2000018a   Data           2  stask.o(.data)
    state                                    0x2000018c   Data           1  stask.o(.data)
    today_flag                               0x2000018d   Data           1  stask.o(.data)
    flag_up_time                             0x2000018e   Data           1  stask.o(.data)
    tasklist                                 0x20000190   Data          36  stask.o(.data)
    stimerlist                               0x200001b8   Data          72  stimer.o(.data)
    TcpClosedFlag                            0x20000208   Data           1  esp12f.o(.data)
    wifiCfgS                                 0x2000020a   Data           4  esp12f.o(.data)
    __stdout                                 0x200002a4   Data           4  stdout.o(.data)
    __microlib_freelist                      0x200002a8   Data           4  mvars.o(.data)
    __microlib_freelist_initialised          0x200002ac   Data           4  mvars.o(.data)
    pFlash                                   0x200002b0   Data          32  stm32f0xx_hal_flash.o(.bss)
    updateParaSaveS                          0x200002d0   Data          16  bspdatarecord.o(.bss)
    bspDebugUartHandler                      0x200002e0   Data         128  bspdebug.o(.bss)
    loraSpiHandler                           0x200003f0   Data         100  bsplora.o(.bss)
    loraSendPacketS                          0x20000454   Data         258  bsplora.o(.bss)
    bspPcUartHandler                         0x20000558   Data         128  bsppc.o(.bss)
    bspPcUartS                               0x200005d8   Data         266  bsppc.o(.bss)
    bspWifiUartHandler                       0x200006e4   Data         128  bspwifi.o(.bss)
    bspWifiUartS                             0x20000764   Data         266  bspwifi.o(.bss)
    loraSendPackListStab                     0x20000870   Data        1420  commlora.o(.bss)
    netToPcPackListStab                      0x200010fc   Data        1420  decodedatafrompcser.o(.bss)
    netToServerPackListStab                  0x20001688   Data        1420  decodedatafrompcser.o(.bss)
    RxTxBuffer                               0x20001c14   Data         256  sx1276.o(.bss)
    SX1276                                   0x20001d14   Data         120  sx1276.o(.bss)
    __heap_base                              0x20001d90   Data           0  startup_stm32f072xb.o(HEAP)
    __heap_limit                             0x20001e90   Data           0  startup_stm32f072xb.o(HEAP)
    __initial_sp                             0x20002e90   Data           0  startup_stm32f072xb.o(STACK)



==============================================================================

Memory Map of the image

  Image Entry point : 0x080040c1

  Load Region LR_IROM1 (Base: 0x08004000, Size: 0x00006eb4, Max: 0x00020000, ABSOLUTE, COMPRESSED[0x00006db8])

    Execution Region ER_IROM1 (Exec base: 0x08004000, Load base: 0x08004000, Size: 0x00006d04, Max: 0x00020000, ABSOLUTE)

    Exec Addr    Load Addr    Size         Type   Attr      Idx    E Section Name        Object

    0x08004000   0x08004000   0x000000c0   Data   RO            3    RESET               startup_stm32f072xb.o
    0x080040c0   0x080040c0   0x00000000   Code   RO         4617  * .ARM.Collect$$$$00000000  mc_p.l(entry.o)
    0x080040c0   0x080040c0   0x00000004   Code   RO         4976    .ARM.Collect$$$$00000001  mc_p.l(entry2.o)
    0x080040c4   0x080040c4   0x00000004   Code   RO         4979    .ARM.Collect$$$$00000004  mc_p.l(entry5.o)
    0x080040c8   0x080040c8   0x00000000   Code   RO         4981    .ARM.Collect$$$$00000008  mc_p.l(entry7b.o)
    0x080040c8   0x080040c8   0x00000000   Code   RO         4983    .ARM.Collect$$$$0000000A  mc_p.l(entry8b.o)
    0x080040c8   0x080040c8   0x00000008   Code   RO         4984    .ARM.Collect$$$$0000000B  mc_p.l(entry9a.o)
    0x080040d0   0x080040d0   0x00000000   Code   RO         4986    .ARM.Collect$$$$0000000D  mc_p.l(entry10a.o)
    0x080040d0   0x080040d0   0x00000000   Code   RO         4988    .ARM.Collect$$$$0000000F  mc_p.l(entry11a.o)
    0x080040d0   0x080040d0   0x00000004   Code   RO         4977    .ARM.Collect$$$$00002712  mc_p.l(entry2.o)
    0x080040d4   0x080040d4   0x0000001c   Code   RO            4    .text               startup_stm32f072xb.o
    0x080040f0   0x080040f0   0x0000002c   Code   RO         4620    .text               mc_p.l(uidiv.o)
    0x0800411c   0x0800411c   0x00000060   Code   RO         4622    .text               mc_p.l(uldiv.o)
    0x0800417c   0x0800417c   0x00000022   Code   RO         4624    .text               mc_p.l(llushr.o)
    0x0800419e   0x0800419e   0x00000024   Code   RO         4626    .text               mc_p.l(memcpya.o)
    0x080041c2   0x080041c2   0x00000024   Code   RO         4628    .text               mc_p.l(memseta.o)
    0x080041e6   0x080041e6   0x00000028   Code   RO         4630    .text               mc_p.l(strstr.o)
    0x0800420e   0x0800420e   0x0000000e   Code   RO         4632    .text               mc_p.l(strlen.o)
    0x0800421c   0x0800421c   0x000000d0   Code   RO         4931    .text               mf_p.l(dmul.o)
    0x080042ec   0x080042ec   0x000000f0   Code   RO         4933    .text               mf_p.l(ddiv.o)
    0x080043dc   0x080043dc   0x0000001c   Code   RO         4939    .text               mf_p.l(dfltui.o)
    0x080043f8   0x080043f8   0x0000003c   Code   RO         4943    .text               mf_p.l(dfixui.o)
    0x08004434   0x08004434   0x00000020   Code   RO         4991    .text               mc_p.l(llshl.o)
    0x08004454   0x08004454   0x00000000   Code   RO         5004    .text               mc_p.l(iusefp.o)
    0x08004454   0x08004454   0x000000be   Code   RO         5007    .text               mf_p.l(depilogue.o)
    0x08004512   0x08004512   0x00000002   PAD
    0x08004514   0x08004514   0x00000024   Code   RO         5015    .text               mc_p.l(init.o)
    0x08004538   0x08004538   0x00000056   Code   RO         5029    .text               mc_p.l(__dczerorl2.o)
    0x0800458e   0x0800458e   0x00000002   PAD
    0x08004590   0x08004590   0x00000050   Code   RO         2863    i.BspDataRecordEvent  bspdatarecord.o
    0x080045e0   0x080045e0   0x00000094   Code   RO         2864    i.BspDataRecordInit  bspdatarecord.o
    0x08004674   0x08004674   0x00000044   Code   RO         2926    i.BspDebugInit      bspdebug.o
    0x080046b8   0x080046b8   0x000000ac   Code   RO         2866    i.BspGetData        bspdatarecord.o
    0x08004764   0x08004764   0x0000001c   Code   RO         2843    i.BspInit           bsp.o
    0x08004780   0x08004780   0x00000078   Code   RO         2955    i.BspIntFlashErasePages  bspintflash.o
    0x080047f8   0x080047f8   0x00000026   Code   RO         2956    i.BspIntFlashRead   bspintflash.o
    0x0800481e   0x0800481e   0x0000004e   Code   RO         2958    i.BspIntFlashWrite  bspintflash.o
    0x0800486c   0x0800486c   0x00000020   Code   RO         2993    i.BspLedEvent       bspled.o
    0x0800488c   0x0800488c   0x0000002c   Code   RO         2994    i.BspLedFlashSet    bspled.o
    0x080048b8   0x080048b8   0x00000060   Code   RO         2995    i.BspLedInit        bspled.o
    0x08004918   0x08004918   0x0000001c   Code   RO         3124    i.BspLoraChSet      bsplora.o
    0x08004934   0x08004934   0x00000020   Code   RO         3126    i.BspLoraHwReset    bsplora.o
    0x08004954   0x08004954   0x00000068   Code   RO         3127    i.BspLoraInit       bsplora.o
    0x080049bc   0x080049bc   0x00000024   Code   RO         3128    i.BspLoraSendPacket  bsplora.o
    0x080049e0   0x080049e0   0x00000074   Code   RO         3185    i.BspPcInit         bsppc.o
    0x08004a54   0x08004a54   0x0000001c   Code   RO         3186    i.BspPcUartSendPacket  bsppc.o
    0x08004a70   0x08004a70   0x000000c0   Code   RO         2868    i.BspSaveData       bspdatarecord.o
    0x08004b30   0x08004b30   0x000000b8   Code   RO         2869    i.BspSaveDataV2     bspdatarecord.o
    0x08004be8   0x08004be8   0x00000028   Code   RO         3242    i.BspSimPwmCall     bspsimpwm.o
    0x08004c10   0x08004c10   0x00000016   Code   RO         3243    i.BspSimPwmParaReset  bspsimpwm.o
    0x08004c26   0x08004c26   0x00000088   Code   RO         3244    i.BspSimPwmRunEvent  bspsimpwm.o
    0x08004cae   0x08004cae   0x00000002   PAD
    0x08004cb0   0x08004cb0   0x000000b8   Code   RO         3337    i.BspWifiInit       bspwifi.o
    0x08004d68   0x08004d68   0x0000001c   Code   RO         3338    i.BspWifiUartSendPacket  bspwifi.o
    0x08004d84   0x08004d84   0x000000e8   Code   RO         3460    i.CommLoraProRecDatDecode  commlorapro.o
    0x08004e6c   0x08004e6c   0x00000094   Code   RO         3369    i.CommLoraReSendEvent  commlora.o
    0x08004f00   0x08004f00   0x00000110   Code   RO         3370    i.CommLoraRecDatHandler  commlora.o
    0x08005010   0x08005010   0x00000038   Code   RO         3371    i.CommLoraSendPro   commlora.o
    0x08005048   0x08005048   0x00000044   Code   RO         3372    i.CommLoraSendUpdata  commlora.o
    0x0800508c   0x0800508c   0x000000a0   Code   RO         3522    i.CommPcReSendEvent  commpcserver.o
    0x0800512c   0x0800512c   0x0000036c   Code   RO         3523    i.CommPcRecDatHandler  commpcserver.o
    0x08005498   0x08005498   0x000000a0   Code   RO         3524    i.CommServerReSendEvent  commpcserver.o
    0x08005538   0x08005538   0x00000404   Code   RO         3525    i.CommServerRecDatHandler  commpcserver.o
    0x0800593c   0x0800593c   0x0000000c   Code   RO          417    i.EXTI4_15_IRQHandler  stm32f0xx_it.o
    0x08005948   0x08005948   0x00000002   Code   RO          335    i.Error_Handler     main.o
    0x0800594a   0x0800594a   0x00000002   Code   RO         3376    i.ExitUpdateLable   commlora.o
    0x0800594c   0x0800594c   0x00000028   Code   RO         1867    i.FLASH_MassErase   stm32f0xx_hal_flash_ex.o
    0x08005974   0x08005974   0x0000002c   Code   RO         1876    i.FLASH_PageErase   stm32f0xx_hal_flash_ex.o
    0x080059a0   0x080059a0   0x00000020   Code   RO         1768    i.FLASH_Program_HalfWord  stm32f0xx_hal_flash.o
    0x080059c0   0x080059c0   0x00000048   Code   RO         1769    i.FLASH_SetErrorCode  stm32f0xx_hal_flash.o
    0x08005a08   0x08005a08   0x00000068   Code   RO         1770    i.FLASH_WaitForLastOperation  stm32f0xx_hal_flash.o
    0x08005a70   0x08005a70   0x00000014   Code   RO         3572    i.GetChByAddr       decodedatafrompcser.o
    0x08005a84   0x08005a84   0x0000002c   Code   RO          704    i.HAL_Delay         stm32f0xx_hal.o
    0x08005ab0   0x08005ab0   0x000000ac   Code   RO         1877    i.HAL_FLASHEx_Erase  stm32f0xx_hal_flash_ex.o
    0x08005b5c   0x08005b5c   0x00000014   Code   RO         1774    i.HAL_FLASH_Lock    stm32f0xx_hal_flash.o
    0x08005b70   0x08005b70   0x000000bc   Code   RO         1779    i.HAL_FLASH_Program  stm32f0xx_hal_flash.o
    0x08005c2c   0x08005c2c   0x00000034   Code   RO         1781    i.HAL_FLASH_Unlock  stm32f0xx_hal_flash.o
    0x08005c60   0x08005c60   0x0000001c   Code   RO          418    i.HAL_GPIO_EXTI_Callback  stm32f0xx_it.o
    0x08005c7c   0x08005c7c   0x00000020   Code   RO         1362    i.HAL_GPIO_EXTI_IRQHandler  stm32f0xx_hal_gpio.o
    0x08005c9c   0x08005c9c   0x000001f8   Code   RO         1363    i.HAL_GPIO_Init     stm32f0xx_hal_gpio.o
    0x08005e94   0x08005e94   0x0000000c   Code   RO         1367    i.HAL_GPIO_WritePin  stm32f0xx_hal_gpio.o
    0x08005ea0   0x08005ea0   0x0000000c   Code   RO          708    i.HAL_GetTick       stm32f0xx_hal.o
    0x08005eac   0x08005eac   0x00000018   Code   RO          714    i.HAL_IncTick       stm32f0xx_hal.o
    0x08005ec4   0x08005ec4   0x00000020   Code   RO          715    i.HAL_Init          stm32f0xx_hal.o
    0x08005ee4   0x08005ee4   0x00000054   Code   RO          716    i.HAL_InitTick      stm32f0xx_hal.o
    0x08005f38   0x08005f38   0x00000040   Code   RO          373    i.HAL_MspInit       stm32f0xx_hal_msp.o
    0x08005f78   0x08005f78   0x0000001c   Code   RO         1522    i.HAL_NVIC_EnableIRQ  stm32f0xx_hal_cortex.o
    0x08005f94   0x08005f94   0x00000012   Code   RO         1526    i.HAL_NVIC_SetPriority  stm32f0xx_hal_cortex.o
    0x08005fa6   0x08005fa6   0x00000002   PAD
    0x08005fa8   0x08005fa8   0x00000184   Code   RO          520    i.HAL_RCC_ClockConfig  stm32f0xx_hal_rcc.o
    0x0800612c   0x0800612c   0x0000000c   Code   RO          525    i.HAL_RCC_GetHCLKFreq  stm32f0xx_hal_rcc.o
    0x08006138   0x08006138   0x00000024   Code   RO          527    i.HAL_RCC_GetPCLK1Freq  stm32f0xx_hal_rcc.o
    0x0800615c   0x0800615c   0x00000108   Code   RO          528    i.HAL_RCC_GetSysClockFreq  stm32f0xx_hal_rcc.o
    0x08006264   0x08006264   0x0000063c   Code   RO          531    i.HAL_RCC_OscConfig  stm32f0xx_hal_rcc.o
    0x080068a0   0x080068a0   0x000000dc   Code   RO         2478    i.HAL_SPI_Init      stm32f0xx_hal_spi.o
    0x0800697c   0x0800697c   0x000000f8   Code   RO          375    i.HAL_SPI_MspInit   stm32f0xx_hal_msp.o
    0x08006a74   0x08006a74   0x000002f8   Code   RO         2487    i.HAL_SPI_TransmitReceive  stm32f0xx_hal_spi.o
    0x08006d6c   0x08006d6c   0x00000038   Code   RO         1530    i.HAL_SYSTICK_Config  stm32f0xx_hal_cortex.o
    0x08006da4   0x08006da4   0x0000007e   Code   RO         2065    i.HAL_UART_Init     stm32f0xx_hal_uart.o
    0x08006e22   0x08006e22   0x00000002   PAD
    0x08006e24   0x08006e24   0x000001cc   Code   RO          377    i.HAL_UART_MspInit  stm32f0xx_hal_msp.o
    0x08006ff0   0x08006ff0   0x00000100   Code   RO         2074    i.HAL_UART_Transmit  stm32f0xx_hal_uart.o
    0x080070f0   0x080070f0   0x00000002   Code   RO         3987    i.HalWriteRxTx      sx1276_hal.o
    0x080070f2   0x080070f2   0x00000002   PAD
    0x080070f4   0x080070f4   0x0000003c   Code   RO          419    i.HardFault_Handler  stm32f0xx_it.o
    0x08007130   0x08007130   0x00000002   Code   RO          420    i.NMI_Handler       stm32f0xx_it.o
    0x08007132   0x08007132   0x00000002   PAD
    0x08007134   0x08007134   0x00000064   Code   RO         4119    i.OnCadDone         sx1276_user.o
    0x08007198   0x08007198   0x00000084   Code   RO         4120    i.OnRxDone          sx1276_user.o
    0x0800721c   0x0800721c   0x0000002c   Code   RO         4121    i.OnRxError         sx1276_user.o
    0x08007248   0x08007248   0x00000030   Code   RO         4122    i.OnRxTimeout       sx1276_user.o
    0x08007278   0x08007278   0x00000012   Code   RO         4123    i.OnTxDone          sx1276_user.o
    0x0800728a   0x0800728a   0x00000002   PAD
    0x0800728c   0x0800728c   0x00000030   Code   RO         4124    i.OnTxTimeout       sx1276_user.o
    0x080072bc   0x080072bc   0x0000000c   Code   RO           12    i.OsBufIntoVar16    usros.o
    0x080072c8   0x080072c8   0x00000024   Code   RO           17    i.OsStrCmp          usros.o
    0x080072ec   0x080072ec   0x00000010   Code   RO           20    i.OsTimeBaseEvent   usros.o
    0x080072fc   0x080072fc   0x00000008   Code   RO           21    i.OsVar16IntoBuf    usros.o
    0x08007304   0x08007304   0x00000030   Code   RO         3573    i.PcSerUartSendPacket  decodedatafrompcser.o
    0x08007334   0x08007334   0x00000002   Code   RO          421    i.PendSV_Handler    stm32f0xx_it.o
    0x08007336   0x08007336   0x00000002   PAD
    0x08007338   0x08007338   0x000000b8   Code   RO         3748    i.RxChainCalibration  sx1276.o
    0x080073f0   0x080073f0   0x0000006a   Code   RO         2516    i.SPI_EndRxTxTransaction  stm32f0xx_hal_spi.o
    0x0800745a   0x0800745a   0x000000ae   Code   RO         2521    i.SPI_WaitFifoStateUntilTimeout  stm32f0xx_hal_spi.o
    0x08007508   0x08007508   0x000000a8   Code   RO         2522    i.SPI_WaitFlagStateUntilTimeout  stm32f0xx_hal_spi.o
    0x080075b0   0x080075b0   0x00000002   Code   RO          422    i.SVC_Handler       stm32f0xx_it.o
    0x080075b2   0x080075b2   0x0000000a   Code   RO         4214    i.SX1276AntSwDeInit  sx1276-board.o
    0x080075bc   0x080075bc   0x0000000a   Code   RO         4215    i.SX1276AntSwInit   sx1276-board.o
    0x080075c6   0x080075c6   0x00000002   PAD
    0x080075c8   0x080075c8   0x00000098   Code   RO         4125    i.SX1276AppInit     sx1276_user.o
    0x08007660   0x08007660   0x00000014   Code   RO         4217    i.SX1276GetPaSelect  sx1276-board.o
    0x08007674   0x08007674   0x00000074   Code   RO         3752    i.SX1276Init        sx1276.o
    0x080076e8   0x080076e8   0x00000200   Code   RO         3755    i.SX1276OnDio0Event  sx1276.o
    0x080078e8   0x080078e8   0x0000007c   Code   RO         3757    i.SX1276OnTimeoutEvent  sx1276.o
    0x08007964   0x08007964   0x00000014   Code   RO         3758    i.SX1276Read        sx1276.o
    0x08007978   0x08007978   0x00000032   Code   RO         3759    i.SX1276ReadBuffer  sx1276.o
    0x080079aa   0x080079aa   0x00000012   Code   RO         3760    i.SX1276ReadFifo    sx1276.o
    0x080079bc   0x080079bc   0x00000008   Code   RO         3762    i.SX1276Reset       sx1276.o
    0x080079c4   0x080079c4   0x000000d8   Code   RO         3763    i.SX1276Send        sx1276.o
    0x08007a9c   0x08007a9c   0x00000030   Code   RO         4218    i.SX1276SetAntSw    sx1276-board.o
    0x08007acc   0x08007acc   0x00000024   Code   RO         4219    i.SX1276SetAntSwLowPower  sx1276-board.o
    0x08007af0   0x08007af0   0x00000048   Code   RO         3764    i.SX1276SetFreq     sx1276.o
    0x08007b38   0x08007b38   0x00000016   Code   RO         3765    i.SX1276SetMaxPayloadLength  sx1276.o
    0x08007b4e   0x08007b4e   0x00000002   PAD
    0x08007b50   0x08007b50   0x00000098   Code   RO         3766    i.SX1276SetModem    sx1276.o
    0x08007be8   0x08007be8   0x00000034   Code   RO         3767    i.SX1276SetOpMode   sx1276.o
    0x08007c1c   0x08007c1c   0x0000002c   Code   RO         3768    i.SX1276SetPublicNetwork  sx1276.o
    0x08007c48   0x08007c48   0x0000002a   Code   RO         4220    i.SX1276SetReset    sx1276-board.o
    0x08007c72   0x08007c72   0x00000002   PAD
    0x08007c74   0x08007c74   0x000000d0   Code   RO         4221    i.SX1276SetRfTxPower  sx1276-board.o
    0x08007d44   0x08007d44   0x000001fc   Code   RO         3769    i.SX1276SetRx       sx1276.o
    0x08007f40   0x08007f40   0x000001dc   Code   RO         3770    i.SX1276SetRxConfig  sx1276.o
    0x0800811c   0x0800811c   0x00000020   Code   RO         3771    i.SX1276SetSleep    sx1276.o
    0x0800813c   0x0800813c   0x00000020   Code   RO         3772    i.SX1276SetStby     sx1276.o
    0x0800815c   0x0800815c   0x0000000e   Code   RO         3773    i.SX1276SetSyncWord  sx1276.o
    0x0800816a   0x0800816a   0x00000002   PAD
    0x0800816c   0x0800816c   0x00000074   Code   RO         3774    i.SX1276SetTx       sx1276.o
    0x080081e0   0x080081e0   0x0000017c   Code   RO         3775    i.SX1276SetTxConfig  sx1276.o
    0x0800835c   0x0800835c   0x00000034   Code   RO         3777    i.SX1276StartCad    sx1276.o
    0x08008390   0x08008390   0x00000084   Code   RO         3778    i.SX1276Task        sx1276.o
    0x08008414   0x08008414   0x00000010   Code   RO         3779    i.SX1276Write       sx1276.o
    0x08008424   0x08008424   0x00000032   Code   RO         3780    i.SX1276WriteBuffer  sx1276.o
    0x08008456   0x08008456   0x00000012   Code   RO         3781    i.SX1276WriteFifo   sx1276.o
    0x08008468   0x08008468   0x00000020   Code   RO         4379    i.SfTimerEvent      stimer.o
    0x08008488   0x08008488   0x00000020   Code   RO         3129    i.SpiInOut          bsplora.o
    0x080084a8   0x080084a8   0x00000014   Code   RO         4222    i.SpiSetNss         sx1276-board.o
    0x080084bc   0x080084bc   0x0000000c   Code   RO         4223    i.SpiTransfer       sx1276-board.o
    0x080084c8   0x080084c8   0x0000000c   Code   RO          423    i.SysTick_Handler   stm32f0xx_it.o
    0x080084d4   0x080084d4   0x0000005c   Code   RO          336    i.SystemClock_Config  main.o
    0x08008530   0x08008530   0x00000050   Code   RO           23    i.SystemDelay       usros.o
    0x08008580   0x08008580   0x00000002   Code   RO         2811    i.SystemInit        system_stm32f0xx.o
    0x08008582   0x08008582   0x00000010   Code   RO         4020    i.TimerChangePeriod  sx1276_timer.o
    0x08008592   0x08008592   0x00000002   PAD
    0x08008594   0x08008594   0x00000024   Code   RO         4021    i.TimerExists       sx1276_timer.o
    0x080085b8   0x080085b8   0x00000020   Code   RO         4022    i.TimerListChangPeriod  sx1276_timer.o
    0x080085d8   0x080085d8   0x00000028   Code   RO         4023    i.TimerListInit     sx1276_timer.o
    0x08008600   0x08008600   0x00000040   Code   RO         4024    i.TimerListInsert   sx1276_timer.o
    0x08008640   0x08008640   0x00000048   Code   RO         4025    i.TimerListLoop     sx1276_timer.o
    0x08008688   0x08008688   0x00000020   Code   RO         4026    i.TimerListTimerReset  sx1276_timer.o
    0x080086a8   0x080086a8   0x00000020   Code   RO         4027    i.TimerListTimerStart  sx1276_timer.o
    0x080086c8   0x080086c8   0x00000020   Code   RO         4028    i.TimerListTimerStop  sx1276_timer.o
    0x080086e8   0x080086e8   0x00000008   Code   RO         4029    i.TimerLoop         sx1276_timer.o
    0x080086f0   0x080086f0   0x00000050   Code   RO         4030    i.TimerRegister     sx1276_timer.o
    0x08008740   0x08008740   0x00000012   Code   RO         4032    i.TimerStart        sx1276_timer.o
    0x08008752   0x08008752   0x0000000c   Code   RO         4033    i.TimerStop         sx1276_timer.o
    0x0800875e   0x0800875e   0x000000f0   Code   RO         2079    i.UART_AdvFeatureConfig  stm32f0xx_hal_uart.o
    0x0800884e   0x0800884e   0x00000002   PAD
    0x08008850   0x08008850   0x00000070   Code   RO         2080    i.UART_CheckIdleState  stm32f0xx_hal_uart.o
    0x080088c0   0x080088c0   0x00000234   Code   RO         2096    i.UART_SetConfig    stm32f0xx_hal_uart.o
    0x08008af4   0x08008af4   0x000000bc   Code   RO         2099    i.UART_WaitOnFlagUntilTimeout  stm32f0xx_hal_uart.o
    0x08008bb0   0x08008bb0   0x0000005c   Code   RO          424    i.USART1_IRQHandler  stm32f0xx_it.o
    0x08008c0c   0x08008c0c   0x0000005c   Code   RO          425    i.USART2_IRQHandler  stm32f0xx_it.o
    0x08008c68   0x08008c68   0x00000020   Code   RO         4843    i.__0printf$8       mc_p.l(printf8.o)
    0x08008c88   0x08008c88   0x00000028   Code   RO         4845    i.__0sprintf$8      mc_p.l(printf8.o)
    0x08008cb0   0x08008cb0   0x0000002e   Code   RO         5009    i.__ARM_clz         mf_p.l(depilogue.o)
    0x08008cde   0x08008cde   0x00000030   Code   RO          606    i.__ARM_common_ll_muluu  stm32f0xx_hal_rcc.o
    0x08008d0e   0x08008d0e   0x0000001c   Code   RO         1513    i.__ARM_common_switch8  stm32f0xx_hal_dma.o
    0x08008d2a   0x08008d2a   0x00000002   PAD
    0x08008d2c   0x08008d2c   0x0000003c   Code   RO         3574    i.__AckAck          decodedatafrompcser.o
    0x08008d68   0x08008d68   0x00000012   Code   RO         3575    i.__AckClrLabLED    decodedatafrompcser.o
    0x08008d7a   0x08008d7a   0x00000012   Code   RO         3576    i.__AckCtrlLab      decodedatafrompcser.o
    0x08008d8c   0x08008d8c   0x00000012   Code   RO         3577    i.__AckCtrlLabDis   decodedatafrompcser.o
    0x08008d9e   0x08008d9e   0x0000003c   Code   RO         3578    i.__AckInqLableInfor  decodedatafrompcser.o
    0x08008dda   0x08008dda   0x00000002   PAD
    0x08008ddc   0x08008ddc   0x000000b0   Code   RO         3579    i.__AckInqNetInfor  decodedatafrompcser.o
    0x08008e8c   0x08008e8c   0x00000088   Code   RO         3580    i.__AckSetLabAddr   decodedatafrompcser.o
    0x08008f14   0x08008f14   0x000000c8   Code   RO         3581    i.__AckSetLablePara  decodedatafrompcser.o
    0x08008fdc   0x08008fdc   0x000000d4   Code   RO         3582    i.__AckSetNetPara   decodedatafrompcser.o
    0x080090b0   0x080090b0   0x000000cc   Code   RO         3583    i.__AckUpdataLable  decodedatafrompcser.o
    0x0800917c   0x0800917c   0x00000078   Code   RO         3584    i.__AckUpdateNet    decodedatafrompcser.o
    0x080091f4   0x080091f4   0x00000050   Code   RO         3377    i.__ClrLoraResend   commlora.o
    0x08009244   0x08009244   0x00000050   Code   RO         3585    i.__ClrSendToPcResend  decodedatafrompcser.o
    0x08009294   0x08009294   0x00000048   Code   RO         3587    i.__CrcCheck1021    decodedatafrompcser.o
    0x080092dc   0x080092dc   0x00000048   Code   RO         3588    i.__DecodeDataFromPcSer  decodedatafrompcser.o
    0x08009324   0x08009324   0x00000038   Code   RO         4446    i.__ESP12F_AutoConn_DISABLE  esp12f.o
    0x0800935c   0x0800935c   0x00000014   Code   RO         4447    i.__ESP12F_AutoConn_DISABLE_DelayForReady  esp12f.o
    0x08009370   0x08009370   0x0000004c   Code   RO         4448    i.__ESP12F_ExitUnvarnishSend  esp12f.o
    0x080093bc   0x080093bc   0x00000040   Code   RO         4449    i.__ESP12F_ExitUnvarnishSend_DelayForReady  esp12f.o
    0x080093fc   0x080093fc   0x00000034   Code   RO         4450    i.__ESP12F_Get_LinkStatus  esp12f.o
    0x08009430   0x08009430   0x00000048   Code   RO         4451    i.__ESP12F_Get_LinkStatus_DelayForReady  esp12f.o
    0x08009478   0x08009478   0x00000054   Code   RO         4452    i.__ESP12F_JoinAP   esp12f.o
    0x080094cc   0x080094cc   0x00000018   Code   RO         4453    i.__ESP12F_JoinAP_DelayForReady  esp12f.o
    0x080094e4   0x080094e4   0x00000070   Code   RO         4454    i.__ESP12F_Link_Server  esp12f.o
    0x08009554   0x08009554   0x00000024   Code   RO         4455    i.__ESP12F_Link_Server_DelayForReady  esp12f.o
    0x08009578   0x08009578   0x00000040   Code   RO         4456    i.__ESP12F_RESET_DelayForReady  esp12f.o
    0x080095b8   0x080095b8   0x0000004c   Code   RO         4457    i.__ESP12F_RESET_HIGH  esp12f.o
    0x08009604   0x08009604   0x00000020   Code   RO         4458    i.__ESP12F_RESET_LOW  esp12f.o
    0x08009624   0x08009624   0x00000034   Code   RO         4459    i.__ESP12F_SINGLE_ID_SET  esp12f.o
    0x08009658   0x08009658   0x00000014   Code   RO         4460    i.__ESP12F_SINGLE_ID_SET_DelayForReady  esp12f.o
    0x0800966c   0x0800966c   0x00000034   Code   RO         4461    i.__ESP12F_STA_Mode_SET  esp12f.o
    0x080096a0   0x080096a0   0x00000024   Code   RO         4462    i.__ESP12F_STA_Mode_SET_DelayForReady  esp12f.o
    0x080096c4   0x080096c4   0x00000034   Code   RO         4463    i.__ESP12F_UnvarnishSend  esp12f.o
    0x080096f8   0x080096f8   0x00000034   Code   RO         4464    i.__ESP12F_UnvarnishSendMode_SET  esp12f.o
    0x0800972c   0x0800972c   0x00000014   Code   RO         4465    i.__ESP12F_UnvarnishSendMode_SET_DelayForReady  esp12f.o
    0x08009740   0x08009740   0x00000014   Code   RO         4466    i.__ESP12F_UnvarnishSend_DelayForReady  esp12f.o
    0x08009754   0x08009754   0x00000028   Code   RO         2996    i.__LedLoraRxdGpioClkEn  bspled.o
    0x0800977c   0x0800977c   0x00000014   Code   RO         2997    i.__LedLoraRxdOutHigh  bspled.o
    0x08009790   0x08009790   0x00000014   Code   RO         2998    i.__LedLoraRxdOutLow  bspled.o
    0x080097a4   0x080097a4   0x00000028   Code   RO         2999    i.__LedLoraTxdGpioClkEn  bspled.o
    0x080097cc   0x080097cc   0x00000014   Code   RO         3000    i.__LedLoraTxdOutHigh  bspled.o
    0x080097e0   0x080097e0   0x00000014   Code   RO         3001    i.__LedLoraTxdOutLow  bspled.o
    0x080097f4   0x080097f4   0x00000028   Code   RO         3002    i.__LedPcRxdGpioClkEn  bspled.o
    0x0800981c   0x0800981c   0x00000014   Code   RO         3003    i.__LedPcRxdOutHigh  bspled.o
    0x08009830   0x08009830   0x00000014   Code   RO         3004    i.__LedPcRxdOutLow  bspled.o
    0x08009844   0x08009844   0x00000028   Code   RO         3005    i.__LedPcTxdGpioClkEn  bspled.o
    0x0800986c   0x0800986c   0x00000014   Code   RO         3006    i.__LedPcTxdOutHigh  bspled.o
    0x08009880   0x08009880   0x00000014   Code   RO         3007    i.__LedPcTxdOutLow  bspled.o
    0x08009894   0x08009894   0x0000004c   Code   RO         3008    i.__LedPortInit     bspled.o
    0x080098e0   0x080098e0   0x00000028   Code   RO         3009    i.__LedWifiRxdGpioClkEn  bspled.o
    0x08009908   0x08009908   0x00000014   Code   RO         3010    i.__LedWifiRxdOutHigh  bspled.o
    0x0800991c   0x0800991c   0x00000014   Code   RO         3011    i.__LedWifiRxdOutLow  bspled.o
    0x08009930   0x08009930   0x00000028   Code   RO         3012    i.__LedWifiTxdGpioClkEn  bspled.o
    0x08009958   0x08009958   0x00000014   Code   RO         3013    i.__LedWifiTxdOutHigh  bspled.o
    0x0800996c   0x0800996c   0x00000014   Code   RO         3014    i.__LedWifiTxdOutLow  bspled.o
    0x08009980   0x08009980   0x000000f4   Code   RO         3130    i.__LoraPortInit    bsplora.o
    0x08009a74   0x08009a74   0x00000012   Code   RO         3461    i.__LoraProAckClrLableLED  commlorapro.o
    0x08009a86   0x08009a86   0x00000002   PAD
    0x08009a88   0x08009a88   0x00000030   Code   RO         3462    i.__LoraProAckCmd   commlorapro.o
    0x08009ab8   0x08009ab8   0x00000012   Code   RO         3463    i.__LoraProAckCtrlLable  commlorapro.o
    0x08009aca   0x08009aca   0x00000002   PAD
    0x08009acc   0x08009acc   0x0000002c   Code   RO         3464    i.__LoraProAckInqLableInfor  commlorapro.o
    0x08009af8   0x08009af8   0x0000001c   Code   RO         3465    i.__LoraProAckRegAddr  commlorapro.o
    0x08009b14   0x08009b14   0x00000012   Code   RO         3466    i.__LoraProAckUpdate  commlorapro.o
    0x08009b26   0x08009b26   0x00000002   PAD
    0x08009b28   0x08009b28   0x00000048   Code   RO         3467    i.__LoraProCheckCode  commlorapro.o
    0x08009b70   0x08009b70   0x00000050   Code   RO         3468    i.__LoraProRecDatDecode  commlorapro.o
    0x08009bc0   0x08009bc0   0x0000003c   Code   RO         3378    i.__LoraResendErrHandler  commlora.o
    0x08009bfc   0x08009bfc   0x000000e8   Code   RO         3379    i.__LoraSendPacketRepeatWaitAck  commlora.o
    0x08009ce4   0x08009ce4   0x00000010   Code   RO         3380    i.__LoraSendProData  commlora.o
    0x08009cf4   0x08009cf4   0x00000078   Code   RO         1532    i.__NVIC_SetPriority  stm32f0xx_hal_cortex.o
    0x08009d6c   0x08009d6c   0x000000e0   Code   RO         3589    i.__PassOnCmdToLable  decodedatafrompcser.o
    0x08009e4c   0x08009e4c   0x00000058   Code   RO         3590    i.__PassOnCmdToPcSer  decodedatafrompcser.o
    0x08009ea4   0x08009ea4   0x00000002   Code   RO         3187    i.__PcPortInit      bsppc.o
    0x08009ea6   0x08009ea6   0x00000002   Code   RO         3526    i.__ResendPc_ErrHandler  commpcserver.o
    0x08009ea8   0x08009ea8   0x00000002   Code   RO         3527    i.__ResendServer_ErrHandler  commpcserver.o
    0x08009eaa   0x08009eaa   0x00000002   PAD
    0x08009eac   0x08009eac   0x00000040   Code   RO         3782    i.__SX1276OnTimeoutIrq  sx1276.o
    0x08009eec   0x08009eec   0x0000001c   Code   RO         3591    i.__SendAckStaToPcSer  decodedatafrompcser.o
    0x08009f08   0x08009f08   0x000000b8   Code   RO         3592    i.__SendAckToPcSer  decodedatafrompcser.o
    0x08009fc0   0x08009fc0   0x000000e8   Code   RO         3593    i.__SendToPcPacketRepeatWaitAck  decodedatafrompcser.o
    0x0800a0a8   0x0800a0a8   0x00000014   Code   RO         4380    i.__TimerRecCb      stimer.o
    0x0800a0bc   0x0800a0bc   0x00000012   Code   RO         3595    i.__ToPcSerReSendRegAddr  decodedatafrompcser.o
    0x0800a0ce   0x0800a0ce   0x00000002   PAD
    0x0800a0d0   0x0800a0d0   0x00000020   Code   RO         4467    i.__Wait_Branch_State  esp12f.o
    0x0800a0f0   0x0800a0f0   0x0000000e   Code   RO         5023    i.__scatterload_copy  mc_p.l(handlers.o)
    0x0800a0fe   0x0800a0fe   0x00000002   Code   RO         5024    i.__scatterload_null  mc_p.l(handlers.o)
    0x0800a100   0x0800a100   0x0000000e   Code   RO         5025    i.__scatterload_zeroinit  mc_p.l(handlers.o)
    0x0800a10e   0x0800a10e   0x00000002   PAD
    0x0800a110   0x0800a110   0x00000028   Code   RO         4301    i._getTaskNum       stask.o
    0x0800a138   0x0800a138   0x00000028   Code   RO         4381    i._getTimerTaskNum  stimer.o
    0x0800a160   0x0800a160   0x00000428   Code   RO         4850    i._printf_core      mc_p.l(printf8.o)
    0x0800a588   0x0800a588   0x00000020   Code   RO         4851    i._printf_post_padding  mc_p.l(printf8.o)
    0x0800a5a8   0x0800a5a8   0x0000002c   Code   RO         4852    i._printf_pre_padding  mc_p.l(printf8.o)
    0x0800a5d4   0x0800a5d4   0x0000000a   Code   RO         4854    i._sputc            mc_p.l(printf8.o)
    0x0800a5de   0x0800a5de   0x0000000a   Code   RO         4302    i._task_scan_radio_cb  stask.o
    0x0800a5e8   0x0800a5e8   0x00000018   Code   RO         4303    i._task_send_data_cb  stask.o
    0x0800a600   0x0800a600   0x0000000c   Code   RO         4304    i._task_soft_timer_cb  stask.o
    0x0800a60c   0x0800a60c   0x00000002   Code   RO         4382    i._timer_period_test_cb  stimer.o
    0x0800a60e   0x0800a60e   0x0000000a   Code   RO         4383    i._timer_sleep_cb   stimer.o
    0x0800a618   0x0800a618   0x0000000c   Code   RO         3988    i.delay             sx1276_hal.o
    0x0800a624   0x0800a624   0x000000cc   Code   RO         4468    i.esp12f_cmd_wait_ack  esp12f.o
    0x0800a6f0   0x0800a6f0   0x0000005c   Code   RO         4469    i.esp12f_config     esp12f.o
    0x0800a74c   0x0800a74c   0x00000024   Code   RO         4471    i.esp12f_send_string  esp12f.o
    0x0800a770   0x0800a770   0x0000001c   Code   RO         2927    i.fputc             bspdebug.o
    0x0800a78c   0x0800a78c   0x0000005c   Code   RO          337    i.main              main.o
    0x0800a7e8   0x0800a7e8   0x0000006c   Code   RO         4898    i.malloc            mc_p.l(malloc.o)
    0x0800a854   0x0800a854   0x0000000c   Code   RO         4354    i.spGetTickCount    stick.o
    0x0800a860   0x0800a860   0x00000064   Code   RO         4305    i.spTaskScheduler   stask.o
    0x0800a8c4   0x0800a8c4   0x00000028   Code   RO         4306    i.spTaskStart       stask.o
    0x0800a8ec   0x0800a8ec   0x00000018   Code   RO         4355    i.spTickCount       stick.o
    0x0800a904   0x0800a904   0x00000068   Code   RO         4384    i.spTimerStart      stimer.o
    0x0800a96c   0x0800a96c   0x000000dc   Code   RO         4386    i.spTimerTaskScheduler  stimer.o
    0x0800aa48   0x0800aa48   0x00000084   Code   RO         4387    i.spTimerTickerHandle  stimer.o
    0x0800aacc   0x0800aacc   0x00000017   Data   RO          338    .constdata          main.o
    0x0800aae3   0x0800aae3   0x00000018   Data   RO         2812    .constdata          system_stm32f0xx.o
    0x0800aafb   0x0800aafb   0x00000001   PAD
    0x0800aafc   0x0800aafc   0x00000048   Data   RO         3016    .constdata          bspled.o
    0x0800ab44   0x0800ab44   0x00000008   Data   RO         3382    .constdata          commlora.o
    0x0800ab4c   0x0800ab4c   0x00000030   Data   RO         3469    .constdata          commlorapro.o
    0x0800ab7c   0x0800ab7c   0x00000060   Data   RO         3597    .constdata          decodedatafrompcser.o
    0x0800abdc   0x0800abdc   0x000000e0   Data   RO         3785    .constdata          sx1276.o
    0x0800acbc   0x0800acbc   0x00000025   Data   RO         4472    .constdata          esp12f.o
    0x0800ace1   0x0800ace1   0x00000003   PAD
    0x0800ace4   0x0800ace4   0x00000020   Data   RO         5021    Region$$Table       anon$$obj.o


    Execution Region RW_IRAM1 (Exec base: 0x20000100, Load base: 0x0800ad04, Size: 0x00002d90, Max: 0x00003e00, ABSOLUTE, COMPRESSED[0x000000b4])

    Exec Addr    Load Addr    Size         Type   Attr      Idx    E Section Name        Object

    0x20000100   COMPRESSED   0x00000002   Data   RW           25    .data               usros.o
    0x20000102   COMPRESSED   0x00000002   PAD
    0x20000104   COMPRESSED   0x00000009   Data   RW          722    .data               stm32f0xx_hal.o
    0x2000010d   COMPRESSED   0x00000003   PAD
    0x20000110   COMPRESSED   0x00000004   Data   RW         2813    .data               system_stm32f0xx.o
    0x20000114   COMPRESSED   0x00000008   Data   RW         2871    .data               bspdatarecord.o
    0x2000011c   COMPRESSED   0x00000030   Data   RW         3017    .data               bspled.o
    0x2000014c   COMPRESSED   0x00000008   Data   RW         3383    .data               commlora.o
    0x20000154   COMPRESSED   0x0000001e   Data   RW         3529    .data               commpcserver.o
    0x20000172   COMPRESSED   0x00000004   Data   RW         3598    .data               decodedatafrompcser.o
    0x20000176   COMPRESSED   0x00000007   Data   RW         3786    .data               sx1276.o
    0x2000017d   COMPRESSED   0x00000003   PAD
    0x20000180   COMPRESSED   0x00000005   Data   RW         4034    .data               sx1276_timer.o
    0x20000185   COMPRESSED   0x00000001   Data   RW         4132    .data               sx1276_user.o
    0x20000186   COMPRESSED   0x00000001   Data   RW         4224    .data               sx1276-board.o
    0x20000187   COMPRESSED   0x00000001   PAD
    0x20000188   COMPRESSED   0x0000002c   Data   RW         4308    .data               stask.o
    0x200001b4   COMPRESSED   0x00000004   Data   RW         4356    .data               stick.o
    0x200001b8   COMPRESSED   0x00000050   Data   RW         4388    .data               stimer.o
    0x20000208   COMPRESSED   0x0000009a   Data   RW         4473    .data               esp12f.o
    0x200002a2   COMPRESSED   0x00000002   PAD
    0x200002a4   COMPRESSED   0x00000004   Data   RW         4990    .data               mc_p.l(stdout.o)
    0x200002a8   COMPRESSED   0x00000004   Data   RW         4995    .data               mc_p.l(mvars.o)
    0x200002ac   COMPRESSED   0x00000004   Data   RW         4996    .data               mc_p.l(mvars.o)
    0x200002b0        -       0x00000020   Zero   RW         1782    .bss                stm32f0xx_hal_flash.o
    0x200002d0        -       0x00000010   Zero   RW         2870    .bss                bspdatarecord.o
    0x200002e0        -       0x00000080   Zero   RW         2928    .bss                bspdebug.o
    0x20000360        -       0x00000090   Zero   RW         3015    .bss                bspled.o
    0x200003f0        -       0x00000166   Zero   RW         3131    .bss                bsplora.o
    0x20000556   COMPRESSED   0x00000002   PAD
    0x20000558        -       0x0000018a   Zero   RW         3188    .bss                bsppc.o
    0x200006e2   COMPRESSED   0x00000002   PAD
    0x200006e4        -       0x0000018a   Zero   RW         3339    .bss                bspwifi.o
    0x2000086e   COMPRESSED   0x00000002   PAD
    0x20000870        -       0x0000058c   Zero   RW         3381    .bss                commlora.o
    0x20000dfc        -       0x00000300   Zero   RW         3528    .bss                commpcserver.o
    0x200010fc        -       0x00000b18   Zero   RW         3596    .bss                decodedatafrompcser.o
    0x20001c14        -       0x00000178   Zero   RW         3784    .bss                sx1276.o
    0x20001d8c   COMPRESSED   0x00000004   PAD
    0x20001d90        -       0x00000100   Zero   RW            2    HEAP                startup_stm32f072xb.o
    0x20001e90        -       0x00001000   Zero   RW            1    STACK               startup_stm32f072xb.o


==============================================================================

Image component sizes


      Code (inc. data)   RO Data    RW Data    ZI Data      Debug   Object Name

        28          0          0          0          0        474   bsp.o
       776        104          0          8         16       4965   bspdatarecord.o
        96         14          0          0        128       1325   bspdebug.o
       236         44          0          0          0       2725   bspintflash.o
       728        118         72         48        144      12440   bspled.o
       476         52          0          0        358       6426   bsplora.o
       146         20          0          0        394       2120   bsppc.o
       198          0          0          0          0       2201   bspsimpwm.o
       212         26          0          0        394       1952   bspwifi.o
       934        200          8          8       1420       7475   commlora.o
       558         76         48          0          0       6806   commlorapro.o
      2228        464          0         30        768       4272   commpcserver.o
      2288        232         96          4       2840      21198   decodedatafrompcser.o
      1436        438         37        154          0      14822   esp12f.o
       186         20         23          0          0       2283   main.o
        28          8        192          0       4352        676   startup_stm32f072xb.o
       226         22          0         44          0       4337   stask.o
        36         12          0          4          0       1179   stick.o
       560         38          0         80          0       5428   stimer.o
       196         38          0          9          0       8869   stm32f0xx_hal.o
       222         26          0          0          0      10589   stm32f0xx_hal_cortex.o
        28          0          0          0          0         76   stm32f0xx_hal_dma.o
       468         52          0          0         32       4450   stm32f0xx_hal_flash.o
       256         30          0          0          0       2615   stm32f0xx_hal_flash_ex.o
       548         36          0          0          0       2987   stm32f0xx_hal_gpio.o
       772         38          0          0          0       2791   stm32f0xx_hal_msp.o
      2344        100          0          0          0       5553   stm32f0xx_hal_rcc.o
      1428          0          0          0          0       5649   stm32f0xx_hal_spi.o
      1486         42          0          0          0       6069   stm32f0xx_hal_uart.o
       302         42          0          0          0      12362   stm32f0xx_it.o
       406         12          0          1          0       5348   sx1276-board.o
      3480        346        224          7        376      20758   sx1276.o
        14          0          0          0          0       1015   sx1276_hal.o
       474         46          0          5          0       8097   sx1276_timer.o
       542        128          0          1          0       4825   sx1276_user.o
         2          0         24          4          0       1231   system_stm32f0xx.o
       152          8          0          2          0     468645   usros.o

    ----------------------------------------------------------------------
     24536       2832        760        420      11232     675033   Object Totals
         0          0         32          0          0          0   (incl. Generated)
        40          0          4         11         10          0   (incl. Padding)

    ----------------------------------------------------------------------

      Code (inc. data)   RO Data    RW Data    ZI Data      Debug   Library Member Name

        86          0          0          0          0          0   __dczerorl2.o
         0          0          0          0          0          0   entry.o
         0          0          0          0          0          0   entry10a.o
         0          0          0          0          0          0   entry11a.o
         8          4          0          0          0          0   entry2.o
         4          0          0          0          0          0   entry5.o
         0          0          0          0          0          0   entry7b.o
         0          0          0          0          0          0   entry8b.o
         8          4          0          0          0          0   entry9a.o
        30          0          0          0          0          0   handlers.o
        36          8          0          0          0         68   init.o
         0          0          0          0          0          0   iusefp.o
        32          0          0          0          0         68   llshl.o
        34          0          0          0          0         68   llushr.o
       108         16          0          0          0         76   malloc.o
        36          0          0          0          0         60   memcpya.o
        36          0          0          0          0        100   memseta.o
         0          0          0          8          0          0   mvars.o
      1222         56          0          0          0        468   printf8.o
         0          0          0          4          0          0   stdout.o
        14          0          0          0          0         60   strlen.o
        40          0          0          0          0         72   strstr.o
        44          0          0          0          0         72   uidiv.o
        96          0          0          0          0         84   uldiv.o
       240          6          0          0          0         84   ddiv.o
       236          0          0          0          0        216   depilogue.o
        60         10          0          0          0         68   dfixui.o
        28          4          0          0          0         68   dfltui.o
       208          6          0          0          0         88   dmul.o

    ----------------------------------------------------------------------
      2612        114          0         12          0       1720   Library Totals
         6          0          0          0          0          0   (incl. Padding)

    ----------------------------------------------------------------------

      Code (inc. data)   RO Data    RW Data    ZI Data      Debug   Library Name

      1834         88          0         12          0       1196   mc_p.l
       772         26          0          0          0        524   mf_p.l

    ----------------------------------------------------------------------
      2612        114          0         12          0       1720   Library Totals

    ----------------------------------------------------------------------

==============================================================================


      Code (inc. data)   RO Data    RW Data    ZI Data      Debug   

     27148       2946        760        432      11232     665273   Grand Totals
     27148       2946        760        180      11232     665273   ELF Image Totals (compressed)
     27148       2946        760        180          0          0   ROM Totals

==============================================================================

    Total RO  Size (Code + RO Data)                27908 (  27.25kB)
    Total RW  Size (RW Data + ZI Data)             11664 (  11.39kB)
    Total ROM Size (Code + RO Data + RW Data)      28088 (  27.43kB)

==============================================================================

