<!doctype html public "-//w3c//dtd html 4.0 transitional//en">
<html><head>
<title>Static Call Graph - [Net\Net.axf]</title></head>
<body><HR>
<H1>Static Call Graph for image Net\Net.axf</H1><HR>
<BR><P>#&#060CALLGRAPH&#062# ARM Linker, 5060750: Last Updated: Sun Apr 28 16:24:19 2024
<BR><P>
<H3>Maximum Stack Usage =       2216 bytes + Unknown(Cycles, Untraceable Function Pointers)</H3><H3>
Call chain for Maximum Stack Depth:</H3>
main &rArr; BspInit &rArr; BspDataRecordInit &rArr; BspSaveData &rArr; BspIntFlashWrite &rArr; HAL_FLASH_Program &rArr; FLASH_WaitForLastOperation
<P>
<H3>
Mutually Recursive functions
</H3> <LI><a href="#[3a]">ADC1_COMP_IRQHandler</a>&nbsp;&nbsp;&nbsp;&rArr;&nbsp;&nbsp;&nbsp;<a href="#[3a]">ADC1_COMP_IRQHandler</a><BR>
</UL>
<P>
<H3>
Function Pointers
</H3><UL>
 <LI><a href="#[3a]">ADC1_COMP_IRQHandler</a> from startup_stm32f072xb.o(.text) referenced from startup_stm32f072xb.o(RESET)
 <LI><a href="#[4c]">CEC_CAN_IRQHandler</a> from startup_stm32f072xb.o(.text) referenced from startup_stm32f072xb.o(RESET)
 <LI><a href="#[37]">DMA1_Channel1_IRQHandler</a> from startup_stm32f072xb.o(.text) referenced from startup_stm32f072xb.o(RESET)
 <LI><a href="#[38]">DMA1_Channel2_3_IRQHandler</a> from startup_stm32f072xb.o(.text) referenced from startup_stm32f072xb.o(RESET)
 <LI><a href="#[39]">DMA1_Channel4_5_6_7_IRQHandler</a> from startup_stm32f072xb.o(.text) referenced from startup_stm32f072xb.o(RESET)
 <LI><a href="#[33]">EXTI0_1_IRQHandler</a> from startup_stm32f072xb.o(.text) referenced from startup_stm32f072xb.o(RESET)
 <LI><a href="#[34]">EXTI2_3_IRQHandler</a> from startup_stm32f072xb.o(.text) referenced from startup_stm32f072xb.o(RESET)
 <LI><a href="#[35]">EXTI4_15_IRQHandler</a> from stm32f0xx_it.o(i.EXTI4_15_IRQHandler) referenced from startup_stm32f072xb.o(RESET)
 <LI><a href="#[31]">FLASH_IRQHandler</a> from startup_stm32f072xb.o(.text) referenced from startup_stm32f072xb.o(RESET)
 <LI><a href="#[2a]">HardFault_Handler</a> from stm32f0xx_it.o(i.HardFault_Handler) referenced from startup_stm32f072xb.o(RESET)
 <LI><a href="#[45]">I2C1_IRQHandler</a> from startup_stm32f072xb.o(.text) referenced from startup_stm32f072xb.o(RESET)
 <LI><a href="#[46]">I2C2_IRQHandler</a> from startup_stm32f072xb.o(.text) referenced from startup_stm32f072xb.o(RESET)
 <LI><a href="#[29]">NMI_Handler</a> from stm32f0xx_it.o(i.NMI_Handler) referenced from startup_stm32f072xb.o(RESET)
 <LI><a href="#[2f]">PVD_VDDIO2_IRQHandler</a> from startup_stm32f072xb.o(.text) referenced from startup_stm32f072xb.o(RESET)
 <LI><a href="#[2c]">PendSV_Handler</a> from stm32f0xx_it.o(i.PendSV_Handler) referenced from startup_stm32f072xb.o(RESET)
 <LI><a href="#[32]">RCC_CRS_IRQHandler</a> from startup_stm32f072xb.o(.text) referenced from startup_stm32f072xb.o(RESET)
 <LI><a href="#[30]">RTC_IRQHandler</a> from startup_stm32f072xb.o(.text) referenced from startup_stm32f072xb.o(RESET)
 <LI><a href="#[28]">Reset_Handler</a> from startup_stm32f072xb.o(.text) referenced from startup_stm32f072xb.o(RESET)
 <LI><a href="#[47]">SPI1_IRQHandler</a> from startup_stm32f072xb.o(.text) referenced from startup_stm32f072xb.o(RESET)
 <LI><a href="#[48]">SPI2_IRQHandler</a> from startup_stm32f072xb.o(.text) referenced from startup_stm32f072xb.o(RESET)
 <LI><a href="#[2b]">SVC_Handler</a> from stm32f0xx_it.o(i.SVC_Handler) referenced from startup_stm32f072xb.o(RESET)
 <LI><a href="#[2d]">SysTick_Handler</a> from stm32f0xx_it.o(i.SysTick_Handler) referenced from startup_stm32f072xb.o(RESET)
 <LI><a href="#[4f]">SystemInit</a> from system_stm32f0xx.o(i.SystemInit) referenced from startup_stm32f072xb.o(.text)
 <LI><a href="#[41]">TIM14_IRQHandler</a> from startup_stm32f072xb.o(.text) referenced from startup_stm32f072xb.o(RESET)
 <LI><a href="#[42]">TIM15_IRQHandler</a> from startup_stm32f072xb.o(.text) referenced from startup_stm32f072xb.o(RESET)
 <LI><a href="#[43]">TIM16_IRQHandler</a> from startup_stm32f072xb.o(.text) referenced from startup_stm32f072xb.o(RESET)
 <LI><a href="#[44]">TIM17_IRQHandler</a> from startup_stm32f072xb.o(.text) referenced from startup_stm32f072xb.o(RESET)
 <LI><a href="#[3b]">TIM1_BRK_UP_TRG_COM_IRQHandler</a> from startup_stm32f072xb.o(.text) referenced from startup_stm32f072xb.o(RESET)
 <LI><a href="#[3c]">TIM1_CC_IRQHandler</a> from startup_stm32f072xb.o(.text) referenced from startup_stm32f072xb.o(RESET)
 <LI><a href="#[3d]">TIM2_IRQHandler</a> from startup_stm32f072xb.o(.text) referenced from startup_stm32f072xb.o(RESET)
 <LI><a href="#[3e]">TIM3_IRQHandler</a> from startup_stm32f072xb.o(.text) referenced from startup_stm32f072xb.o(RESET)
 <LI><a href="#[3f]">TIM6_DAC_IRQHandler</a> from startup_stm32f072xb.o(.text) referenced from startup_stm32f072xb.o(RESET)
 <LI><a href="#[40]">TIM7_IRQHandler</a> from startup_stm32f072xb.o(.text) referenced from startup_stm32f072xb.o(RESET)
 <LI><a href="#[36]">TSC_IRQHandler</a> from startup_stm32f072xb.o(.text) referenced from startup_stm32f072xb.o(RESET)
 <LI><a href="#[49]">USART1_IRQHandler</a> from stm32f0xx_it.o(i.USART1_IRQHandler) referenced from startup_stm32f072xb.o(RESET)
 <LI><a href="#[4a]">USART2_IRQHandler</a> from stm32f0xx_it.o(i.USART2_IRQHandler) referenced from startup_stm32f072xb.o(RESET)
 <LI><a href="#[4b]">USART3_4_IRQHandler</a> from startup_stm32f072xb.o(.text) referenced from startup_stm32f072xb.o(RESET)
 <LI><a href="#[4d]">USB_IRQHandler</a> from startup_stm32f072xb.o(.text) referenced from startup_stm32f072xb.o(RESET)
 <LI><a href="#[2e]">WWDG_IRQHandler</a> from startup_stm32f072xb.o(.text) referenced from startup_stm32f072xb.o(RESET)
 <LI><a href="#[6c]">__AckAck</a> from decodedatafrompcser.o(i.__AckAck) referenced from decodedatafrompcser.o(.constdata)
 <LI><a href="#[67]">__AckClrLabLED</a> from decodedatafrompcser.o(i.__AckClrLabLED) referenced from decodedatafrompcser.o(.constdata)
 <LI><a href="#[68]">__AckCtrlLab</a> from decodedatafrompcser.o(i.__AckCtrlLab) referenced from decodedatafrompcser.o(.constdata)
 <LI><a href="#[69]">__AckCtrlLabDis</a> from decodedatafrompcser.o(i.__AckCtrlLabDis) referenced from decodedatafrompcser.o(.constdata)
 <LI><a href="#[63]">__AckInqLableInfor</a> from decodedatafrompcser.o(i.__AckInqLableInfor) referenced from decodedatafrompcser.o(.constdata)
 <LI><a href="#[62]">__AckInqNetInfor</a> from decodedatafrompcser.o(i.__AckInqNetInfor) referenced from decodedatafrompcser.o(.constdata)
 <LI><a href="#[6b]">__AckSetLabAddr</a> from decodedatafrompcser.o(i.__AckSetLabAddr) referenced from decodedatafrompcser.o(.constdata)
 <LI><a href="#[65]">__AckSetLablePara</a> from decodedatafrompcser.o(i.__AckSetLablePara) referenced from decodedatafrompcser.o(.constdata)
 <LI><a href="#[64]">__AckSetNetPara</a> from decodedatafrompcser.o(i.__AckSetNetPara) referenced from decodedatafrompcser.o(.constdata)
 <LI><a href="#[6a]">__AckUpdataLable</a> from decodedatafrompcser.o(i.__AckUpdataLable) referenced from decodedatafrompcser.o(.constdata)
 <LI><a href="#[66]">__AckUpdateNet</a> from decodedatafrompcser.o(i.__AckUpdateNet) referenced from decodedatafrompcser.o(.constdata)
 <LI><a href="#[19]">__ESP12F_AutoConn_DISABLE</a> from esp12f.o(i.__ESP12F_AutoConn_DISABLE) referenced 2 times from esp12f.o(.data)
 <LI><a href="#[1a]">__ESP12F_AutoConn_DISABLE_DelayForReady</a> from esp12f.o(i.__ESP12F_AutoConn_DISABLE_DelayForReady) referenced 2 times from esp12f.o(.data)
 <LI><a href="#[24]">__ESP12F_ExitUnvarnishSend</a> from esp12f.o(i.__ESP12F_ExitUnvarnishSend) referenced 2 times from esp12f.o(.data)
 <LI><a href="#[25]">__ESP12F_ExitUnvarnishSend_DelayForReady</a> from esp12f.o(i.__ESP12F_ExitUnvarnishSend_DelayForReady) referenced 2 times from esp12f.o(.data)
 <LI><a href="#[26]">__ESP12F_Get_LinkStatus</a> from esp12f.o(i.__ESP12F_Get_LinkStatus) referenced 2 times from esp12f.o(.data)
 <LI><a href="#[27]">__ESP12F_Get_LinkStatus_DelayForReady</a> from esp12f.o(i.__ESP12F_Get_LinkStatus_DelayForReady) referenced 2 times from esp12f.o(.data)
 <LI><a href="#[17]">__ESP12F_JoinAP</a> from esp12f.o(i.__ESP12F_JoinAP) referenced 4 times from esp12f.o(.data)
 <LI><a href="#[18]">__ESP12F_JoinAP_DelayForReady</a> from esp12f.o(i.__ESP12F_JoinAP_DelayForReady) referenced 4 times from esp12f.o(.data)
 <LI><a href="#[1d]">__ESP12F_Link_Server</a> from esp12f.o(i.__ESP12F_Link_Server) referenced 4 times from esp12f.o(.data)
 <LI><a href="#[1e]">__ESP12F_Link_Server_DelayForReady</a> from esp12f.o(i.__ESP12F_Link_Server_DelayForReady) referenced 4 times from esp12f.o(.data)
 <LI><a href="#[14]">__ESP12F_RESET_DelayForReady</a> from esp12f.o(i.__ESP12F_RESET_DelayForReady) referenced 2 times from esp12f.o(.data)
 <LI><a href="#[13]">__ESP12F_RESET_HIGH</a> from esp12f.o(i.__ESP12F_RESET_HIGH) referenced 2 times from esp12f.o(.data)
 <LI><a href="#[12]">__ESP12F_RESET_LOW</a> from esp12f.o(i.__ESP12F_RESET_LOW) referenced 2 times from esp12f.o(.data)
 <LI><a href="#[1b]">__ESP12F_SINGLE_ID_SET</a> from esp12f.o(i.__ESP12F_SINGLE_ID_SET) referenced 2 times from esp12f.o(.data)
 <LI><a href="#[1c]">__ESP12F_SINGLE_ID_SET_DelayForReady</a> from esp12f.o(i.__ESP12F_SINGLE_ID_SET_DelayForReady) referenced 2 times from esp12f.o(.data)
 <LI><a href="#[15]">__ESP12F_STA_Mode_SET</a> from esp12f.o(i.__ESP12F_STA_Mode_SET) referenced 2 times from esp12f.o(.data)
 <LI><a href="#[16]">__ESP12F_STA_Mode_SET_DelayForReady</a> from esp12f.o(i.__ESP12F_STA_Mode_SET_DelayForReady) referenced 2 times from esp12f.o(.data)
 <LI><a href="#[21]">__ESP12F_UnvarnishSend</a> from esp12f.o(i.__ESP12F_UnvarnishSend) referenced 4 times from esp12f.o(.data)
 <LI><a href="#[1f]">__ESP12F_UnvarnishSendMode_SET</a> from esp12f.o(i.__ESP12F_UnvarnishSendMode_SET) referenced 4 times from esp12f.o(.data)
 <LI><a href="#[20]">__ESP12F_UnvarnishSendMode_SET_DelayForReady</a> from esp12f.o(i.__ESP12F_UnvarnishSendMode_SET_DelayForReady) referenced 4 times from esp12f.o(.data)
 <LI><a href="#[22]">__ESP12F_UnvarnishSend_DelayForReady</a> from esp12f.o(i.__ESP12F_UnvarnishSend_DelayForReady) referenced 4 times from esp12f.o(.data)
 <LI><a href="#[57]">__LedLoraRxdGpioClkEn</a> from bspled.o(i.__LedLoraRxdGpioClkEn) referenced from bspled.o(.constdata)
 <LI><a href="#[9]">__LedLoraRxdOutHigh</a> from bspled.o(i.__LedLoraRxdOutHigh) referenced 2 times from bspled.o(.data)
 <LI><a href="#[3]">__LedLoraRxdOutLow</a> from bspled.o(i.__LedLoraRxdOutLow) referenced 2 times from bspled.o(.data)
 <LI><a href="#[56]">__LedLoraTxdGpioClkEn</a> from bspled.o(i.__LedLoraTxdGpioClkEn) referenced from bspled.o(.constdata)
 <LI><a href="#[8]">__LedLoraTxdOutHigh</a> from bspled.o(i.__LedLoraTxdOutHigh) referenced 2 times from bspled.o(.data)
 <LI><a href="#[2]">__LedLoraTxdOutLow</a> from bspled.o(i.__LedLoraTxdOutLow) referenced 2 times from bspled.o(.data)
 <LI><a href="#[55]">__LedPcRxdGpioClkEn</a> from bspled.o(i.__LedPcRxdGpioClkEn) referenced from bspled.o(.constdata)
 <LI><a href="#[7]">__LedPcRxdOutHigh</a> from bspled.o(i.__LedPcRxdOutHigh) referenced 2 times from bspled.o(.data)
 <LI><a href="#[1]">__LedPcRxdOutLow</a> from bspled.o(i.__LedPcRxdOutLow) referenced 2 times from bspled.o(.data)
 <LI><a href="#[54]">__LedPcTxdGpioClkEn</a> from bspled.o(i.__LedPcTxdGpioClkEn) referenced from bspled.o(.constdata)
 <LI><a href="#[6]">__LedPcTxdOutHigh</a> from bspled.o(i.__LedPcTxdOutHigh) referenced 2 times from bspled.o(.data)
 <LI><a href="#[0]">__LedPcTxdOutLow</a> from bspled.o(i.__LedPcTxdOutLow) referenced 2 times from bspled.o(.data)
 <LI><a href="#[59]">__LedWifiRxdGpioClkEn</a> from bspled.o(i.__LedWifiRxdGpioClkEn) referenced from bspled.o(.constdata)
 <LI><a href="#[b]">__LedWifiRxdOutHigh</a> from bspled.o(i.__LedWifiRxdOutHigh) referenced 2 times from bspled.o(.data)
 <LI><a href="#[5]">__LedWifiRxdOutLow</a> from bspled.o(i.__LedWifiRxdOutLow) referenced 2 times from bspled.o(.data)
 <LI><a href="#[58]">__LedWifiTxdGpioClkEn</a> from bspled.o(i.__LedWifiTxdGpioClkEn) referenced from bspled.o(.constdata)
 <LI><a href="#[a]">__LedWifiTxdOutHigh</a> from bspled.o(i.__LedWifiTxdOutHigh) referenced 2 times from bspled.o(.data)
 <LI><a href="#[4]">__LedWifiTxdOutLow</a> from bspled.o(i.__LedWifiTxdOutLow) referenced 2 times from bspled.o(.data)
 <LI><a href="#[5d]">__LoraProAckClrLableLED</a> from commlorapro.o(i.__LoraProAckClrLableLED) referenced from commlorapro.o(.constdata)
 <LI><a href="#[60]">__LoraProAckCmd</a> from commlorapro.o(i.__LoraProAckCmd) referenced from commlorapro.o(.constdata)
 <LI><a href="#[5c]">__LoraProAckCtrlLable</a> from commlorapro.o(i.__LoraProAckCtrlLable) referenced from commlorapro.o(.constdata)
 <LI><a href="#[5b]">__LoraProAckInqLableInfor</a> from commlorapro.o(i.__LoraProAckInqLableInfor) referenced from commlorapro.o(.constdata)
 <LI><a href="#[5f]">__LoraProAckRegAddr</a> from commlorapro.o(i.__LoraProAckRegAddr) referenced from commlorapro.o(.constdata)
 <LI><a href="#[5e]">__LoraProAckUpdate</a> from commlorapro.o(i.__LoraProAckUpdate) referenced from commlorapro.o(.constdata)
 <LI><a href="#[5a]">__LoraSendProData</a> from commlora.o(i.__LoraSendProData) referenced from commlora.o(.constdata)
 <LI><a href="#[51]">__SX1276OnTimeoutIrq</a> from sx1276.o(i.__SX1276OnTimeoutIrq) referenced from sx1276.o(i.SX1276Init)
 <LI><a href="#[11]">__TimerRecCb</a> from stimer.o(i.__TimerRecCb) referenced 2 times from stimer.o(.data)
 <LI><a href="#[61]">__ToPcSerReSendRegAddr</a> from decodedatafrompcser.o(i.__ToPcSerReSendRegAddr) referenced from decodedatafrompcser.o(.constdata)
 <LI><a href="#[23]">__Wait_Branch_State</a> from esp12f.o(i.__Wait_Branch_State) referenced 4 times from esp12f.o(.data)
 <LI><a href="#[50]">__main</a> from entry.o(.ARM.Collect$$$$00000000) referenced from startup_stm32f072xb.o(.text)
 <LI><a href="#[53]">_sputc</a> from printf8.o(i._sputc) referenced from printf8.o(i.__0sprintf$8)
 <LI><a href="#[d]">_task_scan_radio_cb</a> from stask.o(i._task_scan_radio_cb) referenced 2 times from stask.o(.data)
 <LI><a href="#[e]">_task_send_data_cb</a> from stask.o(i._task_send_data_cb) referenced 2 times from stask.o(.data)
 <LI><a href="#[c]">_task_soft_timer_cb</a> from stask.o(i._task_soft_timer_cb) referenced 2 times from stask.o(.data)
 <LI><a href="#[f]">_timer_period_test_cb</a> from stimer.o(i._timer_period_test_cb) referenced 2 times from stimer.o(.data)
 <LI><a href="#[10]">_timer_sleep_cb</a> from stimer.o(i._timer_sleep_cb) referenced 2 times from stimer.o(.data)
 <LI><a href="#[52]">fputc</a> from bspdebug.o(i.fputc) referenced from printf8.o(i.__0printf$8)
 <LI><a href="#[4e]">main</a> from main.o(i.main) referenced from entry9a.o(.ARM.Collect$$$$0000000B)
</UL>
<P>
<H3>
Global Symbols
</H3>
<P><STRONG><a name="[50]"></a>__main</STRONG> (Thumb, 0 bytes, Stack size unknown bytes, entry.o(.ARM.Collect$$$$00000000))
<BR>[Address Reference Count : 1]<UL><LI> startup_stm32f072xb.o(.text)
</UL>
<P><STRONG><a name="[13a]"></a>_main_stk</STRONG> (Thumb, 0 bytes, Stack size unknown bytes, entry2.o(.ARM.Collect$$$$00000001))

<P><STRONG><a name="[6d]"></a>_main_scatterload</STRONG> (Thumb, 0 bytes, Stack size unknown bytes, entry5.o(.ARM.Collect$$$$00000004))
<BR><BR>[Calls]<UL><LI><a href="#[6e]">&gt;&gt;</a>&nbsp;&nbsp;&nbsp;__scatterload
</UL>

<P><STRONG><a name="[7c]"></a>__main_after_scatterload</STRONG> (Thumb, 0 bytes, Stack size unknown bytes, entry5.o(.ARM.Collect$$$$00000004))
<BR><BR>[Called By]<UL><LI><a href="#[6e]">&gt;&gt;</a>&nbsp;&nbsp;&nbsp;__scatterload
</UL>

<P><STRONG><a name="[13b]"></a>_main_clock</STRONG> (Thumb, 0 bytes, Stack size unknown bytes, entry7b.o(.ARM.Collect$$$$00000008))

<P><STRONG><a name="[13c]"></a>_main_cpp_init</STRONG> (Thumb, 0 bytes, Stack size unknown bytes, entry8b.o(.ARM.Collect$$$$0000000A))

<P><STRONG><a name="[13d]"></a>_main_init</STRONG> (Thumb, 0 bytes, Stack size unknown bytes, entry9a.o(.ARM.Collect$$$$0000000B))

<P><STRONG><a name="[13e]"></a>__rt_final_cpp</STRONG> (Thumb, 0 bytes, Stack size unknown bytes, entry10a.o(.ARM.Collect$$$$0000000D))

<P><STRONG><a name="[13f]"></a>__rt_final_exit</STRONG> (Thumb, 0 bytes, Stack size unknown bytes, entry11a.o(.ARM.Collect$$$$0000000F))

<P><STRONG><a name="[28]"></a>Reset_Handler</STRONG> (Thumb, 8 bytes, Stack size 0 bytes, startup_stm32f072xb.o(.text))
<BR>[Address Reference Count : 1]<UL><LI> startup_stm32f072xb.o(RESET)
</UL>
<P><STRONG><a name="[3a]"></a>ADC1_COMP_IRQHandler</STRONG> (Thumb, 0 bytes, Stack size 0 bytes, startup_stm32f072xb.o(.text))
<BR><BR>[Calls]<UL><LI><a href="#[3a]">&gt;&gt;</a>&nbsp;&nbsp;&nbsp;ADC1_COMP_IRQHandler
</UL>
<BR>[Called By]<UL><LI><a href="#[3a]">&gt;&gt;</a>&nbsp;&nbsp;&nbsp;ADC1_COMP_IRQHandler
</UL>
<BR>[Address Reference Count : 1]<UL><LI> startup_stm32f072xb.o(RESET)
</UL>
<P><STRONG><a name="[4c]"></a>CEC_CAN_IRQHandler</STRONG> (Thumb, 0 bytes, Stack size 0 bytes, startup_stm32f072xb.o(.text))
<BR>[Address Reference Count : 1]<UL><LI> startup_stm32f072xb.o(RESET)
</UL>
<P><STRONG><a name="[37]"></a>DMA1_Channel1_IRQHandler</STRONG> (Thumb, 0 bytes, Stack size 0 bytes, startup_stm32f072xb.o(.text))
<BR>[Address Reference Count : 1]<UL><LI> startup_stm32f072xb.o(RESET)
</UL>
<P><STRONG><a name="[38]"></a>DMA1_Channel2_3_IRQHandler</STRONG> (Thumb, 0 bytes, Stack size 0 bytes, startup_stm32f072xb.o(.text))
<BR>[Address Reference Count : 1]<UL><LI> startup_stm32f072xb.o(RESET)
</UL>
<P><STRONG><a name="[39]"></a>DMA1_Channel4_5_6_7_IRQHandler</STRONG> (Thumb, 0 bytes, Stack size 0 bytes, startup_stm32f072xb.o(.text))
<BR>[Address Reference Count : 1]<UL><LI> startup_stm32f072xb.o(RESET)
</UL>
<P><STRONG><a name="[33]"></a>EXTI0_1_IRQHandler</STRONG> (Thumb, 0 bytes, Stack size 0 bytes, startup_stm32f072xb.o(.text))
<BR>[Address Reference Count : 1]<UL><LI> startup_stm32f072xb.o(RESET)
</UL>
<P><STRONG><a name="[34]"></a>EXTI2_3_IRQHandler</STRONG> (Thumb, 0 bytes, Stack size 0 bytes, startup_stm32f072xb.o(.text))
<BR>[Address Reference Count : 1]<UL><LI> startup_stm32f072xb.o(RESET)
</UL>
<P><STRONG><a name="[31]"></a>FLASH_IRQHandler</STRONG> (Thumb, 0 bytes, Stack size 0 bytes, startup_stm32f072xb.o(.text))
<BR>[Address Reference Count : 1]<UL><LI> startup_stm32f072xb.o(RESET)
</UL>
<P><STRONG><a name="[45]"></a>I2C1_IRQHandler</STRONG> (Thumb, 0 bytes, Stack size 0 bytes, startup_stm32f072xb.o(.text))
<BR>[Address Reference Count : 1]<UL><LI> startup_stm32f072xb.o(RESET)
</UL>
<P><STRONG><a name="[46]"></a>I2C2_IRQHandler</STRONG> (Thumb, 0 bytes, Stack size 0 bytes, startup_stm32f072xb.o(.text))
<BR>[Address Reference Count : 1]<UL><LI> startup_stm32f072xb.o(RESET)
</UL>
<P><STRONG><a name="[2f]"></a>PVD_VDDIO2_IRQHandler</STRONG> (Thumb, 0 bytes, Stack size 0 bytes, startup_stm32f072xb.o(.text))
<BR>[Address Reference Count : 1]<UL><LI> startup_stm32f072xb.o(RESET)
</UL>
<P><STRONG><a name="[32]"></a>RCC_CRS_IRQHandler</STRONG> (Thumb, 0 bytes, Stack size 0 bytes, startup_stm32f072xb.o(.text))
<BR>[Address Reference Count : 1]<UL><LI> startup_stm32f072xb.o(RESET)
</UL>
<P><STRONG><a name="[30]"></a>RTC_IRQHandler</STRONG> (Thumb, 0 bytes, Stack size 0 bytes, startup_stm32f072xb.o(.text))
<BR>[Address Reference Count : 1]<UL><LI> startup_stm32f072xb.o(RESET)
</UL>
<P><STRONG><a name="[47]"></a>SPI1_IRQHandler</STRONG> (Thumb, 0 bytes, Stack size 0 bytes, startup_stm32f072xb.o(.text))
<BR>[Address Reference Count : 1]<UL><LI> startup_stm32f072xb.o(RESET)
</UL>
<P><STRONG><a name="[48]"></a>SPI2_IRQHandler</STRONG> (Thumb, 0 bytes, Stack size 0 bytes, startup_stm32f072xb.o(.text))
<BR>[Address Reference Count : 1]<UL><LI> startup_stm32f072xb.o(RESET)
</UL>
<P><STRONG><a name="[41]"></a>TIM14_IRQHandler</STRONG> (Thumb, 0 bytes, Stack size 0 bytes, startup_stm32f072xb.o(.text))
<BR>[Address Reference Count : 1]<UL><LI> startup_stm32f072xb.o(RESET)
</UL>
<P><STRONG><a name="[42]"></a>TIM15_IRQHandler</STRONG> (Thumb, 0 bytes, Stack size 0 bytes, startup_stm32f072xb.o(.text))
<BR>[Address Reference Count : 1]<UL><LI> startup_stm32f072xb.o(RESET)
</UL>
<P><STRONG><a name="[43]"></a>TIM16_IRQHandler</STRONG> (Thumb, 0 bytes, Stack size 0 bytes, startup_stm32f072xb.o(.text))
<BR>[Address Reference Count : 1]<UL><LI> startup_stm32f072xb.o(RESET)
</UL>
<P><STRONG><a name="[44]"></a>TIM17_IRQHandler</STRONG> (Thumb, 0 bytes, Stack size 0 bytes, startup_stm32f072xb.o(.text))
<BR>[Address Reference Count : 1]<UL><LI> startup_stm32f072xb.o(RESET)
</UL>
<P><STRONG><a name="[3b]"></a>TIM1_BRK_UP_TRG_COM_IRQHandler</STRONG> (Thumb, 0 bytes, Stack size 0 bytes, startup_stm32f072xb.o(.text))
<BR>[Address Reference Count : 1]<UL><LI> startup_stm32f072xb.o(RESET)
</UL>
<P><STRONG><a name="[3c]"></a>TIM1_CC_IRQHandler</STRONG> (Thumb, 0 bytes, Stack size 0 bytes, startup_stm32f072xb.o(.text))
<BR>[Address Reference Count : 1]<UL><LI> startup_stm32f072xb.o(RESET)
</UL>
<P><STRONG><a name="[3d]"></a>TIM2_IRQHandler</STRONG> (Thumb, 0 bytes, Stack size 0 bytes, startup_stm32f072xb.o(.text))
<BR>[Address Reference Count : 1]<UL><LI> startup_stm32f072xb.o(RESET)
</UL>
<P><STRONG><a name="[3e]"></a>TIM3_IRQHandler</STRONG> (Thumb, 0 bytes, Stack size 0 bytes, startup_stm32f072xb.o(.text))
<BR>[Address Reference Count : 1]<UL><LI> startup_stm32f072xb.o(RESET)
</UL>
<P><STRONG><a name="[3f]"></a>TIM6_DAC_IRQHandler</STRONG> (Thumb, 0 bytes, Stack size 0 bytes, startup_stm32f072xb.o(.text))
<BR>[Address Reference Count : 1]<UL><LI> startup_stm32f072xb.o(RESET)
</UL>
<P><STRONG><a name="[40]"></a>TIM7_IRQHandler</STRONG> (Thumb, 0 bytes, Stack size 0 bytes, startup_stm32f072xb.o(.text))
<BR>[Address Reference Count : 1]<UL><LI> startup_stm32f072xb.o(RESET)
</UL>
<P><STRONG><a name="[36]"></a>TSC_IRQHandler</STRONG> (Thumb, 0 bytes, Stack size 0 bytes, startup_stm32f072xb.o(.text))
<BR>[Address Reference Count : 1]<UL><LI> startup_stm32f072xb.o(RESET)
</UL>
<P><STRONG><a name="[4b]"></a>USART3_4_IRQHandler</STRONG> (Thumb, 0 bytes, Stack size 0 bytes, startup_stm32f072xb.o(.text))
<BR>[Address Reference Count : 1]<UL><LI> startup_stm32f072xb.o(RESET)
</UL>
<P><STRONG><a name="[4d]"></a>USB_IRQHandler</STRONG> (Thumb, 0 bytes, Stack size 0 bytes, startup_stm32f072xb.o(.text))
<BR>[Address Reference Count : 1]<UL><LI> startup_stm32f072xb.o(RESET)
</UL>
<P><STRONG><a name="[2e]"></a>WWDG_IRQHandler</STRONG> (Thumb, 0 bytes, Stack size 0 bytes, startup_stm32f072xb.o(.text))
<BR>[Address Reference Count : 1]<UL><LI> startup_stm32f072xb.o(RESET)
</UL>
<P><STRONG><a name="[140]"></a>__aeabi_uidiv</STRONG> (Thumb, 0 bytes, Stack size 12 bytes, uidiv.o(.text), UNUSED)

<P><STRONG><a name="[aa]"></a>__aeabi_uidivmod</STRONG> (Thumb, 44 bytes, Stack size 12 bytes, uidiv.o(.text))
<BR><BR>[Stack]<UL><LI>Max Depth = 12<LI>Call Chain = __aeabi_uidivmod
</UL>
<BR>[Called By]<UL><LI><a href="#[cc]">&gt;&gt;</a>&nbsp;&nbsp;&nbsp;HAL_InitTick
<LI><a href="#[bd]">&gt;&gt;</a>&nbsp;&nbsp;&nbsp;CommServerReSendEvent
<LI><a href="#[b7]">&gt;&gt;</a>&nbsp;&nbsp;&nbsp;CommPcReSendEvent
<LI><a href="#[b0]">&gt;&gt;</a>&nbsp;&nbsp;&nbsp;CommLoraReSendEvent
<LI><a href="#[da]">&gt;&gt;</a>&nbsp;&nbsp;&nbsp;UART_SetConfig
<LI><a href="#[95]">&gt;&gt;</a>&nbsp;&nbsp;&nbsp;BspSimPwmRunEvent
</UL>

<P><STRONG><a name="[6f]"></a>__aeabi_uldivmod</STRONG> (Thumb, 96 bytes, Stack size 48 bytes, uldiv.o(.text))
<BR><BR>[Stack]<UL><LI>Max Depth = 56<LI>Call Chain = __aeabi_uldivmod &rArr; __aeabi_llsr
</UL>
<BR>[Calls]<UL><LI><a href="#[70]">&gt;&gt;</a>&nbsp;&nbsp;&nbsp;__aeabi_llsr
<LI><a href="#[71]">&gt;&gt;</a>&nbsp;&nbsp;&nbsp;__aeabi_llsl
</UL>
<BR>[Called By]<UL><LI><a href="#[d1]">&gt;&gt;</a>&nbsp;&nbsp;&nbsp;HAL_RCC_GetSysClockFreq
<LI><a href="#[122]">&gt;&gt;</a>&nbsp;&nbsp;&nbsp;_printf_core
</UL>

<P><STRONG><a name="[70]"></a>__aeabi_llsr</STRONG> (Thumb, 34 bytes, Stack size 8 bytes, llushr.o(.text))
<BR><BR>[Stack]<UL><LI>Max Depth = 8<LI>Call Chain = __aeabi_llsr
</UL>
<BR>[Called By]<UL><LI><a href="#[93]">&gt;&gt;</a>&nbsp;&nbsp;&nbsp;HAL_FLASH_Program
<LI><a href="#[7a]">&gt;&gt;</a>&nbsp;&nbsp;&nbsp;__aeabi_d2uiz
<LI><a href="#[6f]">&gt;&gt;</a>&nbsp;&nbsp;&nbsp;__aeabi_uldivmod
<LI><a href="#[76]">&gt;&gt;</a>&nbsp;&nbsp;&nbsp;_double_epilogue
</UL>

<P><STRONG><a name="[141]"></a>_ll_ushift_r</STRONG> (Thumb, 0 bytes, Stack size 8 bytes, llushr.o(.text), UNUSED)

<P><STRONG><a name="[88]"></a>__aeabi_memcpy</STRONG> (Thumb, 36 bytes, Stack size 0 bytes, memcpya.o(.text))
<BR><BR>[Called By]<UL><LI><a href="#[a1]">&gt;&gt;</a>&nbsp;&nbsp;&nbsp;BspLoraSendPacket
<LI><a href="#[a8]">&gt;&gt;</a>&nbsp;&nbsp;&nbsp;BspSaveDataV2
<LI><a href="#[7f]">&gt;&gt;</a>&nbsp;&nbsp;&nbsp;BspSaveData
<LI><a href="#[82]">&gt;&gt;</a>&nbsp;&nbsp;&nbsp;BspGetData
<LI><a href="#[130]">&gt;&gt;</a>&nbsp;&nbsp;&nbsp;__PassOnCmdToPcSer
<LI><a href="#[125]">&gt;&gt;</a>&nbsp;&nbsp;&nbsp;__PassOnCmdToLable
<LI><a href="#[64]">&gt;&gt;</a>&nbsp;&nbsp;&nbsp;__AckSetNetPara
<LI><a href="#[65]">&gt;&gt;</a>&nbsp;&nbsp;&nbsp;__AckSetLablePara
<LI><a href="#[6b]">&gt;&gt;</a>&nbsp;&nbsp;&nbsp;__AckSetLabAddr
<LI><a href="#[62]">&gt;&gt;</a>&nbsp;&nbsp;&nbsp;__AckInqNetInfor
<LI><a href="#[63]">&gt;&gt;</a>&nbsp;&nbsp;&nbsp;__AckInqLableInfor
<LI><a href="#[bb]">&gt;&gt;</a>&nbsp;&nbsp;&nbsp;__DecodeDataFromPcSer
<LI><a href="#[12f]">&gt;&gt;</a>&nbsp;&nbsp;&nbsp;__SendToPcPacketRepeatWaitAck
<LI><a href="#[127]">&gt;&gt;</a>&nbsp;&nbsp;&nbsp;__SendAckToPcSer
<LI><a href="#[af]">&gt;&gt;</a>&nbsp;&nbsp;&nbsp;__LoraProRecDatDecode
<LI><a href="#[b6]">&gt;&gt;</a>&nbsp;&nbsp;&nbsp;CommLoraSendUpdata
<LI><a href="#[b5]">&gt;&gt;</a>&nbsp;&nbsp;&nbsp;__LoraSendPacketRepeatWaitAck
</UL>

<P><STRONG><a name="[12b]"></a>__aeabi_memcpy4</STRONG> (Thumb, 0 bytes, Stack size 0 bytes, memcpya.o(.text))
<BR><BR>[Called By]<UL><LI><a href="#[124]">&gt;&gt;</a>&nbsp;&nbsp;&nbsp;__ClrSendToPcResend
<LI><a href="#[12a]">&gt;&gt;</a>&nbsp;&nbsp;&nbsp;__ClrLoraResend
</UL>

<P><STRONG><a name="[142]"></a>__aeabi_memcpy8</STRONG> (Thumb, 0 bytes, Stack size 0 bytes, memcpya.o(.text), UNUSED)

<P><STRONG><a name="[73]"></a>__aeabi_memset</STRONG> (Thumb, 14 bytes, Stack size 0 bytes, memseta.o(.text))
<BR><BR>[Called By]<UL><LI><a href="#[74]">&gt;&gt;</a>&nbsp;&nbsp;&nbsp;_memset$wrapper
<LI><a href="#[72]">&gt;&gt;</a>&nbsp;&nbsp;&nbsp;__aeabi_memclr
</UL>

<P><STRONG><a name="[143]"></a>__aeabi_memset4</STRONG> (Thumb, 0 bytes, Stack size 0 bytes, memseta.o(.text), UNUSED)

<P><STRONG><a name="[144]"></a>__aeabi_memset8</STRONG> (Thumb, 0 bytes, Stack size 0 bytes, memseta.o(.text), UNUSED)

<P><STRONG><a name="[72]"></a>__aeabi_memclr</STRONG> (Thumb, 4 bytes, Stack size 0 bytes, memseta.o(.text))
<BR><BR>[Calls]<UL><LI><a href="#[73]">&gt;&gt;</a>&nbsp;&nbsp;&nbsp;__aeabi_memset
</UL>
<BR>[Called By]<UL><LI><a href="#[bf]">&gt;&gt;</a>&nbsp;&nbsp;&nbsp;CommServerRecDatHandler
<LI><a href="#[b9]">&gt;&gt;</a>&nbsp;&nbsp;&nbsp;CommPcRecDatHandler
<LI><a href="#[1d]">&gt;&gt;</a>&nbsp;&nbsp;&nbsp;__ESP12F_Link_Server
</UL>

<P><STRONG><a name="[86]"></a>__aeabi_memclr4</STRONG> (Thumb, 0 bytes, Stack size 0 bytes, memseta.o(.text))
<BR><BR>[Called By]<UL><LI><a href="#[d9]">&gt;&gt;</a>&nbsp;&nbsp;&nbsp;HAL_UART_MspInit
<LI><a href="#[d6]">&gt;&gt;</a>&nbsp;&nbsp;&nbsp;HAL_SPI_MspInit
<LI><a href="#[df]">&gt;&gt;</a>&nbsp;&nbsp;&nbsp;SX1276SetRx
<LI><a href="#[bd]">&gt;&gt;</a>&nbsp;&nbsp;&nbsp;CommServerReSendEvent
<LI><a href="#[b7]">&gt;&gt;</a>&nbsp;&nbsp;&nbsp;CommPcReSendEvent
<LI><a href="#[117]">&gt;&gt;</a>&nbsp;&nbsp;&nbsp;SystemClock_Config
<LI><a href="#[9c]">&gt;&gt;</a>&nbsp;&nbsp;&nbsp;BspLoraHwReset
<LI><a href="#[9d]">&gt;&gt;</a>&nbsp;&nbsp;&nbsp;__LoraPortInit
<LI><a href="#[a8]">&gt;&gt;</a>&nbsp;&nbsp;&nbsp;BspSaveDataV2
<LI><a href="#[7f]">&gt;&gt;</a>&nbsp;&nbsp;&nbsp;BspSaveData
<LI><a href="#[82]">&gt;&gt;</a>&nbsp;&nbsp;&nbsp;BspGetData
<LI><a href="#[130]">&gt;&gt;</a>&nbsp;&nbsp;&nbsp;__PassOnCmdToPcSer
<LI><a href="#[125]">&gt;&gt;</a>&nbsp;&nbsp;&nbsp;__PassOnCmdToLable
<LI><a href="#[6b]">&gt;&gt;</a>&nbsp;&nbsp;&nbsp;__AckSetLabAddr
<LI><a href="#[62]">&gt;&gt;</a>&nbsp;&nbsp;&nbsp;__AckInqNetInfor
<LI><a href="#[127]">&gt;&gt;</a>&nbsp;&nbsp;&nbsp;__SendAckToPcSer
<LI><a href="#[b6]">&gt;&gt;</a>&nbsp;&nbsp;&nbsp;CommLoraSendUpdata
<LI><a href="#[b1]">&gt;&gt;</a>&nbsp;&nbsp;&nbsp;__LoraResendErrHandler
</UL>

<P><STRONG><a name="[145]"></a>__aeabi_memclr8</STRONG> (Thumb, 0 bytes, Stack size 0 bytes, memseta.o(.text), UNUSED)

<P><STRONG><a name="[74]"></a>_memset$wrapper</STRONG> (Thumb, 18 bytes, Stack size 8 bytes, memseta.o(.text), UNUSED)
<BR><BR>[Calls]<UL><LI><a href="#[73]">&gt;&gt;</a>&nbsp;&nbsp;&nbsp;__aeabi_memset
</UL>

<P><STRONG><a name="[c1]"></a>strstr</STRONG> (Thumb, 40 bytes, Stack size 12 bytes, strstr.o(.text))
<BR><BR>[Stack]<UL><LI>Max Depth = 12<LI>Call Chain = strstr
</UL>
<BR>[Called By]<UL><LI><a href="#[bf]">&gt;&gt;</a>&nbsp;&nbsp;&nbsp;CommServerRecDatHandler
<LI><a href="#[12d]">&gt;&gt;</a>&nbsp;&nbsp;&nbsp;esp12f_cmd_wait_ack
<LI><a href="#[27]">&gt;&gt;</a>&nbsp;&nbsp;&nbsp;__ESP12F_Get_LinkStatus_DelayForReady
</UL>

<P><STRONG><a name="[128]"></a>strlen</STRONG> (Thumb, 14 bytes, Stack size 0 bytes, strlen.o(.text))
<BR><BR>[Called By]<UL><LI><a href="#[62]">&gt;&gt;</a>&nbsp;&nbsp;&nbsp;__AckInqNetInfor
</UL>

<P><STRONG><a name="[75]"></a>__aeabi_dmul</STRONG> (Thumb, 202 bytes, Stack size 72 bytes, dmul.o(.text))
<BR><BR>[Stack]<UL><LI>Max Depth = 128<LI>Call Chain = __aeabi_dmul &rArr; _double_epilogue &rArr; __aeabi_llsr
</UL>
<BR>[Calls]<UL><LI><a href="#[76]">&gt;&gt;</a>&nbsp;&nbsp;&nbsp;_double_epilogue
</UL>
<BR>[Called By]<UL><LI><a href="#[e8]">&gt;&gt;</a>&nbsp;&nbsp;&nbsp;RxChainCalibration
</UL>

<P><STRONG><a name="[77]"></a>__aeabi_ddiv</STRONG> (Thumb, 234 bytes, Stack size 40 bytes, ddiv.o(.text))
<BR><BR>[Stack]<UL><LI>Max Depth = 48<LI>Call Chain = __aeabi_ddiv &rArr; _double_round
</UL>
<BR>[Calls]<UL><LI><a href="#[78]">&gt;&gt;</a>&nbsp;&nbsp;&nbsp;_double_round
</UL>
<BR>[Called By]<UL><LI><a href="#[9b]">&gt;&gt;</a>&nbsp;&nbsp;&nbsp;SX1276SetFreq
<LI><a href="#[e2]">&gt;&gt;</a>&nbsp;&nbsp;&nbsp;spTimerStart
</UL>

<P><STRONG><a name="[79]"></a>__aeabi_ui2d</STRONG> (Thumb, 24 bytes, Stack size 16 bytes, dfltui.o(.text))
<BR><BR>[Stack]<UL><LI>Max Depth = 72<LI>Call Chain = __aeabi_ui2d &rArr; _double_epilogue &rArr; __aeabi_llsr
</UL>
<BR>[Calls]<UL><LI><a href="#[76]">&gt;&gt;</a>&nbsp;&nbsp;&nbsp;_double_epilogue
</UL>
<BR>[Called By]<UL><LI><a href="#[9b]">&gt;&gt;</a>&nbsp;&nbsp;&nbsp;SX1276SetFreq
<LI><a href="#[e8]">&gt;&gt;</a>&nbsp;&nbsp;&nbsp;RxChainCalibration
<LI><a href="#[e2]">&gt;&gt;</a>&nbsp;&nbsp;&nbsp;spTimerStart
</UL>

<P><STRONG><a name="[7a]"></a>__aeabi_d2uiz</STRONG> (Thumb, 50 bytes, Stack size 8 bytes, dfixui.o(.text))
<BR><BR>[Stack]<UL><LI>Max Depth = 16<LI>Call Chain = __aeabi_d2uiz &rArr; __aeabi_llsr
</UL>
<BR>[Calls]<UL><LI><a href="#[70]">&gt;&gt;</a>&nbsp;&nbsp;&nbsp;__aeabi_llsr
</UL>
<BR>[Called By]<UL><LI><a href="#[9b]">&gt;&gt;</a>&nbsp;&nbsp;&nbsp;SX1276SetFreq
<LI><a href="#[e8]">&gt;&gt;</a>&nbsp;&nbsp;&nbsp;RxChainCalibration
<LI><a href="#[e2]">&gt;&gt;</a>&nbsp;&nbsp;&nbsp;spTimerStart
</UL>

<P><STRONG><a name="[71]"></a>__aeabi_llsl</STRONG> (Thumb, 32 bytes, Stack size 8 bytes, llshl.o(.text))
<BR><BR>[Stack]<UL><LI>Max Depth = 8<LI>Call Chain = __aeabi_llsl
</UL>
<BR>[Called By]<UL><LI><a href="#[6f]">&gt;&gt;</a>&nbsp;&nbsp;&nbsp;__aeabi_uldivmod
<LI><a href="#[76]">&gt;&gt;</a>&nbsp;&nbsp;&nbsp;_double_epilogue
</UL>

<P><STRONG><a name="[146]"></a>_ll_shift_l</STRONG> (Thumb, 0 bytes, Stack size 8 bytes, llshl.o(.text), UNUSED)

<P><STRONG><a name="[147]"></a>__I$use$fp</STRONG> (Thumb, 0 bytes, Stack size 8 bytes, iusefp.o(.text), UNUSED)

<P><STRONG><a name="[78]"></a>_double_round</STRONG> (Thumb, 26 bytes, Stack size 8 bytes, depilogue.o(.text))
<BR><BR>[Stack]<UL><LI>Max Depth = 8<LI>Call Chain = _double_round
</UL>
<BR>[Called By]<UL><LI><a href="#[77]">&gt;&gt;</a>&nbsp;&nbsp;&nbsp;__aeabi_ddiv
<LI><a href="#[76]">&gt;&gt;</a>&nbsp;&nbsp;&nbsp;_double_epilogue
</UL>

<P><STRONG><a name="[76]"></a>_double_epilogue</STRONG> (Thumb, 164 bytes, Stack size 48 bytes, depilogue.o(.text))
<BR><BR>[Stack]<UL><LI>Max Depth = 56<LI>Call Chain = _double_epilogue &rArr; __aeabi_llsr
</UL>
<BR>[Calls]<UL><LI><a href="#[70]">&gt;&gt;</a>&nbsp;&nbsp;&nbsp;__aeabi_llsr
<LI><a href="#[7b]">&gt;&gt;</a>&nbsp;&nbsp;&nbsp;__ARM_clz
<LI><a href="#[71]">&gt;&gt;</a>&nbsp;&nbsp;&nbsp;__aeabi_llsl
<LI><a href="#[78]">&gt;&gt;</a>&nbsp;&nbsp;&nbsp;_double_round
</UL>
<BR>[Called By]<UL><LI><a href="#[79]">&gt;&gt;</a>&nbsp;&nbsp;&nbsp;__aeabi_ui2d
<LI><a href="#[75]">&gt;&gt;</a>&nbsp;&nbsp;&nbsp;__aeabi_dmul
</UL>

<P><STRONG><a name="[6e]"></a>__scatterload</STRONG> (Thumb, 28 bytes, Stack size 0 bytes, init.o(.text))
<BR><BR>[Calls]<UL><LI><a href="#[7c]">&gt;&gt;</a>&nbsp;&nbsp;&nbsp;__main_after_scatterload
</UL>
<BR>[Called By]<UL><LI><a href="#[6d]">&gt;&gt;</a>&nbsp;&nbsp;&nbsp;_main_scatterload
</UL>

<P><STRONG><a name="[148]"></a>__scatterload_rt2</STRONG> (Thumb, 0 bytes, Stack size 0 bytes, init.o(.text), UNUSED)

<P><STRONG><a name="[149]"></a>__decompress</STRONG> (Thumb, 0 bytes, Stack size unknown bytes, __dczerorl2.o(.text), UNUSED)

<P><STRONG><a name="[14a]"></a>__decompress1</STRONG> (Thumb, 86 bytes, Stack size unknown bytes, __dczerorl2.o(.text), UNUSED)

<P><STRONG><a name="[7d]"></a>BspDataRecordEvent</STRONG> (Thumb, 50 bytes, Stack size 8 bytes, bspdatarecord.o(i.BspDataRecordEvent))
<BR><BR>[Stack]<UL><LI>Max Depth = 2208<LI>Call Chain = BspDataRecordEvent &rArr; BspSaveData &rArr; BspIntFlashWrite &rArr; HAL_FLASH_Program &rArr; FLASH_WaitForLastOperation
</UL>
<BR>[Calls]<UL><LI><a href="#[7e]">&gt;&gt;</a>&nbsp;&nbsp;&nbsp;OsStrCmp
<LI><a href="#[7f]">&gt;&gt;</a>&nbsp;&nbsp;&nbsp;BspSaveData
<LI><a href="#[80]">&gt;&gt;</a>&nbsp;&nbsp;&nbsp;__2printf
</UL>
<BR>[Called By]<UL><LI><a href="#[4e]">&gt;&gt;</a>&nbsp;&nbsp;&nbsp;main
</UL>

<P><STRONG><a name="[81]"></a>BspDataRecordInit</STRONG> (Thumb, 110 bytes, Stack size 8 bytes, bspdatarecord.o(i.BspDataRecordInit))
<BR><BR>[Stack]<UL><LI>Max Depth = 2208<LI>Call Chain = BspDataRecordInit &rArr; BspSaveData &rArr; BspIntFlashWrite &rArr; HAL_FLASH_Program &rArr; FLASH_WaitForLastOperation
</UL>
<BR>[Calls]<UL><LI><a href="#[83]">&gt;&gt;</a>&nbsp;&nbsp;&nbsp;GetChByAddr
<LI><a href="#[7f]">&gt;&gt;</a>&nbsp;&nbsp;&nbsp;BspSaveData
<LI><a href="#[82]">&gt;&gt;</a>&nbsp;&nbsp;&nbsp;BspGetData
<LI><a href="#[80]">&gt;&gt;</a>&nbsp;&nbsp;&nbsp;__2printf
</UL>
<BR>[Called By]<UL><LI><a href="#[89]">&gt;&gt;</a>&nbsp;&nbsp;&nbsp;BspInit
</UL>

<P><STRONG><a name="[84]"></a>BspDebugInit</STRONG> (Thumb, 60 bytes, Stack size 8 bytes, bspdebug.o(i.BspDebugInit))
<BR><BR>[Stack]<UL><LI>Max Depth = 160<LI>Call Chain = BspDebugInit &rArr; HAL_UART_Init &rArr; UART_SetConfig &rArr; HAL_RCC_GetSysClockFreq &rArr; __aeabi_uldivmod &rArr; __aeabi_llsr
</UL>
<BR>[Calls]<UL><LI><a href="#[85]">&gt;&gt;</a>&nbsp;&nbsp;&nbsp;HAL_UART_Init
</UL>
<BR>[Called By]<UL><LI><a href="#[89]">&gt;&gt;</a>&nbsp;&nbsp;&nbsp;BspInit
</UL>

<P><STRONG><a name="[82]"></a>BspGetData</STRONG> (Thumb, 160 bytes, Stack size 2088 bytes, bspdatarecord.o(i.BspGetData))
<BR><BR>[Stack]<UL><LI>Max Depth = 2096<LI>Call Chain = BspGetData &rArr; BspIntFlashRead
</UL>
<BR>[Calls]<UL><LI><a href="#[87]">&gt;&gt;</a>&nbsp;&nbsp;&nbsp;BspIntFlashRead
<LI><a href="#[86]">&gt;&gt;</a>&nbsp;&nbsp;&nbsp;__aeabi_memclr4
<LI><a href="#[88]">&gt;&gt;</a>&nbsp;&nbsp;&nbsp;__aeabi_memcpy
</UL>
<BR>[Called By]<UL><LI><a href="#[81]">&gt;&gt;</a>&nbsp;&nbsp;&nbsp;BspDataRecordInit
</UL>

<P><STRONG><a name="[89]"></a>BspInit</STRONG> (Thumb, 28 bytes, Stack size 8 bytes, bsp.o(i.BspInit))
<BR><BR>[Stack]<UL><LI>Max Depth = 2216<LI>Call Chain = BspInit &rArr; BspDataRecordInit &rArr; BspSaveData &rArr; BspIntFlashWrite &rArr; HAL_FLASH_Program &rArr; FLASH_WaitForLastOperation
</UL>
<BR>[Calls]<UL><LI><a href="#[8b]">&gt;&gt;</a>&nbsp;&nbsp;&nbsp;BspWifiInit
<LI><a href="#[8c]">&gt;&gt;</a>&nbsp;&nbsp;&nbsp;BspPcInit
<LI><a href="#[8a]">&gt;&gt;</a>&nbsp;&nbsp;&nbsp;BspLoraInit
<LI><a href="#[8d]">&gt;&gt;</a>&nbsp;&nbsp;&nbsp;BspLedInit
<LI><a href="#[84]">&gt;&gt;</a>&nbsp;&nbsp;&nbsp;BspDebugInit
<LI><a href="#[81]">&gt;&gt;</a>&nbsp;&nbsp;&nbsp;BspDataRecordInit
</UL>
<BR>[Called By]<UL><LI><a href="#[4e]">&gt;&gt;</a>&nbsp;&nbsp;&nbsp;main
</UL>

<P><STRONG><a name="[8e]"></a>BspIntFlashErasePages</STRONG> (Thumb, 76 bytes, Stack size 32 bytes, bspintflash.o(i.BspIntFlashErasePages))
<BR><BR>[Stack]<UL><LI>Max Depth = 72<LI>Call Chain = BspIntFlashErasePages &rArr; HAL_FLASHEx_Erase &rArr; FLASH_WaitForLastOperation
</UL>
<BR>[Calls]<UL><LI><a href="#[90]">&gt;&gt;</a>&nbsp;&nbsp;&nbsp;HAL_FLASHEx_Erase
<LI><a href="#[8f]">&gt;&gt;</a>&nbsp;&nbsp;&nbsp;HAL_FLASH_Unlock
<LI><a href="#[91]">&gt;&gt;</a>&nbsp;&nbsp;&nbsp;HAL_FLASH_Lock
<LI><a href="#[80]">&gt;&gt;</a>&nbsp;&nbsp;&nbsp;__2printf
</UL>
<BR>[Called By]<UL><LI><a href="#[a8]">&gt;&gt;</a>&nbsp;&nbsp;&nbsp;BspSaveDataV2
<LI><a href="#[7f]">&gt;&gt;</a>&nbsp;&nbsp;&nbsp;BspSaveData
</UL>

<P><STRONG><a name="[87]"></a>BspIntFlashRead</STRONG> (Thumb, 38 bytes, Stack size 8 bytes, bspintflash.o(i.BspIntFlashRead))
<BR><BR>[Stack]<UL><LI>Max Depth = 8<LI>Call Chain = BspIntFlashRead
</UL>
<BR>[Called By]<UL><LI><a href="#[a8]">&gt;&gt;</a>&nbsp;&nbsp;&nbsp;BspSaveDataV2
<LI><a href="#[7f]">&gt;&gt;</a>&nbsp;&nbsp;&nbsp;BspSaveData
<LI><a href="#[82]">&gt;&gt;</a>&nbsp;&nbsp;&nbsp;BspGetData
</UL>

<P><STRONG><a name="[92]"></a>BspIntFlashWrite</STRONG> (Thumb, 78 bytes, Stack size 32 bytes, bspintflash.o(i.BspIntFlashWrite))
<BR><BR>[Stack]<UL><LI>Max Depth = 112<LI>Call Chain = BspIntFlashWrite &rArr; HAL_FLASH_Program &rArr; FLASH_WaitForLastOperation
</UL>
<BR>[Calls]<UL><LI><a href="#[8f]">&gt;&gt;</a>&nbsp;&nbsp;&nbsp;HAL_FLASH_Unlock
<LI><a href="#[93]">&gt;&gt;</a>&nbsp;&nbsp;&nbsp;HAL_FLASH_Program
<LI><a href="#[91]">&gt;&gt;</a>&nbsp;&nbsp;&nbsp;HAL_FLASH_Lock
</UL>
<BR>[Called By]<UL><LI><a href="#[a8]">&gt;&gt;</a>&nbsp;&nbsp;&nbsp;BspSaveDataV2
<LI><a href="#[7f]">&gt;&gt;</a>&nbsp;&nbsp;&nbsp;BspSaveData
</UL>

<P><STRONG><a name="[94]"></a>BspLedEvent</STRONG> (Thumb, 28 bytes, Stack size 8 bytes, bspled.o(i.BspLedEvent))
<BR><BR>[Stack]<UL><LI>Max Depth = 36<LI>Call Chain = BspLedEvent &rArr; BspSimPwmRunEvent &rArr; __aeabi_uidivmod
</UL>
<BR>[Calls]<UL><LI><a href="#[95]">&gt;&gt;</a>&nbsp;&nbsp;&nbsp;BspSimPwmRunEvent
</UL>
<BR>[Called By]<UL><LI><a href="#[4e]">&gt;&gt;</a>&nbsp;&nbsp;&nbsp;main
</UL>

<P><STRONG><a name="[96]"></a>BspLedFlashSet</STRONG> (Thumb, 38 bytes, Stack size 24 bytes, bspled.o(i.BspLedFlashSet))
<BR><BR>[Stack]<UL><LI>Max Depth = 36<LI>Call Chain = BspLedFlashSet &rArr; BspSimPwmCall
</UL>
<BR>[Calls]<UL><LI><a href="#[97]">&gt;&gt;</a>&nbsp;&nbsp;&nbsp;BspSimPwmCall
</UL>
<BR>[Called By]<UL><LI><a href="#[4a]">&gt;&gt;</a>&nbsp;&nbsp;&nbsp;USART2_IRQHandler
<LI><a href="#[49]">&gt;&gt;</a>&nbsp;&nbsp;&nbsp;USART1_IRQHandler
<LI><a href="#[b2]">&gt;&gt;</a>&nbsp;&nbsp;&nbsp;CommLoraRecDatHandler
<LI><a href="#[8d]">&gt;&gt;</a>&nbsp;&nbsp;&nbsp;BspLedInit
</UL>

<P><STRONG><a name="[8d]"></a>BspLedInit</STRONG> (Thumb, 84 bytes, Stack size 8 bytes, bspled.o(i.BspLedInit))
<BR><BR>[Stack]<UL><LI>Max Depth = 60<LI>Call Chain = BspLedInit &rArr; __LedPortInit &rArr; HAL_GPIO_Init
</UL>
<BR>[Calls]<UL><LI><a href="#[96]">&gt;&gt;</a>&nbsp;&nbsp;&nbsp;BspLedFlashSet
<LI><a href="#[99]">&gt;&gt;</a>&nbsp;&nbsp;&nbsp;BspSimPwmParaReset
<LI><a href="#[98]">&gt;&gt;</a>&nbsp;&nbsp;&nbsp;__LedPortInit
</UL>
<BR>[Called By]<UL><LI><a href="#[89]">&gt;&gt;</a>&nbsp;&nbsp;&nbsp;BspInit
</UL>

<P><STRONG><a name="[9a]"></a>BspLoraChSet</STRONG> (Thumb, 22 bytes, Stack size 8 bytes, bsplora.o(i.BspLoraChSet))
<BR><BR>[Stack]<UL><LI>Max Depth = 208<LI>Call Chain = BspLoraChSet &rArr; SX1276SetFreq &rArr; SX1276Write &rArr; SX1276WriteBuffer &rArr; SpiTransfer &rArr; SpiInOut &rArr; HAL_SPI_TransmitReceive &rArr; SPI_EndRxTxTransaction &rArr; SPI_WaitFlagStateUntilTimeout
</UL>
<BR>[Calls]<UL><LI><a href="#[9b]">&gt;&gt;</a>&nbsp;&nbsp;&nbsp;SX1276SetFreq
</UL>
<BR>[Called By]<UL><LI><a href="#[a0]">&gt;&gt;</a>&nbsp;&nbsp;&nbsp;SX1276AppInit
</UL>

<P><STRONG><a name="[9c]"></a>BspLoraHwReset</STRONG> (Thumb, 18 bytes, Stack size 8 bytes, bsplora.o(i.BspLoraHwReset))
<BR><BR>[Stack]<UL><LI>Max Depth = 8<LI>Call Chain = BspLoraHwReset
</UL>
<BR>[Calls]<UL><LI><a href="#[86]">&gt;&gt;</a>&nbsp;&nbsp;&nbsp;__aeabi_memclr4
</UL>
<BR>[Called By]<UL><LI><a href="#[8a]">&gt;&gt;</a>&nbsp;&nbsp;&nbsp;BspLoraInit
</UL>

<P><STRONG><a name="[8a]"></a>BspLoraInit</STRONG> (Thumb, 96 bytes, Stack size 8 bytes, bsplora.o(i.BspLoraInit))
<BR><BR>[Stack]<UL><LI>Max Depth = 312<LI>Call Chain = BspLoraInit &rArr; SX1276AppInit &rArr; SX1276SetTxConfig &rArr; SX1276SetModem &rArr; SX1276SetSleep &rArr; SX1276SetOpMode &rArr; SX1276Write &rArr; SX1276WriteBuffer &rArr; SpiTransfer &rArr; SpiInOut &rArr; HAL_SPI_TransmitReceive &rArr; SPI_EndRxTxTransaction &rArr; SPI_WaitFlagStateUntilTimeout
</UL>
<BR>[Calls]<UL><LI><a href="#[9f]">&gt;&gt;</a>&nbsp;&nbsp;&nbsp;Error_Handler
<LI><a href="#[a0]">&gt;&gt;</a>&nbsp;&nbsp;&nbsp;SX1276AppInit
<LI><a href="#[9c]">&gt;&gt;</a>&nbsp;&nbsp;&nbsp;BspLoraHwReset
<LI><a href="#[9d]">&gt;&gt;</a>&nbsp;&nbsp;&nbsp;__LoraPortInit
<LI><a href="#[9e]">&gt;&gt;</a>&nbsp;&nbsp;&nbsp;HAL_SPI_Init
</UL>
<BR>[Called By]<UL><LI><a href="#[89]">&gt;&gt;</a>&nbsp;&nbsp;&nbsp;BspInit
</UL>

<P><STRONG><a name="[a1]"></a>BspLoraSendPacket</STRONG> (Thumb, 28 bytes, Stack size 16 bytes, bsplora.o(i.BspLoraSendPacket))
<BR><BR>[Stack]<UL><LI>Max Depth = 32<LI>Call Chain = BspLoraSendPacket &rArr; spTaskStart
</UL>
<BR>[Calls]<UL><LI><a href="#[a2]">&gt;&gt;</a>&nbsp;&nbsp;&nbsp;spTaskStart
<LI><a href="#[88]">&gt;&gt;</a>&nbsp;&nbsp;&nbsp;__aeabi_memcpy
</UL>
<BR>[Called By]<UL><LI><a href="#[b6]">&gt;&gt;</a>&nbsp;&nbsp;&nbsp;CommLoraSendUpdata
<LI><a href="#[5a]">&gt;&gt;</a>&nbsp;&nbsp;&nbsp;__LoraSendProData
</UL>

<P><STRONG><a name="[8c]"></a>BspPcInit</STRONG> (Thumb, 102 bytes, Stack size 8 bytes, bsppc.o(i.BspPcInit))
<BR><BR>[Stack]<UL><LI>Max Depth = 160<LI>Call Chain = BspPcInit &rArr; HAL_UART_Init &rArr; UART_SetConfig &rArr; HAL_RCC_GetSysClockFreq &rArr; __aeabi_uldivmod &rArr; __aeabi_llsr
</UL>
<BR>[Calls]<UL><LI><a href="#[a5]">&gt;&gt;</a>&nbsp;&nbsp;&nbsp;HAL_NVIC_SetPriority
<LI><a href="#[85]">&gt;&gt;</a>&nbsp;&nbsp;&nbsp;HAL_UART_Init
<LI><a href="#[a4]">&gt;&gt;</a>&nbsp;&nbsp;&nbsp;HAL_NVIC_EnableIRQ
<LI><a href="#[a3]">&gt;&gt;</a>&nbsp;&nbsp;&nbsp;__PcPortInit
</UL>
<BR>[Called By]<UL><LI><a href="#[89]">&gt;&gt;</a>&nbsp;&nbsp;&nbsp;BspInit
</UL>

<P><STRONG><a name="[a6]"></a>BspPcUartSendPacket</STRONG> (Thumb, 22 bytes, Stack size 16 bytes, bsppc.o(i.BspPcUartSendPacket))
<BR><BR>[Stack]<UL><LI>Max Depth = 104<LI>Call Chain = BspPcUartSendPacket &rArr; HAL_UART_Transmit &rArr; UART_WaitOnFlagUntilTimeout
</UL>
<BR>[Calls]<UL><LI><a href="#[a7]">&gt;&gt;</a>&nbsp;&nbsp;&nbsp;HAL_UART_Transmit
</UL>
<BR>[Called By]<UL><LI><a href="#[b3]">&gt;&gt;</a>&nbsp;&nbsp;&nbsp;PcSerUartSendPacket
</UL>

<P><STRONG><a name="[7f]"></a>BspSaveData</STRONG> (Thumb, 178 bytes, Stack size 2088 bytes, bspdatarecord.o(i.BspSaveData))
<BR><BR>[Stack]<UL><LI>Max Depth = 2200<LI>Call Chain = BspSaveData &rArr; BspIntFlashWrite &rArr; HAL_FLASH_Program &rArr; FLASH_WaitForLastOperation
</UL>
<BR>[Calls]<UL><LI><a href="#[92]">&gt;&gt;</a>&nbsp;&nbsp;&nbsp;BspIntFlashWrite
<LI><a href="#[87]">&gt;&gt;</a>&nbsp;&nbsp;&nbsp;BspIntFlashRead
<LI><a href="#[8e]">&gt;&gt;</a>&nbsp;&nbsp;&nbsp;BspIntFlashErasePages
<LI><a href="#[86]">&gt;&gt;</a>&nbsp;&nbsp;&nbsp;__aeabi_memclr4
<LI><a href="#[88]">&gt;&gt;</a>&nbsp;&nbsp;&nbsp;__aeabi_memcpy
</UL>
<BR>[Called By]<UL><LI><a href="#[7d]">&gt;&gt;</a>&nbsp;&nbsp;&nbsp;BspDataRecordEvent
<LI><a href="#[81]">&gt;&gt;</a>&nbsp;&nbsp;&nbsp;BspDataRecordInit
</UL>

<P><STRONG><a name="[a8]"></a>BspSaveDataV2</STRONG> (Thumb, 174 bytes, Stack size 2088 bytes, bspdatarecord.o(i.BspSaveDataV2))
<BR><BR>[Stack]<UL><LI>Max Depth = 2200<LI>Call Chain = BspSaveDataV2 &rArr; BspIntFlashWrite &rArr; HAL_FLASH_Program &rArr; FLASH_WaitForLastOperation
</UL>
<BR>[Calls]<UL><LI><a href="#[92]">&gt;&gt;</a>&nbsp;&nbsp;&nbsp;BspIntFlashWrite
<LI><a href="#[87]">&gt;&gt;</a>&nbsp;&nbsp;&nbsp;BspIntFlashRead
<LI><a href="#[8e]">&gt;&gt;</a>&nbsp;&nbsp;&nbsp;BspIntFlashErasePages
<LI><a href="#[86]">&gt;&gt;</a>&nbsp;&nbsp;&nbsp;__aeabi_memclr4
<LI><a href="#[88]">&gt;&gt;</a>&nbsp;&nbsp;&nbsp;__aeabi_memcpy
</UL>
<BR>[Called By]<UL><LI><a href="#[66]">&gt;&gt;</a>&nbsp;&nbsp;&nbsp;__AckUpdateNet
</UL>

<P><STRONG><a name="[97]"></a>BspSimPwmCall</STRONG> (Thumb, 40 bytes, Stack size 12 bytes, bspsimpwm.o(i.BspSimPwmCall))
<BR><BR>[Stack]<UL><LI>Max Depth = 12<LI>Call Chain = BspSimPwmCall
</UL>
<BR>[Called By]<UL><LI><a href="#[96]">&gt;&gt;</a>&nbsp;&nbsp;&nbsp;BspLedFlashSet
</UL>

<P><STRONG><a name="[99]"></a>BspSimPwmParaReset</STRONG> (Thumb, 22 bytes, Stack size 8 bytes, bspsimpwm.o(i.BspSimPwmParaReset))
<BR><BR>[Stack]<UL><LI>Max Depth = 8<LI>Call Chain = BspSimPwmParaReset
</UL>
<BR>[Called By]<UL><LI><a href="#[8d]">&gt;&gt;</a>&nbsp;&nbsp;&nbsp;BspLedInit
</UL>

<P><STRONG><a name="[95]"></a>BspSimPwmRunEvent</STRONG> (Thumb, 136 bytes, Stack size 16 bytes, bspsimpwm.o(i.BspSimPwmRunEvent))
<BR><BR>[Stack]<UL><LI>Max Depth = 28<LI>Call Chain = BspSimPwmRunEvent &rArr; __aeabi_uidivmod
</UL>
<BR>[Calls]<UL><LI><a href="#[a9]">&gt;&gt;</a>&nbsp;&nbsp;&nbsp;SystemDelay
<LI><a href="#[aa]">&gt;&gt;</a>&nbsp;&nbsp;&nbsp;__aeabi_uidivmod
</UL>
<BR>[Called By]<UL><LI><a href="#[94]">&gt;&gt;</a>&nbsp;&nbsp;&nbsp;BspLedEvent
</UL>

<P><STRONG><a name="[8b]"></a>BspWifiInit</STRONG> (Thumb, 164 bytes, Stack size 32 bytes, bspwifi.o(i.BspWifiInit))
<BR><BR>[Stack]<UL><LI>Max Depth = 184<LI>Call Chain = BspWifiInit &rArr; HAL_UART_Init &rArr; UART_SetConfig &rArr; HAL_RCC_GetSysClockFreq &rArr; __aeabi_uldivmod &rArr; __aeabi_llsr
</UL>
<BR>[Calls]<UL><LI><a href="#[ab]">&gt;&gt;</a>&nbsp;&nbsp;&nbsp;HAL_GPIO_Init
<LI><a href="#[a5]">&gt;&gt;</a>&nbsp;&nbsp;&nbsp;HAL_NVIC_SetPriority
<LI><a href="#[85]">&gt;&gt;</a>&nbsp;&nbsp;&nbsp;HAL_UART_Init
<LI><a href="#[a4]">&gt;&gt;</a>&nbsp;&nbsp;&nbsp;HAL_NVIC_EnableIRQ
</UL>
<BR>[Called By]<UL><LI><a href="#[89]">&gt;&gt;</a>&nbsp;&nbsp;&nbsp;BspInit
</UL>

<P><STRONG><a name="[ac]"></a>BspWifiUartSendPacket</STRONG> (Thumb, 22 bytes, Stack size 16 bytes, bspwifi.o(i.BspWifiUartSendPacket))
<BR><BR>[Stack]<UL><LI>Max Depth = 104<LI>Call Chain = BspWifiUartSendPacket &rArr; HAL_UART_Transmit &rArr; UART_WaitOnFlagUntilTimeout
</UL>
<BR>[Calls]<UL><LI><a href="#[a7]">&gt;&gt;</a>&nbsp;&nbsp;&nbsp;HAL_UART_Transmit
</UL>
<BR>[Called By]<UL><LI><a href="#[b3]">&gt;&gt;</a>&nbsp;&nbsp;&nbsp;PcSerUartSendPacket
</UL>

<P><STRONG><a name="[ad]"></a>CommLoraProRecDatDecode</STRONG> (Thumb, 198 bytes, Stack size 32 bytes, commlorapro.o(i.CommLoraProRecDatDecode))
<BR><BR>[Stack]<UL><LI>Max Depth = 328<LI>Call Chain = CommLoraProRecDatDecode &rArr; __LoraProRecDatDecode &rArr; __ClrLoraResend
</UL>
<BR>[Calls]<UL><LI><a href="#[af]">&gt;&gt;</a>&nbsp;&nbsp;&nbsp;__LoraProRecDatDecode
<LI><a href="#[ae]">&gt;&gt;</a>&nbsp;&nbsp;&nbsp;__LoraProCheckCode
<LI><a href="#[80]">&gt;&gt;</a>&nbsp;&nbsp;&nbsp;__2printf
</UL>
<BR>[Called By]<UL><LI><a href="#[b2]">&gt;&gt;</a>&nbsp;&nbsp;&nbsp;CommLoraRecDatHandler
</UL>

<P><STRONG><a name="[b0]"></a>CommLoraReSendEvent</STRONG> (Thumb, 106 bytes, Stack size 8 bytes, commlora.o(i.CommLoraReSendEvent))
<BR><BR>[Stack]<UL><LI>Max Depth = 440<LI>Call Chain = CommLoraReSendEvent &rArr; __LoraResendErrHandler &rArr; __SendAckStaToPcSer &rArr; __SendAckToPcSer &rArr; PcSerUartSendPacket &rArr; BspPcUartSendPacket &rArr; HAL_UART_Transmit &rArr; UART_WaitOnFlagUntilTimeout
</UL>
<BR>[Calls]<UL><LI><a href="#[a9]">&gt;&gt;</a>&nbsp;&nbsp;&nbsp;SystemDelay
<LI><a href="#[b1]">&gt;&gt;</a>&nbsp;&nbsp;&nbsp;__LoraResendErrHandler
<LI><a href="#[aa]">&gt;&gt;</a>&nbsp;&nbsp;&nbsp;__aeabi_uidivmod
<LI><a href="#[80]">&gt;&gt;</a>&nbsp;&nbsp;&nbsp;__2printf
</UL>
<BR>[Called By]<UL><LI><a href="#[4e]">&gt;&gt;</a>&nbsp;&nbsp;&nbsp;main
</UL>

<P><STRONG><a name="[b2]"></a>CommLoraRecDatHandler</STRONG> (Thumb, 162 bytes, Stack size 8 bytes, commlora.o(i.CommLoraRecDatHandler))
<BR><BR>[Stack]<UL><LI>Max Depth = 336<LI>Call Chain = CommLoraRecDatHandler &rArr; CommLoraProRecDatDecode &rArr; __LoraProRecDatDecode &rArr; __ClrLoraResend
</UL>
<BR>[Calls]<UL><LI><a href="#[96]">&gt;&gt;</a>&nbsp;&nbsp;&nbsp;BspLedFlashSet
<LI><a href="#[b3]">&gt;&gt;</a>&nbsp;&nbsp;&nbsp;PcSerUartSendPacket
<LI><a href="#[ad]">&gt;&gt;</a>&nbsp;&nbsp;&nbsp;CommLoraProRecDatDecode
<LI><a href="#[80]">&gt;&gt;</a>&nbsp;&nbsp;&nbsp;__2printf
</UL>
<BR>[Called By]<UL><LI><a href="#[4e]">&gt;&gt;</a>&nbsp;&nbsp;&nbsp;main
</UL>

<P><STRONG><a name="[b4]"></a>CommLoraSendPro</STRONG> (Thumb, 52 bytes, Stack size 24 bytes, commlora.o(i.CommLoraSendPro))
<BR><BR>[Stack]<UL><LI>Max Depth = 88<LI>Call Chain = CommLoraSendPro &rArr; __LoraSendPacketRepeatWaitAck &rArr; __2printf
</UL>
<BR>[Calls]<UL><LI><a href="#[b5]">&gt;&gt;</a>&nbsp;&nbsp;&nbsp;__LoraSendPacketRepeatWaitAck
</UL>
<BR>[Called By]<UL><LI><a href="#[125]">&gt;&gt;</a>&nbsp;&nbsp;&nbsp;__PassOnCmdToLable
<LI><a href="#[6b]">&gt;&gt;</a>&nbsp;&nbsp;&nbsp;__AckSetLabAddr
</UL>

<P><STRONG><a name="[b6]"></a>CommLoraSendUpdata</STRONG> (Thumb, 64 bytes, Stack size 272 bytes, commlora.o(i.CommLoraSendUpdata))
<BR><BR>[Stack]<UL><LI>Max Depth = 304<LI>Call Chain = CommLoraSendUpdata &rArr; BspLoraSendPacket &rArr; spTaskStart
</UL>
<BR>[Calls]<UL><LI><a href="#[a1]">&gt;&gt;</a>&nbsp;&nbsp;&nbsp;BspLoraSendPacket
<LI><a href="#[86]">&gt;&gt;</a>&nbsp;&nbsp;&nbsp;__aeabi_memclr4
<LI><a href="#[88]">&gt;&gt;</a>&nbsp;&nbsp;&nbsp;__aeabi_memcpy
</UL>
<BR>[Called By]<UL><LI><a href="#[bf]">&gt;&gt;</a>&nbsp;&nbsp;&nbsp;CommServerRecDatHandler
<LI><a href="#[b9]">&gt;&gt;</a>&nbsp;&nbsp;&nbsp;CommPcRecDatHandler
</UL>

<P><STRONG><a name="[b7]"></a>CommPcReSendEvent</STRONG> (Thumb, 112 bytes, Stack size 8 bytes, commpcserver.o(i.CommPcReSendEvent))
<BR><BR>[Stack]<UL><LI>Max Depth = 32<LI>Call Chain = CommPcReSendEvent &rArr; __2printf
</UL>
<BR>[Calls]<UL><LI><a href="#[a9]">&gt;&gt;</a>&nbsp;&nbsp;&nbsp;SystemDelay
<LI><a href="#[b8]">&gt;&gt;</a>&nbsp;&nbsp;&nbsp;__ResendPc_ErrHandler
<LI><a href="#[86]">&gt;&gt;</a>&nbsp;&nbsp;&nbsp;__aeabi_memclr4
<LI><a href="#[aa]">&gt;&gt;</a>&nbsp;&nbsp;&nbsp;__aeabi_uidivmod
<LI><a href="#[80]">&gt;&gt;</a>&nbsp;&nbsp;&nbsp;__2printf
</UL>
<BR>[Called By]<UL><LI><a href="#[4e]">&gt;&gt;</a>&nbsp;&nbsp;&nbsp;main
</UL>

<P><STRONG><a name="[b9]"></a>CommPcRecDatHandler</STRONG> (Thumb, 708 bytes, Stack size 8 bytes, commpcserver.o(i.CommPcRecDatHandler))
<BR><BR>[Stack]<UL><LI>Max Depth = 312<LI>Call Chain = CommPcRecDatHandler &rArr; CommLoraSendUpdata &rArr; BspLoraSendPacket &rArr; spTaskStart
</UL>
<BR>[Calls]<UL><LI><a href="#[a9]">&gt;&gt;</a>&nbsp;&nbsp;&nbsp;SystemDelay
<LI><a href="#[bb]">&gt;&gt;</a>&nbsp;&nbsp;&nbsp;__DecodeDataFromPcSer
<LI><a href="#[ba]">&gt;&gt;</a>&nbsp;&nbsp;&nbsp;__CrcCheck1021
<LI><a href="#[bc]">&gt;&gt;</a>&nbsp;&nbsp;&nbsp;ExitUpdateLable
<LI><a href="#[b6]">&gt;&gt;</a>&nbsp;&nbsp;&nbsp;CommLoraSendUpdata
<LI><a href="#[72]">&gt;&gt;</a>&nbsp;&nbsp;&nbsp;__aeabi_memclr
<LI><a href="#[80]">&gt;&gt;</a>&nbsp;&nbsp;&nbsp;__2printf
</UL>
<BR>[Called By]<UL><LI><a href="#[4e]">&gt;&gt;</a>&nbsp;&nbsp;&nbsp;main
</UL>

<P><STRONG><a name="[bd]"></a>CommServerReSendEvent</STRONG> (Thumb, 112 bytes, Stack size 8 bytes, commpcserver.o(i.CommServerReSendEvent))
<BR><BR>[Stack]<UL><LI>Max Depth = 32<LI>Call Chain = CommServerReSendEvent &rArr; __2printf
</UL>
<BR>[Calls]<UL><LI><a href="#[a9]">&gt;&gt;</a>&nbsp;&nbsp;&nbsp;SystemDelay
<LI><a href="#[be]">&gt;&gt;</a>&nbsp;&nbsp;&nbsp;__ResendServer_ErrHandler
<LI><a href="#[86]">&gt;&gt;</a>&nbsp;&nbsp;&nbsp;__aeabi_memclr4
<LI><a href="#[aa]">&gt;&gt;</a>&nbsp;&nbsp;&nbsp;__aeabi_uidivmod
<LI><a href="#[80]">&gt;&gt;</a>&nbsp;&nbsp;&nbsp;__2printf
</UL>
<BR>[Called By]<UL><LI><a href="#[4e]">&gt;&gt;</a>&nbsp;&nbsp;&nbsp;main
</UL>

<P><STRONG><a name="[bf]"></a>CommServerRecDatHandler</STRONG> (Thumb, 828 bytes, Stack size 8 bytes, commpcserver.o(i.CommServerRecDatHandler))
<BR><BR>[Stack]<UL><LI>Max Depth = 432<LI>Call Chain = CommServerRecDatHandler &rArr; __SendAckStaToPcSer &rArr; __SendAckToPcSer &rArr; PcSerUartSendPacket &rArr; BspPcUartSendPacket &rArr; HAL_UART_Transmit &rArr; UART_WaitOnFlagUntilTimeout
</UL>
<BR>[Calls]<UL><LI><a href="#[a9]">&gt;&gt;</a>&nbsp;&nbsp;&nbsp;SystemDelay
<LI><a href="#[bb]">&gt;&gt;</a>&nbsp;&nbsp;&nbsp;__DecodeDataFromPcSer
<LI><a href="#[ba]">&gt;&gt;</a>&nbsp;&nbsp;&nbsp;__CrcCheck1021
<LI><a href="#[c0]">&gt;&gt;</a>&nbsp;&nbsp;&nbsp;__SendAckStaToPcSer
<LI><a href="#[bc]">&gt;&gt;</a>&nbsp;&nbsp;&nbsp;ExitUpdateLable
<LI><a href="#[b6]">&gt;&gt;</a>&nbsp;&nbsp;&nbsp;CommLoraSendUpdata
<LI><a href="#[c1]">&gt;&gt;</a>&nbsp;&nbsp;&nbsp;strstr
<LI><a href="#[72]">&gt;&gt;</a>&nbsp;&nbsp;&nbsp;__aeabi_memclr
<LI><a href="#[80]">&gt;&gt;</a>&nbsp;&nbsp;&nbsp;__2printf
</UL>
<BR>[Called By]<UL><LI><a href="#[4e]">&gt;&gt;</a>&nbsp;&nbsp;&nbsp;main
</UL>

<P><STRONG><a name="[35]"></a>EXTI4_15_IRQHandler</STRONG> (Thumb, 12 bytes, Stack size 8 bytes, stm32f0xx_it.o(i.EXTI4_15_IRQHandler))
<BR><BR>[Stack]<UL><LI>Max Depth = 16<LI>Call Chain = EXTI4_15_IRQHandler &rArr; HAL_GPIO_EXTI_IRQHandler
</UL>
<BR>[Calls]<UL><LI><a href="#[c2]">&gt;&gt;</a>&nbsp;&nbsp;&nbsp;HAL_GPIO_EXTI_IRQHandler
</UL>
<BR>[Address Reference Count : 1]<UL><LI> startup_stm32f072xb.o(RESET)
</UL>
<P><STRONG><a name="[9f]"></a>Error_Handler</STRONG> (Thumb, 2 bytes, Stack size 0 bytes, main.o(i.Error_Handler))
<BR><BR>[Called By]<UL><LI><a href="#[117]">&gt;&gt;</a>&nbsp;&nbsp;&nbsp;SystemClock_Config
<LI><a href="#[8a]">&gt;&gt;</a>&nbsp;&nbsp;&nbsp;BspLoraInit
</UL>

<P><STRONG><a name="[bc]"></a>ExitUpdateLable</STRONG> (Thumb, 2 bytes, Stack size 0 bytes, commlora.o(i.ExitUpdateLable))
<BR><BR>[Called By]<UL><LI><a href="#[bf]">&gt;&gt;</a>&nbsp;&nbsp;&nbsp;CommServerRecDatHandler
<LI><a href="#[b9]">&gt;&gt;</a>&nbsp;&nbsp;&nbsp;CommPcRecDatHandler
<LI><a href="#[6a]">&gt;&gt;</a>&nbsp;&nbsp;&nbsp;__AckUpdataLable
</UL>

<P><STRONG><a name="[c8]"></a>FLASH_PageErase</STRONG> (Thumb, 34 bytes, Stack size 0 bytes, stm32f0xx_hal_flash_ex.o(i.FLASH_PageErase))
<BR><BR>[Called By]<UL><LI><a href="#[90]">&gt;&gt;</a>&nbsp;&nbsp;&nbsp;HAL_FLASHEx_Erase
</UL>

<P><STRONG><a name="[c3]"></a>FLASH_WaitForLastOperation</STRONG> (Thumb, 100 bytes, Stack size 16 bytes, stm32f0xx_hal_flash.o(i.FLASH_WaitForLastOperation))
<BR><BR>[Stack]<UL><LI>Max Depth = 16<LI>Call Chain = FLASH_WaitForLastOperation
</UL>
<BR>[Calls]<UL><LI><a href="#[c4]">&gt;&gt;</a>&nbsp;&nbsp;&nbsp;HAL_GetTick
<LI><a href="#[c5]">&gt;&gt;</a>&nbsp;&nbsp;&nbsp;FLASH_SetErrorCode
</UL>
<BR>[Called By]<UL><LI><a href="#[90]">&gt;&gt;</a>&nbsp;&nbsp;&nbsp;HAL_FLASHEx_Erase
<LI><a href="#[93]">&gt;&gt;</a>&nbsp;&nbsp;&nbsp;HAL_FLASH_Program
</UL>

<P><STRONG><a name="[83]"></a>GetChByAddr</STRONG> (Thumb, 20 bytes, Stack size 0 bytes, decodedatafrompcser.o(i.GetChByAddr))
<BR><BR>[Called By]<UL><LI><a href="#[81]">&gt;&gt;</a>&nbsp;&nbsp;&nbsp;BspDataRecordInit
<LI><a href="#[125]">&gt;&gt;</a>&nbsp;&nbsp;&nbsp;__PassOnCmdToLable
<LI><a href="#[6a]">&gt;&gt;</a>&nbsp;&nbsp;&nbsp;__AckUpdataLable
<LI><a href="#[64]">&gt;&gt;</a>&nbsp;&nbsp;&nbsp;__AckSetNetPara
<LI><a href="#[6b]">&gt;&gt;</a>&nbsp;&nbsp;&nbsp;__AckSetLabAddr
</UL>

<P><STRONG><a name="[c6]"></a>HAL_Delay</STRONG> (Thumb, 38 bytes, Stack size 16 bytes, stm32f0xx_hal.o(i.HAL_Delay))
<BR><BR>[Stack]<UL><LI>Max Depth = 16<LI>Call Chain = HAL_Delay
</UL>
<BR>[Calls]<UL><LI><a href="#[c4]">&gt;&gt;</a>&nbsp;&nbsp;&nbsp;HAL_GetTick
</UL>
<BR>[Called By]<UL><LI><a href="#[103]">&gt;&gt;</a>&nbsp;&nbsp;&nbsp;delay
<LI><a href="#[66]">&gt;&gt;</a>&nbsp;&nbsp;&nbsp;__AckUpdateNet
</UL>

<P><STRONG><a name="[90]"></a>HAL_FLASHEx_Erase</STRONG> (Thumb, 160 bytes, Stack size 24 bytes, stm32f0xx_hal_flash_ex.o(i.HAL_FLASHEx_Erase))
<BR><BR>[Stack]<UL><LI>Max Depth = 40<LI>Call Chain = HAL_FLASHEx_Erase &rArr; FLASH_WaitForLastOperation
</UL>
<BR>[Calls]<UL><LI><a href="#[c7]">&gt;&gt;</a>&nbsp;&nbsp;&nbsp;FLASH_MassErase
<LI><a href="#[c8]">&gt;&gt;</a>&nbsp;&nbsp;&nbsp;FLASH_PageErase
<LI><a href="#[c3]">&gt;&gt;</a>&nbsp;&nbsp;&nbsp;FLASH_WaitForLastOperation
</UL>
<BR>[Called By]<UL><LI><a href="#[8e]">&gt;&gt;</a>&nbsp;&nbsp;&nbsp;BspIntFlashErasePages
</UL>

<P><STRONG><a name="[91]"></a>HAL_FLASH_Lock</STRONG> (Thumb, 16 bytes, Stack size 0 bytes, stm32f0xx_hal_flash.o(i.HAL_FLASH_Lock))
<BR><BR>[Called By]<UL><LI><a href="#[92]">&gt;&gt;</a>&nbsp;&nbsp;&nbsp;BspIntFlashWrite
<LI><a href="#[8e]">&gt;&gt;</a>&nbsp;&nbsp;&nbsp;BspIntFlashErasePages
</UL>

<P><STRONG><a name="[93]"></a>HAL_FLASH_Program</STRONG> (Thumb, 174 bytes, Stack size 64 bytes, stm32f0xx_hal_flash.o(i.HAL_FLASH_Program))
<BR><BR>[Stack]<UL><LI>Max Depth = 80<LI>Call Chain = HAL_FLASH_Program &rArr; FLASH_WaitForLastOperation
</UL>
<BR>[Calls]<UL><LI><a href="#[c3]">&gt;&gt;</a>&nbsp;&nbsp;&nbsp;FLASH_WaitForLastOperation
<LI><a href="#[c9]">&gt;&gt;</a>&nbsp;&nbsp;&nbsp;FLASH_Program_HalfWord
<LI><a href="#[70]">&gt;&gt;</a>&nbsp;&nbsp;&nbsp;__aeabi_llsr
</UL>
<BR>[Called By]<UL><LI><a href="#[92]">&gt;&gt;</a>&nbsp;&nbsp;&nbsp;BspIntFlashWrite
</UL>

<P><STRONG><a name="[8f]"></a>HAL_FLASH_Unlock</STRONG> (Thumb, 40 bytes, Stack size 0 bytes, stm32f0xx_hal_flash.o(i.HAL_FLASH_Unlock))
<BR><BR>[Called By]<UL><LI><a href="#[92]">&gt;&gt;</a>&nbsp;&nbsp;&nbsp;BspIntFlashWrite
<LI><a href="#[8e]">&gt;&gt;</a>&nbsp;&nbsp;&nbsp;BspIntFlashErasePages
</UL>

<P><STRONG><a name="[ca]"></a>HAL_GPIO_EXTI_Callback</STRONG> (Thumb, 22 bytes, Stack size 0 bytes, stm32f0xx_it.o(i.HAL_GPIO_EXTI_Callback))
<BR><BR>[Called By]<UL><LI><a href="#[c2]">&gt;&gt;</a>&nbsp;&nbsp;&nbsp;HAL_GPIO_EXTI_IRQHandler
</UL>

<P><STRONG><a name="[c2]"></a>HAL_GPIO_EXTI_IRQHandler</STRONG> (Thumb, 26 bytes, Stack size 8 bytes, stm32f0xx_hal_gpio.o(i.HAL_GPIO_EXTI_IRQHandler))
<BR><BR>[Stack]<UL><LI>Max Depth = 8<LI>Call Chain = HAL_GPIO_EXTI_IRQHandler
</UL>
<BR>[Calls]<UL><LI><a href="#[ca]">&gt;&gt;</a>&nbsp;&nbsp;&nbsp;HAL_GPIO_EXTI_Callback
</UL>
<BR>[Called By]<UL><LI><a href="#[35]">&gt;&gt;</a>&nbsp;&nbsp;&nbsp;EXTI4_15_IRQHandler
</UL>

<P><STRONG><a name="[ab]"></a>HAL_GPIO_Init</STRONG> (Thumb, 474 bytes, Stack size 20 bytes, stm32f0xx_hal_gpio.o(i.HAL_GPIO_Init))
<BR><BR>[Stack]<UL><LI>Max Depth = 20<LI>Call Chain = HAL_GPIO_Init
</UL>
<BR>[Called By]<UL><LI><a href="#[d9]">&gt;&gt;</a>&nbsp;&nbsp;&nbsp;HAL_UART_MspInit
<LI><a href="#[d6]">&gt;&gt;</a>&nbsp;&nbsp;&nbsp;HAL_SPI_MspInit
<LI><a href="#[9d]">&gt;&gt;</a>&nbsp;&nbsp;&nbsp;__LoraPortInit
<LI><a href="#[98]">&gt;&gt;</a>&nbsp;&nbsp;&nbsp;__LedPortInit
<LI><a href="#[8b]">&gt;&gt;</a>&nbsp;&nbsp;&nbsp;BspWifiInit
</UL>

<P><STRONG><a name="[109]"></a>HAL_GPIO_WritePin</STRONG> (Thumb, 12 bytes, Stack size 0 bytes, stm32f0xx_hal_gpio.o(i.HAL_GPIO_WritePin))
<BR><BR>[Called By]<UL><LI><a href="#[9d]">&gt;&gt;</a>&nbsp;&nbsp;&nbsp;__LoraPortInit
<LI><a href="#[4]">&gt;&gt;</a>&nbsp;&nbsp;&nbsp;__LedWifiTxdOutLow
<LI><a href="#[a]">&gt;&gt;</a>&nbsp;&nbsp;&nbsp;__LedWifiTxdOutHigh
<LI><a href="#[5]">&gt;&gt;</a>&nbsp;&nbsp;&nbsp;__LedWifiRxdOutLow
<LI><a href="#[b]">&gt;&gt;</a>&nbsp;&nbsp;&nbsp;__LedWifiRxdOutHigh
<LI><a href="#[0]">&gt;&gt;</a>&nbsp;&nbsp;&nbsp;__LedPcTxdOutLow
<LI><a href="#[6]">&gt;&gt;</a>&nbsp;&nbsp;&nbsp;__LedPcTxdOutHigh
<LI><a href="#[1]">&gt;&gt;</a>&nbsp;&nbsp;&nbsp;__LedPcRxdOutLow
<LI><a href="#[7]">&gt;&gt;</a>&nbsp;&nbsp;&nbsp;__LedPcRxdOutHigh
<LI><a href="#[2]">&gt;&gt;</a>&nbsp;&nbsp;&nbsp;__LedLoraTxdOutLow
<LI><a href="#[8]">&gt;&gt;</a>&nbsp;&nbsp;&nbsp;__LedLoraTxdOutHigh
<LI><a href="#[3]">&gt;&gt;</a>&nbsp;&nbsp;&nbsp;__LedLoraRxdOutLow
<LI><a href="#[9]">&gt;&gt;</a>&nbsp;&nbsp;&nbsp;__LedLoraRxdOutHigh
<LI><a href="#[fe]">&gt;&gt;</a>&nbsp;&nbsp;&nbsp;SpiSetNss
<LI><a href="#[100]">&gt;&gt;</a>&nbsp;&nbsp;&nbsp;SX1276SetReset
<LI><a href="#[12]">&gt;&gt;</a>&nbsp;&nbsp;&nbsp;__ESP12F_RESET_LOW
<LI><a href="#[13]">&gt;&gt;</a>&nbsp;&nbsp;&nbsp;__ESP12F_RESET_HIGH
</UL>

<P><STRONG><a name="[c4]"></a>HAL_GetTick</STRONG> (Thumb, 6 bytes, Stack size 0 bytes, stm32f0xx_hal.o(i.HAL_GetTick))
<BR><BR>[Called By]<UL><LI><a href="#[d5]">&gt;&gt;</a>&nbsp;&nbsp;&nbsp;HAL_RCC_OscConfig
<LI><a href="#[d0]">&gt;&gt;</a>&nbsp;&nbsp;&nbsp;HAL_RCC_ClockConfig
<LI><a href="#[c6]">&gt;&gt;</a>&nbsp;&nbsp;&nbsp;HAL_Delay
<LI><a href="#[dd]">&gt;&gt;</a>&nbsp;&nbsp;&nbsp;UART_WaitOnFlagUntilTimeout
<LI><a href="#[dc]">&gt;&gt;</a>&nbsp;&nbsp;&nbsp;UART_CheckIdleState
<LI><a href="#[a7]">&gt;&gt;</a>&nbsp;&nbsp;&nbsp;HAL_UART_Transmit
<LI><a href="#[c3]">&gt;&gt;</a>&nbsp;&nbsp;&nbsp;FLASH_WaitForLastOperation
<LI><a href="#[d7]">&gt;&gt;</a>&nbsp;&nbsp;&nbsp;HAL_SPI_TransmitReceive
<LI><a href="#[ec]">&gt;&gt;</a>&nbsp;&nbsp;&nbsp;SPI_WaitFlagStateUntilTimeout
<LI><a href="#[eb]">&gt;&gt;</a>&nbsp;&nbsp;&nbsp;SPI_WaitFifoStateUntilTimeout
</UL>

<P><STRONG><a name="[115]"></a>HAL_IncTick</STRONG> (Thumb, 16 bytes, Stack size 0 bytes, stm32f0xx_hal.o(i.HAL_IncTick))
<BR><BR>[Called By]<UL><LI><a href="#[2d]">&gt;&gt;</a>&nbsp;&nbsp;&nbsp;SysTick_Handler
</UL>

<P><STRONG><a name="[cb]"></a>HAL_Init</STRONG> (Thumb, 28 bytes, Stack size 8 bytes, stm32f0xx_hal.o(i.HAL_Init))
<BR><BR>[Stack]<UL><LI>Max Depth = 48<LI>Call Chain = HAL_Init &rArr; HAL_InitTick &rArr; HAL_SYSTICK_Config &rArr; __NVIC_SetPriority
</UL>
<BR>[Calls]<UL><LI><a href="#[cc]">&gt;&gt;</a>&nbsp;&nbsp;&nbsp;HAL_InitTick
<LI><a href="#[cd]">&gt;&gt;</a>&nbsp;&nbsp;&nbsp;HAL_MspInit
</UL>
<BR>[Called By]<UL><LI><a href="#[4e]">&gt;&gt;</a>&nbsp;&nbsp;&nbsp;main
</UL>

<P><STRONG><a name="[cc]"></a>HAL_InitTick</STRONG> (Thumb, 70 bytes, Stack size 16 bytes, stm32f0xx_hal.o(i.HAL_InitTick))
<BR><BR>[Stack]<UL><LI>Max Depth = 40<LI>Call Chain = HAL_InitTick &rArr; HAL_SYSTICK_Config &rArr; __NVIC_SetPriority
</UL>
<BR>[Calls]<UL><LI><a href="#[ce]">&gt;&gt;</a>&nbsp;&nbsp;&nbsp;HAL_SYSTICK_Config
<LI><a href="#[a5]">&gt;&gt;</a>&nbsp;&nbsp;&nbsp;HAL_NVIC_SetPriority
<LI><a href="#[aa]">&gt;&gt;</a>&nbsp;&nbsp;&nbsp;__aeabi_uidivmod
</UL>
<BR>[Called By]<UL><LI><a href="#[d0]">&gt;&gt;</a>&nbsp;&nbsp;&nbsp;HAL_RCC_ClockConfig
<LI><a href="#[cb]">&gt;&gt;</a>&nbsp;&nbsp;&nbsp;HAL_Init
</UL>

<P><STRONG><a name="[cd]"></a>HAL_MspInit</STRONG> (Thumb, 60 bytes, Stack size 8 bytes, stm32f0xx_hal_msp.o(i.HAL_MspInit))
<BR><BR>[Stack]<UL><LI>Max Depth = 8<LI>Call Chain = HAL_MspInit
</UL>
<BR>[Called By]<UL><LI><a href="#[cb]">&gt;&gt;</a>&nbsp;&nbsp;&nbsp;HAL_Init
</UL>

<P><STRONG><a name="[a4]"></a>HAL_NVIC_EnableIRQ</STRONG> (Thumb, 22 bytes, Stack size 0 bytes, stm32f0xx_hal_cortex.o(i.HAL_NVIC_EnableIRQ))
<BR><BR>[Called By]<UL><LI><a href="#[9d]">&gt;&gt;</a>&nbsp;&nbsp;&nbsp;__LoraPortInit
<LI><a href="#[8b]">&gt;&gt;</a>&nbsp;&nbsp;&nbsp;BspWifiInit
<LI><a href="#[8c]">&gt;&gt;</a>&nbsp;&nbsp;&nbsp;BspPcInit
</UL>

<P><STRONG><a name="[a5]"></a>HAL_NVIC_SetPriority</STRONG> (Thumb, 18 bytes, Stack size 16 bytes, stm32f0xx_hal_cortex.o(i.HAL_NVIC_SetPriority))
<BR><BR>[Stack]<UL><LI>Max Depth = 24<LI>Call Chain = HAL_NVIC_SetPriority &rArr; __NVIC_SetPriority
</UL>
<BR>[Calls]<UL><LI><a href="#[cf]">&gt;&gt;</a>&nbsp;&nbsp;&nbsp;__NVIC_SetPriority
</UL>
<BR>[Called By]<UL><LI><a href="#[cc]">&gt;&gt;</a>&nbsp;&nbsp;&nbsp;HAL_InitTick
<LI><a href="#[9d]">&gt;&gt;</a>&nbsp;&nbsp;&nbsp;__LoraPortInit
<LI><a href="#[8b]">&gt;&gt;</a>&nbsp;&nbsp;&nbsp;BspWifiInit
<LI><a href="#[8c]">&gt;&gt;</a>&nbsp;&nbsp;&nbsp;BspPcInit
</UL>

<P><STRONG><a name="[d0]"></a>HAL_RCC_ClockConfig</STRONG> (Thumb, 366 bytes, Stack size 16 bytes, stm32f0xx_hal_rcc.o(i.HAL_RCC_ClockConfig))
<BR><BR>[Stack]<UL><LI>Max Depth = 128<LI>Call Chain = HAL_RCC_ClockConfig &rArr; HAL_RCC_GetSysClockFreq &rArr; __aeabi_uldivmod &rArr; __aeabi_llsr
</UL>
<BR>[Calls]<UL><LI><a href="#[cc]">&gt;&gt;</a>&nbsp;&nbsp;&nbsp;HAL_InitTick
<LI><a href="#[c4]">&gt;&gt;</a>&nbsp;&nbsp;&nbsp;HAL_GetTick
<LI><a href="#[d1]">&gt;&gt;</a>&nbsp;&nbsp;&nbsp;HAL_RCC_GetSysClockFreq
</UL>
<BR>[Called By]<UL><LI><a href="#[117]">&gt;&gt;</a>&nbsp;&nbsp;&nbsp;SystemClock_Config
</UL>

<P><STRONG><a name="[d3]"></a>HAL_RCC_GetHCLKFreq</STRONG> (Thumb, 6 bytes, Stack size 0 bytes, stm32f0xx_hal_rcc.o(i.HAL_RCC_GetHCLKFreq))
<BR><BR>[Called By]<UL><LI><a href="#[d2]">&gt;&gt;</a>&nbsp;&nbsp;&nbsp;HAL_RCC_GetPCLK1Freq
</UL>

<P><STRONG><a name="[d2]"></a>HAL_RCC_GetPCLK1Freq</STRONG> (Thumb, 26 bytes, Stack size 4 bytes, stm32f0xx_hal_rcc.o(i.HAL_RCC_GetPCLK1Freq))
<BR><BR>[Stack]<UL><LI>Max Depth = 4<LI>Call Chain = HAL_RCC_GetPCLK1Freq
</UL>
<BR>[Calls]<UL><LI><a href="#[d3]">&gt;&gt;</a>&nbsp;&nbsp;&nbsp;HAL_RCC_GetHCLKFreq
</UL>
<BR>[Called By]<UL><LI><a href="#[da]">&gt;&gt;</a>&nbsp;&nbsp;&nbsp;UART_SetConfig
</UL>

<P><STRONG><a name="[d1]"></a>HAL_RCC_GetSysClockFreq</STRONG> (Thumb, 218 bytes, Stack size 56 bytes, stm32f0xx_hal_rcc.o(i.HAL_RCC_GetSysClockFreq))
<BR><BR>[Stack]<UL><LI>Max Depth = 112<LI>Call Chain = HAL_RCC_GetSysClockFreq &rArr; __aeabi_uldivmod &rArr; __aeabi_llsr
</UL>
<BR>[Calls]<UL><LI><a href="#[d4]">&gt;&gt;</a>&nbsp;&nbsp;&nbsp;__ARM_common_ll_muluu
<LI><a href="#[6f]">&gt;&gt;</a>&nbsp;&nbsp;&nbsp;__aeabi_uldivmod
</UL>
<BR>[Called By]<UL><LI><a href="#[d0]">&gt;&gt;</a>&nbsp;&nbsp;&nbsp;HAL_RCC_ClockConfig
<LI><a href="#[da]">&gt;&gt;</a>&nbsp;&nbsp;&nbsp;UART_SetConfig
</UL>

<P><STRONG><a name="[d5]"></a>HAL_RCC_OscConfig</STRONG> (Thumb, 1592 bytes, Stack size 32 bytes, stm32f0xx_hal_rcc.o(i.HAL_RCC_OscConfig))
<BR><BR>[Stack]<UL><LI>Max Depth = 32<LI>Call Chain = HAL_RCC_OscConfig
</UL>
<BR>[Calls]<UL><LI><a href="#[c4]">&gt;&gt;</a>&nbsp;&nbsp;&nbsp;HAL_GetTick
</UL>
<BR>[Called By]<UL><LI><a href="#[117]">&gt;&gt;</a>&nbsp;&nbsp;&nbsp;SystemClock_Config
</UL>

<P><STRONG><a name="[9e]"></a>HAL_SPI_Init</STRONG> (Thumb, 220 bytes, Stack size 16 bytes, stm32f0xx_hal_spi.o(i.HAL_SPI_Init))
<BR><BR>[Stack]<UL><LI>Max Depth = 68<LI>Call Chain = HAL_SPI_Init &rArr; HAL_SPI_MspInit &rArr; HAL_GPIO_Init
</UL>
<BR>[Calls]<UL><LI><a href="#[d6]">&gt;&gt;</a>&nbsp;&nbsp;&nbsp;HAL_SPI_MspInit
</UL>
<BR>[Called By]<UL><LI><a href="#[8a]">&gt;&gt;</a>&nbsp;&nbsp;&nbsp;BspLoraInit
</UL>

<P><STRONG><a name="[d6]"></a>HAL_SPI_MspInit</STRONG> (Thumb, 234 bytes, Stack size 32 bytes, stm32f0xx_hal_msp.o(i.HAL_SPI_MspInit))
<BR><BR>[Stack]<UL><LI>Max Depth = 52<LI>Call Chain = HAL_SPI_MspInit &rArr; HAL_GPIO_Init
</UL>
<BR>[Calls]<UL><LI><a href="#[ab]">&gt;&gt;</a>&nbsp;&nbsp;&nbsp;HAL_GPIO_Init
<LI><a href="#[86]">&gt;&gt;</a>&nbsp;&nbsp;&nbsp;__aeabi_memclr4
</UL>
<BR>[Called By]<UL><LI><a href="#[9e]">&gt;&gt;</a>&nbsp;&nbsp;&nbsp;HAL_SPI_Init
</UL>

<P><STRONG><a name="[d7]"></a>HAL_SPI_TransmitReceive</STRONG> (Thumb, 760 bytes, Stack size 64 bytes, stm32f0xx_hal_spi.o(i.HAL_SPI_TransmitReceive))
<BR><BR>[Stack]<UL><LI>Max Depth = 112<LI>Call Chain = HAL_SPI_TransmitReceive &rArr; SPI_EndRxTxTransaction &rArr; SPI_WaitFlagStateUntilTimeout
</UL>
<BR>[Calls]<UL><LI><a href="#[c4]">&gt;&gt;</a>&nbsp;&nbsp;&nbsp;HAL_GetTick
<LI><a href="#[d8]">&gt;&gt;</a>&nbsp;&nbsp;&nbsp;SPI_EndRxTxTransaction
</UL>
<BR>[Called By]<UL><LI><a href="#[114]">&gt;&gt;</a>&nbsp;&nbsp;&nbsp;SpiInOut
</UL>

<P><STRONG><a name="[ce]"></a>HAL_SYSTICK_Config</STRONG> (Thumb, 46 bytes, Stack size 16 bytes, stm32f0xx_hal_cortex.o(i.HAL_SYSTICK_Config))
<BR><BR>[Stack]<UL><LI>Max Depth = 24<LI>Call Chain = HAL_SYSTICK_Config &rArr; __NVIC_SetPriority
</UL>
<BR>[Calls]<UL><LI><a href="#[cf]">&gt;&gt;</a>&nbsp;&nbsp;&nbsp;__NVIC_SetPriority
</UL>
<BR>[Called By]<UL><LI><a href="#[cc]">&gt;&gt;</a>&nbsp;&nbsp;&nbsp;HAL_InitTick
</UL>

<P><STRONG><a name="[85]"></a>HAL_UART_Init</STRONG> (Thumb, 126 bytes, Stack size 8 bytes, stm32f0xx_hal_uart.o(i.HAL_UART_Init))
<BR><BR>[Stack]<UL><LI>Max Depth = 152<LI>Call Chain = HAL_UART_Init &rArr; UART_SetConfig &rArr; HAL_RCC_GetSysClockFreq &rArr; __aeabi_uldivmod &rArr; __aeabi_llsr
</UL>
<BR>[Calls]<UL><LI><a href="#[d9]">&gt;&gt;</a>&nbsp;&nbsp;&nbsp;HAL_UART_MspInit
<LI><a href="#[da]">&gt;&gt;</a>&nbsp;&nbsp;&nbsp;UART_SetConfig
<LI><a href="#[dc]">&gt;&gt;</a>&nbsp;&nbsp;&nbsp;UART_CheckIdleState
<LI><a href="#[db]">&gt;&gt;</a>&nbsp;&nbsp;&nbsp;UART_AdvFeatureConfig
</UL>
<BR>[Called By]<UL><LI><a href="#[8b]">&gt;&gt;</a>&nbsp;&nbsp;&nbsp;BspWifiInit
<LI><a href="#[8c]">&gt;&gt;</a>&nbsp;&nbsp;&nbsp;BspPcInit
<LI><a href="#[84]">&gt;&gt;</a>&nbsp;&nbsp;&nbsp;BspDebugInit
</UL>

<P><STRONG><a name="[d9]"></a>HAL_UART_MspInit</STRONG> (Thumb, 440 bytes, Stack size 32 bytes, stm32f0xx_hal_msp.o(i.HAL_UART_MspInit))
<BR><BR>[Stack]<UL><LI>Max Depth = 52<LI>Call Chain = HAL_UART_MspInit &rArr; HAL_GPIO_Init
</UL>
<BR>[Calls]<UL><LI><a href="#[ab]">&gt;&gt;</a>&nbsp;&nbsp;&nbsp;HAL_GPIO_Init
<LI><a href="#[86]">&gt;&gt;</a>&nbsp;&nbsp;&nbsp;__aeabi_memclr4
</UL>
<BR>[Called By]<UL><LI><a href="#[85]">&gt;&gt;</a>&nbsp;&nbsp;&nbsp;HAL_UART_Init
</UL>

<P><STRONG><a name="[a7]"></a>HAL_UART_Transmit</STRONG> (Thumb, 256 bytes, Stack size 48 bytes, stm32f0xx_hal_uart.o(i.HAL_UART_Transmit))
<BR><BR>[Stack]<UL><LI>Max Depth = 88<LI>Call Chain = HAL_UART_Transmit &rArr; UART_WaitOnFlagUntilTimeout
</UL>
<BR>[Calls]<UL><LI><a href="#[c4]">&gt;&gt;</a>&nbsp;&nbsp;&nbsp;HAL_GetTick
<LI><a href="#[dd]">&gt;&gt;</a>&nbsp;&nbsp;&nbsp;UART_WaitOnFlagUntilTimeout
</UL>
<BR>[Called By]<UL><LI><a href="#[a6]">&gt;&gt;</a>&nbsp;&nbsp;&nbsp;BspPcUartSendPacket
<LI><a href="#[ac]">&gt;&gt;</a>&nbsp;&nbsp;&nbsp;BspWifiUartSendPacket
<LI><a href="#[12c]">&gt;&gt;</a>&nbsp;&nbsp;&nbsp;esp12f_send_string
</UL>

<P><STRONG><a name="[ee]"></a>HalWriteRxTx</STRONG> (Thumb, 2 bytes, Stack size 0 bytes, sx1276_hal.o(i.HalWriteRxTx))
<BR><BR>[Called By]<UL><LI><a href="#[106]">&gt;&gt;</a>&nbsp;&nbsp;&nbsp;SX1276SetAntSw
<LI><a href="#[ef]">&gt;&gt;</a>&nbsp;&nbsp;&nbsp;SX1276AntSwInit
<LI><a href="#[ed]">&gt;&gt;</a>&nbsp;&nbsp;&nbsp;SX1276AntSwDeInit
</UL>

<P><STRONG><a name="[2a]"></a>HardFault_Handler</STRONG> (Thumb, 52 bytes, Stack size 0 bytes, stm32f0xx_it.o(i.HardFault_Handler))
<BR>[Address Reference Count : 1]<UL><LI> startup_stm32f072xb.o(RESET)
</UL>
<P><STRONG><a name="[29]"></a>NMI_Handler</STRONG> (Thumb, 2 bytes, Stack size 0 bytes, stm32f0xx_it.o(i.NMI_Handler))
<BR>[Address Reference Count : 1]<UL><LI> startup_stm32f072xb.o(RESET)
</UL>
<P><STRONG><a name="[de]"></a>OnCadDone</STRONG> (Thumb, 78 bytes, Stack size 8 bytes, sx1276_user.o(i.OnCadDone))
<BR><BR>[Stack]<UL><LI>Max Depth = 240<LI>Call Chain = OnCadDone &rArr; SX1276SetMaxPayloadLength &rArr; SX1276SetModem &rArr; SX1276SetSleep &rArr; SX1276SetOpMode &rArr; SX1276Write &rArr; SX1276WriteBuffer &rArr; SpiTransfer &rArr; SpiInOut &rArr; HAL_SPI_TransmitReceive &rArr; SPI_EndRxTxTransaction &rArr; SPI_WaitFlagStateUntilTimeout
</UL>
<BR>[Calls]<UL><LI><a href="#[df]">&gt;&gt;</a>&nbsp;&nbsp;&nbsp;SX1276SetRx
<LI><a href="#[e1]">&gt;&gt;</a>&nbsp;&nbsp;&nbsp;SX1276StartCad
<LI><a href="#[e0]">&gt;&gt;</a>&nbsp;&nbsp;&nbsp;SX1276SetMaxPayloadLength
<LI><a href="#[e2]">&gt;&gt;</a>&nbsp;&nbsp;&nbsp;spTimerStart
<LI><a href="#[80]">&gt;&gt;</a>&nbsp;&nbsp;&nbsp;__2printf
</UL>
<BR>[Called By]<UL><LI><a href="#[f8]">&gt;&gt;</a>&nbsp;&nbsp;&nbsp;SX1276OnDio0Event
</UL>

<P><STRONG><a name="[e3]"></a>OnRxDone</STRONG> (Thumb, 102 bytes, Stack size 24 bytes, sx1276_user.o(i.OnRxDone))
<BR><BR>[Stack]<UL><LI>Max Depth = 136<LI>Call Chain = OnRxDone &rArr; spTimerStart &rArr; __aeabi_ui2d &rArr; _double_epilogue &rArr; __aeabi_llsr
</UL>
<BR>[Calls]<UL><LI><a href="#[e2]">&gt;&gt;</a>&nbsp;&nbsp;&nbsp;spTimerStart
<LI><a href="#[80]">&gt;&gt;</a>&nbsp;&nbsp;&nbsp;__2printf
</UL>
<BR>[Called By]<UL><LI><a href="#[f8]">&gt;&gt;</a>&nbsp;&nbsp;&nbsp;SX1276OnDio0Event
</UL>

<P><STRONG><a name="[e4]"></a>OnRxError</STRONG> (Thumb, 30 bytes, Stack size 8 bytes, sx1276_user.o(i.OnRxError))
<BR><BR>[Stack]<UL><LI>Max Depth = 120<LI>Call Chain = OnRxError &rArr; spTimerStart &rArr; __aeabi_ui2d &rArr; _double_epilogue &rArr; __aeabi_llsr
</UL>
<BR>[Calls]<UL><LI><a href="#[e2]">&gt;&gt;</a>&nbsp;&nbsp;&nbsp;spTimerStart
<LI><a href="#[80]">&gt;&gt;</a>&nbsp;&nbsp;&nbsp;__2printf
</UL>
<BR>[Called By]<UL><LI><a href="#[f8]">&gt;&gt;</a>&nbsp;&nbsp;&nbsp;SX1276OnDio0Event
</UL>

<P><STRONG><a name="[e5]"></a>OnRxTimeout</STRONG> (Thumb, 30 bytes, Stack size 8 bytes, sx1276_user.o(i.OnRxTimeout))
<BR><BR>[Stack]<UL><LI>Max Depth = 120<LI>Call Chain = OnRxTimeout &rArr; spTimerStart &rArr; __aeabi_ui2d &rArr; _double_epilogue &rArr; __aeabi_llsr
</UL>
<BR>[Calls]<UL><LI><a href="#[e2]">&gt;&gt;</a>&nbsp;&nbsp;&nbsp;spTimerStart
<LI><a href="#[80]">&gt;&gt;</a>&nbsp;&nbsp;&nbsp;__2printf
</UL>
<BR>[Called By]<UL><LI><a href="#[fb]">&gt;&gt;</a>&nbsp;&nbsp;&nbsp;SX1276OnTimeoutEvent
</UL>

<P><STRONG><a name="[e6]"></a>OnTxDone</STRONG> (Thumb, 18 bytes, Stack size 8 bytes, sx1276_user.o(i.OnTxDone))
<BR><BR>[Stack]<UL><LI>Max Depth = 240<LI>Call Chain = OnTxDone &rArr; SX1276SetMaxPayloadLength &rArr; SX1276SetModem &rArr; SX1276SetSleep &rArr; SX1276SetOpMode &rArr; SX1276Write &rArr; SX1276WriteBuffer &rArr; SpiTransfer &rArr; SpiInOut &rArr; HAL_SPI_TransmitReceive &rArr; SPI_EndRxTxTransaction &rArr; SPI_WaitFlagStateUntilTimeout
</UL>
<BR>[Calls]<UL><LI><a href="#[df]">&gt;&gt;</a>&nbsp;&nbsp;&nbsp;SX1276SetRx
<LI><a href="#[e0]">&gt;&gt;</a>&nbsp;&nbsp;&nbsp;SX1276SetMaxPayloadLength
</UL>
<BR>[Called By]<UL><LI><a href="#[f8]">&gt;&gt;</a>&nbsp;&nbsp;&nbsp;SX1276OnDio0Event
</UL>

<P><STRONG><a name="[e7]"></a>OnTxTimeout</STRONG> (Thumb, 30 bytes, Stack size 8 bytes, sx1276_user.o(i.OnTxTimeout))
<BR><BR>[Stack]<UL><LI>Max Depth = 120<LI>Call Chain = OnTxTimeout &rArr; spTimerStart &rArr; __aeabi_ui2d &rArr; _double_epilogue &rArr; __aeabi_llsr
</UL>
<BR>[Calls]<UL><LI><a href="#[e2]">&gt;&gt;</a>&nbsp;&nbsp;&nbsp;spTimerStart
<LI><a href="#[80]">&gt;&gt;</a>&nbsp;&nbsp;&nbsp;__2printf
</UL>
<BR>[Called By]<UL><LI><a href="#[fb]">&gt;&gt;</a>&nbsp;&nbsp;&nbsp;SX1276OnTimeoutEvent
</UL>

<P><STRONG><a name="[129]"></a>OsBufIntoVar16</STRONG> (Thumb, 12 bytes, Stack size 0 bytes, usros.o(i.OsBufIntoVar16))
<BR><BR>[Called By]<UL><LI><a href="#[6a]">&gt;&gt;</a>&nbsp;&nbsp;&nbsp;__AckUpdataLable
<LI><a href="#[64]">&gt;&gt;</a>&nbsp;&nbsp;&nbsp;__AckSetNetPara
<LI><a href="#[65]">&gt;&gt;</a>&nbsp;&nbsp;&nbsp;__AckSetLablePara
</UL>

<P><STRONG><a name="[7e]"></a>OsStrCmp</STRONG> (Thumb, 36 bytes, Stack size 12 bytes, usros.o(i.OsStrCmp))
<BR><BR>[Stack]<UL><LI>Max Depth = 12<LI>Call Chain = OsStrCmp
</UL>
<BR>[Called By]<UL><LI><a href="#[7d]">&gt;&gt;</a>&nbsp;&nbsp;&nbsp;BspDataRecordEvent
</UL>

<P><STRONG><a name="[116]"></a>OsTimeBaseEvent</STRONG> (Thumb, 12 bytes, Stack size 0 bytes, usros.o(i.OsTimeBaseEvent))
<BR><BR>[Called By]<UL><LI><a href="#[2d]">&gt;&gt;</a>&nbsp;&nbsp;&nbsp;SysTick_Handler
</UL>

<P><STRONG><a name="[126]"></a>OsVar16IntoBuf</STRONG> (Thumb, 8 bytes, Stack size 0 bytes, usros.o(i.OsVar16IntoBuf))
<BR><BR>[Called By]<UL><LI><a href="#[62]">&gt;&gt;</a>&nbsp;&nbsp;&nbsp;__AckInqNetInfor
</UL>

<P><STRONG><a name="[b3]"></a>PcSerUartSendPacket</STRONG> (Thumb, 44 bytes, Stack size 16 bytes, decodedatafrompcser.o(i.PcSerUartSendPacket))
<BR><BR>[Stack]<UL><LI>Max Depth = 120<LI>Call Chain = PcSerUartSendPacket &rArr; BspPcUartSendPacket &rArr; HAL_UART_Transmit &rArr; UART_WaitOnFlagUntilTimeout
</UL>
<BR>[Calls]<UL><LI><a href="#[a6]">&gt;&gt;</a>&nbsp;&nbsp;&nbsp;BspPcUartSendPacket
<LI><a href="#[ac]">&gt;&gt;</a>&nbsp;&nbsp;&nbsp;BspWifiUartSendPacket
</UL>
<BR>[Called By]<UL><LI><a href="#[b2]">&gt;&gt;</a>&nbsp;&nbsp;&nbsp;CommLoraRecDatHandler
<LI><a href="#[130]">&gt;&gt;</a>&nbsp;&nbsp;&nbsp;__PassOnCmdToPcSer
<LI><a href="#[127]">&gt;&gt;</a>&nbsp;&nbsp;&nbsp;__SendAckToPcSer
</UL>

<P><STRONG><a name="[2c]"></a>PendSV_Handler</STRONG> (Thumb, 2 bytes, Stack size 0 bytes, stm32f0xx_it.o(i.PendSV_Handler))
<BR>[Address Reference Count : 1]<UL><LI> startup_stm32f072xb.o(RESET)
</UL>
<P><STRONG><a name="[2b]"></a>SVC_Handler</STRONG> (Thumb, 2 bytes, Stack size 0 bytes, stm32f0xx_it.o(i.SVC_Handler))
<BR>[Address Reference Count : 1]<UL><LI> startup_stm32f072xb.o(RESET)
</UL>
<P><STRONG><a name="[ed]"></a>SX1276AntSwDeInit</STRONG> (Thumb, 10 bytes, Stack size 8 bytes, sx1276-board.o(i.SX1276AntSwDeInit))
<BR><BR>[Stack]<UL><LI>Max Depth = 8<LI>Call Chain = SX1276AntSwDeInit
</UL>
<BR>[Calls]<UL><LI><a href="#[ee]">&gt;&gt;</a>&nbsp;&nbsp;&nbsp;HalWriteRxTx
</UL>
<BR>[Called By]<UL><LI><a href="#[107]">&gt;&gt;</a>&nbsp;&nbsp;&nbsp;SX1276SetAntSwLowPower
</UL>

<P><STRONG><a name="[ef]"></a>SX1276AntSwInit</STRONG> (Thumb, 10 bytes, Stack size 8 bytes, sx1276-board.o(i.SX1276AntSwInit))
<BR><BR>[Stack]<UL><LI>Max Depth = 8<LI>Call Chain = SX1276AntSwInit
</UL>
<BR>[Calls]<UL><LI><a href="#[ee]">&gt;&gt;</a>&nbsp;&nbsp;&nbsp;HalWriteRxTx
</UL>
<BR>[Called By]<UL><LI><a href="#[107]">&gt;&gt;</a>&nbsp;&nbsp;&nbsp;SX1276SetAntSwLowPower
</UL>

<P><STRONG><a name="[a0]"></a>SX1276AppInit</STRONG> (Thumb, 126 bytes, Stack size 48 bytes, sx1276_user.o(i.SX1276AppInit))
<BR><BR>[Stack]<UL><LI>Max Depth = 304<LI>Call Chain = SX1276AppInit &rArr; SX1276SetTxConfig &rArr; SX1276SetModem &rArr; SX1276SetSleep &rArr; SX1276SetOpMode &rArr; SX1276Write &rArr; SX1276WriteBuffer &rArr; SpiTransfer &rArr; SpiInOut &rArr; HAL_SPI_TransmitReceive &rArr; SPI_EndRxTxTransaction &rArr; SPI_WaitFlagStateUntilTimeout
</UL>
<BR>[Calls]<UL><LI><a href="#[9a]">&gt;&gt;</a>&nbsp;&nbsp;&nbsp;BspLoraChSet
<LI><a href="#[f3]">&gt;&gt;</a>&nbsp;&nbsp;&nbsp;SX1276SetTxConfig
<LI><a href="#[f2]">&gt;&gt;</a>&nbsp;&nbsp;&nbsp;SX1276SetSyncWord
<LI><a href="#[f4]">&gt;&gt;</a>&nbsp;&nbsp;&nbsp;SX1276SetRxConfig
<LI><a href="#[f1]">&gt;&gt;</a>&nbsp;&nbsp;&nbsp;SX1276SetModem
<LI><a href="#[f0]">&gt;&gt;</a>&nbsp;&nbsp;&nbsp;SX1276Init
<LI><a href="#[80]">&gt;&gt;</a>&nbsp;&nbsp;&nbsp;__2printf
</UL>
<BR>[Called By]<UL><LI><a href="#[8a]">&gt;&gt;</a>&nbsp;&nbsp;&nbsp;BspLoraInit
</UL>

<P><STRONG><a name="[10b]"></a>SX1276GetPaSelect</STRONG> (Thumb, 16 bytes, Stack size 0 bytes, sx1276-board.o(i.SX1276GetPaSelect))
<BR><BR>[Called By]<UL><LI><a href="#[10a]">&gt;&gt;</a>&nbsp;&nbsp;&nbsp;SX1276SetRfTxPower
</UL>

<P><STRONG><a name="[f0]"></a>SX1276Init</STRONG> (Thumb, 100 bytes, Stack size 8 bytes, sx1276.o(i.SX1276Init))
<BR><BR>[Stack]<UL><LI>Max Depth = 248<LI>Call Chain = SX1276Init &rArr; RxChainCalibration &rArr; SX1276SetFreq &rArr; SX1276Write &rArr; SX1276WriteBuffer &rArr; SpiTransfer &rArr; SpiInOut &rArr; HAL_SPI_TransmitReceive &rArr; SPI_EndRxTxTransaction &rArr; SPI_WaitFlagStateUntilTimeout
</UL>
<BR>[Calls]<UL><LI><a href="#[f5]">&gt;&gt;</a>&nbsp;&nbsp;&nbsp;TimerRegister
<LI><a href="#[ea]">&gt;&gt;</a>&nbsp;&nbsp;&nbsp;SX1276Write
<LI><a href="#[f7]">&gt;&gt;</a>&nbsp;&nbsp;&nbsp;SX1276SetOpMode
<LI><a href="#[f1]">&gt;&gt;</a>&nbsp;&nbsp;&nbsp;SX1276SetModem
<LI><a href="#[f6]">&gt;&gt;</a>&nbsp;&nbsp;&nbsp;SX1276Reset
<LI><a href="#[e8]">&gt;&gt;</a>&nbsp;&nbsp;&nbsp;RxChainCalibration
</UL>
<BR>[Called By]<UL><LI><a href="#[a0]">&gt;&gt;</a>&nbsp;&nbsp;&nbsp;SX1276AppInit
</UL>

<P><STRONG><a name="[f8]"></a>SX1276OnDio0Event</STRONG> (Thumb, 426 bytes, Stack size 24 bytes, sx1276.o(i.SX1276OnDio0Event))
[...]
<LI><a href="#[65]">&gt;&gt;</a>&nbsp;&nbsp;&nbsp;__AckSetLablePara
<LI><a href="#[63]">&gt;&gt;</a>&nbsp;&nbsp;&nbsp;__AckInqLableInfor
<LI><a href="#[69]">&gt;&gt;</a>&nbsp;&nbsp;&nbsp;__AckCtrlLabDis
<LI><a href="#[68]">&gt;&gt;</a>&nbsp;&nbsp;&nbsp;__AckCtrlLab
<LI><a href="#[67]">&gt;&gt;</a>&nbsp;&nbsp;&nbsp;__AckClrLabLED
</UL>

<P><STRONG><a name="[130]"></a>__PassOnCmdToPcSer</STRONG> (Thumb, 88 bytes, Stack size 280 bytes, decodedatafrompcser.o(i.__PassOnCmdToPcSer))
<BR><BR>[Stack]<UL><LI>Max Depth = 400<LI>Call Chain = __PassOnCmdToPcSer &rArr; PcSerUartSendPacket &rArr; BspPcUartSendPacket &rArr; HAL_UART_Transmit &rArr; UART_WaitOnFlagUntilTimeout
</UL>
<BR>[Calls]<UL><LI><a href="#[ba]">&gt;&gt;</a>&nbsp;&nbsp;&nbsp;__CrcCheck1021
<LI><a href="#[b3]">&gt;&gt;</a>&nbsp;&nbsp;&nbsp;PcSerUartSendPacket
<LI><a href="#[86]">&gt;&gt;</a>&nbsp;&nbsp;&nbsp;__aeabi_memclr4
<LI><a href="#[88]">&gt;&gt;</a>&nbsp;&nbsp;&nbsp;__aeabi_memcpy
</UL>
<BR>[Called By]<UL><LI><a href="#[61]">&gt;&gt;</a>&nbsp;&nbsp;&nbsp;__ToPcSerReSendRegAddr
</UL>

<P><STRONG><a name="[61]"></a>__ToPcSerReSendRegAddr</STRONG> (Thumb, 18 bytes, Stack size 16 bytes, decodedatafrompcser.o(i.__ToPcSerReSendRegAddr))
<BR><BR>[Stack]<UL><LI>Max Depth = 416<LI>Call Chain = __ToPcSerReSendRegAddr &rArr; __PassOnCmdToPcSer &rArr; PcSerUartSendPacket &rArr; BspPcUartSendPacket &rArr; HAL_UART_Transmit &rArr; UART_WaitOnFlagUntilTimeout
</UL>
<BR>[Calls]<UL><LI><a href="#[130]">&gt;&gt;</a>&nbsp;&nbsp;&nbsp;__PassOnCmdToPcSer
</UL>
<BR>[Address Reference Count : 1]<UL><LI> decodedatafrompcser.o(.constdata)
</UL>
<P><STRONG><a name="[e8]"></a>RxChainCalibration</STRONG> (Thumb, 174 bytes, Stack size 40 bytes, sx1276.o(i.RxChainCalibration))
<BR><BR>[Stack]<UL><LI>Max Depth = 240<LI>Call Chain = RxChainCalibration &rArr; SX1276SetFreq &rArr; SX1276Write &rArr; SX1276WriteBuffer &rArr; SpiTransfer &rArr; SpiInOut &rArr; HAL_SPI_TransmitReceive &rArr; SPI_EndRxTxTransaction &rArr; SPI_WaitFlagStateUntilTimeout
</UL>
<BR>[Calls]<UL><LI><a href="#[9b]">&gt;&gt;</a>&nbsp;&nbsp;&nbsp;SX1276SetFreq
<LI><a href="#[79]">&gt;&gt;</a>&nbsp;&nbsp;&nbsp;__aeabi_ui2d
<LI><a href="#[75]">&gt;&gt;</a>&nbsp;&nbsp;&nbsp;__aeabi_dmul
<LI><a href="#[7a]">&gt;&gt;</a>&nbsp;&nbsp;&nbsp;__aeabi_d2uiz
<LI><a href="#[ea]">&gt;&gt;</a>&nbsp;&nbsp;&nbsp;SX1276Write
<LI><a href="#[e9]">&gt;&gt;</a>&nbsp;&nbsp;&nbsp;SX1276Read
</UL>
<BR>[Called By]<UL><LI><a href="#[fb]">&gt;&gt;</a>&nbsp;&nbsp;&nbsp;SX1276OnTimeoutEvent
<LI><a href="#[f0]">&gt;&gt;</a>&nbsp;&nbsp;&nbsp;SX1276Init
</UL>

<P><STRONG><a name="[51]"></a>__SX1276OnTimeoutIrq</STRONG> (Thumb, 16 bytes, Stack size 8 bytes, sx1276.o(i.__SX1276OnTimeoutIrq))
<BR><BR>[Stack]<UL><LI>Max Depth = 32<LI>Call Chain = __SX1276OnTimeoutIrq &rArr; __2printf
</UL>
<BR>[Calls]<UL><LI><a href="#[80]">&gt;&gt;</a>&nbsp;&nbsp;&nbsp;__2printf
</UL>
<BR>[Address Reference Count : 1]<UL><LI> sx1276.o(i.SX1276Init)
</UL>
<P><STRONG><a name="[11c]"></a>TimerExists</STRONG> (Thumb, 32 bytes, Stack size 0 bytes, sx1276_timer.o(i.TimerExists))
<BR><BR>[Called By]<UL><LI><a href="#[11b]">&gt;&gt;</a>&nbsp;&nbsp;&nbsp;TimerListInsert
</UL>

<P><STRONG><a name="[118]"></a>TimerListChangPeriod</STRONG> (Thumb, 26 bytes, Stack size 0 bytes, sx1276_timer.o(i.TimerListChangPeriod))
<BR><BR>[Called By]<UL><LI><a href="#[10d]">&gt;&gt;</a>&nbsp;&nbsp;&nbsp;TimerChangePeriod
</UL>

<P><STRONG><a name="[119]"></a>TimerListInit</STRONG> (Thumb, 34 bytes, Stack size 8 bytes, sx1276_timer.o(i.TimerListInit))
<BR><BR>[Stack]<UL><LI>Max Depth = 28<LI>Call Chain = TimerListInit &rArr; malloc
</UL>
<BR>[Calls]<UL><LI><a href="#[11a]">&gt;&gt;</a>&nbsp;&nbsp;&nbsp;malloc
</UL>
<BR>[Called By]<UL><LI><a href="#[f5]">&gt;&gt;</a>&nbsp;&nbsp;&nbsp;TimerRegister
</UL>

<P><STRONG><a name="[11b]"></a>TimerListInsert</STRONG> (Thumb, 58 bytes, Stack size 16 bytes, sx1276_timer.o(i.TimerListInsert))
<BR><BR>[Stack]<UL><LI>Max Depth = 16<LI>Call Chain = TimerListInsert
</UL>
<BR>[Calls]<UL><LI><a href="#[11c]">&gt;&gt;</a>&nbsp;&nbsp;&nbsp;TimerExists
</UL>
<BR>[Called By]<UL><LI><a href="#[f5]">&gt;&gt;</a>&nbsp;&nbsp;&nbsp;TimerRegister
</UL>

<P><STRONG><a name="[11d]"></a>TimerListLoop</STRONG> (Thumb, 66 bytes, Stack size 16 bytes, sx1276_timer.o(i.TimerListLoop))
<BR><BR>[Stack]<UL><LI>Max Depth = 16<LI>Call Chain = TimerListLoop
</UL>
<BR>[Called By]<UL><LI><a href="#[113]">&gt;&gt;</a>&nbsp;&nbsp;&nbsp;TimerLoop
</UL>

<P><STRONG><a name="[11e]"></a>TimerListTimerReset</STRONG> (Thumb, 28 bytes, Stack size 0 bytes, sx1276_timer.o(i.TimerListTimerReset))
<BR><BR>[Called By]<UL><LI><a href="#[10e]">&gt;&gt;</a>&nbsp;&nbsp;&nbsp;TimerStart
</UL>

<P><STRONG><a name="[11f]"></a>TimerListTimerStart</STRONG> (Thumb, 28 bytes, Stack size 0 bytes, sx1276_timer.o(i.TimerListTimerStart))
<BR><BR>[Called By]<UL><LI><a href="#[10e]">&gt;&gt;</a>&nbsp;&nbsp;&nbsp;TimerStart
</UL>

<P><STRONG><a name="[120]"></a>TimerListTimerStop</STRONG> (Thumb, 28 bytes, Stack size 0 bytes, sx1276_timer.o(i.TimerListTimerStop))
<BR><BR>[Called By]<UL><LI><a href="#[f9]">&gt;&gt;</a>&nbsp;&nbsp;&nbsp;TimerStop
</UL>

<P><STRONG><a name="[136]"></a>_getTaskNum</STRONG> (Thumb, 34 bytes, Stack size 0 bytes, stask.o(i._getTaskNum))
<BR><BR>[Called By]<UL><LI><a href="#[a2]">&gt;&gt;</a>&nbsp;&nbsp;&nbsp;spTaskStart
</UL>

<P><STRONG><a name="[d]"></a>_task_scan_radio_cb</STRONG> (Thumb, 10 bytes, Stack size 8 bytes, stask.o(i._task_scan_radio_cb))
<BR><BR>[Stack]<UL><LI>Max Depth = 280<LI>Call Chain = _task_scan_radio_cb &rArr; SX1276Task &rArr; SX1276OnDio0Event &rArr; OnTxDone &rArr; SX1276SetMaxPayloadLength &rArr; SX1276SetModem &rArr; SX1276SetSleep &rArr; SX1276SetOpMode &rArr; SX1276Write &rArr; SX1276WriteBuffer &rArr; SpiTransfer &rArr; SpiInOut &rArr; HAL_SPI_TransmitReceive &rArr; SPI_EndRxTxTransaction &rArr; SPI_WaitFlagStateUntilTimeout
</UL>
<BR>[Calls]<UL><LI><a href="#[10f]">&gt;&gt;</a>&nbsp;&nbsp;&nbsp;SX1276Task
</UL>
<BR>[Address Reference Count : 1]<UL><LI> stask.o(.data)
</UL>
<P><STRONG><a name="[e]"></a>_task_send_data_cb</STRONG> (Thumb, 18 bytes, Stack size 8 bytes, stask.o(i._task_send_data_cb))
<BR><BR>[Stack]<UL><LI>Max Depth = 240<LI>Call Chain = _task_send_data_cb &rArr; SX1276Send &rArr; SX1276SetTx &rArr; SX1276SetOpMode &rArr; SX1276Write &rArr; SX1276WriteBuffer &rArr; SpiTransfer &rArr; SpiInOut &rArr; HAL_SPI_TransmitReceive &rArr; SPI_EndRxTxTransaction &rArr; SPI_WaitFlagStateUntilTimeout
</UL>
<BR>[Calls]<UL><LI><a href="#[101]">&gt;&gt;</a>&nbsp;&nbsp;&nbsp;SX1276Send
</UL>
<BR>[Address Reference Count : 1]<UL><LI> stask.o(.data)
</UL>
<P><STRONG><a name="[c]"></a>_task_soft_timer_cb</STRONG> (Thumb, 12 bytes, Stack size 8 bytes, stask.o(i._task_soft_timer_cb))
<BR><BR>[Stack]<UL><LI>Max Depth = 24<LI>Call Chain = _task_soft_timer_cb &rArr; spTimerTaskScheduler
</UL>
<BR>[Calls]<UL><LI><a href="#[133]">&gt;&gt;</a>&nbsp;&nbsp;&nbsp;spTimerTaskScheduler
</UL>
<BR>[Address Reference Count : 1]<UL><LI> stask.o(.data)
</UL>
<P><STRONG><a name="[11]"></a>__TimerRecCb</STRONG> (Thumb, 20 bytes, Stack size 8 bytes, stimer.o(i.__TimerRecCb))
<BR><BR>[Stack]<UL><LI>Max Depth = 240<LI>Call Chain = __TimerRecCb &rArr; SX1276SetMaxPayloadLength &rArr; SX1276SetModem &rArr; SX1276SetSleep &rArr; SX1276SetOpMode &rArr; SX1276Write &rArr; SX1276WriteBuffer &rArr; SpiTransfer &rArr; SpiInOut &rArr; HAL_SPI_TransmitReceive &rArr; SPI_EndRxTxTransaction &rArr; SPI_WaitFlagStateUntilTimeout
</UL>
<BR>[Calls]<UL><LI><a href="#[df]">&gt;&gt;</a>&nbsp;&nbsp;&nbsp;SX1276SetRx
<LI><a href="#[e0]">&gt;&gt;</a>&nbsp;&nbsp;&nbsp;SX1276SetMaxPayloadLength
</UL>
<BR>[Address Reference Count : 1]<UL><LI> stimer.o(.data)
</UL>
<P><STRONG><a name="[138]"></a>_getTimerTaskNum</STRONG> (Thumb, 34 bytes, Stack size 0 bytes, stimer.o(i._getTimerTaskNum))
<BR><BR>[Called By]<UL><LI><a href="#[e2]">&gt;&gt;</a>&nbsp;&nbsp;&nbsp;spTimerStart
</UL>

<P><STRONG><a name="[f]"></a>_timer_period_test_cb</STRONG> (Thumb, 2 bytes, Stack size 0 bytes, stimer.o(i._timer_period_test_cb))
<BR>[Address Reference Count : 1]<UL><LI> stimer.o(.data)
</UL>
<P><STRONG><a name="[10]"></a>_timer_sleep_cb</STRONG> (Thumb, 10 bytes, Stack size 8 bytes, stimer.o(i._timer_sleep_cb))
<BR><BR>[Stack]<UL><LI>Max Depth = 208<LI>Call Chain = _timer_sleep_cb &rArr; SX1276SetSleep &rArr; SX1276SetOpMode &rArr; SX1276Write &rArr; SX1276WriteBuffer &rArr; SpiTransfer &rArr; SpiInOut &rArr; HAL_SPI_TransmitReceive &rArr; SPI_EndRxTxTransaction &rArr; SPI_WaitFlagStateUntilTimeout
</UL>
<BR>[Calls]<UL><LI><a href="#[108]">&gt;&gt;</a>&nbsp;&nbsp;&nbsp;SX1276SetSleep
</UL>
<BR>[Address Reference Count : 1]<UL><LI> stimer.o(.data)
</UL>
<P><STRONG><a name="[19]"></a>__ESP12F_AutoConn_DISABLE</STRONG> (Thumb, 28 bytes, Stack size 8 bytes, esp12f.o(i.__ESP12F_AutoConn_DISABLE))
<BR><BR>[Stack]<UL><LI>Max Depth = 104<LI>Call Chain = __ESP12F_AutoConn_DISABLE &rArr; esp12f_send_string &rArr; HAL_UART_Transmit &rArr; UART_WaitOnFlagUntilTimeout
</UL>
<BR>[Calls]<UL><LI><a href="#[12c]">&gt;&gt;</a>&nbsp;&nbsp;&nbsp;esp12f_send_string
</UL>
<BR>[Address Reference Count : 1]<UL><LI> esp12f.o(.data)
</UL>
<P><STRONG><a name="[1a]"></a>__ESP12F_AutoConn_DISABLE_DelayForReady</STRONG> (Thumb, 16 bytes, Stack size 8 bytes, esp12f.o(i.__ESP12F_AutoConn_DISABLE_DelayForReady))
<BR><BR>[Stack]<UL><LI>Max Depth = 36<LI>Call Chain = __ESP12F_AutoConn_DISABLE_DelayForReady &rArr; esp12f_cmd_wait_ack &rArr; strstr
</UL>
<BR>[Calls]<UL><LI><a href="#[12d]">&gt;&gt;</a>&nbsp;&nbsp;&nbsp;esp12f_cmd_wait_ack
</UL>
<BR>[Address Reference Count : 1]<UL><LI> esp12f.o(.data)
</UL>
<P><STRONG><a name="[24]"></a>__ESP12F_ExitUnvarnishSend</STRONG> (Thumb, 62 bytes, Stack size 8 bytes, esp12f.o(i.__ESP12F_ExitUnvarnishSend))
<BR><BR>[Stack]<UL><LI>Max Depth = 104<LI>Call Chain = __ESP12F_ExitUnvarnishSend &rArr; esp12f_send_string &rArr; HAL_UART_Transmit &rArr; UART_WaitOnFlagUntilTimeout
</UL>
<BR>[Calls]<UL><LI><a href="#[a9]">&gt;&gt;</a>&nbsp;&nbsp;&nbsp;SystemDelay
<LI><a href="#[12c]">&gt;&gt;</a>&nbsp;&nbsp;&nbsp;esp12f_send_string
</UL>
<BR>[Address Reference Count : 1]<UL><LI> esp12f.o(.data)
</UL>
<P><STRONG><a name="[25]"></a>__ESP12F_ExitUnvarnishSend_DelayForReady</STRONG> (Thumb, 56 bytes, Stack size 8 bytes, esp12f.o(i.__ESP12F_ExitUnvarnishSend_DelayForReady))
<BR><BR>[Stack]<UL><LI>Max Depth = 8<LI>Call Chain = __ESP12F_ExitUnvarnishSend_DelayForReady
</UL>
<BR>[Calls]<UL><LI><a href="#[a9]">&gt;&gt;</a>&nbsp;&nbsp;&nbsp;SystemDelay
</UL>
<BR>[Address Reference Count : 1]<UL><LI> esp12f.o(.data)
</UL>
<P><STRONG><a name="[26]"></a>__ESP12F_Get_LinkStatus</STRONG> (Thumb, 28 bytes, Stack size 8 bytes, esp12f.o(i.__ESP12F_Get_LinkStatus))
<BR><BR>[Stack]<UL><LI>Max Depth = 104<LI>Call Chain = __ESP12F_Get_LinkStatus &rArr; esp12f_send_string &rArr; HAL_UART_Transmit &rArr; UART_WaitOnFlagUntilTimeout
</UL>
<BR>[Calls]<UL><LI><a href="#[12c]">&gt;&gt;</a>&nbsp;&nbsp;&nbsp;esp12f_send_string
</UL>
<BR>[Address Reference Count : 1]<UL><LI> esp12f.o(.data)
</UL>
<P><STRONG><a name="[27]"></a>__ESP12F_Get_LinkStatus_DelayForReady</STRONG> (Thumb, 46 bytes, Stack size 8 bytes, esp12f.o(i.__ESP12F_Get_LinkStatus_DelayForReady))
<BR><BR>[Stack]<UL><LI>Max Depth = 36<LI>Call Chain = __ESP12F_Get_LinkStatus_DelayForReady &rArr; esp12f_cmd_wait_ack &rArr; strstr
</UL>
<BR>[Calls]<UL><LI><a href="#[c1]">&gt;&gt;</a>&nbsp;&nbsp;&nbsp;strstr
<LI><a href="#[12d]">&gt;&gt;</a>&nbsp;&nbsp;&nbsp;esp12f_cmd_wait_ack
</UL>
<BR>[Address Reference Count : 1]<UL><LI> esp12f.o(.data)
</UL>
<P><STRONG><a name="[17]"></a>__ESP12F_JoinAP</STRONG> (Thumb, 44 bytes, Stack size 128 bytes, esp12f.o(i.__ESP12F_JoinAP))
<BR><BR>[Stack]<UL><LI>Max Depth = 224<LI>Call Chain = __ESP12F_JoinAP &rArr; esp12f_send_string &rArr; HAL_UART_Transmit &rArr; UART_WaitOnFlagUntilTimeout
</UL>
<BR>[Calls]<UL><LI><a href="#[12c]">&gt;&gt;</a>&nbsp;&nbsp;&nbsp;esp12f_send_string
<LI><a href="#[12e]">&gt;&gt;</a>&nbsp;&nbsp;&nbsp;__2sprintf
</UL>
<BR>[Address Reference Count : 1]<UL><LI> esp12f.o(.data)
</UL>
<P><STRONG><a name="[18]"></a>__ESP12F_JoinAP_DelayForReady</STRONG> (Thumb, 14 bytes, Stack size 8 bytes, esp12f.o(i.__ESP12F_JoinAP_DelayForReady))
<BR><BR>[Stack]<UL><LI>Max Depth = 36<LI>Call Chain = __ESP12F_JoinAP_DelayForReady &rArr; esp12f_cmd_wait_ack &rArr; strstr
</UL>
<BR>[Calls]<UL><LI><a href="#[12d]">&gt;&gt;</a>&nbsp;&nbsp;&nbsp;esp12f_cmd_wait_ack
</UL>
<BR>[Address Reference Count : 1]<UL><LI> esp12f.o(.data)
</UL>
<P><STRONG><a name="[1d]"></a>__ESP12F_Link_Server</STRONG> (Thumb, 60 bytes, Stack size 136 bytes, esp12f.o(i.__ESP12F_Link_Server))
<BR><BR>[Stack]<UL><LI>Max Depth = 232<LI>Call Chain = __ESP12F_Link_Server &rArr; esp12f_send_string &rArr; HAL_UART_Transmit &rArr; UART_WaitOnFlagUntilTimeout
</UL>
<BR>[Calls]<UL><LI><a href="#[72]">&gt;&gt;</a>&nbsp;&nbsp;&nbsp;__aeabi_memclr
<LI><a href="#[12c]">&gt;&gt;</a>&nbsp;&nbsp;&nbsp;esp12f_send_string
<LI><a href="#[12e]">&gt;&gt;</a>&nbsp;&nbsp;&nbsp;__2sprintf
</UL>
<BR>[Address Reference Count : 1]<UL><LI> esp12f.o(.data)
</UL>
<P><STRONG><a name="[1e]"></a>__ESP12F_Link_Server_DelayForReady</STRONG> (Thumb, 16 bytes, Stack size 8 bytes, esp12f.o(i.__ESP12F_Link_Server_DelayForReady))
<BR><BR>[Stack]<UL><LI>Max Depth = 36<LI>Call Chain = __ESP12F_Link_Server_DelayForReady &rArr; esp12f_cmd_wait_ack &rArr; strstr
</UL>
<BR>[Calls]<UL><LI><a href="#[12d]">&gt;&gt;</a>&nbsp;&nbsp;&nbsp;esp12f_cmd_wait_ack
</UL>
<BR>[Address Reference Count : 1]<UL><LI> esp12f.o(.data)
</UL>
<P><STRONG><a name="[14]"></a>__ESP12F_RESET_DelayForReady</STRONG> (Thumb, 56 bytes, Stack size 8 bytes, esp12f.o(i.__ESP12F_RESET_DelayForReady))
<BR><BR>[Stack]<UL><LI>Max Depth = 8<LI>Call Chain = __ESP12F_RESET_DelayForReady
</UL>
<BR>[Calls]<UL><LI><a href="#[a9]">&gt;&gt;</a>&nbsp;&nbsp;&nbsp;SystemDelay
</UL>
<BR>[Address Reference Count : 1]<UL><LI> esp12f.o(.data)
</UL>
<P><STRONG><a name="[13]"></a>__ESP12F_RESET_HIGH</STRONG> (Thumb, 68 bytes, Stack size 8 bytes, esp12f.o(i.__ESP12F_RESET_HIGH))
<BR><BR>[Stack]<UL><LI>Max Depth = 8<LI>Call Chain = __ESP12F_RESET_HIGH
</UL>
<BR>[Calls]<UL><LI><a href="#[a9]">&gt;&gt;</a>&nbsp;&nbsp;&nbsp;SystemDelay
<LI><a href="#[109]">&gt;&gt;</a>&nbsp;&nbsp;&nbsp;HAL_GPIO_WritePin
</UL>
<BR>[Address Reference Count : 1]<UL><LI> esp12f.o(.data)
</UL>
<P><STRONG><a name="[12]"></a>__ESP12F_RESET_LOW</STRONG> (Thumb, 28 bytes, Stack size 8 bytes, esp12f.o(i.__ESP12F_RESET_LOW))
<BR><BR>[Stack]<UL><LI>Max Depth = 8<LI>Call Chain = __ESP12F_RESET_LOW
</UL>
<BR>[Calls]<UL><LI><a href="#[109]">&gt;&gt;</a>&nbsp;&nbsp;&nbsp;HAL_GPIO_WritePin
</UL>
<BR>[Address Reference Count : 1]<UL><LI> esp12f.o(.data)
</UL>
<P><STRONG><a name="[1b]"></a>__ESP12F_SINGLE_ID_SET</STRONG> (Thumb, 28 bytes, Stack size 8 bytes, esp12f.o(i.__ESP12F_SINGLE_ID_SET))
<BR><BR>[Stack]<UL><LI>Max Depth = 104<LI>Call Chain = __ESP12F_SINGLE_ID_SET &rArr; esp12f_send_string &rArr; HAL_UART_Transmit &rArr; UART_WaitOnFlagUntilTimeout
</UL>
<BR>[Calls]<UL><LI><a href="#[12c]">&gt;&gt;</a>&nbsp;&nbsp;&nbsp;esp12f_send_string
</UL>
<BR>[Address Reference Count : 1]<UL><LI> esp12f.o(.data)
</UL>
<P><STRONG><a name="[1c]"></a>__ESP12F_SINGLE_ID_SET_DelayForReady</STRONG> (Thumb, 16 bytes, Stack size 8 bytes, esp12f.o(i.__ESP12F_SINGLE_ID_SET_DelayForReady))
<BR><BR>[Stack]<UL><LI>Max Depth = 36<LI>Call Chain = __ESP12F_SINGLE_ID_SET_DelayForReady &rArr; esp12f_cmd_wait_ack &rArr; strstr
</UL>
<BR>[Calls]<UL><LI><a href="#[12d]">&gt;&gt;</a>&nbsp;&nbsp;&nbsp;esp12f_cmd_wait_ack
</UL>
<BR>[Address Reference Count : 1]<UL><LI> esp12f.o(.data)
</UL>
<P><STRONG><a name="[15]"></a>__ESP12F_STA_Mode_SET</STRONG> (Thumb, 28 bytes, Stack size 8 bytes, esp12f.o(i.__ESP12F_STA_Mode_SET))
<BR><BR>[Stack]<UL><LI>Max Depth = 104<LI>Call Chain = __ESP12F_STA_Mode_SET &rArr; esp12f_send_string &rArr; HAL_UART_Transmit &rArr; UART_WaitOnFlagUntilTimeout
</UL>
<BR>[Calls]<UL><LI><a href="#[12c]">&gt;&gt;</a>&nbsp;&nbsp;&nbsp;esp12f_send_string
</UL>
<BR>[Address Reference Count : 1]<UL><LI> esp12f.o(.data)
</UL>
<P><STRONG><a name="[16]"></a>__ESP12F_STA_Mode_SET_DelayForReady</STRONG> (Thumb, 14 bytes, Stack size 8 bytes, esp12f.o(i.__ESP12F_STA_Mode_SET_DelayForReady))
<BR><BR>[Stack]<UL><LI>Max Depth = 36<LI>Call Chain = __ESP12F_STA_Mode_SET_DelayForReady &rArr; esp12f_cmd_wait_ack &rArr; strstr
</UL>
<BR>[Calls]<UL><LI><a href="#[12d]">&gt;&gt;</a>&nbsp;&nbsp;&nbsp;esp12f_cmd_wait_ack
</UL>
<BR>[Address Reference Count : 1]<UL><LI> esp12f.o(.data)
</UL>
<P><STRONG><a name="[21]"></a>__ESP12F_UnvarnishSend</STRONG> (Thumb, 28 bytes, Stack size 8 bytes, esp12f.o(i.__ESP12F_UnvarnishSend))
<BR><BR>[Stack]<UL><LI>Max Depth = 104<LI>Call Chain = __ESP12F_UnvarnishSend &rArr; esp12f_send_string &rArr; HAL_UART_Transmit &rArr; UART_WaitOnFlagUntilTimeout
</UL>
<BR>[Calls]<UL><LI><a href="#[12c]">&gt;&gt;</a>&nbsp;&nbsp;&nbsp;esp12f_send_string
</UL>
<BR>[Address Reference Count : 1]<UL><LI> esp12f.o(.data)
</UL>
<P><STRONG><a name="[1f]"></a>__ESP12F_UnvarnishSendMode_SET</STRONG> (Thumb, 28 bytes, Stack size 8 bytes, esp12f.o(i.__ESP12F_UnvarnishSendMode_SET))
<BR><BR>[Stack]<UL><LI>Max Depth = 104<LI>Call Chain = __ESP12F_UnvarnishSendMode_SET &rArr; esp12f_send_string &rArr; HAL_UART_Transmit &rArr; UART_WaitOnFlagUntilTimeout
</UL>
<BR>[Calls]<UL><LI><a href="#[12c]">&gt;&gt;</a>&nbsp;&nbsp;&nbsp;esp12f_send_string
</UL>
<BR>[Address Reference Count : 1]<UL><LI> esp12f.o(.data)
</UL>
<P><STRONG><a name="[20]"></a>__ESP12F_UnvarnishSendMode_SET_DelayForReady</STRONG> (Thumb, 16 bytes, Stack size 8 bytes, esp12f.o(i.__ESP12F_UnvarnishSendMode_SET_DelayForReady))
<BR><BR>[Stack]<UL><LI>Max Depth = 36<LI>Call Chain = __ESP12F_UnvarnishSendMode_SET_DelayForReady &rArr; esp12f_cmd_wait_ack &rArr; strstr
</UL>
<BR>[Calls]<UL><LI><a href="#[12d]">&gt;&gt;</a>&nbsp;&nbsp;&nbsp;esp12f_cmd_wait_ack
</UL>
<BR>[Address Reference Count : 1]<UL><LI> esp12f.o(.data)
</UL>
<P><STRONG><a name="[22]"></a>__ESP12F_UnvarnishSend_DelayForReady</STRONG> (Thumb, 16 bytes, Stack size 8 bytes, esp12f.o(i.__ESP12F_UnvarnishSend_DelayForReady))
<BR><BR>[Stack]<UL><LI>Max Depth = 36<LI>Call Chain = __ESP12F_UnvarnishSend_DelayForReady &rArr; esp12f_cmd_wait_ack &rArr; strstr
</UL>
<BR>[Calls]<UL><LI><a href="#[12d]">&gt;&gt;</a>&nbsp;&nbsp;&nbsp;esp12f_cmd_wait_ack
</UL>
<BR>[Address Reference Count : 1]<UL><LI> esp12f.o(.data)
</UL>
<P><STRONG><a name="[23]"></a>__Wait_Branch_State</STRONG> (Thumb, 24 bytes, Stack size 0 bytes, esp12f.o(i.__Wait_Branch_State))
<BR>[Address Reference Count : 1]<UL><LI> esp12f.o(.data)
</UL>
<P><STRONG><a name="[122]"></a>_printf_core</STRONG> (Thumb, 1020 bytes, Stack size 104 bytes, printf8.o(i._printf_core), UNUSED)
<BR><BR>[Calls]<UL><LI><a href="#[6f]">&gt;&gt;</a>&nbsp;&nbsp;&nbsp;__aeabi_uldivmod
<LI><a href="#[131]">&gt;&gt;</a>&nbsp;&nbsp;&nbsp;_printf_pre_padding
<LI><a href="#[132]">&gt;&gt;</a>&nbsp;&nbsp;&nbsp;_printf_post_padding
</UL>
<BR>[Called By]<UL><LI><a href="#[123]">&gt;&gt;</a>&nbsp;&nbsp;&nbsp;__0sprintf$8
<LI><a href="#[121]">&gt;&gt;</a>&nbsp;&nbsp;&nbsp;__0printf$8
</UL>

<P><STRONG><a name="[132]"></a>_printf_post_padding</STRONG> (Thumb, 32 bytes, Stack size 24 bytes, printf8.o(i._printf_post_padding), UNUSED)
<BR><BR>[Called By]<UL><LI><a href="#[122]">&gt;&gt;</a>&nbsp;&nbsp;&nbsp;_printf_core
</UL>

<P><STRONG><a name="[131]"></a>_printf_pre_padding</STRONG> (Thumb, 44 bytes, Stack size 40 bytes, printf8.o(i._printf_pre_padding), UNUSED)
<BR><BR>[Called By]<UL><LI><a href="#[122]">&gt;&gt;</a>&nbsp;&nbsp;&nbsp;_printf_core
</UL>

<P><STRONG><a name="[53]"></a>_sputc</STRONG> (Thumb, 10 bytes, Stack size 0 bytes, printf8.o(i._sputc))
<BR><BR>[Called By]<UL><LI><a href="#[123]">&gt;&gt;</a>&nbsp;&nbsp;&nbsp;__0sprintf$8
</UL>
<BR>[Address Reference Count : 1]<UL><LI> printf8.o(i.__0sprintf$8)
</UL><P>
<H3>
Undefined Global Symbols
</H3><HR></body></html>
