<html>
<body>
<pre>
<h1>µVision Build Log</h1>
<h2>Tool Versions:</h2>
IDE-Version: ¦ÌVision V5.38.0.0
Copyright (C) 2022 ARM Ltd and ARM Germany GmbH. All rights reserved.
License Information: 1 11, 1, LIC=LSNXV-P5C0N-DYFV3-AXUJ3-IWFZM-8V29J
 
Tool Versions:
Toolchain:       MDK-ARM Plus  Version: 5.38.0.0
Toolchain Path:  D:\Software\Keil\Keil_MDK\Core\ARM\ARMCLANG\Bin
C Compiler:      ArmClang.exe V6.19
Assembler:       Armasm.exe V6.19
Linker/Locator:  ArmLink.exe V6.19
Library Manager: ArmAr.exe V6.19
Hex Converter:   FromElf.exe V6.19
CPU DLL:         SARMCM3.DLL V5.38.0.0
Dialog DLL:      DARMCM1.DLL V1.19.6.0
Target DLL:      STLink\ST-LINKIII-KEIL_SWO.dll V3.1.0.0
Dialog DLL:      TARMCM1.DLL V1.14.6.0
 
<h2>Project:</h2>
D:\Document\Project\Warehouse\Lishuhua\Code\Code_20231114A\Gateway\BootLoader\MDK-ARM\BootLoader.uvprojx
Project File Date:  09/09/2023

<h2>Output:</h2>
*** Using Compiler 'V6.19', folder: 'D:\Software\Keil\Keil_MDK\Core\ARM\ARMCLANG\Bin'
Rebuild target 'BootLoader'
assembling startup_stm32f072xb.s...
compiling stm32f0xx_hal.c...
compiling stm32f0xx_it.c...
compiling stm32f0xx_hal_msp.c...
compiling stm32f0xx_hal_pwr_ex.c...
compiling usrOs.c...
compiling stm32f0xx_hal_pwr.c...
compiling stm32f0xx_hal_flash.c...
compiling main.c...
compiling stm32f0xx_hal_cortex.c...
compiling stm32f0xx_hal_gpio.c...
compiling stm32f0xx_hal_flash_ex.c...
compiling stm32f0xx_hal_rcc.c...
compiling stm32f0xx_hal_rcc_ex.c...
compiling stm32f0xx_hal_spi_ex.c...
compiling stm32f0xx_hal_usart.c...
compiling stm32f0xx_hal_usart_ex.c...
compiling stm32f0xx_hal_uart_ex.c...
compiling system_stm32f0xx.c...
compiling stm32f0xx_hal_dma.c...
compiling Bsp.c...
compiling BspDebug.c...
compiling BspLed.c...
compiling BspIntFlash.c...
compiling BspDataRecord.c...
compiling BspUart.c...
compiling stm32f0xx_hal_uart.c...
compiling BspSimPwm.c...
compiling BspPc.c...
compiling BspWifi.c...
compiling stm32f0xx_hal_spi.c...
compiling CommPcServer.c...
compiling CommIap.c...
compiling Esp12F.c...
linking...
Program Size: Code=12712 RO-data=556 RW-data=16 ZI-data=6040  
FromELF: creating hex file...
".\Objects\BootLoader.axf" - 0 Error(s), 0 Warning(s).

<h2>Software Packages used:</h2>

Package Vendor: Keil
                http://www.keil.com/pack/Keil.STM32F0xx_DFP.2.1.0.pack
                Keil.STM32F0xx_DFP.2.1.0
                STMicroelectronics STM32F0 Series Device Support, Drivers and Examples

<h2>Collection of Component include folders:</h2>
  D:/Software/Keil/Keil_MDK/Pack/Keil/STM32F0xx_DFP/2.1.0/Drivers/CMSIS/Device/ST/STM32F0xx/Include

<h2>Collection of Component Files used:</h2>
Build Time Elapsed:  00:00:01
</pre>
</body>
</html>
