<!doctype html public "-//w3c//dtd html 4.0 transitional//en">
<html><head>
<title>Static Call Graph - [.\Objects\BootLoader.axf]</title></head>
<body><HR>
<H1>Static Call Graph for image .\Objects\BootLoader.axf</H1><HR>
<BR><P>#&#060CALLGRAPH&#062# ARM Linker, 6190004: Last Updated: Sun Apr 28 16:23:57 2024
<BR><P>
<H3>Maximum Stack Usage =       2440 bytes + Unknown(Cycles, Untraceable Function Pointers)</H3><H3>
Call chain for Maximum Stack Depth:</H3>
main &rArr; CommServerRecDatHandler &rArr; UpdateDataProcess &rArr; BspSaveDataV2 &rArr; BspIntFlashErasePages &rArr; HAL_FLASHEx_Erase &rArr; FLASH_WaitForLastOperation
<P>
<H3>
Mutually Recursive functions
</H3> <LI><a href="#[12]">ADC1_COMP_IRQHandler</a>&nbsp;&nbsp;&nbsp;&rArr;&nbsp;&nbsp;&nbsp;<a href="#[12]">ADC1_COMP_IRQHandler</a><BR>
</UL>
<P>
<H3>
Function Pointers
</H3><UL>
 <LI><a href="#[12]">ADC1_COMP_IRQHandler</a> from startup_stm32f072xb.o(.text) referenced from startup_stm32f072xb.o(RESET)
 <LI><a href="#[24]">CEC_CAN_IRQHandler</a> from startup_stm32f072xb.o(.text) referenced from startup_stm32f072xb.o(RESET)
 <LI><a href="#[f]">DMA1_Channel1_IRQHandler</a> from startup_stm32f072xb.o(.text) referenced from startup_stm32f072xb.o(RESET)
 <LI><a href="#[10]">DMA1_Channel2_3_IRQHandler</a> from startup_stm32f072xb.o(.text) referenced from startup_stm32f072xb.o(RESET)
 <LI><a href="#[11]">DMA1_Channel4_5_6_7_IRQHandler</a> from startup_stm32f072xb.o(.text) referenced from startup_stm32f072xb.o(RESET)
 <LI><a href="#[b]">EXTI0_1_IRQHandler</a> from startup_stm32f072xb.o(.text) referenced from startup_stm32f072xb.o(RESET)
 <LI><a href="#[c]">EXTI2_3_IRQHandler</a> from startup_stm32f072xb.o(.text) referenced from startup_stm32f072xb.o(RESET)
 <LI><a href="#[d]">EXTI4_15_IRQHandler</a> from startup_stm32f072xb.o(.text) referenced from startup_stm32f072xb.o(RESET)
 <LI><a href="#[9]">FLASH_IRQHandler</a> from startup_stm32f072xb.o(.text) referenced from startup_stm32f072xb.o(RESET)
 <LI><a href="#[2]">HardFault_Handler</a> from stm32f0xx_it.o(.text.HardFault_Handler) referenced from startup_stm32f072xb.o(RESET)
 <LI><a href="#[1d]">I2C1_IRQHandler</a> from startup_stm32f072xb.o(.text) referenced from startup_stm32f072xb.o(RESET)
 <LI><a href="#[1e]">I2C2_IRQHandler</a> from startup_stm32f072xb.o(.text) referenced from startup_stm32f072xb.o(RESET)
 <LI><a href="#[1]">NMI_Handler</a> from stm32f0xx_it.o(.text.NMI_Handler) referenced from startup_stm32f072xb.o(RESET)
 <LI><a href="#[7]">PVD_VDDIO2_IRQHandler</a> from startup_stm32f072xb.o(.text) referenced from startup_stm32f072xb.o(RESET)
 <LI><a href="#[4]">PendSV_Handler</a> from stm32f0xx_it.o(.text.PendSV_Handler) referenced from startup_stm32f072xb.o(RESET)
 <LI><a href="#[a]">RCC_CRS_IRQHandler</a> from startup_stm32f072xb.o(.text) referenced from startup_stm32f072xb.o(RESET)
 <LI><a href="#[8]">RTC_IRQHandler</a> from startup_stm32f072xb.o(.text) referenced from startup_stm32f072xb.o(RESET)
 <LI><a href="#[0]">Reset_Handler</a> from startup_stm32f072xb.o(.text) referenced from startup_stm32f072xb.o(RESET)
 <LI><a href="#[1f]">SPI1_IRQHandler</a> from startup_stm32f072xb.o(.text) referenced from startup_stm32f072xb.o(RESET)
 <LI><a href="#[20]">SPI2_IRQHandler</a> from startup_stm32f072xb.o(.text) referenced from startup_stm32f072xb.o(RESET)
 <LI><a href="#[3]">SVC_Handler</a> from stm32f0xx_it.o(.text.SVC_Handler) referenced from startup_stm32f072xb.o(RESET)
 <LI><a href="#[5]">SysTick_Handler</a> from stm32f0xx_it.o(.text.SysTick_Handler) referenced from startup_stm32f072xb.o(RESET)
 <LI><a href="#[27]">SystemInit</a> from system_stm32f0xx.o(.text.SystemInit) referenced from startup_stm32f072xb.o(.text)
 <LI><a href="#[19]">TIM14_IRQHandler</a> from startup_stm32f072xb.o(.text) referenced from startup_stm32f072xb.o(RESET)
 <LI><a href="#[1a]">TIM15_IRQHandler</a> from startup_stm32f072xb.o(.text) referenced from startup_stm32f072xb.o(RESET)
 <LI><a href="#[1b]">TIM16_IRQHandler</a> from startup_stm32f072xb.o(.text) referenced from startup_stm32f072xb.o(RESET)
 <LI><a href="#[1c]">TIM17_IRQHandler</a> from startup_stm32f072xb.o(.text) referenced from startup_stm32f072xb.o(RESET)
 <LI><a href="#[13]">TIM1_BRK_UP_TRG_COM_IRQHandler</a> from startup_stm32f072xb.o(.text) referenced from startup_stm32f072xb.o(RESET)
 <LI><a href="#[14]">TIM1_CC_IRQHandler</a> from startup_stm32f072xb.o(.text) referenced from startup_stm32f072xb.o(RESET)
 <LI><a href="#[15]">TIM2_IRQHandler</a> from startup_stm32f072xb.o(.text) referenced from startup_stm32f072xb.o(RESET)
 <LI><a href="#[16]">TIM3_IRQHandler</a> from startup_stm32f072xb.o(.text) referenced from startup_stm32f072xb.o(RESET)
 <LI><a href="#[17]">TIM6_DAC_IRQHandler</a> from startup_stm32f072xb.o(.text) referenced from startup_stm32f072xb.o(RESET)
 <LI><a href="#[18]">TIM7_IRQHandler</a> from startup_stm32f072xb.o(.text) referenced from startup_stm32f072xb.o(RESET)
 <LI><a href="#[e]">TSC_IRQHandler</a> from startup_stm32f072xb.o(.text) referenced from startup_stm32f072xb.o(RESET)
 <LI><a href="#[21]">USART1_IRQHandler</a> from stm32f0xx_it.o(.text.USART1_IRQHandler) referenced from startup_stm32f072xb.o(RESET)
 <LI><a href="#[22]">USART2_IRQHandler</a> from stm32f0xx_it.o(.text.USART2_IRQHandler) referenced from startup_stm32f072xb.o(RESET)
 <LI><a href="#[23]">USART3_4_IRQHandler</a> from startup_stm32f072xb.o(.text) referenced from startup_stm32f072xb.o(RESET)
 <LI><a href="#[25]">USB_IRQHandler</a> from startup_stm32f072xb.o(.text) referenced from startup_stm32f072xb.o(RESET)
 <LI><a href="#[6]">WWDG_IRQHandler</a> from startup_stm32f072xb.o(.text) referenced from startup_stm32f072xb.o(RESET)
 <LI><a href="#[3e]">__ESP12F_AutoConn_DISABLE</a> from esp12f.o(.text.__ESP12F_AutoConn_DISABLE) referenced from esp12f.o(.rodata.Esp12fConfigFlow)
 <LI><a href="#[3f]">__ESP12F_AutoConn_DISABLE_DelayForReady</a> from esp12f.o(.text.__ESP12F_AutoConn_DISABLE_DelayForReady) referenced from esp12f.o(.rodata.Esp12fConfigFlow)
 <LI><a href="#[49]">__ESP12F_ExitUnvarnishSend</a> from esp12f.o(.text.__ESP12F_ExitUnvarnishSend) referenced from esp12f.o(.rodata.Esp12fConfigFlow)
 <LI><a href="#[4a]">__ESP12F_ExitUnvarnishSend_DelayForReady</a> from esp12f.o(.text.__ESP12F_ExitUnvarnishSend_DelayForReady) referenced from esp12f.o(.rodata.Esp12fConfigFlow)
 <LI><a href="#[4b]">__ESP12F_Get_LinkStatus</a> from esp12f.o(.text.__ESP12F_Get_LinkStatus) referenced from esp12f.o(.rodata.Esp12fConfigFlow)
 <LI><a href="#[4c]">__ESP12F_Get_LinkStatus_DelayForReady</a> from esp12f.o(.text.__ESP12F_Get_LinkStatus_DelayForReady) referenced from esp12f.o(.rodata.Esp12fConfigFlow)
 <LI><a href="#[3c]">__ESP12F_JoinAP</a> from esp12f.o(.text.__ESP12F_JoinAP) referenced 2 times from esp12f.o(.rodata.Esp12fConfigFlow)
 <LI><a href="#[3d]">__ESP12F_JoinAP_DelayForReady</a> from esp12f.o(.text.__ESP12F_JoinAP_DelayForReady) referenced 2 times from esp12f.o(.rodata.Esp12fConfigFlow)
 <LI><a href="#[42]">__ESP12F_Link_Server</a> from esp12f.o(.text.__ESP12F_Link_Server) referenced 2 times from esp12f.o(.rodata.Esp12fConfigFlow)
 <LI><a href="#[43]">__ESP12F_Link_Server_DelayForReady</a> from esp12f.o(.text.__ESP12F_Link_Server_DelayForReady) referenced 2 times from esp12f.o(.rodata.Esp12fConfigFlow)
 <LI><a href="#[39]">__ESP12F_RESET_DelayForReady</a> from esp12f.o(.text.__ESP12F_RESET_DelayForReady) referenced from esp12f.o(.rodata.Esp12fConfigFlow)
 <LI><a href="#[38]">__ESP12F_RESET_HIGH</a> from esp12f.o(.text.__ESP12F_RESET_HIGH) referenced from esp12f.o(.rodata.Esp12fConfigFlow)
 <LI><a href="#[37]">__ESP12F_RESET_LOW</a> from esp12f.o(.text.__ESP12F_RESET_LOW) referenced from esp12f.o(.rodata.Esp12fConfigFlow)
 <LI><a href="#[40]">__ESP12F_SINGLE_ID_SET</a> from esp12f.o(.text.__ESP12F_SINGLE_ID_SET) referenced from esp12f.o(.rodata.Esp12fConfigFlow)
 <LI><a href="#[41]">__ESP12F_SINGLE_ID_SET_DelayForReady</a> from esp12f.o(.text.__ESP12F_SINGLE_ID_SET_DelayForReady) referenced from esp12f.o(.rodata.Esp12fConfigFlow)
 <LI><a href="#[3a]">__ESP12F_STA_Mode_SET</a> from esp12f.o(.text.__ESP12F_STA_Mode_SET) referenced from esp12f.o(.rodata.Esp12fConfigFlow)
 <LI><a href="#[3b]">__ESP12F_STA_Mode_SET_DelayForReady</a> from esp12f.o(.text.__ESP12F_STA_Mode_SET_DelayForReady) referenced from esp12f.o(.rodata.Esp12fConfigFlow)
 <LI><a href="#[46]">__ESP12F_UnvarnishSend</a> from esp12f.o(.text.__ESP12F_UnvarnishSend) referenced 2 times from esp12f.o(.rodata.Esp12fConfigFlow)
 <LI><a href="#[44]">__ESP12F_UnvarnishSendMode_SET</a> from esp12f.o(.text.__ESP12F_UnvarnishSendMode_SET) referenced 2 times from esp12f.o(.rodata.Esp12fConfigFlow)
 <LI><a href="#[45]">__ESP12F_UnvarnishSendMode_SET_DelayForReady</a> from esp12f.o(.text.__ESP12F_UnvarnishSendMode_SET_DelayForReady) referenced 2 times from esp12f.o(.rodata.Esp12fConfigFlow)
 <LI><a href="#[47]">__ESP12F_UnvarnishSend_DelayForReady</a> from esp12f.o(.text.__ESP12F_UnvarnishSend_DelayForReady) referenced 2 times from esp12f.o(.rodata.Esp12fConfigFlow)
 <LI><a href="#[30]">__LedLoraRxdOutHigh</a> from bspled.o(.text.__LedLoraRxdOutHigh) referenced from bspled.o(.text.BspLedInit)
 <LI><a href="#[2f]">__LedLoraRxdOutLow</a> from bspled.o(.text.__LedLoraRxdOutLow) referenced from bspled.o(.text.BspLedInit)
 <LI><a href="#[2e]">__LedLoraTxdOutHigh</a> from bspled.o(.text.__LedLoraTxdOutHigh) referenced from bspled.o(.text.BspLedInit)
 <LI><a href="#[2d]">__LedLoraTxdOutLow</a> from bspled.o(.text.__LedLoraTxdOutLow) referenced from bspled.o(.text.BspLedInit)
 <LI><a href="#[2c]">__LedPcRxdOutHigh</a> from bspled.o(.text.__LedPcRxdOutHigh) referenced from bspled.o(.text.BspLedInit)
 <LI><a href="#[2b]">__LedPcRxdOutLow</a> from bspled.o(.text.__LedPcRxdOutLow) referenced from bspled.o(.text.BspLedInit)
 <LI><a href="#[2a]">__LedPcTxdOutHigh</a> from bspled.o(.text.__LedPcTxdOutHigh) referenced from bspled.o(.text.BspLedInit)
 <LI><a href="#[29]">__LedPcTxdOutLow</a> from bspled.o(.text.__LedPcTxdOutLow) referenced from bspled.o(.text.BspLedInit)
 <LI><a href="#[34]">__LedWifiRxdOutHigh</a> from bspled.o(.text.__LedWifiRxdOutHigh) referenced from bspled.o(.text.BspLedInit)
 <LI><a href="#[33]">__LedWifiRxdOutLow</a> from bspled.o(.text.__LedWifiRxdOutLow) referenced from bspled.o(.text.BspLedInit)
 <LI><a href="#[32]">__LedWifiTxdOutHigh</a> from bspled.o(.text.__LedWifiTxdOutHigh) referenced from bspled.o(.text.BspLedInit)
 <LI><a href="#[31]">__LedWifiTxdOutLow</a> from bspled.o(.text.__LedWifiTxdOutLow) referenced from bspled.o(.text.BspLedInit)
 <LI><a href="#[48]">__Wait_Branch_State</a> from esp12f.o(.text.__Wait_Branch_State) referenced 2 times from esp12f.o(.rodata.Esp12fConfigFlow)
 <LI><a href="#[28]">__main</a> from entry.o(.ARM.Collect$$$$00000000) referenced from startup_stm32f072xb.o(.text)
 <LI><a href="#[36]">_sputc</a> from printf8.o(i._sputc) referenced from printf8.o(i.__0sprintf$8)
 <LI><a href="#[35]">fputc</a> from bspdebug.o(.text.fputc) referenced from printf8.o(i.__0printf$8)
 <LI><a href="#[26]">main</a> from main.o(.text.main) referenced from entry9a.o(.ARM.Collect$$$$0000000B)
</UL>
<P>
<H3>
Global Symbols
</H3>
<P><STRONG><a name="[28]"></a>__main</STRONG> (Thumb, 0 bytes, Stack size unknown bytes, entry.o(.ARM.Collect$$$$00000000))
<BR>[Address Reference Count : 1]<UL><LI> startup_stm32f072xb.o(.text)
</UL>
<P><STRONG><a name="[96]"></a>_main_stk</STRONG> (Thumb, 0 bytes, Stack size unknown bytes, entry2.o(.ARM.Collect$$$$00000001))

<P><STRONG><a name="[4d]"></a>_main_scatterload</STRONG> (Thumb, 0 bytes, Stack size unknown bytes, entry5.o(.ARM.Collect$$$$00000004))
<BR><BR>[Calls]<UL><LI><a href="#[4e]">&gt;&gt;</a>&nbsp;&nbsp;&nbsp;__scatterload
</UL>

<P><STRONG><a name="[55]"></a>__main_after_scatterload</STRONG> (Thumb, 0 bytes, Stack size unknown bytes, entry5.o(.ARM.Collect$$$$00000004))
<BR><BR>[Called By]<UL><LI><a href="#[4e]">&gt;&gt;</a>&nbsp;&nbsp;&nbsp;__scatterload
</UL>

<P><STRONG><a name="[97]"></a>_main_clock</STRONG> (Thumb, 0 bytes, Stack size unknown bytes, entry7b.o(.ARM.Collect$$$$00000008))

<P><STRONG><a name="[98]"></a>_main_cpp_init</STRONG> (Thumb, 0 bytes, Stack size unknown bytes, entry8b.o(.ARM.Collect$$$$0000000A))

<P><STRONG><a name="[99]"></a>_main_init</STRONG> (Thumb, 0 bytes, Stack size unknown bytes, entry9a.o(.ARM.Collect$$$$0000000B))

<P><STRONG><a name="[9a]"></a>__rt_final_cpp</STRONG> (Thumb, 0 bytes, Stack size unknown bytes, entry10a.o(.ARM.Collect$$$$0000000D))

<P><STRONG><a name="[9b]"></a>__rt_final_exit</STRONG> (Thumb, 0 bytes, Stack size unknown bytes, entry11a.o(.ARM.Collect$$$$0000000F))

<P><STRONG><a name="[0]"></a>Reset_Handler</STRONG> (Thumb, 8 bytes, Stack size 0 bytes, startup_stm32f072xb.o(.text))
<BR>[Address Reference Count : 1]<UL><LI> startup_stm32f072xb.o(RESET)
</UL>
<P><STRONG><a name="[12]"></a>ADC1_COMP_IRQHandler</STRONG> (Thumb, 0 bytes, Stack size 0 bytes, startup_stm32f072xb.o(.text))
<BR><BR>[Calls]<UL><LI><a href="#[12]">&gt;&gt;</a>&nbsp;&nbsp;&nbsp;ADC1_COMP_IRQHandler
</UL>
<BR>[Called By]<UL><LI><a href="#[12]">&gt;&gt;</a>&nbsp;&nbsp;&nbsp;ADC1_COMP_IRQHandler
</UL>
<BR>[Address Reference Count : 1]<UL><LI> startup_stm32f072xb.o(RESET)
</UL>
<P><STRONG><a name="[24]"></a>CEC_CAN_IRQHandler</STRONG> (Thumb, 0 bytes, Stack size 0 bytes, startup_stm32f072xb.o(.text))
<BR>[Address Reference Count : 1]<UL><LI> startup_stm32f072xb.o(RESET)
</UL>
<P><STRONG><a name="[f]"></a>DMA1_Channel1_IRQHandler</STRONG> (Thumb, 0 bytes, Stack size 0 bytes, startup_stm32f072xb.o(.text))
<BR>[Address Reference Count : 1]<UL><LI> startup_stm32f072xb.o(RESET)
</UL>
<P><STRONG><a name="[10]"></a>DMA1_Channel2_3_IRQHandler</STRONG> (Thumb, 0 bytes, Stack size 0 bytes, startup_stm32f072xb.o(.text))
<BR>[Address Reference Count : 1]<UL><LI> startup_stm32f072xb.o(RESET)
</UL>
<P><STRONG><a name="[11]"></a>DMA1_Channel4_5_6_7_IRQHandler</STRONG> (Thumb, 0 bytes, Stack size 0 bytes, startup_stm32f072xb.o(.text))
<BR>[Address Reference Count : 1]<UL><LI> startup_stm32f072xb.o(RESET)
</UL>
<P><STRONG><a name="[b]"></a>EXTI0_1_IRQHandler</STRONG> (Thumb, 0 bytes, Stack size 0 bytes, startup_stm32f072xb.o(.text))
<BR>[Address Reference Count : 1]<UL><LI> startup_stm32f072xb.o(RESET)
</UL>
<P><STRONG><a name="[c]"></a>EXTI2_3_IRQHandler</STRONG> (Thumb, 0 bytes, Stack size 0 bytes, startup_stm32f072xb.o(.text))
<BR>[Address Reference Count : 1]<UL><LI> startup_stm32f072xb.o(RESET)
</UL>
<P><STRONG><a name="[d]"></a>EXTI4_15_IRQHandler</STRONG> (Thumb, 0 bytes, Stack size 0 bytes, startup_stm32f072xb.o(.text))
<BR>[Address Reference Count : 1]<UL><LI> startup_stm32f072xb.o(RESET)
</UL>
<P><STRONG><a name="[9]"></a>FLASH_IRQHandler</STRONG> (Thumb, 0 bytes, Stack size 0 bytes, startup_stm32f072xb.o(.text))
<BR>[Address Reference Count : 1]<UL><LI> startup_stm32f072xb.o(RESET)
</UL>
<P><STRONG><a name="[1d]"></a>I2C1_IRQHandler</STRONG> (Thumb, 0 bytes, Stack size 0 bytes, startup_stm32f072xb.o(.text))
<BR>[Address Reference Count : 1]<UL><LI> startup_stm32f072xb.o(RESET)
</UL>
<P><STRONG><a name="[1e]"></a>I2C2_IRQHandler</STRONG> (Thumb, 0 bytes, Stack size 0 bytes, startup_stm32f072xb.o(.text))
<BR>[Address Reference Count : 1]<UL><LI> startup_stm32f072xb.o(RESET)
</UL>
<P><STRONG><a name="[7]"></a>PVD_VDDIO2_IRQHandler</STRONG> (Thumb, 0 bytes, Stack size 0 bytes, startup_stm32f072xb.o(.text))
<BR>[Address Reference Count : 1]<UL><LI> startup_stm32f072xb.o(RESET)
</UL>
<P><STRONG><a name="[a]"></a>RCC_CRS_IRQHandler</STRONG> (Thumb, 0 bytes, Stack size 0 bytes, startup_stm32f072xb.o(.text))
<BR>[Address Reference Count : 1]<UL><LI> startup_stm32f072xb.o(RESET)
</UL>
<P><STRONG><a name="[8]"></a>RTC_IRQHandler</STRONG> (Thumb, 0 bytes, Stack size 0 bytes, startup_stm32f072xb.o(.text))
<BR>[Address Reference Count : 1]<UL><LI> startup_stm32f072xb.o(RESET)
</UL>
<P><STRONG><a name="[1f]"></a>SPI1_IRQHandler</STRONG> (Thumb, 0 bytes, Stack size 0 bytes, startup_stm32f072xb.o(.text))
<BR>[Address Reference Count : 1]<UL><LI> startup_stm32f072xb.o(RESET)
</UL>
<P><STRONG><a name="[20]"></a>SPI2_IRQHandler</STRONG> (Thumb, 0 bytes, Stack size 0 bytes, startup_stm32f072xb.o(.text))
<BR>[Address Reference Count : 1]<UL><LI> startup_stm32f072xb.o(RESET)
</UL>
<P><STRONG><a name="[19]"></a>TIM14_IRQHandler</STRONG> (Thumb, 0 bytes, Stack size 0 bytes, startup_stm32f072xb.o(.text))
<BR>[Address Reference Count : 1]<UL><LI> startup_stm32f072xb.o(RESET)
</UL>
<P><STRONG><a name="[1a]"></a>TIM15_IRQHandler</STRONG> (Thumb, 0 bytes, Stack size 0 bytes, startup_stm32f072xb.o(.text))
<BR>[Address Reference Count : 1]<UL><LI> startup_stm32f072xb.o(RESET)
</UL>
<P><STRONG><a name="[1b]"></a>TIM16_IRQHandler</STRONG> (Thumb, 0 bytes, Stack size 0 bytes, startup_stm32f072xb.o(.text))
<BR>[Address Reference Count : 1]<UL><LI> startup_stm32f072xb.o(RESET)
</UL>
<P><STRONG><a name="[1c]"></a>TIM17_IRQHandler</STRONG> (Thumb, 0 bytes, Stack size 0 bytes, startup_stm32f072xb.o(.text))
<BR>[Address Reference Count : 1]<UL><LI> startup_stm32f072xb.o(RESET)
</UL>
<P><STRONG><a name="[13]"></a>TIM1_BRK_UP_TRG_COM_IRQHandler</STRONG> (Thumb, 0 bytes, Stack size 0 bytes, startup_stm32f072xb.o(.text))
<BR>[Address Reference Count : 1]<UL><LI> startup_stm32f072xb.o(RESET)
</UL>
<P><STRONG><a name="[14]"></a>TIM1_CC_IRQHandler</STRONG> (Thumb, 0 bytes, Stack size 0 bytes, startup_stm32f072xb.o(.text))
<BR>[Address Reference Count : 1]<UL><LI> startup_stm32f072xb.o(RESET)
</UL>
<P><STRONG><a name="[15]"></a>TIM2_IRQHandler</STRONG> (Thumb, 0 bytes, Stack size 0 bytes, startup_stm32f072xb.o(.text))
<BR>[Address Reference Count : 1]<UL><LI> startup_stm32f072xb.o(RESET)
</UL>
<P><STRONG><a name="[16]"></a>TIM3_IRQHandler</STRONG> (Thumb, 0 bytes, Stack size 0 bytes, startup_stm32f072xb.o(.text))
<BR>[Address Reference Count : 1]<UL><LI> startup_stm32f072xb.o(RESET)
</UL>
<P><STRONG><a name="[17]"></a>TIM6_DAC_IRQHandler</STRONG> (Thumb, 0 bytes, Stack size 0 bytes, startup_stm32f072xb.o(.text))
<BR>[Address Reference Count : 1]<UL><LI> startup_stm32f072xb.o(RESET)
</UL>
<P><STRONG><a name="[18]"></a>TIM7_IRQHandler</STRONG> (Thumb, 0 bytes, Stack size 0 bytes, startup_stm32f072xb.o(.text))
<BR>[Address Reference Count : 1]<UL><LI> startup_stm32f072xb.o(RESET)
</UL>
<P><STRONG><a name="[e]"></a>TSC_IRQHandler</STRONG> (Thumb, 0 bytes, Stack size 0 bytes, startup_stm32f072xb.o(.text))
<BR>[Address Reference Count : 1]<UL><LI> startup_stm32f072xb.o(RESET)
</UL>
<P><STRONG><a name="[23]"></a>USART3_4_IRQHandler</STRONG> (Thumb, 0 bytes, Stack size 0 bytes, startup_stm32f072xb.o(.text))
<BR>[Address Reference Count : 1]<UL><LI> startup_stm32f072xb.o(RESET)
</UL>
<P><STRONG><a name="[25]"></a>USB_IRQHandler</STRONG> (Thumb, 0 bytes, Stack size 0 bytes, startup_stm32f072xb.o(.text))
<BR>[Address Reference Count : 1]<UL><LI> startup_stm32f072xb.o(RESET)
</UL>
<P><STRONG><a name="[6]"></a>WWDG_IRQHandler</STRONG> (Thumb, 0 bytes, Stack size 0 bytes, startup_stm32f072xb.o(.text))
<BR>[Address Reference Count : 1]<UL><LI> startup_stm32f072xb.o(RESET)
</UL>
<P><STRONG><a name="[53]"></a>__aeabi_llsr</STRONG> (Thumb, 34 bytes, Stack size 8 bytes, llushr.o(.text))
<BR><BR>[Stack]<UL><LI>Max Depth = 8<LI>Call Chain = __aeabi_llsr
</UL>
<BR>[Called By]<UL><LI><a href="#[62]">&gt;&gt;</a>&nbsp;&nbsp;&nbsp;HAL_FLASH_Program
<LI><a href="#[52]">&gt;&gt;</a>&nbsp;&nbsp;&nbsp;__aeabi_uldivmod
</UL>

<P><STRONG><a name="[9c]"></a>_ll_ushift_r</STRONG> (Thumb, 0 bytes, Stack size 8 bytes, llushr.o(.text), UNUSED)

<P><STRONG><a name="[70]"></a>__aeabi_memcpy</STRONG> (Thumb, 36 bytes, Stack size 0 bytes, memcpya.o(.text))
<BR><BR>[Called By]<UL><LI><a href="#[26]">&gt;&gt;</a>&nbsp;&nbsp;&nbsp;main
<LI><a href="#[75]">&gt;&gt;</a>&nbsp;&nbsp;&nbsp;UpdateDataProcess
<LI><a href="#[6d]">&gt;&gt;</a>&nbsp;&nbsp;&nbsp;BspSaveDataV2
</UL>

<P><STRONG><a name="[9d]"></a>__aeabi_memcpy4</STRONG> (Thumb, 0 bytes, Stack size 0 bytes, memcpya.o(.text), UNUSED)

<P><STRONG><a name="[9e]"></a>__aeabi_memcpy8</STRONG> (Thumb, 0 bytes, Stack size 0 bytes, memcpya.o(.text), UNUSED)

<P><STRONG><a name="[50]"></a>__aeabi_memset</STRONG> (Thumb, 14 bytes, Stack size 0 bytes, memseta.o(.text))
<BR><BR>[Called By]<UL><LI><a href="#[51]">&gt;&gt;</a>&nbsp;&nbsp;&nbsp;_memset$wrapper
<LI><a href="#[4f]">&gt;&gt;</a>&nbsp;&nbsp;&nbsp;__aeabi_memclr
</UL>

<P><STRONG><a name="[9f]"></a>__aeabi_memset4</STRONG> (Thumb, 0 bytes, Stack size 0 bytes, memseta.o(.text), UNUSED)

<P><STRONG><a name="[a0]"></a>__aeabi_memset8</STRONG> (Thumb, 0 bytes, Stack size 0 bytes, memseta.o(.text), UNUSED)

<P><STRONG><a name="[4f]"></a>__aeabi_memclr</STRONG> (Thumb, 4 bytes, Stack size 0 bytes, memseta.o(.text))
<BR><BR>[Calls]<UL><LI><a href="#[50]">&gt;&gt;</a>&nbsp;&nbsp;&nbsp;__aeabi_memset
</UL>
<BR>[Called By]<UL><LI><a href="#[42]">&gt;&gt;</a>&nbsp;&nbsp;&nbsp;__ESP12F_Link_Server
</UL>

<P><STRONG><a name="[6e]"></a>__aeabi_memclr4</STRONG> (Thumb, 0 bytes, Stack size 0 bytes, memseta.o(.text))
<BR><BR>[Called By]<UL><LI><a href="#[76]">&gt;&gt;</a>&nbsp;&nbsp;&nbsp;CommServerRecDatHandler
<LI><a href="#[74]">&gt;&gt;</a>&nbsp;&nbsp;&nbsp;CommPcRecDatHandler
<LI><a href="#[6d]">&gt;&gt;</a>&nbsp;&nbsp;&nbsp;BspSaveDataV2
</UL>

<P><STRONG><a name="[a1]"></a>__aeabi_memclr8</STRONG> (Thumb, 0 bytes, Stack size 0 bytes, memseta.o(.text), UNUSED)

<P><STRONG><a name="[51]"></a>_memset$wrapper</STRONG> (Thumb, 18 bytes, Stack size 8 bytes, memseta.o(.text), UNUSED)
<BR><BR>[Calls]<UL><LI><a href="#[50]">&gt;&gt;</a>&nbsp;&nbsp;&nbsp;__aeabi_memset
</UL>

<P><STRONG><a name="[77]"></a>strstr</STRONG> (Thumb, 40 bytes, Stack size 12 bytes, strstr.o(.text))
<BR><BR>[Stack]<UL><LI>Max Depth = 12<LI>Call Chain = strstr
</UL>
<BR>[Called By]<UL><LI><a href="#[76]">&gt;&gt;</a>&nbsp;&nbsp;&nbsp;CommServerRecDatHandler
<LI><a href="#[4c]">&gt;&gt;</a>&nbsp;&nbsp;&nbsp;__ESP12F_Get_LinkStatus_DelayForReady
<LI><a href="#[45]">&gt;&gt;</a>&nbsp;&nbsp;&nbsp;__ESP12F_UnvarnishSendMode_SET_DelayForReady
<LI><a href="#[43]">&gt;&gt;</a>&nbsp;&nbsp;&nbsp;__ESP12F_Link_Server_DelayForReady
<LI><a href="#[41]">&gt;&gt;</a>&nbsp;&nbsp;&nbsp;__ESP12F_SINGLE_ID_SET_DelayForReady
<LI><a href="#[3f]">&gt;&gt;</a>&nbsp;&nbsp;&nbsp;__ESP12F_AutoConn_DISABLE_DelayForReady
<LI><a href="#[3d]">&gt;&gt;</a>&nbsp;&nbsp;&nbsp;__ESP12F_JoinAP_DelayForReady
<LI><a href="#[3b]">&gt;&gt;</a>&nbsp;&nbsp;&nbsp;__ESP12F_STA_Mode_SET_DelayForReady
</UL>

<P><STRONG><a name="[8e]"></a>strchr</STRONG> (Thumb, 20 bytes, Stack size 0 bytes, strchr.o(.text))
<BR><BR>[Called By]<UL><LI><a href="#[47]">&gt;&gt;</a>&nbsp;&nbsp;&nbsp;__ESP12F_UnvarnishSend_DelayForReady
</UL>

<P><STRONG><a name="[7f]"></a>__aeabi_uidiv</STRONG> (Thumb, 0 bytes, Stack size 16 bytes, uidiv_div0.o(.text))
<BR><BR>[Stack]<UL><LI>Max Depth = 16<LI>Call Chain = __aeabi_uidiv
</UL>
<BR>[Called By]<UL><LI><a href="#[85]">&gt;&gt;</a>&nbsp;&nbsp;&nbsp;UART_SetConfig
<LI><a href="#[82]">&gt;&gt;</a>&nbsp;&nbsp;&nbsp;HAL_RCC_GetSysClockFreq
<LI><a href="#[7d]">&gt;&gt;</a>&nbsp;&nbsp;&nbsp;HAL_InitTick
<LI><a href="#[81]">&gt;&gt;</a>&nbsp;&nbsp;&nbsp;HAL_RCC_ClockConfig
</UL>

<P><STRONG><a name="[72]"></a>__aeabi_uidivmod</STRONG> (Thumb, 62 bytes, Stack size 16 bytes, uidiv_div0.o(.text))
<BR><BR>[Stack]<UL><LI>Max Depth = 16<LI>Call Chain = __aeabi_uidivmod
</UL>
<BR>[Called By]<UL><LI><a href="#[64]">&gt;&gt;</a>&nbsp;&nbsp;&nbsp;BspSimPwmRunEvent
</UL>

<P><STRONG><a name="[52]"></a>__aeabi_uldivmod</STRONG> (Thumb, 96 bytes, Stack size 48 bytes, uldiv.o(.text), UNUSED)
<BR><BR>[Calls]<UL><LI><a href="#[53]">&gt;&gt;</a>&nbsp;&nbsp;&nbsp;__aeabi_llsr
<LI><a href="#[54]">&gt;&gt;</a>&nbsp;&nbsp;&nbsp;__aeabi_llsl
</UL>
<BR>[Called By]<UL><LI><a href="#[92]">&gt;&gt;</a>&nbsp;&nbsp;&nbsp;_printf_core
</UL>

<P><STRONG><a name="[4e]"></a>__scatterload</STRONG> (Thumb, 28 bytes, Stack size 0 bytes, init.o(.text))
<BR><BR>[Calls]<UL><LI><a href="#[55]">&gt;&gt;</a>&nbsp;&nbsp;&nbsp;__main_after_scatterload
</UL>
<BR>[Called By]<UL><LI><a href="#[4d]">&gt;&gt;</a>&nbsp;&nbsp;&nbsp;_main_scatterload
</UL>

<P><STRONG><a name="[a2]"></a>__scatterload_rt2</STRONG> (Thumb, 0 bytes, Stack size 0 bytes, init.o(.text), UNUSED)

<P><STRONG><a name="[54]"></a>__aeabi_llsl</STRONG> (Thumb, 32 bytes, Stack size 8 bytes, llshl.o(.text), UNUSED)
<BR><BR>[Called By]<UL><LI><a href="#[52]">&gt;&gt;</a>&nbsp;&nbsp;&nbsp;__aeabi_uldivmod
</UL>

<P><STRONG><a name="[a3]"></a>_ll_shift_l</STRONG> (Thumb, 0 bytes, Stack size 8 bytes, llshl.o(.text), UNUSED)

<P><STRONG><a name="[56]"></a>BspDebugInit</STRONG> (Thumb, 48 bytes, Stack size 8 bytes, bspdebug.o(.text.BspDebugInit))
<BR><BR>[Stack]<UL><LI>Max Depth = 136<LI>Call Chain = BspDebugInit &rArr; HAL_UART_Init &rArr; HAL_UART_MspInit &rArr; HAL_GPIO_Init
</UL>
<BR>[Calls]<UL><LI><a href="#[57]">&gt;&gt;</a>&nbsp;&nbsp;&nbsp;HAL_UART_Init
</UL>
<BR>[Called By]<UL><LI><a href="#[58]">&gt;&gt;</a>&nbsp;&nbsp;&nbsp;BspInit
</UL>

<P><STRONG><a name="[58]"></a>BspInit</STRONG> (Thumb, 20 bytes, Stack size 8 bytes, bsp.o(.text.BspInit))
<BR><BR>[Stack]<UL><LI>Max Depth = 184<LI>Call Chain = BspInit &rArr; BspWifiInit &rArr; HAL_UART_Init &rArr; HAL_UART_MspInit &rArr; HAL_GPIO_Init
</UL>
<BR>[Calls]<UL><LI><a href="#[5b]">&gt;&gt;</a>&nbsp;&nbsp;&nbsp;BspLedInit
<LI><a href="#[5a]">&gt;&gt;</a>&nbsp;&nbsp;&nbsp;BspPcInit
<LI><a href="#[59]">&gt;&gt;</a>&nbsp;&nbsp;&nbsp;BspWifiInit
<LI><a href="#[56]">&gt;&gt;</a>&nbsp;&nbsp;&nbsp;BspDebugInit
</UL>
<BR>[Called By]<UL><LI><a href="#[26]">&gt;&gt;</a>&nbsp;&nbsp;&nbsp;main
</UL>

<P><STRONG><a name="[5c]"></a>BspIntFlashErasePages</STRONG> (Thumb, 76 bytes, Stack size 32 bytes, bspintflash.o(.text.BspIntFlashErasePages))
<BR><BR>[Stack]<UL><LI>Max Depth = 88<LI>Call Chain = BspIntFlashErasePages &rArr; HAL_FLASHEx_Erase &rArr; FLASH_WaitForLastOperation
</UL>
<BR>[Calls]<UL><LI><a href="#[5f]">&gt;&gt;</a>&nbsp;&nbsp;&nbsp;HAL_FLASHEx_Erase
<LI><a href="#[60]">&gt;&gt;</a>&nbsp;&nbsp;&nbsp;HAL_FLASH_Lock
<LI><a href="#[5e]">&gt;&gt;</a>&nbsp;&nbsp;&nbsp;HAL_FLASH_Unlock
<LI><a href="#[5d]">&gt;&gt;</a>&nbsp;&nbsp;&nbsp;puts
</UL>
<BR>[Called By]<UL><LI><a href="#[26]">&gt;&gt;</a>&nbsp;&nbsp;&nbsp;main
<LI><a href="#[6d]">&gt;&gt;</a>&nbsp;&nbsp;&nbsp;BspSaveDataV2
</UL>

<P><STRONG><a name="[6f]"></a>BspIntFlashRead</STRONG> (Thumb, 70 bytes, Stack size 20 bytes, bspintflash.o(.text.BspIntFlashRead))
<BR><BR>[Stack]<UL><LI>Max Depth = 20<LI>Call Chain = BspIntFlashRead
</UL>
<BR>[Called By]<UL><LI><a href="#[26]">&gt;&gt;</a>&nbsp;&nbsp;&nbsp;main
<LI><a href="#[6d]">&gt;&gt;</a>&nbsp;&nbsp;&nbsp;BspSaveDataV2
</UL>

<P><STRONG><a name="[61]"></a>BspIntFlashWrite</STRONG> (Thumb, 78 bytes, Stack size 24 bytes, bspintflash.o(.text.BspIntFlashWrite))
<BR><BR>[Stack]<UL><LI>Max Depth = 72<LI>Call Chain = BspIntFlashWrite &rArr; HAL_FLASH_Program &rArr; __aeabi_llsr
</UL>
<BR>[Calls]<UL><LI><a href="#[60]">&gt;&gt;</a>&nbsp;&nbsp;&nbsp;HAL_FLASH_Lock
<LI><a href="#[62]">&gt;&gt;</a>&nbsp;&nbsp;&nbsp;HAL_FLASH_Program
<LI><a href="#[5e]">&gt;&gt;</a>&nbsp;&nbsp;&nbsp;HAL_FLASH_Unlock
</UL>
<BR>[Called By]<UL><LI><a href="#[75]">&gt;&gt;</a>&nbsp;&nbsp;&nbsp;UpdateDataProcess
<LI><a href="#[6d]">&gt;&gt;</a>&nbsp;&nbsp;&nbsp;BspSaveDataV2
</UL>

<P><STRONG><a name="[63]"></a>BspLedEvent</STRONG> (Thumb, 52 bytes, Stack size 8 bytes, bspled.o(.text.BspLedEvent))
<BR><BR>[Stack]<UL><LI>Max Depth = 40<LI>Call Chain = BspLedEvent &rArr; BspSimPwmRunEvent &rArr; __aeabi_uidivmod
</UL>
<BR>[Calls]<UL><LI><a href="#[64]">&gt;&gt;</a>&nbsp;&nbsp;&nbsp;BspSimPwmRunEvent
</UL>
<BR>[Called By]<UL><LI><a href="#[26]">&gt;&gt;</a>&nbsp;&nbsp;&nbsp;main
</UL>

<P><STRONG><a name="[65]"></a>BspLedFlashSet</STRONG> (Thumb, 20 bytes, Stack size 8 bytes, bspled.o(.text.BspLedFlashSet))
<BR><BR>[Stack]<UL><LI>Max Depth = 16<LI>Call Chain = BspLedFlashSet &rArr; BspSimPwmCall
</UL>
<BR>[Calls]<UL><LI><a href="#[66]">&gt;&gt;</a>&nbsp;&nbsp;&nbsp;BspSimPwmCall
</UL>
<BR>[Called By]<UL><LI><a href="#[21]">&gt;&gt;</a>&nbsp;&nbsp;&nbsp;USART1_IRQHandler
<LI><a href="#[22]">&gt;&gt;</a>&nbsp;&nbsp;&nbsp;USART2_IRQHandler
<LI><a href="#[26]">&gt;&gt;</a>&nbsp;&nbsp;&nbsp;main
</UL>

<P><STRONG><a name="[5b]"></a>BspLedInit</STRONG> (Thumb, 452 bytes, Stack size 64 bytes, bspled.o(.text.BspLedInit))
<BR><BR>[Stack]<UL><LI>Max Depth = 120<LI>Call Chain = BspLedInit &rArr; HAL_GPIO_Init
</UL>
<BR>[Calls]<UL><LI><a href="#[67]">&gt;&gt;</a>&nbsp;&nbsp;&nbsp;HAL_GPIO_Init
<LI><a href="#[66]">&gt;&gt;</a>&nbsp;&nbsp;&nbsp;BspSimPwmCall
<LI><a href="#[68]">&gt;&gt;</a>&nbsp;&nbsp;&nbsp;BspSimPwmParaReset
</UL>
<BR>[Called By]<UL><LI><a href="#[58]">&gt;&gt;</a>&nbsp;&nbsp;&nbsp;BspInit
</UL>

<P><STRONG><a name="[5a]"></a>BspPcInit</STRONG> (Thumb, 88 bytes, Stack size 24 bytes, bsppc.o(.text.BspPcInit))
<BR><BR>[Stack]<UL><LI>Max Depth = 152<LI>Call Chain = BspPcInit &rArr; HAL_UART_Init &rArr; HAL_UART_MspInit &rArr; HAL_GPIO_Init
</UL>
<BR>[Calls]<UL><LI><a href="#[57]">&gt;&gt;</a>&nbsp;&nbsp;&nbsp;HAL_UART_Init
<LI><a href="#[69]">&gt;&gt;</a>&nbsp;&nbsp;&nbsp;HAL_NVIC_EnableIRQ
<LI><a href="#[6a]">&gt;&gt;</a>&nbsp;&nbsp;&nbsp;HAL_NVIC_SetPriority
</UL>
<BR>[Called By]<UL><LI><a href="#[58]">&gt;&gt;</a>&nbsp;&nbsp;&nbsp;BspInit
</UL>

<P><STRONG><a name="[6b]"></a>BspPcUartSendPacket</STRONG> (Thumb, 20 bytes, Stack size 8 bytes, bsppc.o(.text.BspPcUartSendPacket))
<BR><BR>[Stack]<UL><LI>Max Depth = 96<LI>Call Chain = BspPcUartSendPacket &rArr; HAL_UART_Transmit &rArr; UART_WaitOnFlagUntilTimeout
</UL>
<BR>[Calls]<UL><LI><a href="#[6c]">&gt;&gt;</a>&nbsp;&nbsp;&nbsp;HAL_UART_Transmit
</UL>
<BR>[Called By]<UL><LI><a href="#[75]">&gt;&gt;</a>&nbsp;&nbsp;&nbsp;UpdateDataProcess
</UL>

<P><STRONG><a name="[6d]"></a>BspSaveDataV2</STRONG> (Thumb, 148 bytes, Stack size 2096 bytes, bspdatarecord.o(.text.BspSaveDataV2))
<BR><BR>[Stack]<UL><LI>Max Depth = 2184<LI>Call Chain = BspSaveDataV2 &rArr; BspIntFlashErasePages &rArr; HAL_FLASHEx_Erase &rArr; FLASH_WaitForLastOperation
</UL>
<BR>[Calls]<UL><LI><a href="#[5c]">&gt;&gt;</a>&nbsp;&nbsp;&nbsp;BspIntFlashErasePages
<LI><a href="#[6f]">&gt;&gt;</a>&nbsp;&nbsp;&nbsp;BspIntFlashRead
<LI><a href="#[6e]">&gt;&gt;</a>&nbsp;&nbsp;&nbsp;__aeabi_memclr4
<LI><a href="#[70]">&gt;&gt;</a>&nbsp;&nbsp;&nbsp;__aeabi_memcpy
<LI><a href="#[61]">&gt;&gt;</a>&nbsp;&nbsp;&nbsp;BspIntFlashWrite
</UL>
<BR>[Called By]<UL><LI><a href="#[7a]">&gt;&gt;</a>&nbsp;&nbsp;&nbsp;GetUpdatPacketDatTimeout
<LI><a href="#[75]">&gt;&gt;</a>&nbsp;&nbsp;&nbsp;UpdateDataProcess
</UL>

<P><STRONG><a name="[66]"></a>BspSimPwmCall</STRONG> (Thumb, 32 bytes, Stack size 8 bytes, bspsimpwm.o(.text.BspSimPwmCall))
<BR><BR>[Stack]<UL><LI>Max Depth = 8<LI>Call Chain = BspSimPwmCall
</UL>
<BR>[Called By]<UL><LI><a href="#[65]">&gt;&gt;</a>&nbsp;&nbsp;&nbsp;BspLedFlashSet
<LI><a href="#[5b]">&gt;&gt;</a>&nbsp;&nbsp;&nbsp;BspLedInit
</UL>

<P><STRONG><a name="[68]"></a>BspSimPwmParaReset</STRONG> (Thumb, 16 bytes, Stack size 8 bytes, bspsimpwm.o(.text.BspSimPwmParaReset))
<BR><BR>[Stack]<UL><LI>Max Depth = 8<LI>Call Chain = BspSimPwmParaReset
</UL>
<BR>[Called By]<UL><LI><a href="#[5b]">&gt;&gt;</a>&nbsp;&nbsp;&nbsp;BspLedInit
</UL>

<P><STRONG><a name="[64]"></a>BspSimPwmRunEvent</STRONG> (Thumb, 116 bytes, Stack size 16 bytes, bspsimpwm.o(.text.BspSimPwmRunEvent))
<BR><BR>[Stack]<UL><LI>Max Depth = 32<LI>Call Chain = BspSimPwmRunEvent &rArr; __aeabi_uidivmod
</UL>
<BR>[Calls]<UL><LI><a href="#[71]">&gt;&gt;</a>&nbsp;&nbsp;&nbsp;SystemDelay
<LI><a href="#[72]">&gt;&gt;</a>&nbsp;&nbsp;&nbsp;__aeabi_uidivmod
</UL>
<BR>[Called By]<UL><LI><a href="#[63]">&gt;&gt;</a>&nbsp;&nbsp;&nbsp;BspLedEvent
</UL>

<P><STRONG><a name="[59]"></a>BspWifiInit</STRONG> (Thumb, 132 bytes, Stack size 48 bytes, bspwifi.o(.text.BspWifiInit))
<BR><BR>[Stack]<UL><LI>Max Depth = 176<LI>Call Chain = BspWifiInit &rArr; HAL_UART_Init &rArr; HAL_UART_MspInit &rArr; HAL_GPIO_Init
</UL>
<BR>[Calls]<UL><LI><a href="#[57]">&gt;&gt;</a>&nbsp;&nbsp;&nbsp;HAL_UART_Init
<LI><a href="#[69]">&gt;&gt;</a>&nbsp;&nbsp;&nbsp;HAL_NVIC_EnableIRQ
<LI><a href="#[6a]">&gt;&gt;</a>&nbsp;&nbsp;&nbsp;HAL_NVIC_SetPriority
<LI><a href="#[67]">&gt;&gt;</a>&nbsp;&nbsp;&nbsp;HAL_GPIO_Init
</UL>
<BR>[Called By]<UL><LI><a href="#[58]">&gt;&gt;</a>&nbsp;&nbsp;&nbsp;BspInit
</UL>

<P><STRONG><a name="[73]"></a>BspWifiUartSendPacket</STRONG> (Thumb, 20 bytes, Stack size 8 bytes, bspwifi.o(.text.BspWifiUartSendPacket))
<BR><BR>[Stack]<UL><LI>Max Depth = 96<LI>Call Chain = BspWifiUartSendPacket &rArr; HAL_UART_Transmit &rArr; UART_WaitOnFlagUntilTimeout
</UL>
<BR>[Calls]<UL><LI><a href="#[6c]">&gt;&gt;</a>&nbsp;&nbsp;&nbsp;HAL_UART_Transmit
</UL>
<BR>[Called By]<UL><LI><a href="#[75]">&gt;&gt;</a>&nbsp;&nbsp;&nbsp;UpdateDataProcess
</UL>

<P><STRONG><a name="[74]"></a>CommPcRecDatHandler</STRONG> (Thumb, 188 bytes, Stack size 32 bytes, commpcserver.o(.text.CommPcRecDatHandler))
<BR><BR>[Stack]<UL><LI>Max Depth = 2368<LI>Call Chain = CommPcRecDatHandler &rArr; UpdateDataProcess &rArr; BspSaveDataV2 &rArr; BspIntFlashErasePages &rArr; HAL_FLASHEx_Erase &rArr; FLASH_WaitForLastOperation
</UL>
<BR>[Calls]<UL><LI><a href="#[71]">&gt;&gt;</a>&nbsp;&nbsp;&nbsp;SystemDelay
<LI><a href="#[6e]">&gt;&gt;</a>&nbsp;&nbsp;&nbsp;__aeabi_memclr4
<LI><a href="#[75]">&gt;&gt;</a>&nbsp;&nbsp;&nbsp;UpdateDataProcess
</UL>
<BR>[Called By]<UL><LI><a href="#[26]">&gt;&gt;</a>&nbsp;&nbsp;&nbsp;main
</UL>

<P><STRONG><a name="[76]"></a>CommServerRecDatHandler</STRONG> (Thumb, 408 bytes, Stack size 32 bytes, commpcserver.o(.text.CommServerRecDatHandler))
<BR><BR>[Stack]<UL><LI>Max Depth = 2368<LI>Call Chain = CommServerRecDatHandler &rArr; UpdateDataProcess &rArr; BspSaveDataV2 &rArr; BspIntFlashErasePages &rArr; HAL_FLASHEx_Erase &rArr; FLASH_WaitForLastOperation
</UL>
<BR>[Calls]<UL><LI><a href="#[71]">&gt;&gt;</a>&nbsp;&nbsp;&nbsp;SystemDelay
<LI><a href="#[77]">&gt;&gt;</a>&nbsp;&nbsp;&nbsp;strstr
<LI><a href="#[6e]">&gt;&gt;</a>&nbsp;&nbsp;&nbsp;__aeabi_memclr4
<LI><a href="#[75]">&gt;&gt;</a>&nbsp;&nbsp;&nbsp;UpdateDataProcess
</UL>
<BR>[Called By]<UL><LI><a href="#[26]">&gt;&gt;</a>&nbsp;&nbsp;&nbsp;main
</UL>

<P><STRONG><a name="[78]"></a>FLASH_WaitForLastOperation</STRONG> (Thumb, 164 bytes, Stack size 24 bytes, stm32f0xx_hal_flash.o(.text.FLASH_WaitForLastOperation))
<BR><BR>[Stack]<UL><LI>Max Depth = 24<LI>Call Chain = FLASH_WaitForLastOperation
</UL>
<BR>[Calls]<UL><LI><a href="#[79]">&gt;&gt;</a>&nbsp;&nbsp;&nbsp;HAL_GetTick
</UL>
<BR>[Called By]<UL><LI><a href="#[5f]">&gt;&gt;</a>&nbsp;&nbsp;&nbsp;HAL_FLASHEx_Erase
</UL>

<P><STRONG><a name="[7a]"></a>GetUpdatPacketDatTimeout</STRONG> (Thumb, 48 bytes, Stack size 8 bytes, commiap.o(.text.GetUpdatPacketDatTimeout))
<BR><BR>[Stack]<UL><LI>Max Depth = 2192<LI>Call Chain = GetUpdatPacketDatTimeout &rArr; BspSaveDataV2 &rArr; BspIntFlashErasePages &rArr; HAL_FLASHEx_Erase &rArr; FLASH_WaitForLastOperation
</UL>
<BR>[Calls]<UL><LI><a href="#[71]">&gt;&gt;</a>&nbsp;&nbsp;&nbsp;SystemDelay
<LI><a href="#[6d]">&gt;&gt;</a>&nbsp;&nbsp;&nbsp;BspSaveDataV2
</UL>
<BR>[Called By]<UL><LI><a href="#[26]">&gt;&gt;</a>&nbsp;&nbsp;&nbsp;main
</UL>

<P><STRONG><a name="[7b]"></a>HAL_Delay</STRONG> (Thumb, 32 bytes, Stack size 16 bytes, stm32f0xx_hal.o(.text.HAL_Delay))
<BR><BR>[Stack]<UL><LI>Max Depth = 16<LI>Call Chain = HAL_Delay
</UL>
<BR>[Calls]<UL><LI><a href="#[79]">&gt;&gt;</a>&nbsp;&nbsp;&nbsp;HAL_GetTick
</UL>
<BR>[Called By]<UL><LI><a href="#[26]">&gt;&gt;</a>&nbsp;&nbsp;&nbsp;main
</UL>

<P><STRONG><a name="[5f]"></a>HAL_FLASHEx_Erase</STRONG> (Thumb, 196 bytes, Stack size 32 bytes, stm32f0xx_hal_flash_ex.o(.text.HAL_FLASHEx_Erase))
<BR><BR>[Stack]<UL><LI>Max Depth = 56<LI>Call Chain = HAL_FLASHEx_Erase &rArr; FLASH_WaitForLastOperation
</UL>
<BR>[Calls]<UL><LI><a href="#[78]">&gt;&gt;</a>&nbsp;&nbsp;&nbsp;FLASH_WaitForLastOperation
</UL>
<BR>[Called By]<UL><LI><a href="#[5c]">&gt;&gt;</a>&nbsp;&nbsp;&nbsp;BspIntFlashErasePages
</UL>

<P><STRONG><a name="[60]"></a>HAL_FLASH_Lock</STRONG> (Thumb, 16 bytes, Stack size 0 bytes, stm32f0xx_hal_flash.o(.text.HAL_FLASH_Lock))
<BR><BR>[Called By]<UL><LI><a href="#[5c]">&gt;&gt;</a>&nbsp;&nbsp;&nbsp;BspIntFlashErasePages
<LI><a href="#[61]">&gt;&gt;</a>&nbsp;&nbsp;&nbsp;BspIntFlashWrite
</UL>

<P><STRONG><a name="[62]"></a>HAL_FLASH_Program</STRONG> (Thumb, 328 bytes, Stack size 40 bytes, stm32f0xx_hal_flash.o(.text.HAL_FLASH_Program))
<BR><BR>[Stack]<UL><LI>Max Depth = 48<LI>Call Chain = HAL_FLASH_Program &rArr; __aeabi_llsr
</UL>
<BR>[Calls]<UL><LI><a href="#[79]">&gt;&gt;</a>&nbsp;&nbsp;&nbsp;HAL_GetTick
<LI><a href="#[53]">&gt;&gt;</a>&nbsp;&nbsp;&nbsp;__aeabi_llsr
</UL>
<BR>[Called By]<UL><LI><a href="#[61]">&gt;&gt;</a>&nbsp;&nbsp;&nbsp;BspIntFlashWrite
</UL>

<P><STRONG><a name="[5e]"></a>HAL_FLASH_Unlock</STRONG> (Thumb, 28 bytes, Stack size 0 bytes, stm32f0xx_hal_flash.o(.text.HAL_FLASH_Unlock))
<BR><BR>[Called By]<UL><LI><a href="#[5c]">&gt;&gt;</a>&nbsp;&nbsp;&nbsp;BspIntFlashErasePages
<LI><a href="#[26]">&gt;&gt;</a>&nbsp;&nbsp;&nbsp;main
<LI><a href="#[61]">&gt;&gt;</a>&nbsp;&nbsp;&nbsp;BspIntFlashWrite
</UL>

<P><STRONG><a name="[67]"></a>HAL_GPIO_Init</STRONG> (Thumb, 352 bytes, Stack size 56 bytes, stm32f0xx_hal_gpio.o(.text.HAL_GPIO_Init))
<BR><BR>[Stack]<UL><LI>Max Depth = 56<LI>Call Chain = HAL_GPIO_Init
</UL>
<BR>[Called By]<UL><LI><a href="#[84]">&gt;&gt;</a>&nbsp;&nbsp;&nbsp;HAL_UART_MspInit
<LI><a href="#[5b]">&gt;&gt;</a>&nbsp;&nbsp;&nbsp;BspLedInit
<LI><a href="#[59]">&gt;&gt;</a>&nbsp;&nbsp;&nbsp;BspWifiInit
</UL>

<P><STRONG><a name="[8d]"></a>HAL_GPIO_WritePin</STRONG> (Thumb, 16 bytes, Stack size 0 bytes, stm32f0xx_hal_gpio.o(.text.HAL_GPIO_WritePin))
<BR><BR>[Called By]<UL><LI><a href="#[38]">&gt;&gt;</a>&nbsp;&nbsp;&nbsp;__ESP12F_RESET_HIGH
<LI><a href="#[37]">&gt;&gt;</a>&nbsp;&nbsp;&nbsp;__ESP12F_RESET_LOW
<LI><a href="#[34]">&gt;&gt;</a>&nbsp;&nbsp;&nbsp;__LedWifiRxdOutHigh
<LI><a href="#[33]">&gt;&gt;</a>&nbsp;&nbsp;&nbsp;__LedWifiRxdOutLow
<LI><a href="#[32]">&gt;&gt;</a>&nbsp;&nbsp;&nbsp;__LedWifiTxdOutHigh
<LI><a href="#[31]">&gt;&gt;</a>&nbsp;&nbsp;&nbsp;__LedWifiTxdOutLow
<LI><a href="#[30]">&gt;&gt;</a>&nbsp;&nbsp;&nbsp;__LedLoraRxdOutHigh
<LI><a href="#[2f]">&gt;&gt;</a>&nbsp;&nbsp;&nbsp;__LedLoraRxdOutLow
<LI><a href="#[2e]">&gt;&gt;</a>&nbsp;&nbsp;&nbsp;__LedLoraTxdOutHigh
<LI><a href="#[2d]">&gt;&gt;</a>&nbsp;&nbsp;&nbsp;__LedLoraTxdOutLow
<LI><a href="#[2c]">&gt;&gt;</a>&nbsp;&nbsp;&nbsp;__LedPcRxdOutHigh
<LI><a href="#[2b]">&gt;&gt;</a>&nbsp;&nbsp;&nbsp;__LedPcRxdOutLow
<LI><a href="#[2a]">&gt;&gt;</a>&nbsp;&nbsp;&nbsp;__LedPcTxdOutHigh
<LI><a href="#[29]">&gt;&gt;</a>&nbsp;&nbsp;&nbsp;__LedPcTxdOutLow
</UL>

<P><STRONG><a name="[79]"></a>HAL_GetTick</STRONG> (Thumb, 8 bytes, Stack size 0 bytes, stm32f0xx_hal.o(.text.HAL_GetTick))
<BR><BR>[Called By]<UL><LI><a href="#[88]">&gt;&gt;</a>&nbsp;&nbsp;&nbsp;UART_WaitOnFlagUntilTimeout
<LI><a href="#[6c]">&gt;&gt;</a>&nbsp;&nbsp;&nbsp;HAL_UART_Transmit
<LI><a href="#[87]">&gt;&gt;</a>&nbsp;&nbsp;&nbsp;UART_CheckIdleState
<LI><a href="#[78]">&gt;&gt;</a>&nbsp;&nbsp;&nbsp;FLASH_WaitForLastOperation
<LI><a href="#[62]">&gt;&gt;</a>&nbsp;&nbsp;&nbsp;HAL_FLASH_Program
<LI><a href="#[7b]">&gt;&gt;</a>&nbsp;&nbsp;&nbsp;HAL_Delay
<LI><a href="#[81]">&gt;&gt;</a>&nbsp;&nbsp;&nbsp;HAL_RCC_ClockConfig
<LI><a href="#[83]">&gt;&gt;</a>&nbsp;&nbsp;&nbsp;HAL_RCC_OscConfig
</UL>

<P><STRONG><a name="[89]"></a>HAL_IncTick</STRONG> (Thumb, 16 bytes, Stack size 0 bytes, stm32f0xx_hal.o(.text.HAL_IncTick))
<BR><BR>[Called By]<UL><LI><a href="#[5]">&gt;&gt;</a>&nbsp;&nbsp;&nbsp;SysTick_Handler
</UL>

<P><STRONG><a name="[7c]"></a>HAL_Init</STRONG> (Thumb, 28 bytes, Stack size 8 bytes, stm32f0xx_hal.o(.text.HAL_Init))
<BR><BR>[Stack]<UL><LI>Max Depth = 40<LI>Call Chain = HAL_Init &rArr; HAL_InitTick &rArr; __aeabi_uidiv
</UL>
<BR>[Calls]<UL><LI><a href="#[7d]">&gt;&gt;</a>&nbsp;&nbsp;&nbsp;HAL_InitTick
<LI><a href="#[7e]">&gt;&gt;</a>&nbsp;&nbsp;&nbsp;HAL_MspInit
</UL>
<BR>[Called By]<UL><LI><a href="#[26]">&gt;&gt;</a>&nbsp;&nbsp;&nbsp;main
</UL>

<P><STRONG><a name="[7d]"></a>HAL_InitTick</STRONG> (Thumb, 60 bytes, Stack size 16 bytes, stm32f0xx_hal.o(.text.HAL_InitTick))
<BR><BR>[Stack]<UL><LI>Max Depth = 32<LI>Call Chain = HAL_InitTick &rArr; __aeabi_uidiv
</UL>
<BR>[Calls]<UL><LI><a href="#[6a]">&gt;&gt;</a>&nbsp;&nbsp;&nbsp;HAL_NVIC_SetPriority
<LI><a href="#[80]">&gt;&gt;</a>&nbsp;&nbsp;&nbsp;HAL_SYSTICK_Config
<LI><a href="#[7f]">&gt;&gt;</a>&nbsp;&nbsp;&nbsp;__aeabi_uidiv
</UL>
<BR>[Called By]<UL><LI><a href="#[81]">&gt;&gt;</a>&nbsp;&nbsp;&nbsp;HAL_RCC_ClockConfig
<LI><a href="#[7c]">&gt;&gt;</a>&nbsp;&nbsp;&nbsp;HAL_Init
</UL>

<P><STRONG><a name="[7e]"></a>HAL_MspInit</STRONG> (Thumb, 40 bytes, Stack size 8 bytes, stm32f0xx_hal_msp.o(.text.HAL_MspInit))
<BR><BR>[Stack]<UL><LI>Max Depth = 8<LI>Call Chain = HAL_MspInit
</UL>
<BR>[Called By]<UL><LI><a href="#[7c]">&gt;&gt;</a>&nbsp;&nbsp;&nbsp;HAL_Init
</UL>

<P><STRONG><a name="[69]"></a>HAL_NVIC_EnableIRQ</STRONG> (Thumb, 20 bytes, Stack size 0 bytes, stm32f0xx_hal_cortex.o(.text.HAL_NVIC_EnableIRQ))
<BR><BR>[Called By]<UL><LI><a href="#[5a]">&gt;&gt;</a>&nbsp;&nbsp;&nbsp;BspPcInit
<LI><a href="#[59]">&gt;&gt;</a>&nbsp;&nbsp;&nbsp;BspWifiInit
</UL>

<P><STRONG><a name="[6a]"></a>HAL_NVIC_SetPriority</STRONG> (Thumb, 48 bytes, Stack size 0 bytes, stm32f0xx_hal_cortex.o(.text.HAL_NVIC_SetPriority))
<BR><BR>[Called By]<UL><LI><a href="#[7d]">&gt;&gt;</a>&nbsp;&nbsp;&nbsp;HAL_InitTick
<LI><a href="#[5a]">&gt;&gt;</a>&nbsp;&nbsp;&nbsp;BspPcInit
<LI><a href="#[59]">&gt;&gt;</a>&nbsp;&nbsp;&nbsp;BspWifiInit
</UL>

<P><STRONG><a name="[81]"></a>HAL_RCC_ClockConfig</STRONG> (Thumb, 344 bytes, Stack size 24 bytes, stm32f0xx_hal_rcc.o(.text.HAL_RCC_ClockConfig))
<BR><BR>[Stack]<UL><LI>Max Depth = 56<LI>Call Chain = HAL_RCC_ClockConfig &rArr; HAL_InitTick &rArr; __aeabi_uidiv
</UL>
<BR>[Calls]<UL><LI><a href="#[79]">&gt;&gt;</a>&nbsp;&nbsp;&nbsp;HAL_GetTick
<LI><a href="#[7d]">&gt;&gt;</a>&nbsp;&nbsp;&nbsp;HAL_InitTick
<LI><a href="#[7f]">&gt;&gt;</a>&nbsp;&nbsp;&nbsp;__aeabi_uidiv
</UL>
<BR>[Called By]<UL><LI><a href="#[26]">&gt;&gt;</a>&nbsp;&nbsp;&nbsp;main
</UL>

<P><STRONG><a name="[8b]"></a>HAL_RCC_GetPCLK1Freq</STRONG> (Thumb, 20 bytes, Stack size 0 bytes, stm32f0xx_hal_rcc.o(.text.HAL_RCC_GetPCLK1Freq))
<BR><BR>[Called By]<UL><LI><a href="#[85]">&gt;&gt;</a>&nbsp;&nbsp;&nbsp;UART_SetConfig
</UL>

<P><STRONG><a name="[82]"></a>HAL_RCC_GetSysClockFreq</STRONG> (Thumb, 84 bytes, Stack size 16 bytes, stm32f0xx_hal_rcc.o(.text.HAL_RCC_GetSysClockFreq))
<BR><BR>[Stack]<UL><LI>Max Depth = 32<LI>Call Chain = HAL_RCC_GetSysClockFreq &rArr; __aeabi_uidiv
</UL>
<BR>[Calls]<UL><LI><a href="#[7f]">&gt;&gt;</a>&nbsp;&nbsp;&nbsp;__aeabi_uidiv
</UL>
<BR>[Called By]<UL><LI><a href="#[85]">&gt;&gt;</a>&nbsp;&nbsp;&nbsp;UART_SetConfig
</UL>

<P><STRONG><a name="[83]"></a>HAL_RCC_OscConfig</STRONG> (Thumb, 1176 bytes, Stack size 48 bytes, stm32f0xx_hal_rcc.o(.text.HAL_RCC_OscConfig))
<BR><BR>[Stack]<UL><LI>Max Depth = 48<LI>Call Chain = HAL_RCC_OscConfig
</UL>
<BR>[Calls]<UL><LI><a href="#[79]">&gt;&gt;</a>&nbsp;&nbsp;&nbsp;HAL_GetTick
</UL>
<BR>[Called By]<UL><LI><a href="#[26]">&gt;&gt;</a>&nbsp;&nbsp;&nbsp;main
</UL>

<P><STRONG><a name="[80]"></a>HAL_SYSTICK_Config</STRONG> (Thumb, 40 bytes, Stack size 0 bytes, stm32f0xx_hal_cortex.o(.text.HAL_SYSTICK_Config))
<BR><BR>[Called By]<UL><LI><a href="#[7d]">&gt;&gt;</a>&nbsp;&nbsp;&nbsp;HAL_InitTick
</UL>

<P><STRONG><a name="[57]"></a>HAL_UART_Init</STRONG> (Thumb, 106 bytes, Stack size 16 bytes, stm32f0xx_hal_uart.o(.text.HAL_UART_Init))
<BR><BR>[Stack]<UL><LI>Max Depth = 128<LI>Call Chain = HAL_UART_Init &rArr; HAL_UART_MspInit &rArr; HAL_GPIO_Init
</UL>
<BR>[Calls]<UL><LI><a href="#[87]">&gt;&gt;</a>&nbsp;&nbsp;&nbsp;UART_CheckIdleState
<LI><a href="#[86]">&gt;&gt;</a>&nbsp;&nbsp;&nbsp;UART_AdvFeatureConfig
<LI><a href="#[85]">&gt;&gt;</a>&nbsp;&nbsp;&nbsp;UART_SetConfig
<LI><a href="#[84]">&gt;&gt;</a>&nbsp;&nbsp;&nbsp;HAL_UART_MspInit
</UL>
<BR>[Called By]<UL><LI><a href="#[5a]">&gt;&gt;</a>&nbsp;&nbsp;&nbsp;BspPcInit
<LI><a href="#[59]">&gt;&gt;</a>&nbsp;&nbsp;&nbsp;BspWifiInit
<LI><a href="#[56]">&gt;&gt;</a>&nbsp;&nbsp;&nbsp;BspDebugInit
</UL>

<P><STRONG><a name="[84]"></a>HAL_UART_MspInit</STRONG> (Thumb, 304 bytes, Stack size 56 bytes, stm32f0xx_hal_msp.o(.text.HAL_UART_MspInit))
<BR><BR>[Stack]<UL><LI>Max Depth = 112<LI>Call Chain = HAL_UART_MspInit &rArr; HAL_GPIO_Init
</UL>
<BR>[Calls]<UL><LI><a href="#[67]">&gt;&gt;</a>&nbsp;&nbsp;&nbsp;HAL_GPIO_Init
</UL>
<BR>[Called By]<UL><LI><a href="#[57]">&gt;&gt;</a>&nbsp;&nbsp;&nbsp;HAL_UART_Init
</UL>

<P><STRONG><a name="[6c]"></a>HAL_UART_Transmit</STRONG> (Thumb, 248 bytes, Stack size 48 bytes, stm32f0xx_hal_uart.o(.text.HAL_UART_Transmit))
<BR><BR>[Stack]<UL><LI>Max Depth = 88<LI>Call Chain = HAL_UART_Transmit &rArr; UART_WaitOnFlagUntilTimeout
</UL>
<BR>[Calls]<UL><LI><a href="#[88]">&gt;&gt;</a>&nbsp;&nbsp;&nbsp;UART_WaitOnFlagUntilTimeout
<LI><a href="#[79]">&gt;&gt;</a>&nbsp;&nbsp;&nbsp;HAL_GetTick
</UL>
<BR>[Called By]<UL><LI><a href="#[4b]">&gt;&gt;</a>&nbsp;&nbsp;&nbsp;__ESP12F_Get_LinkStatus
<LI><a href="#[49]">&gt;&gt;</a>&nbsp;&nbsp;&nbsp;__ESP12F_ExitUnvarnishSend
<LI><a href="#[46]">&gt;&gt;</a>&nbsp;&nbsp;&nbsp;__ESP12F_UnvarnishSend
<LI><a href="#[44]">&gt;&gt;</a>&nbsp;&nbsp;&nbsp;__ESP12F_UnvarnishSendMode_SET
<LI><a href="#[42]">&gt;&gt;</a>&nbsp;&nbsp;&nbsp;__ESP12F_Link_Server
<LI><a href="#[40]">&gt;&gt;</a>&nbsp;&nbsp;&nbsp;__ESP12F_SINGLE_ID_SET
<LI><a href="#[3e]">&gt;&gt;</a>&nbsp;&nbsp;&nbsp;__ESP12F_AutoConn_DISABLE
<LI><a href="#[3c]">&gt;&gt;</a>&nbsp;&nbsp;&nbsp;__ESP12F_JoinAP
<LI><a href="#[3a]">&gt;&gt;</a>&nbsp;&nbsp;&nbsp;__ESP12F_STA_Mode_SET
<LI><a href="#[73]">&gt;&gt;</a>&nbsp;&nbsp;&nbsp;BspWifiUartSendPacket
<LI><a href="#[6b]">&gt;&gt;</a>&nbsp;&nbsp;&nbsp;BspPcUartSendPacket
</UL>

<P><STRONG><a name="[2]"></a>HardFault_Handler</STRONG> (Thumb, 24 bytes, Stack size 0 bytes, stm32f0xx_it.o(.text.HardFault_Handler))
<BR>[Address Reference Count : 1]<UL><LI> startup_stm32f072xb.o(RESET)
</UL>
<P><STRONG><a name="[1]"></a>NMI_Handler</STRONG> (Thumb, 2 bytes, Stack size 0 bytes, stm32f0xx_it.o(.text.NMI_Handler))
<BR>[Address Reference Count : 1]<UL><LI> startup_stm32f072xb.o(RESET)
</UL>
<P><STRONG><a name="[8a]"></a>OsTimeBaseEvent</STRONG> (Thumb, 12 bytes, Stack size 0 bytes, usros.o(.text.OsTimeBaseEvent))
<BR><BR>[Called By]<UL><LI><a href="#[5]">&gt;&gt;</a>&nbsp;&nbsp;&nbsp;SysTick_Handler
</UL>

<P><STRONG><a name="[4]"></a>PendSV_Handler</STRONG> (Thumb, 2 bytes, Stack size 0 bytes, stm32f0xx_it.o(.text.PendSV_Handler))
<BR>[Address Reference Count : 1]<UL><LI> startup_stm32f072xb.o(RESET)
</UL>
<P><STRONG><a name="[3]"></a>SVC_Handler</STRONG> (Thumb, 2 bytes, Stack size 0 bytes, stm32f0xx_it.o(.text.SVC_Handler))
<BR>[Address Reference Count : 1]<UL><LI> startup_stm32f072xb.o(RESET)
</UL>
<P><STRONG><a name="[5]"></a>SysTick_Handler</STRONG> (Thumb, 12 bytes, Stack size 8 bytes, stm32f0xx_it.o(.text.SysTick_Handler))
<BR><BR>[Stack]<UL><LI>Max Depth = 8<LI>Call Chain = SysTick_Handler
</UL>
<BR>[Calls]<UL><LI><a href="#[8a]">&gt;&gt;</a>&nbsp;&nbsp;&nbsp;OsTimeBaseEvent
<LI><a href="#[89]">&gt;&gt;</a>&nbsp;&nbsp;&nbsp;HAL_IncTick
</UL>
<BR>[Address Reference Count : 1]<UL><LI> startup_stm32f072xb.o(RESET)
</UL>
<P><STRONG><a name="[71]"></a>SystemDelay</STRONG> (Thumb, 40 bytes, Stack size 0 bytes, usros.o(.text.SystemDelay))
<BR><BR>[Called By]<UL><LI><a href="#[7a]">&gt;&gt;</a>&nbsp;&nbsp;&nbsp;GetUpdatPacketDatTimeout
<LI><a href="#[76]">&gt;&gt;</a>&nbsp;&nbsp;&nbsp;CommServerRecDatHandler
<LI><a href="#[74]">&gt;&gt;</a>&nbsp;&nbsp;&nbsp;CommPcRecDatHandler
<LI><a href="#[4c]">&gt;&gt;</a>&nbsp;&nbsp;&nbsp;__ESP12F_Get_LinkStatus_DelayForReady
<LI><a href="#[4a]">&gt;&gt;</a>&nbsp;&nbsp;&nbsp;__ESP12F_ExitUnvarnishSend_DelayForReady
<LI><a href="#[49]">&gt;&gt;</a>&nbsp;&nbsp;&nbsp;__ESP12F_ExitUnvarnishSend
<LI><a href="#[47]">&gt;&gt;</a>&nbsp;&nbsp;&nbsp;__ESP12F_UnvarnishSend_DelayForReady
<LI><a href="#[45]">&gt;&gt;</a>&nbsp;&nbsp;&nbsp;__ESP12F_UnvarnishSendMode_SET_DelayForReady
<LI><a href="#[43]">&gt;&gt;</a>&nbsp;&nbsp;&nbsp;__ESP12F_Link_Server_DelayForReady
<LI><a href="#[41]">&gt;&gt;</a>&nbsp;&nbsp;&nbsp;__ESP12F_SINGLE_ID_SET_DelayForReady
<LI><a href="#[3f]">&gt;&gt;</a>&nbsp;&nbsp;&nbsp;__ESP12F_AutoConn_DISABLE_DelayForReady
<LI><a href="#[3d]">&gt;&gt;</a>&nbsp;&nbsp;&nbsp;__ESP12F_JoinAP_DelayForReady
<LI><a href="#[3b]">&gt;&gt;</a>&nbsp;&nbsp;&nbsp;__ESP12F_STA_Mode_SET_DelayForReady
<LI><a href="#[39]">&gt;&gt;</a>&nbsp;&nbsp;&nbsp;__ESP12F_RESET_DelayForReady
<LI><a href="#[38]">&gt;&gt;</a>&nbsp;&nbsp;&nbsp;__ESP12F_RESET_HIGH
<LI><a href="#[64]">&gt;&gt;</a>&nbsp;&nbsp;&nbsp;BspSimPwmRunEvent
</UL>

<P><STRONG><a name="[27]"></a>SystemInit</STRONG> (Thumb, 2 bytes, Stack size 0 bytes, system_stm32f0xx.o(.text.SystemInit))
<BR>[Address Reference Count : 1]<UL><LI> startup_stm32f072xb.o(.text)
</UL>
<P><STRONG><a name="[86]"></a>UART_AdvFeatureConfig</STRONG> (Thumb, 210 bytes, Stack size 16 bytes, stm32f0xx_hal_uart.o(.text.UART_AdvFeatureConfig))
<BR><BR>[Stack]<UL><LI>Max Depth = 16<LI>Call Chain = UART_AdvFeatureConfig
</UL>
<BR>[Called By]<UL><LI><a href="#[57]">&gt;&gt;</a>&nbsp;&nbsp;&nbsp;HAL_UART_Init
</UL>

<P><STRONG><a name="[87]"></a>UART_CheckIdleState</STRONG> (Thumb, 292 bytes, Stack size 32 bytes, stm32f0xx_hal_uart.o(.text.UART_CheckIdleState))
<BR><BR>[Stack]<UL><LI>Max Depth = 32<LI>Call Chain = UART_CheckIdleState
</UL>
<BR>[Calls]<UL><LI><a href="#[79]">&gt;&gt;</a>&nbsp;&nbsp;&nbsp;HAL_GetTick
</UL>
<BR>[Called By]<UL><LI><a href="#[57]">&gt;&gt;</a>&nbsp;&nbsp;&nbsp;HAL_UART_Init
</UL>

<P><STRONG><a name="[85]"></a>UART_SetConfig</STRONG> (Thumb, 292 bytes, Stack size 16 bytes, stm32f0xx_hal_uart.o(.text.UART_SetConfig))
<BR><BR>[Stack]<UL><LI>Max Depth = 48<LI>Call Chain = UART_SetConfig &rArr; HAL_RCC_GetSysClockFreq &rArr; __aeabi_uidiv
</UL>
<BR>[Calls]<UL><LI><a href="#[8b]">&gt;&gt;</a>&nbsp;&nbsp;&nbsp;HAL_RCC_GetPCLK1Freq
<LI><a href="#[82]">&gt;&gt;</a>&nbsp;&nbsp;&nbsp;HAL_RCC_GetSysClockFreq
<LI><a href="#[7f]">&gt;&gt;</a>&nbsp;&nbsp;&nbsp;__aeabi_uidiv
</UL>
<BR>[Called By]<UL><LI><a href="#[57]">&gt;&gt;</a>&nbsp;&nbsp;&nbsp;HAL_UART_Init
</UL>

<P><STRONG><a name="[88]"></a>UART_WaitOnFlagUntilTimeout</STRONG> (Thumb, 248 bytes, Stack size 40 bytes, stm32f0xx_hal_uart.o(.text.UART_WaitOnFlagUntilTimeout))
<BR><BR>[Stack]<UL><LI>Max Depth = 40<LI>Call Chain = UART_WaitOnFlagUntilTimeout
</UL>
<BR>[Calls]<UL><LI><a href="#[79]">&gt;&gt;</a>&nbsp;&nbsp;&nbsp;HAL_GetTick
</UL>
<BR>[Called By]<UL><LI><a href="#[6c]">&gt;&gt;</a>&nbsp;&nbsp;&nbsp;HAL_UART_Transmit
</UL>

<P><STRONG><a name="[21]"></a>USART1_IRQHandler</STRONG> (Thumb, 64 bytes, Stack size 8 bytes, stm32f0xx_it.o(.text.USART1_IRQHandler))
<BR><BR>[Stack]<UL><LI>Max Depth = 24<LI>Call Chain = USART1_IRQHandler &rArr; BspLedFlashSet &rArr; BspSimPwmCall
</UL>
<BR>[Calls]<UL><LI><a href="#[65]">&gt;&gt;</a>&nbsp;&nbsp;&nbsp;BspLedFlashSet
</UL>
<BR>[Address Reference Count : 1]<UL><LI> startup_stm32f072xb.o(RESET)
</UL>
<P><STRONG><a name="[22]"></a>USART2_IRQHandler</STRONG> (Thumb, 64 bytes, Stack size 8 bytes, stm32f0xx_it.o(.text.USART2_IRQHandler))
<BR><BR>[Stack]<UL><LI>Max Depth = 24<LI>Call Chain = USART2_IRQHandler &rArr; BspLedFlashSet &rArr; BspSimPwmCall
</UL>
<BR>[Calls]<UL><LI><a href="#[65]">&gt;&gt;</a>&nbsp;&nbsp;&nbsp;BspLedFlashSet
</UL>
<BR>[Address Reference Count : 1]<UL><LI> startup_stm32f072xb.o(RESET)
</UL>
<P><STRONG><a name="[75]"></a>UpdateDataProcess</STRONG> (Thumb, 340 bytes, Stack size 152 bytes, commiap.o(.text.UpdateDataProcess))
<BR><BR>[Stack]<UL><LI>Max Depth = 2336<LI>Call Chain = UpdateDataProcess &rArr; BspSaveDataV2 &rArr; BspIntFlashErasePages &rArr; HAL_FLASHEx_Erase &rArr; FLASH_WaitForLastOperation
</UL>
<BR>[Calls]<UL><LI><a href="#[70]">&gt;&gt;</a>&nbsp;&nbsp;&nbsp;__aeabi_memcpy
<LI><a href="#[73]">&gt;&gt;</a>&nbsp;&nbsp;&nbsp;BspWifiUartSendPacket
<LI><a href="#[6b]">&gt;&gt;</a>&nbsp;&nbsp;&nbsp;BspPcUartSendPacket
<LI><a href="#[6d]">&gt;&gt;</a>&nbsp;&nbsp;&nbsp;BspSaveDataV2
<LI><a href="#[61]">&gt;&gt;</a>&nbsp;&nbsp;&nbsp;BspIntFlashWrite
</UL>
<BR>[Called By]<UL><LI><a href="#[76]">&gt;&gt;</a>&nbsp;&nbsp;&nbsp;CommServerRecDatHandler
<LI><a href="#[74]">&gt;&gt;</a>&nbsp;&nbsp;&nbsp;CommPcRecDatHandler
</UL>

<P><STRONG><a name="[8f]"></a>esp12f_config</STRONG> (Thumb, 48 bytes, Stack size 8 bytes, esp12f.o(.text.esp12f_config))
<BR><BR>[Stack]<UL><LI>Max Depth = 32<LI>Call Chain = esp12f_config &rArr; __2printf
</UL>
<BR>[Calls]<UL><LI><a href="#[90]">&gt;&gt;</a>&nbsp;&nbsp;&nbsp;__2printf
</UL>
<BR>[Called By]<UL><LI><a href="#[26]">&gt;&gt;</a>&nbsp;&nbsp;&nbsp;main
</UL>

<P><STRONG><a name="[35]"></a>fputc</STRONG> (Thumb, 32 bytes, Stack size 0 bytes, bspdebug.o(.text.fputc))
<BR><BR>[Called By]<UL><LI><a href="#[5d]">&gt;&gt;</a>&nbsp;&nbsp;&nbsp;puts
</UL>
<BR>[Address Reference Count : 1]<UL><LI> printf8.o(i.__0printf$8)
</UL>
<P><STRONG><a name="[26]"></a>main</STRONG> (Thumb, 264 bytes, Stack size 72 bytes, main.o(.text.main))
<BR><BR>[Stack]<UL><LI>Max Depth = 2440<LI>Call Chain = main &rArr; CommServerRecDatHandler &rArr; UpdateDataProcess &rArr; BspSaveDataV2 &rArr; BspIntFlashErasePages &rArr; HAL_FLASHEx_Erase &rArr; FLASH_WaitForLastOperation
</UL>
<BR>[Calls]<UL><LI><a href="#[7a]">&gt;&gt;</a>&nbsp;&nbsp;&nbsp;GetUpdatPacketDatTimeout
<LI><a href="#[76]">&gt;&gt;</a>&nbsp;&nbsp;&nbsp;CommServerRecDatHandler
<LI><a href="#[74]">&gt;&gt;</a>&nbsp;&nbsp;&nbsp;CommPcRecDatHandler
<LI><a href="#[8f]">&gt;&gt;</a>&nbsp;&nbsp;&nbsp;esp12f_config
<LI><a href="#[63]">&gt;&gt;</a>&nbsp;&nbsp;&nbsp;BspLedEvent
<LI><a href="#[7b]">&gt;&gt;</a>&nbsp;&nbsp;&nbsp;HAL_Delay
<LI><a href="#[5c]">&gt;&gt;</a>&nbsp;&nbsp;&nbsp;BspIntFlashErasePages
<LI><a href="#[65]">&gt;&gt;</a>&nbsp;&nbsp;&nbsp;BspLedFlashSet
<LI><a href="#[6f]">&gt;&gt;</a>&nbsp;&nbsp;&nbsp;BspIntFlashRead
<LI><a href="#[58]">&gt;&gt;</a>&nbsp;&nbsp;&nbsp;BspInit
<LI><a href="#[81]">&gt;&gt;</a>&nbsp;&nbsp;&nbsp;HAL_RCC_ClockConfig
<LI><a href="#[83]">&gt;&gt;</a>&nbsp;&nbsp;&nbsp;HAL_RCC_OscConfig
<LI><a href="#[7c]">&gt;&gt;</a>&nbsp;&nbsp;&nbsp;HAL_Init
<LI><a href="#[5e]">&gt;&gt;</a>&nbsp;&nbsp;&nbsp;HAL_FLASH_Unlock
<LI><a href="#[70]">&gt;&gt;</a>&nbsp;&nbsp;&nbsp;__aeabi_memcpy
</UL>
<BR>[Address Reference Count : 1]<UL><LI> entry9a.o(.ARM.Collect$$$$0000000B)
</UL>
<P><STRONG><a name="[91]"></a>__0printf$8</STRONG> (Thumb, 24 bytes, Stack size 24 bytes, printf8.o(i.__0printf$8), UNUSED)
<BR><BR>[Calls]<UL><LI><a href="#[92]">&gt;&gt;</a>&nbsp;&nbsp;&nbsp;_printf_core
</UL>

<P><STRONG><a name="[a4]"></a>__1printf$8</STRONG> (Thumb, 0 bytes, Stack size 24 bytes, printf8.o(i.__0printf$8), UNUSED)

<P><STRONG><a name="[90]"></a>__2printf</STRONG> (Thumb, 0 bytes, Stack size 24 bytes, printf8.o(i.__0printf$8))
<BR><BR>[Stack]<UL><LI>Max Depth = 24<LI>Call Chain = __2printf
</UL>
<BR>[Called By]<UL><LI><a href="#[8f]">&gt;&gt;</a>&nbsp;&nbsp;&nbsp;esp12f_config
</UL>

<P><STRONG><a name="[93]"></a>__0sprintf$8</STRONG> (Thumb, 36 bytes, Stack size 24 bytes, printf8.o(i.__0sprintf$8), UNUSED)
<BR><BR>[Calls]<UL><LI><a href="#[36]">&gt;&gt;</a>&nbsp;&nbsp;&nbsp;_sputc
<LI><a href="#[92]">&gt;&gt;</a>&nbsp;&nbsp;&nbsp;_printf_core
</UL>

<P><STRONG><a name="[a5]"></a>__1sprintf$8</STRONG> (Thumb, 0 bytes, Stack size 24 bytes, printf8.o(i.__0sprintf$8), UNUSED)

<P><STRONG><a name="[8c]"></a>__2sprintf</STRONG> (Thumb, 0 bytes, Stack size 24 bytes, printf8.o(i.__0sprintf$8))
<BR><BR>[Stack]<UL><LI>Max Depth = 24<LI>Call Chain = __2sprintf
</UL>
<BR>[Called By]<UL><LI><a href="#[42]">&gt;&gt;</a>&nbsp;&nbsp;&nbsp;__ESP12F_Link_Server
<LI><a href="#[3c]">&gt;&gt;</a>&nbsp;&nbsp;&nbsp;__ESP12F_JoinAP
</UL>

<P><STRONG><a name="[a6]"></a>__scatterload_copy</STRONG> (Thumb, 14 bytes, Stack size unknown bytes, handlers.o(i.__scatterload_copy), UNUSED)

<P><STRONG><a name="[a7]"></a>__scatterload_null</STRONG> (Thumb, 2 bytes, Stack size unknown bytes, handlers.o(i.__scatterload_null), UNUSED)

<P><STRONG><a name="[a8]"></a>__scatterload_zeroinit</STRONG> (Thumb, 14 bytes, Stack size unknown bytes, handlers.o(i.__scatterload_zeroinit), UNUSED)

<P><STRONG><a name="[5d]"></a>puts</STRONG> (Thumb, 28 bytes, Stack size 8 bytes, puts.o(i.puts))
<BR><BR>[Stack]<UL><LI>Max Depth = 8<LI>Call Chain = puts
</UL>
<BR>[Calls]<UL><LI><a href="#[35]">&gt;&gt;</a>&nbsp;&nbsp;&nbsp;fputc
</UL>
<BR>[Called By]<UL><LI><a href="#[5c]">&gt;&gt;</a>&nbsp;&nbsp;&nbsp;BspIntFlashErasePages
</UL>
<P>
<H3>
Local Symbols
</H3>
<P><STRONG><a name="[29]"></a>__LedPcTxdOutLow</STRONG> (Thumb, 16 bytes, Stack size 8 bytes, bspled.o(.text.__LedPcTxdOutLow))
<BR><BR>[Stack]<UL><LI>Max Depth = 8<LI>Call Chain = __LedPcTxdOutLow
</UL>
<BR>[Calls]<UL><LI><a href="#[8d]">&gt;&gt;</a>&nbsp;&nbsp;&nbsp;HAL_GPIO_WritePin
</UL>
<BR>[Address Reference Count : 1]<UL><LI> bspled.o(.text.BspLedInit)
</UL>
<P><STRONG><a name="[2a]"></a>__LedPcTxdOutHigh</STRONG> (Thumb, 16 bytes, Stack size 8 bytes, bspled.o(.text.__LedPcTxdOutHigh))
<BR><BR>[Stack]<UL><LI>Max Depth = 8<LI>Call Chain = __LedPcTxdOutHigh
</UL>
<BR>[Calls]<UL><LI><a href="#[8d]">&gt;&gt;</a>&nbsp;&nbsp;&nbsp;HAL_GPIO_WritePin
</UL>
<BR>[Address Reference Count : 1]<UL><LI> bspled.o(.text.BspLedInit)
</UL>
<P><STRONG><a name="[2b]"></a>__LedPcRxdOutLow</STRONG> (Thumb, 16 bytes, Stack size 8 bytes, bspled.o(.text.__LedPcRxdOutLow))
<BR><BR>[Stack]<UL><LI>Max Depth = 8<LI>Call Chain = __LedPcRxdOutLow
</UL>
<BR>[Calls]<UL><LI><a href="#[8d]">&gt;&gt;</a>&nbsp;&nbsp;&nbsp;HAL_GPIO_WritePin
</UL>
<BR>[Address Reference Count : 1]<UL><LI> bspled.o(.text.BspLedInit)
</UL>
<P><STRONG><a name="[2c]"></a>__LedPcRxdOutHigh</STRONG> (Thumb, 16 bytes, Stack size 8 bytes, bspled.o(.text.__LedPcRxdOutHigh))
<BR><BR>[Stack]<UL><LI>Max Depth = 8<LI>Call Chain = __LedPcRxdOutHigh
</UL>
<BR>[Calls]<UL><LI><a href="#[8d]">&gt;&gt;</a>&nbsp;&nbsp;&nbsp;HAL_GPIO_WritePin
</UL>
<BR>[Address Reference Count : 1]<UL><LI> bspled.o(.text.BspLedInit)
</UL>
<P><STRONG><a name="[2d]"></a>__LedLoraTxdOutLow</STRONG> (Thumb, 16 bytes, Stack size 8 bytes, bspled.o(.text.__LedLoraTxdOutLow))
<BR><BR>[Stack]<UL><LI>Max Depth = 8<LI>Call Chain = __LedLoraTxdOutLow
</UL>
<BR>[Calls]<UL><LI><a href="#[8d]">&gt;&gt;</a>&nbsp;&nbsp;&nbsp;HAL_GPIO_WritePin
</UL>
<BR>[Address Reference Count : 1]<UL><LI> bspled.o(.text.BspLedInit)
</UL>
<P><STRONG><a name="[2e]"></a>__LedLoraTxdOutHigh</STRONG> (Thumb, 16 bytes, Stack size 8 bytes, bspled.o(.text.__LedLoraTxdOutHigh))
<BR><BR>[Stack]<UL><LI>Max Depth = 8<LI>Call Chain = __LedLoraTxdOutHigh
</UL>
<BR>[Calls]<UL><LI><a href="#[8d]">&gt;&gt;</a>&nbsp;&nbsp;&nbsp;HAL_GPIO_WritePin
</UL>
<BR>[Address Reference Count : 1]<UL><LI> bspled.o(.text.BspLedInit)
</UL>
<P><STRONG><a name="[2f]"></a>__LedLoraRxdOutLow</STRONG> (Thumb, 16 bytes, Stack size 8 bytes, bspled.o(.text.__LedLoraRxdOutLow))
<BR><BR>[Stack]<UL><LI>Max Depth = 8<LI>Call Chain = __LedLoraRxdOutLow
</UL>
<BR>[Calls]<UL><LI><a href="#[8d]">&gt;&gt;</a>&nbsp;&nbsp;&nbsp;HAL_GPIO_WritePin
</UL>
<BR>[Address Reference Count : 1]<UL><LI> bspled.o(.text.BspLedInit)
</UL>
<P><STRONG><a name="[30]"></a>__LedLoraRxdOutHigh</STRONG> (Thumb, 16 bytes, Stack size 8 bytes, bspled.o(.text.__LedLoraRxdOutHigh))
<BR><BR>[Stack]<UL><LI>Max Depth = 8<LI>Call Chain = __LedLoraRxdOutHigh
</UL>
<BR>[Calls]<UL><LI><a href="#[8d]">&gt;&gt;</a>&nbsp;&nbsp;&nbsp;HAL_GPIO_WritePin
</UL>
<BR>[Address Reference Count : 1]<UL><LI> bspled.o(.text.BspLedInit)
</UL>
<P><STRONG><a name="[31]"></a>__LedWifiTxdOutLow</STRONG> (Thumb, 16 bytes, Stack size 8 bytes, bspled.o(.text.__LedWifiTxdOutLow))
<BR><BR>[Stack]<UL><LI>Max Depth = 8<LI>Call Chain = __LedWifiTxdOutLow
</UL>
<BR>[Calls]<UL><LI><a href="#[8d]">&gt;&gt;</a>&nbsp;&nbsp;&nbsp;HAL_GPIO_WritePin
</UL>
<BR>[Address Reference Count : 1]<UL><LI> bspled.o(.text.BspLedInit)
</UL>
<P><STRONG><a name="[32]"></a>__LedWifiTxdOutHigh</STRONG> (Thumb, 16 bytes, Stack size 8 bytes, bspled.o(.text.__LedWifiTxdOutHigh))
<BR><BR>[Stack]<UL><LI>Max Depth = 8<LI>Call Chain = __LedWifiTxdOutHigh
</UL>
<BR>[Calls]<UL><LI><a href="#[8d]">&gt;&gt;</a>&nbsp;&nbsp;&nbsp;HAL_GPIO_WritePin
</UL>
<BR>[Address Reference Count : 1]<UL><LI> bspled.o(.text.BspLedInit)
</UL>
<P><STRONG><a name="[33]"></a>__LedWifiRxdOutLow</STRONG> (Thumb, 16 bytes, Stack size 8 bytes, bspled.o(.text.__LedWifiRxdOutLow))
<BR><BR>[Stack]<UL><LI>Max Depth = 8<LI>Call Chain = __LedWifiRxdOutLow
</UL>
<BR>[Calls]<UL><LI><a href="#[8d]">&gt;&gt;</a>&nbsp;&nbsp;&nbsp;HAL_GPIO_WritePin
</UL>
<BR>[Address Reference Count : 1]<UL><LI> bspled.o(.text.BspLedInit)
</UL>
<P><STRONG><a name="[34]"></a>__LedWifiRxdOutHigh</STRONG> (Thumb, 16 bytes, Stack size 8 bytes, bspled.o(.text.__LedWifiRxdOutHigh))
<BR><BR>[Stack]<UL><LI>Max Depth = 8<LI>Call Chain = __LedWifiRxdOutHigh
</UL>
<BR>[Calls]<UL><LI><a href="#[8d]">&gt;&gt;</a>&nbsp;&nbsp;&nbsp;HAL_GPIO_WritePin
</UL>
<BR>[Address Reference Count : 1]<UL><LI> bspled.o(.text.BspLedInit)
</UL>
<P><STRONG><a name="[37]"></a>__ESP12F_RESET_LOW</STRONG> (Thumb, 28 bytes, Stack size 8 bytes, esp12f.o(.text.__ESP12F_RESET_LOW))
<BR><BR>[Stack]<UL><LI>Max Depth = 8<LI>Call Chain = __ESP12F_RESET_LOW
</UL>
<BR>[Calls]<UL><LI><a href="#[8d]">&gt;&gt;</a>&nbsp;&nbsp;&nbsp;HAL_GPIO_WritePin
</UL>
<BR>[Address Reference Count : 1]<UL><LI> esp12f.o(.rodata.Esp12fConfigFlow)
</UL>
<P><STRONG><a name="[38]"></a>__ESP12F_RESET_HIGH</STRONG> (Thumb, 60 bytes, Stack size 16 bytes, esp12f.o(.text.__ESP12F_RESET_HIGH))
<BR><BR>[Stack]<UL><LI>Max Depth = 16<LI>Call Chain = __ESP12F_RESET_HIGH
</UL>
<BR>[Calls]<UL><LI><a href="#[8d]">&gt;&gt;</a>&nbsp;&nbsp;&nbsp;HAL_GPIO_WritePin
<LI><a href="#[71]">&gt;&gt;</a>&nbsp;&nbsp;&nbsp;SystemDelay
</UL>
<BR>[Address Reference Count : 1]<UL><LI> esp12f.o(.rodata.Esp12fConfigFlow)
</UL>
<P><STRONG><a name="[39]"></a>__ESP12F_RESET_DelayForReady</STRONG> (Thumb, 44 bytes, Stack size 8 bytes, esp12f.o(.text.__ESP12F_RESET_DelayForReady))
<BR><BR>[Stack]<UL><LI>Max Depth = 8<LI>Call Chain = __ESP12F_RESET_DelayForReady
</UL>
<BR>[Calls]<UL><LI><a href="#[71]">&gt;&gt;</a>&nbsp;&nbsp;&nbsp;SystemDelay
</UL>
<BR>[Address Reference Count : 1]<UL><LI> esp12f.o(.rodata.Esp12fConfigFlow)
</UL>
<P><STRONG><a name="[3a]"></a>__ESP12F_STA_Mode_SET</STRONG> (Thumb, 208 bytes, Stack size 24 bytes, esp12f.o(.text.__ESP12F_STA_Mode_SET))
<BR><BR>[Stack]<UL><LI>Max Depth = 112<LI>Call Chain = __ESP12F_STA_Mode_SET &rArr; HAL_UART_Transmit &rArr; UART_WaitOnFlagUntilTimeout
</UL>
<BR>[Calls]<UL><LI><a href="#[6c]">&gt;&gt;</a>&nbsp;&nbsp;&nbsp;HAL_UART_Transmit
</UL>
<BR>[Address Reference Count : 1]<UL><LI> esp12f.o(.rodata.Esp12fConfigFlow)
</UL>
<P><STRONG><a name="[3b]"></a>__ESP12F_STA_Mode_SET_DelayForReady</STRONG> (Thumb, 80 bytes, Stack size 16 bytes, esp12f.o(.text.__ESP12F_STA_Mode_SET_DelayForReady))
<BR><BR>[Stack]<UL><LI>Max Depth = 28<LI>Call Chain = __ESP12F_STA_Mode_SET_DelayForReady &rArr; strstr
</UL>
<BR>[Calls]<UL><LI><a href="#[71]">&gt;&gt;</a>&nbsp;&nbsp;&nbsp;SystemDelay
<LI><a href="#[77]">&gt;&gt;</a>&nbsp;&nbsp;&nbsp;strstr
</UL>
<BR>[Address Reference Count : 1]<UL><LI> esp12f.o(.rodata.Esp12fConfigFlow)
</UL>
<P><STRONG><a name="[3c]"></a>__ESP12F_JoinAP</STRONG> (Thumb, 80 bytes, Stack size 136 bytes, esp12f.o(.text.__ESP12F_JoinAP))
<BR><BR>[Stack]<UL><LI>Max Depth = 224<LI>Call Chain = __ESP12F_JoinAP &rArr; HAL_UART_Transmit &rArr; UART_WaitOnFlagUntilTimeout
</UL>
<BR>[Calls]<UL><LI><a href="#[6c]">&gt;&gt;</a>&nbsp;&nbsp;&nbsp;HAL_UART_Transmit
<LI><a href="#[8c]">&gt;&gt;</a>&nbsp;&nbsp;&nbsp;__2sprintf
</UL>
<BR>[Address Reference Count : 1]<UL><LI> esp12f.o(.rodata.Esp12fConfigFlow)
</UL>
<P><STRONG><a name="[3d]"></a>__ESP12F_JoinAP_DelayForReady</STRONG> (Thumb, 64 bytes, Stack size 16 bytes, esp12f.o(.text.__ESP12F_JoinAP_DelayForReady))
<BR><BR>[Stack]<UL><LI>Max Depth = 28<LI>Call Chain = __ESP12F_JoinAP_DelayForReady &rArr; strstr
</UL>
<BR>[Calls]<UL><LI><a href="#[71]">&gt;&gt;</a>&nbsp;&nbsp;&nbsp;SystemDelay
<LI><a href="#[77]">&gt;&gt;</a>&nbsp;&nbsp;&nbsp;strstr
</UL>
<BR>[Address Reference Count : 1]<UL><LI> esp12f.o(.rodata.Esp12fConfigFlow)
</UL>
<P><STRONG><a name="[3e]"></a>__ESP12F_AutoConn_DISABLE</STRONG> (Thumb, 264 bytes, Stack size 24 bytes, esp12f.o(.text.__ESP12F_AutoConn_DISABLE))
<BR><BR>[Stack]<UL><LI>Max Depth = 112<LI>Call Chain = __ESP12F_AutoConn_DISABLE &rArr; HAL_UART_Transmit &rArr; UART_WaitOnFlagUntilTimeout
</UL>
<BR>[Calls]<UL><LI><a href="#[6c]">&gt;&gt;</a>&nbsp;&nbsp;&nbsp;HAL_UART_Transmit
</UL>
<BR>[Address Reference Count : 1]<UL><LI> esp12f.o(.rodata.Esp12fConfigFlow)
</UL>
<P><STRONG><a name="[3f]"></a>__ESP12F_AutoConn_DISABLE_DelayForReady</STRONG> (Thumb, 64 bytes, Stack size 16 bytes, esp12f.o(.text.__ESP12F_AutoConn_DISABLE_DelayForReady))
<BR><BR>[Stack]<UL><LI>Max Depth = 28<LI>Call Chain = __ESP12F_AutoConn_DISABLE_DelayForReady &rArr; strstr
</UL>
<BR>[Calls]<UL><LI><a href="#[71]">&gt;&gt;</a>&nbsp;&nbsp;&nbsp;SystemDelay
<LI><a href="#[77]">&gt;&gt;</a>&nbsp;&nbsp;&nbsp;strstr
</UL>
<BR>[Address Reference Count : 1]<UL><LI> esp12f.o(.rodata.Esp12fConfigFlow)
</UL>
<P><STRONG><a name="[40]"></a>__ESP12F_SINGLE_ID_SET</STRONG> (Thumb, 208 bytes, Stack size 24 bytes, esp12f.o(.text.__ESP12F_SINGLE_ID_SET))
<BR><BR>[Stack]<UL><LI>Max Depth = 112<LI>Call Chain = __ESP12F_SINGLE_ID_SET &rArr; HAL_UART_Transmit &rArr; UART_WaitOnFlagUntilTimeout
</UL>
<BR>[Calls]<UL><LI><a href="#[6c]">&gt;&gt;</a>&nbsp;&nbsp;&nbsp;HAL_UART_Transmit
</UL>
<BR>[Address Reference Count : 1]<UL><LI> esp12f.o(.rodata.Esp12fConfigFlow)
</UL>
<P><STRONG><a name="[41]"></a>__ESP12F_SINGLE_ID_SET_DelayForReady</STRONG> (Thumb, 64 bytes, Stack size 16 bytes, esp12f.o(.text.__ESP12F_SINGLE_ID_SET_DelayForReady))
<BR><BR>[Stack]<UL><LI>Max Depth = 28<LI>Call Chain = __ESP12F_SINGLE_ID_SET_DelayForReady &rArr; strstr
</UL>
<BR>[Calls]<UL><LI><a href="#[71]">&gt;&gt;</a>&nbsp;&nbsp;&nbsp;SystemDelay
<LI><a href="#[77]">&gt;&gt;</a>&nbsp;&nbsp;&nbsp;strstr
</UL>
<BR>[Address Reference Count : 1]<UL><LI> esp12f.o(.rodata.Esp12fConfigFlow)
</UL>
<P><STRONG><a name="[42]"></a>__ESP12F_Link_Server</STRONG> (Thumb, 88 bytes, Stack size 144 bytes, esp12f.o(.text.__ESP12F_Link_Server))
<BR><BR>[Stack]<UL><LI>Max Depth = 232<LI>Call Chain = __ESP12F_Link_Server &rArr; HAL_UART_Transmit &rArr; UART_WaitOnFlagUntilTimeout
</UL>
<BR>[Calls]<UL><LI><a href="#[6c]">&gt;&gt;</a>&nbsp;&nbsp;&nbsp;HAL_UART_Transmit
<LI><a href="#[4f]">&gt;&gt;</a>&nbsp;&nbsp;&nbsp;__aeabi_memclr
<LI><a href="#[8c]">&gt;&gt;</a>&nbsp;&nbsp;&nbsp;__2sprintf
</UL>
<BR>[Address Reference Count : 1]<UL><LI> esp12f.o(.rodata.Esp12fConfigFlow)
</UL>
<P><STRONG><a name="[43]"></a>__ESP12F_Link_Server_DelayForReady</STRONG> (Thumb, 80 bytes, Stack size 16 bytes, esp12f.o(.text.__ESP12F_Link_Server_DelayForReady))
<BR><BR>[Stack]<UL><LI>Max Depth = 28<LI>Call Chain = __ESP12F_Link_Server_DelayForReady &rArr; strstr
</UL>
<BR>[Calls]<UL><LI><a href="#[71]">&gt;&gt;</a>&nbsp;&nbsp;&nbsp;SystemDelay
<LI><a href="#[77]">&gt;&gt;</a>&nbsp;&nbsp;&nbsp;strstr
</UL>
<BR>[Address Reference Count : 1]<UL><LI> esp12f.o(.rodata.Esp12fConfigFlow)
</UL>
<P><STRONG><a name="[44]"></a>__ESP12F_UnvarnishSendMode_SET</STRONG> (Thumb, 220 bytes, Stack size 24 bytes, esp12f.o(.text.__ESP12F_UnvarnishSendMode_SET))
<BR><BR>[Stack]<UL><LI>Max Depth = 112<LI>Call Chain = __ESP12F_UnvarnishSendMode_SET &rArr; HAL_UART_Transmit &rArr; UART_WaitOnFlagUntilTimeout
</UL>
<BR>[Calls]<UL><LI><a href="#[6c]">&gt;&gt;</a>&nbsp;&nbsp;&nbsp;HAL_UART_Transmit
</UL>
<BR>[Address Reference Count : 1]<UL><LI> esp12f.o(.rodata.Esp12fConfigFlow)
</UL>
<P><STRONG><a name="[45]"></a>__ESP12F_UnvarnishSendMode_SET_DelayForReady</STRONG> (Thumb, 64 bytes, Stack size 16 bytes, esp12f.o(.text.__ESP12F_UnvarnishSendMode_SET_DelayForReady))
<BR><BR>[Stack]<UL><LI>Max Depth = 28<LI>Call Chain = __ESP12F_UnvarnishSendMode_SET_DelayForReady &rArr; strstr
</UL>
<BR>[Calls]<UL><LI><a href="#[71]">&gt;&gt;</a>&nbsp;&nbsp;&nbsp;SystemDelay
<LI><a href="#[77]">&gt;&gt;</a>&nbsp;&nbsp;&nbsp;strstr
</UL>
<BR>[Address Reference Count : 1]<UL><LI> esp12f.o(.rodata.Esp12fConfigFlow)
</UL>
<P><STRONG><a name="[46]"></a>__ESP12F_UnvarnishSend</STRONG> (Thumb, 192 bytes, Stack size 24 bytes, esp12f.o(.text.__ESP12F_UnvarnishSend))
<BR><BR>[Stack]<UL><LI>Max Depth = 112<LI>Call Chain = __ESP12F_UnvarnishSend &rArr; HAL_UART_Transmit &rArr; UART_WaitOnFlagUntilTimeout
</UL>
<BR>[Calls]<UL><LI><a href="#[6c]">&gt;&gt;</a>&nbsp;&nbsp;&nbsp;HAL_UART_Transmit
</UL>
<BR>[Address Reference Count : 1]<UL><LI> esp12f.o(.rodata.Esp12fConfigFlow)
</UL>
<P><STRONG><a name="[47]"></a>__ESP12F_UnvarnishSend_DelayForReady</STRONG> (Thumb, 64 bytes, Stack size 16 bytes, esp12f.o(.text.__ESP12F_UnvarnishSend_DelayForReady))
<BR><BR>[Stack]<UL><LI>Max Depth = 16<LI>Call Chain = __ESP12F_UnvarnishSend_DelayForReady
</UL>
<BR>[Calls]<UL><LI><a href="#[71]">&gt;&gt;</a>&nbsp;&nbsp;&nbsp;SystemDelay
<LI><a href="#[8e]">&gt;&gt;</a>&nbsp;&nbsp;&nbsp;strchr
</UL>
<BR>[Address Reference Count : 1]<UL><LI> esp12f.o(.rodata.Esp12fConfigFlow)
</UL>
<P><STRONG><a name="[48]"></a>__Wait_Branch_State</STRONG> (Thumb, 20 bytes, Stack size 0 bytes, esp12f.o(.text.__Wait_Branch_State))
<BR>[Address Reference Count : 1]<UL><LI> esp12f.o(.rodata.Esp12fConfigFlow)
</UL>
<P><STRONG><a name="[49]"></a>__ESP12F_ExitUnvarnishSend</STRONG> (Thumb, 92 bytes, Stack size 24 bytes, esp12f.o(.text.__ESP12F_ExitUnvarnishSend))
<BR><BR>[Stack]<UL><LI>Max Depth = 112<LI>Call Chain = __ESP12F_ExitUnvarnishSend &rArr; HAL_UART_Transmit &rArr; UART_WaitOnFlagUntilTimeout
</UL>
<BR>[Calls]<UL><LI><a href="#[6c]">&gt;&gt;</a>&nbsp;&nbsp;&nbsp;HAL_UART_Transmit
<LI><a href="#[71]">&gt;&gt;</a>&nbsp;&nbsp;&nbsp;SystemDelay
</UL>
<BR>[Address Reference Count : 1]<UL><LI> esp12f.o(.rodata.Esp12fConfigFlow)
</UL>
<P><STRONG><a name="[4a]"></a>__ESP12F_ExitUnvarnishSend_DelayForReady</STRONG> (Thumb, 44 bytes, Stack size 8 bytes, esp12f.o(.text.__ESP12F_ExitUnvarnishSend_DelayForReady))
<BR><BR>[Stack]<UL><LI>Max Depth = 8<LI>Call Chain = __ESP12F_ExitUnvarnishSend_DelayForReady
</UL>
<BR>[Calls]<UL><LI><a href="#[71]">&gt;&gt;</a>&nbsp;&nbsp;&nbsp;SystemDelay
</UL>
<BR>[Address Reference Count : 1]<UL><LI> esp12f.o(.rodata.Esp12fConfigFlow)
</UL>
<P><STRONG><a name="[4b]"></a>__ESP12F_Get_LinkStatus</STRONG> (Thumb, 220 bytes, Stack size 24 bytes, esp12f.o(.text.__ESP12F_Get_LinkStatus))
<BR><BR>[Stack]<UL><LI>Max Depth = 112<LI>Call Chain = __ESP12F_Get_LinkStatus &rArr; HAL_UART_Transmit &rArr; UART_WaitOnFlagUntilTimeout
</UL>
<BR>[Calls]<UL><LI><a href="#[6c]">&gt;&gt;</a>&nbsp;&nbsp;&nbsp;HAL_UART_Transmit
</UL>
<BR>[Address Reference Count : 1]<UL><LI> esp12f.o(.rodata.Esp12fConfigFlow)
</UL>
<P><STRONG><a name="[4c]"></a>__ESP12F_Get_LinkStatus_DelayForReady</STRONG> (Thumb, 92 bytes, Stack size 16 bytes, esp12f.o(.text.__ESP12F_Get_LinkStatus_DelayForReady))
<BR><BR>[Stack]<UL><LI>Max Depth = 28<LI>Call Chain = __ESP12F_Get_LinkStatus_DelayForReady &rArr; strstr
</UL>
<BR>[Calls]<UL><LI><a href="#[71]">&gt;&gt;</a>&nbsp;&nbsp;&nbsp;SystemDelay
<LI><a href="#[77]">&gt;&gt;</a>&nbsp;&nbsp;&nbsp;strstr
</UL>
<BR>[Address Reference Count : 1]<UL><LI> esp12f.o(.rodata.Esp12fConfigFlow)
</UL>
<P><STRONG><a name="[92]"></a>_printf_core</STRONG> (Thumb, 1020 bytes, Stack size 104 bytes, printf8.o(i._printf_core), UNUSED)
<BR><BR>[Calls]<UL><LI><a href="#[52]">&gt;&gt;</a>&nbsp;&nbsp;&nbsp;__aeabi_uldivmod
<LI><a href="#[94]">&gt;&gt;</a>&nbsp;&nbsp;&nbsp;_printf_pre_padding
<LI><a href="#[95]">&gt;&gt;</a>&nbsp;&nbsp;&nbsp;_printf_post_padding
</UL>
<BR>[Called By]<UL><LI><a href="#[93]">&gt;&gt;</a>&nbsp;&nbsp;&nbsp;__0sprintf$8
<LI><a href="#[91]">&gt;&gt;</a>&nbsp;&nbsp;&nbsp;__0printf$8
</UL>

<P><STRONG><a name="[95]"></a>_printf_post_padding</STRONG> (Thumb, 32 bytes, Stack size 24 bytes, printf8.o(i._printf_post_padding), UNUSED)
<BR><BR>[Called By]<UL><LI><a href="#[92]">&gt;&gt;</a>&nbsp;&nbsp;&nbsp;_printf_core
</UL>

<P><STRONG><a name="[94]"></a>_printf_pre_padding</STRONG> (Thumb, 44 bytes, Stack size 40 bytes, printf8.o(i._printf_pre_padding), UNUSED)
<BR><BR>[Called By]<UL><LI><a href="#[92]">&gt;&gt;</a>&nbsp;&nbsp;&nbsp;_printf_core
</UL>

<P><STRONG><a name="[36]"></a>_sputc</STRONG> (Thumb, 10 bytes, Stack size 0 bytes, printf8.o(i._sputc))
<BR><BR>[Called By]<UL><LI><a href="#[93]">&gt;&gt;</a>&nbsp;&nbsp;&nbsp;__0sprintf$8
</UL>
<BR>[Address Reference Count : 1]<UL><LI> printf8.o(i.__0sprintf$8)
</UL><P>
<H3>
Undefined Global Symbols
</H3><HR></body></html>
